[2019-06-24T10:06:38.566+0000][1][gc] Using Concurrent Mark Sweep
[2019-06-24T10:06:38.566+0000][1][gc,heap,coops] Heap address: 0x00000000f0000000, size: 256 MB, Compressed Oops mode: 32-bit
[2019-06-24T10:06:38.616+0000][1][safepoint    ] Entering safepoint region: EnableBiasedLocking
[2019-06-24T10:06:38.616+0000][1][safepoint    ] Leaving safepoint region
[2019-06-24T10:06:38.616+0000][1][safepoint    ] Total time for which application threads were stopped: 0.0002026 seconds, Stopping threads took: 0.0001409 seconds
[2019-06-24T10:06:38.619+0000][1][safepoint    ] Application time: 0.0026310 seconds
[2019-06-24T10:06:38.619+0000][1][safepoint    ] Entering safepoint region: RevokeBias
[2019-06-24T10:06:38.619+0000][1][safepoint    ] Leaving safepoint region
[2019-06-24T10:06:38.619+0000][1][safepoint    ] Total time for which application threads were stopped: 0.0001472 seconds, Stopping threads took: 0.0001002 seconds
[2019-06-24T10:06:38.627+0000][1][safepoint    ] Application time: 0.0079286 seconds
[2019-06-24T10:06:38.627+0000][1][safepoint    ] Entering safepoint region: Deoptimize
[2019-06-24T10:06:38.627+0000][1][safepoint    ] Leaving safepoint region
[2019-06-24T10:06:38.627+0000][1][safepoint    ] Total time for which application threads were stopped: 0.0000458 seconds, Stopping threads took: 0.0000082 seconds
[2019-06-24T10:06:38.735+0000][1][safepoint    ] Application time: 0.1078099 seconds
[2019-06-24T10:06:38.735+0000][1][safepoint    ] Entering safepoint region: RevokeBias
[2019-06-24T10:06:38.735+0000][1][safepoint    ] Leaving safepoint region
[2019-06-24T10:06:38.735+0000][1][safepoint    ] Total time for which application threads were stopped: 0.0000702 seconds, Stopping threads took: 0.0000184 seconds
[2019-06-24T10:06:38.737+0000][1][safepoint    ] Application time: 0.0018493 seconds
[2019-06-24T10:06:38.737+0000][1][safepoint    ] Entering safepoint region: Deoptimize
[2019-06-24T10:06:38.737+0000][1][safepoint    ] Leaving safepoint region
[2019-06-24T10:06:38.737+0000][1][safepoint    ] Total time for which application threads were stopped: 0.0000504 seconds, Stopping threads took: 0.0000068 seconds
[2019-06-24T10:06:38.766+0000][1][safepoint    ] Application time: 0.0285073 seconds
[2019-06-24T10:06:38.766+0000][1][safepoint    ] Entering safepoint region: Deoptimize
[2019-06-24T10:06:38.766+0000][1][safepoint    ] Leaving safepoint region
[2019-06-24T10:06:38.766+0000][1][safepoint    ] Total time for which application threads were stopped: 0.0000603 seconds, Stopping threads took: 0.0000085 seconds
[2019-06-24T10:06:38.982+0000][1][safepoint    ] Application time: 0.2164438 seconds
[2019-06-24T10:06:38.982+0000][1][safepoint    ] Entering safepoint region: Deoptimize
[2019-06-24T10:06:38.982+0000][1][safepoint    ] Leaving safepoint region
[2019-06-24T10:06:38.982+0000][1][safepoint    ] Total time for which application threads were stopped: 0.0001536 seconds, Stopping threads took: 0.0000097 seconds
[2019-06-24T10:06:38.995+0000][1][safepoint    ] Application time: 0.0127152 seconds
[2019-06-24T10:06:38.995+0000][1][safepoint    ] Entering safepoint region: Deoptimize
[2019-06-24T10:06:38.995+0000][1][safepoint    ] Leaving safepoint region
[2019-06-24T10:06:38.995+0000][1][safepoint    ] Total time for which application threads were stopped: 0.0000966 seconds, Stopping threads took: 0.0000087 seconds
[2019-06-24T10:06:39.029+0000][1][safepoint    ] Application time: 0.0337062 seconds
[2019-06-24T10:06:39.029+0000][1][safepoint    ] Entering safepoint region: Deoptimize
[2019-06-24T10:06:39.029+0000][1][safepoint    ] Leaving safepoint region
[2019-06-24T10:06:39.029+0000][1][safepoint    ] Total time for which application threads were stopped: 0.0001237 seconds, Stopping threads took: 0.0000089 seconds
[2019-06-24T10:06:39.038+0000][1][safepoint    ] Application time: 0.0090593 seconds
[2019-06-24T10:06:39.038+0000][1][safepoint    ] Entering safepoint region: Deoptimize
[2019-06-24T10:06:39.038+0000][1][safepoint    ] Leaving safepoint region
[2019-06-24T10:06:39.038+0000][1][safepoint    ] Total time for which application threads were stopped: 0.0001099 seconds, Stopping threads took: 0.0000089 seconds
[2019-06-24T10:06:39.402+0000][1][safepoint    ] Application time: 0.3634166 seconds
[2019-06-24T10:06:39.402+0000][1][safepoint    ] Entering safepoint region: Deoptimize
[2019-06-24T10:06:39.402+0000][1][safepoint    ] Leaving safepoint region
[2019-06-24T10:06:39.402+0000][1][safepoint    ] Total time for which application threads were stopped: 0.0002975 seconds, Stopping threads took: 0.0000101 seconds
[2019-06-24T10:06:39.607+0000][1][safepoint    ] Application time: 0.2046529 seconds
[2019-06-24T10:06:39.607+0000][1][safepoint    ] Entering safepoint region: RevokeBias
[2019-06-24T10:06:39.607+0000][1][safepoint    ] Leaving safepoint region
[2019-06-24T10:06:39.607+0000][1][safepoint    ] Total time for which application threads were stopped: 0.0001087 seconds, Stopping threads took: 0.0000103 seconds
[2019-06-24T10:06:39.687+0000][1][safepoint    ] Application time: 0.0797450 seconds
[2019-06-24T10:06:39.687+0000][1][safepoint    ] Entering safepoint region: Deoptimize
[2019-06-24T10:06:39.687+0000][1][safepoint    ] Leaving safepoint region
[2019-06-24T10:06:39.687+0000][1][safepoint    ] Total time for which application threads were stopped: 0.0002018 seconds, Stopping threads took: 0.0000106 seconds
[2019-06-24T10:06:39.800+0000][1][safepoint    ] Application time: 0.1130167 seconds
[2019-06-24T10:06:39.800+0000][1][safepoint    ] Entering safepoint region: Deoptimize
[2019-06-24T10:06:39.800+0000][1][safepoint    ] Leaving safepoint region
[2019-06-24T10:06:39.800+0000][1][safepoint    ] Total time for which application threads were stopped: 0.0001833 seconds, Stopping threads took: 0.0000103 seconds
[2019-06-24T10:06:39.800+0000][1][safepoint    ] Application time: 0.0001167 seconds
[2019-06-24T10:06:39.800+0000][1][safepoint    ] Entering safepoint region: Deoptimize
[2019-06-24T10:06:39.800+0000][1][safepoint    ] Leaving safepoint region
[2019-06-24T10:06:39.800+0000][1][safepoint    ] Total time for which application threads were stopped: 0.0002246 seconds, Stopping threads took: 0.0000675 seconds
[2019-06-24T10:06:39.825+0000][1][safepoint    ] Application time: 0.0241801 seconds
[2019-06-24T10:06:39.825+0000][1][safepoint    ] Entering safepoint region: Deoptimize
[2019-06-24T10:06:39.825+0000][1][safepoint    ] Leaving safepoint region
[2019-06-24T10:06:39.825+0000][1][safepoint    ] Total time for which application threads were stopped: 0.0001616 seconds, Stopping threads took: 0.0000096 seconds
[2019-06-24T10:06:39.830+0000][1][safepoint    ] Application time: 0.0054740 seconds
[2019-06-24T10:06:39.830+0000][1][safepoint    ] Entering safepoint region: RevokeBias
[2019-06-24T10:06:39.830+0000][1][safepoint    ] Leaving safepoint region
[2019-06-24T10:06:39.830+0000][1][safepoint    ] Total time for which application threads were stopped: 0.0000523 seconds, Stopping threads took: 0.0000180 seconds
[2019-06-24T10:06:39.830+0000][1][safepoint    ] Application time: 0.0000722 seconds
[2019-06-24T10:06:39.830+0000][1][safepoint    ] Entering safepoint region: RevokeBias
[2019-06-24T10:06:39.830+0000][1][safepoint    ] Leaving safepoint region
[2019-06-24T10:06:39.830+0000][1][safepoint    ] Total time for which application threads were stopped: 0.0000406 seconds, Stopping threads took: 0.0000204 seconds
[2019-06-24T10:06:39.831+0000][1][safepoint    ] Application time: 0.0001066 seconds
[2019-06-24T10:06:39.831+0000][1][safepoint    ] Entering safepoint region: RevokeBias
[2019-06-24T10:06:39.831+0000][1][safepoint    ] Leaving safepoint region
[2019-06-24T10:06:39.831+0000][1][safepoint    ] Total time for which application threads were stopped: 0.0000360 seconds, Stopping threads took: 0.0000148 seconds
[2019-06-24T10:06:39.831+0000][1][safepoint    ] Application time: 0.0001798 seconds
[2019-06-24T10:06:39.831+0000][1][safepoint    ] Entering safepoint region: RevokeBias
[2019-06-24T10:06:39.831+0000][1][safepoint    ] Leaving safepoint region
[2019-06-24T10:06:39.831+0000][1][safepoint    ] Total time for which application threads were stopped: 0.0000404 seconds, Stopping threads took: 0.0000163 seconds
[2019-06-24T10:06:39.831+0000][1][safepoint    ] Application time: 0.0003044 seconds
[2019-06-24T10:06:39.831+0000][1][safepoint    ] Entering safepoint region: RevokeBias
[2019-06-24T10:06:39.831+0000][1][safepoint    ] Leaving safepoint region
[2019-06-24T10:06:39.831+0000][1][safepoint    ] Total time for which application threads were stopped: 0.0000546 seconds, Stopping threads took: 0.0000259 seconds
[2019-06-24T10:06:39.832+0000][1][safepoint    ] Application time: 0.0010340 seconds
[2019-06-24T10:06:39.832+0000][1][safepoint    ] Entering safepoint region: RevokeBias
[2019-06-24T10:06:39.832+0000][1][safepoint    ] Leaving safepoint region
[2019-06-24T10:06:39.832+0000][1][safepoint    ] Total time for which application threads were stopped: 0.0000260 seconds, Stopping threads took: 0.0000066 seconds
[2019-06-24T10:06:39.838+0000][1][safepoint    ] Application time: 0.0053675 seconds
[2019-06-24T10:06:39.838+0000][1][safepoint    ] Entering safepoint region: Deoptimize
[2019-06-24T10:06:39.838+0000][1][safepoint    ] Leaving safepoint region
[2019-06-24T10:06:39.838+0000][1][safepoint    ] Total time for which application threads were stopped: 0.0002064 seconds, Stopping threads took: 0.0000104 seconds
[2019-06-24T10:06:39.915+0000][1][safepoint    ] Application time: 0.0766870 seconds
[2019-06-24T10:06:39.915+0000][1][safepoint    ] Entering safepoint region: GenCollectForAllocation
[2019-06-24T10:06:39.915+0000][1][gc,start     ] GC(0) Pause Young (Allocation Failure)
[2019-06-24T10:06:39.915+0000][1][gc,task      ] GC(0) Using 5 workers of 8 for evacuation
[2019-06-24T10:06:39.921+0000][1][gc,age       ] GC(0) Desired survivor size 4456448 bytes, new threshold 1 (max threshold 6)
[2019-06-24T10:06:39.921+0000][1][gc,age       ] GC(0) Age table with threshold 1 (max threshold 6)
[2019-06-24T10:06:39.921+0000][1][gc,age       ] GC(0) - age   1:    7804120 bytes,    7804120 total
[2019-06-24T10:06:39.921+0000][1][gc,heap      ] GC(0) ParNew: 69952K->7724K(78656K)
[2019-06-24T10:06:39.921+0000][1][gc,heap      ] GC(0) CMS: 0K->0K(174784K)
[2019-06-24T10:06:39.921+0000][1][gc,metaspace ] GC(0) Metaspace: 12076K->12076K(1060864K)
[2019-06-24T10:06:39.921+0000][1][gc           ] GC(0) Pause Young (Allocation Failure) 68M->7M(247M) 6.483ms
[2019-06-24T10:06:39.921+0000][1][gc,cpu       ] GC(0) User=0.03s Sys=0.00s Real=0.00s
[2019-06-24T10:06:39.921+0000][1][safepoint    ] Leaving safepoint region
[2019-06-24T10:06:39.921+0000][1][safepoint    ] Total time for which application threads were stopped: 0.0066077 seconds, Stopping threads took: 0.0000138 seconds
[2019-06-24T10:06:39.921+0000][1][safepoint    ] Application time: 0.0002195 seconds
[2019-06-24T10:06:39.922+0000][1][safepoint    ] Entering safepoint region: RevokeBias
[2019-06-24T10:06:39.922+0000][1][safepoint    ] Leaving safepoint region
[2019-06-24T10:06:39.922+0000][1][safepoint    ] Total time for which application threads were stopped: 0.0001060 seconds, Stopping threads took: 0.0000630 seconds
[2019-06-24T10:06:39.922+0000][1][safepoint    ] Application time: 0.0000502 seconds
[2019-06-24T10:06:39.922+0000][1][safepoint    ] Entering safepoint region: RevokeBias
[2019-06-24T10:06:39.922+0000][1][safepoint    ] Leaving safepoint region
[2019-06-24T10:06:39.922+0000][1][safepoint    ] Total time for which application threads were stopped: 0.0000900 seconds, Stopping threads took: 0.0000462 seconds
[2019-06-24T10:06:39.922+0000][1][safepoint    ] Application time: 0.0000716 seconds
[2019-06-24T10:06:39.922+0000][1][safepoint    ] Entering safepoint region: RevokeBias
[2019-06-24T10:06:39.922+0000][1][safepoint    ] Leaving safepoint region
[2019-06-24T10:06:39.922+0000][1][safepoint    ] Total time for which application threads were stopped: 0.0001436 seconds, Stopping threads took: 0.0001104 seconds
[2019-06-24T10:06:39.922+0000][1][safepoint    ] Application time: 0.0000470 seconds
[2019-06-24T10:06:39.922+0000][1][safepoint    ] Entering safepoint region: RevokeBias
[2019-06-24T10:06:39.922+0000][1][safepoint    ] Leaving safepoint region
[2019-06-24T10:06:39.922+0000][1][safepoint    ] Total time for which application threads were stopped: 0.0000706 seconds, Stopping threads took: 0.0000391 seconds
[2019-06-24T10:06:39.922+0000][1][safepoint    ] Application time: 0.0002358 seconds
[2019-06-24T10:06:39.922+0000][1][safepoint    ] Entering safepoint region: RevokeBias
[2019-06-24T10:06:39.923+0000][1][safepoint    ] Leaving safepoint region
[2019-06-24T10:06:39.923+0000][1][safepoint    ] Total time for which application threads were stopped: 0.0001352 seconds, Stopping threads took: 0.0000618 seconds
[2019-06-24T10:06:39.923+0000][1][safepoint    ] Application time: 0.0002206 seconds
[2019-06-24T10:06:39.923+0000][1][safepoint    ] Entering safepoint region: RevokeBias
[2019-06-24T10:06:39.923+0000][1][safepoint    ] Leaving safepoint region
[2019-06-24T10:06:39.923+0000][1][safepoint    ] Total time for which application threads were stopped: 0.0001002 seconds, Stopping threads took: 0.0000511 seconds
[2019-06-24T10:06:39.923+0000][1][safepoint    ] Application time: 0.0000438 seconds
[2019-06-24T10:06:39.923+0000][1][safepoint    ] Entering safepoint region: RevokeBias
[2019-06-24T10:06:39.923+0000][1][safepoint    ] Leaving safepoint region
[2019-06-24T10:06:39.923+0000][1][safepoint    ] Total time for which application threads were stopped: 0.0000425 seconds, Stopping threads took: 0.0000065 seconds
[2019-06-24T10:06:39.923+0000][1][safepoint    ] Application time: 0.0000568 seconds
[2019-06-24T10:06:39.923+0000][1][safepoint    ] Entering safepoint region: RevokeBias
[2019-06-24T10:06:39.923+0000][1][safepoint    ] Leaving safepoint region
[2019-06-24T10:06:39.923+0000][1][safepoint    ] Total time for which application threads were stopped: 0.0000279 seconds, Stopping threads took: 0.0000064 seconds
[2019-06-24T10:06:39.923+0000][1][safepoint    ] Application time: 0.0000393 seconds
[2019-06-24T10:06:39.923+0000][1][safepoint    ] Entering safepoint region: RevokeBias
[2019-06-24T10:06:39.923+0000][1][safepoint    ] Leaving safepoint region
[2019-06-24T10:06:39.923+0000][1][safepoint    ] Total time for which application threads were stopped: 0.0000431 seconds, Stopping threads took: 0.0000229 seconds
[2019-06-24T10:06:39.923+0000][1][safepoint    ] Application time: 0.0000403 seconds
[2019-06-24T10:06:39.923+0000][1][safepoint    ] Entering safepoint region: RevokeBias
[2019-06-24T10:06:39.923+0000][1][safepoint    ] Leaving safepoint region
[2019-06-24T10:06:39.923+0000][1][safepoint    ] Total time for which application threads were stopped: 0.0000702 seconds, Stopping threads took: 0.0000363 seconds
[2019-06-24T10:06:39.923+0000][1][safepoint    ] Application time: 0.0000374 seconds
[2019-06-24T10:06:39.923+0000][1][safepoint    ] Entering safepoint region: RevokeBias
[2019-06-24T10:06:39.923+0000][1][safepoint    ] Leaving safepoint region
[2019-06-24T10:06:39.923+0000][1][safepoint    ] Total time for which application threads were stopped: 0.0000338 seconds, Stopping threads took: 0.0000062 seconds
[2019-06-24T10:06:39.923+0000][1][safepoint    ] Application time: 0.0000493 seconds
[2019-06-24T10:06:39.923+0000][1][safepoint    ] Entering safepoint region: RevokeBias
[2019-06-24T10:06:39.923+0000][1][safepoint    ] Leaving safepoint region
[2019-06-24T10:06:39.923+0000][1][safepoint    ] Total time for which application threads were stopped: 0.0000374 seconds, Stopping threads took: 0.0000078 seconds
[2019-06-24T10:06:39.924+0000][1][safepoint    ] Application time: 0.0000386 seconds
[2019-06-24T10:06:39.924+0000][1][safepoint    ] Entering safepoint region: RevokeBias
[2019-06-24T10:06:39.924+0000][1][safepoint    ] Leaving safepoint region
[2019-06-24T10:06:39.924+0000][1][safepoint    ] Total time for which application threads were stopped: 0.0000492 seconds, Stopping threads took: 0.0000254 seconds
[2019-06-24T10:06:39.924+0000][1][safepoint    ] Application time: 0.0000442 seconds
[2019-06-24T10:06:39.924+0000][1][safepoint    ] Entering safepoint region: RevokeBias
[2019-06-24T10:06:39.924+0000][1][safepoint    ] Leaving safepoint region
[2019-06-24T10:06:39.924+0000][1][safepoint    ] Total time for which application threads were stopped: 0.0000738 seconds, Stopping threads took: 0.0000443 seconds
[2019-06-24T10:06:39.924+0000][1][safepoint    ] Application time: 0.0000403 seconds
[2019-06-24T10:06:39.924+0000][1][safepoint    ] Entering safepoint region: RevokeBias
[2019-06-24T10:06:39.924+0000][1][safepoint    ] Leaving safepoint region
[2019-06-24T10:06:39.924+0000][1][safepoint    ] Total time for which application threads were stopped: 0.0000592 seconds, Stopping threads took: 0.0000348 seconds
[2019-06-24T10:06:39.924+0000][1][safepoint    ] Application time: 0.0001124 seconds
[2019-06-24T10:06:39.924+0000][1][safepoint    ] Entering safepoint region: RevokeBias
[2019-06-24T10:06:39.924+0000][1][safepoint    ] Leaving safepoint region
[2019-06-24T10:06:39.924+0000][1][safepoint    ] Total time for which application threads were stopped: 0.0000522 seconds, Stopping threads took: 0.0000246 seconds
[2019-06-24T10:06:39.924+0000][1][safepoint    ] Application time: 0.0000400 seconds
[2019-06-24T10:06:39.924+0000][1][safepoint    ] Entering safepoint region: RevokeBias
[2019-06-24T10:06:39.924+0000][1][safepoint    ] Leaving safepoint region
[2019-06-24T10:06:39.924+0000][1][safepoint    ] Total time for which application threads were stopped: 0.0000888 seconds, Stopping threads took: 0.0000436 seconds
[2019-06-24T10:06:39.924+0000][1][safepoint    ] Application time: 0.0001673 seconds
[2019-06-24T10:06:39.924+0000][1][safepoint    ] Entering safepoint region: RevokeBias
[2019-06-24T10:06:39.924+0000][1][safepoint    ] Leaving safepoint region
[2019-06-24T10:06:39.924+0000][1][safepoint    ] Total time for which application threads were stopped: 0.0000581 seconds, Stopping threads took: 0.0000251 seconds
[2019-06-24T10:06:39.924+0000][1][safepoint    ] Application time: 0.0000405 seconds
[2019-06-24T10:06:39.924+0000][1][safepoint    ] Entering safepoint region: RevokeBias
[2019-06-24T10:06:39.924+0000][1][safepoint    ] Leaving safepoint region
[2019-06-24T10:06:39.924+0000][1][safepoint    ] Total time for which application threads were stopped: 0.0000515 seconds, Stopping threads took: 0.0000250 seconds
[2019-06-24T10:06:39.925+0000][1][safepoint    ] Application time: 0.0000490 seconds
[2019-06-24T10:06:39.925+0000][1][safepoint    ] Entering safepoint region: RevokeBias
[2019-06-24T10:06:39.925+0000][1][safepoint    ] Leaving safepoint region
[2019-06-24T10:06:39.925+0000][1][safepoint    ] Total time for which application threads were stopped: 0.0000496 seconds, Stopping threads took: 0.0000196 seconds
[2019-06-24T10:06:39.925+0000][1][safepoint    ] Application time: 0.0000390 seconds
[2019-06-24T10:06:39.925+0000][1][safepoint    ] Entering safepoint region: RevokeBias
[2019-06-24T10:06:39.925+0000][1][safepoint    ] Leaving safepoint region
[2019-06-24T10:06:39.925+0000][1][safepoint    ] Total time for which application threads were stopped: 0.0000739 seconds, Stopping threads took: 0.0000470 seconds
[2019-06-24T10:06:39.925+0000][1][safepoint    ] Application time: 0.0000440 seconds
[2019-06-24T10:06:39.925+0000][1][safepoint    ] Entering safepoint region: RevokeBias
[2019-06-24T10:06:39.925+0000][1][safepoint    ] Leaving safepoint region
[2019-06-24T10:06:39.925+0000][1][safepoint    ] Total time for which application threads were stopped: 0.0000725 seconds, Stopping threads took: 0.0000459 seconds
[2019-06-24T10:06:39.925+0000][1][safepoint    ] Application time: 0.0000446 seconds
[2019-06-24T10:06:39.925+0000][1][safepoint    ] Entering safepoint region: RevokeBias
[2019-06-24T10:06:39.925+0000][1][safepoint    ] Leaving safepoint region
[2019-06-24T10:06:39.925+0000][1][safepoint    ] Total time for which application threads were stopped: 0.0000788 seconds, Stopping threads took: 0.0000491 seconds
[2019-06-24T10:06:39.925+0000][1][safepoint    ] Application time: 0.0000387 seconds
[2019-06-24T10:06:39.925+0000][1][safepoint    ] Entering safepoint region: RevokeBias
[2019-06-24T10:06:39.925+0000][1][safepoint    ] Leaving safepoint region
[2019-06-24T10:06:39.925+0000][1][safepoint    ] Total time for which application threads were stopped: 0.0000841 seconds, Stopping threads took: 0.0000597 seconds
[2019-06-24T10:06:39.925+0000][1][safepoint    ] Application time: 0.0000336 seconds
[2019-06-24T10:06:39.925+0000][1][safepoint    ] Entering safepoint region: RevokeBias
[2019-06-24T10:06:39.925+0000][1][safepoint    ] Leaving safepoint region
[2019-06-24T10:06:39.925+0000][1][safepoint    ] Total time for which application threads were stopped: 0.0000526 seconds, Stopping threads took: 0.0000287 seconds
[2019-06-24T10:06:39.925+0000][1][safepoint    ] Application time: 0.0002005 seconds
[2019-06-24T10:06:39.925+0000][1][safepoint    ] Entering safepoint region: RevokeBias
[2019-06-24T10:06:39.926+0000][1][safepoint    ] Leaving safepoint region
[2019-06-24T10:06:39.926+0000][1][safepoint    ] Total time for which application threads were stopped: 0.0000611 seconds, Stopping threads took: 0.0000338 seconds
[2019-06-24T10:06:39.926+0000][1][safepoint    ] Application time: 0.0000304 seconds
[2019-06-24T10:06:39.926+0000][1][safepoint    ] Entering safepoint region: RevokeBias
[2019-06-24T10:06:39.926+0000][1][safepoint    ] Leaving safepoint region
[2019-06-24T10:06:39.926+0000][1][safepoint    ] Total time for which application threads were stopped: 0.0000291 seconds, Stopping threads took: 0.0000060 seconds
[2019-06-24T10:06:40.239+0000][1][safepoint    ] Application time: 0.3133320 seconds
[2019-06-24T10:06:40.239+0000][1][safepoint    ] Entering safepoint region: RevokeBias
[2019-06-24T10:06:40.239+0000][1][safepoint    ] Leaving safepoint region
[2019-06-24T10:06:40.239+0000][1][safepoint    ] Total time for which application threads were stopped: 0.0001531 seconds, Stopping threads took: 0.0000259 seconds
[2019-06-24T10:06:40.325+0000][1][safepoint    ] Application time: 0.0857065 seconds
[2019-06-24T10:06:40.325+0000][1][safepoint    ] Entering safepoint region: RevokeBias
[2019-06-24T10:06:40.325+0000][1][safepoint    ] Leaving safepoint region
[2019-06-24T10:06:40.325+0000][1][safepoint    ] Total time for which application threads were stopped: 0.0001045 seconds, Stopping threads took: 0.0000166 seconds
[2019-06-24T10:06:40.328+0000][1][safepoint    ] Application time: 0.0032568 seconds
[2019-06-24T10:06:40.328+0000][1][safepoint    ] Entering safepoint region: RevokeBias
[2019-06-24T10:06:40.328+0000][1][safepoint    ] Leaving safepoint region
[2019-06-24T10:06:40.328+0000][1][safepoint    ] Total time for which application threads were stopped: 0.0000804 seconds, Stopping threads took: 0.0000139 seconds
[2019-06-24T10:06:40.331+0000][1][safepoint    ] Application time: 0.0022549 seconds
[2019-06-24T10:06:40.331+0000][1][safepoint    ] Entering safepoint region: RevokeBias
[2019-06-24T10:06:40.331+0000][1][safepoint    ] Leaving safepoint region
[2019-06-24T10:06:40.331+0000][1][safepoint    ] Total time for which application threads were stopped: 0.0000713 seconds, Stopping threads took: 0.0000132 seconds
[2019-06-24T10:06:40.351+0000][1][safepoint    ] Application time: 0.0198149 seconds
[2019-06-24T10:06:40.351+0000][1][safepoint    ] Entering safepoint region: GenCollectForAllocation
[2019-06-24T10:06:40.351+0000][1][gc,start     ] GC(1) Pause Young (Allocation Failure)
[2019-06-24T10:06:40.351+0000][1][gc,task      ] GC(1) Using 5 workers of 8 for evacuation
[2019-06-24T10:06:40.364+0000][1][gc,age       ] GC(1) Desired survivor size 4456448 bytes, new threshold 6 (max threshold 6)
[2019-06-24T10:06:40.364+0000][1][gc,age       ] GC(1) Age table with threshold 6 (max threshold 6)
[2019-06-24T10:06:40.364+0000][1][gc,age       ] GC(1) - age   1:    1986088 bytes,    1986088 total
[2019-06-24T10:06:40.364+0000][1][gc,heap      ] GC(1) ParNew: 77676K->6110K(78656K)
[2019-06-24T10:06:40.364+0000][1][gc,heap      ] GC(1) CMS: 0K->6641K(174784K)
[2019-06-24T10:06:40.364+0000][1][gc,metaspace ] GC(1) Metaspace: 14729K->14729K(1062912K)
[2019-06-24T10:06:40.364+0000][1][gc           ] GC(1) Pause Young (Allocation Failure) 75M->12M(247M) 13.188ms
[2019-06-24T10:06:40.364+0000][1][gc,cpu       ] GC(1) User=0.08s Sys=0.00s Real=0.02s
[2019-06-24T10:06:40.364+0000][1][safepoint    ] Leaving safepoint region
[2019-06-24T10:06:40.364+0000][1][safepoint    ] Total time for which application threads were stopped: 0.0133104 seconds, Stopping threads took: 0.0000199 seconds
[2019-06-24T10:06:40.364+0000][1][safepoint    ] Application time: 0.0001551 seconds
[2019-06-24T10:06:40.364+0000][1][safepoint    ] Entering safepoint region: RevokeBias
[2019-06-24T10:06:40.364+0000][1][safepoint    ] Leaving safepoint region
[2019-06-24T10:06:40.364+0000][1][safepoint    ] Total time for which application threads were stopped: 0.0001329 seconds, Stopping threads took: 0.0000605 seconds
[2019-06-24T10:06:40.364+0000][1][safepoint    ] Application time: 0.0000505 seconds
[2019-06-24T10:06:40.364+0000][1][safepoint    ] Entering safepoint region: RevokeBias
[2019-06-24T10:06:40.364+0000][1][safepoint    ] Leaving safepoint region
[2019-06-24T10:06:40.364+0000][1][safepoint    ] Total time for which application threads were stopped: 0.0000595 seconds, Stopping threads took: 0.0000279 seconds
[2019-06-24T10:06:40.364+0000][1][safepoint    ] Application time: 0.0000479 seconds
[2019-06-24T10:06:40.364+0000][1][safepoint    ] Entering safepoint region: RevokeBias
[2019-06-24T10:06:40.365+0000][1][safepoint    ] Leaving safepoint region
[2019-06-24T10:06:40.365+0000][1][safepoint    ] Total time for which application threads were stopped: 0.0001187 seconds, Stopping threads took: 0.0000879 seconds
[2019-06-24T10:06:40.365+0000][1][safepoint    ] Application time: 0.0000456 seconds
[2019-06-24T10:06:40.365+0000][1][safepoint    ] Entering safepoint region: RevokeBias
[2019-06-24T10:06:40.365+0000][1][safepoint    ] Leaving safepoint region
[2019-06-24T10:06:40.365+0000][1][safepoint    ] Total time for which application threads were stopped: 0.0000310 seconds, Stopping threads took: 0.0000069 seconds
[2019-06-24T10:06:40.365+0000][1][safepoint    ] Application time: 0.0000835 seconds
[2019-06-24T10:06:40.365+0000][1][safepoint    ] Entering safepoint region: RevokeBias
[2019-06-24T10:06:40.365+0000][1][safepoint    ] Leaving safepoint region
[2019-06-24T10:06:40.365+0000][1][safepoint    ] Total time for which application threads were stopped: 0.0000447 seconds, Stopping threads took: 0.0000227 seconds
[2019-06-24T10:06:40.365+0000][1][safepoint    ] Application time: 0.0000560 seconds
[2019-06-24T10:06:40.365+0000][1][safepoint    ] Entering safepoint region: RevokeBias
[2019-06-24T10:06:40.365+0000][1][safepoint    ] Leaving safepoint region
[2019-06-24T10:06:40.365+0000][1][safepoint    ] Total time for which application threads were stopped: 0.0000267 seconds, Stopping threads took: 0.0000063 seconds
[2019-06-24T10:06:40.365+0000][1][safepoint    ] Application time: 0.0000625 seconds
[2019-06-24T10:06:40.365+0000][1][safepoint    ] Entering safepoint region: RevokeBias
[2019-06-24T10:06:40.365+0000][1][safepoint    ] Leaving safepoint region
[2019-06-24T10:06:40.365+0000][1][safepoint    ] Total time for which application threads were stopped: 0.0000560 seconds, Stopping threads took: 0.0000327 seconds
[2019-06-24T10:06:40.365+0000][1][safepoint    ] Application time: 0.0000852 seconds
[2019-06-24T10:06:40.365+0000][1][safepoint    ] Entering safepoint region: RevokeBias
[2019-06-24T10:06:40.365+0000][1][safepoint    ] Leaving safepoint region
[2019-06-24T10:06:40.365+0000][1][safepoint    ] Total time for which application threads were stopped: 0.0000647 seconds, Stopping threads took: 0.0000294 seconds
[2019-06-24T10:06:40.365+0000][1][safepoint    ] Application time: 0.0000406 seconds
[2019-06-24T10:06:40.365+0000][1][safepoint    ] Entering safepoint region: RevokeBias
[2019-06-24T10:06:40.365+0000][1][safepoint    ] Leaving safepoint region
[2019-06-24T10:06:40.365+0000][1][safepoint    ] Total time for which application threads were stopped: 0.0000686 seconds, Stopping threads took: 0.0000284 seconds
[2019-06-24T10:06:40.365+0000][1][safepoint    ] Application time: 0.0000358 seconds
[2019-06-24T10:06:40.365+0000][1][safepoint    ] Entering safepoint region: RevokeBias
[2019-06-24T10:06:40.365+0000][1][safepoint    ] Leaving safepoint region
[2019-06-24T10:06:40.365+0000][1][safepoint    ] Total time for which application threads were stopped: 0.0000696 seconds, Stopping threads took: 0.0000288 seconds
[2019-06-24T10:06:40.365+0000][1][safepoint    ] Application time: 0.0000456 seconds
[2019-06-24T10:06:40.365+0000][1][safepoint    ] Entering safepoint region: BulkRevokeBias
[2019-06-24T10:06:40.366+0000][1][safepoint    ] Leaving safepoint region
[2019-06-24T10:06:40.366+0000][1][safepoint    ] Total time for which application threads were stopped: 0.0001142 seconds, Stopping threads took: 0.0000285 seconds
[2019-06-24T10:06:40.366+0000][1][safepoint    ] Application time: 0.0000413 seconds
[2019-06-24T10:06:40.366+0000][1][safepoint    ] Entering safepoint region: RevokeBias
[2019-06-24T10:06:40.366+0000][1][safepoint    ] Leaving safepoint region
[2019-06-24T10:06:40.366+0000][1][safepoint    ] Total time for which application threads were stopped: 0.0001098 seconds, Stopping threads took: 0.0000325 seconds
[2019-06-24T10:06:40.366+0000][1][safepoint    ] Application time: 0.0000552 seconds
[2019-06-24T10:06:40.366+0000][1][safepoint    ] Entering safepoint region: BulkRevokeBias
[2019-06-24T10:06:40.366+0000][1][safepoint    ] Leaving safepoint region
[2019-06-24T10:06:40.366+0000][1][safepoint    ] Total time for which application threads were stopped: 0.0001154 seconds, Stopping threads took: 0.0000318 seconds
[2019-06-24T10:06:40.475+0000][1][safepoint    ] Application time: 0.1089924 seconds
[2019-06-24T10:06:40.475+0000][1][safepoint    ] Entering safepoint region: GenCollectForAllocation
[2019-06-24T10:06:40.475+0000][1][gc,start     ] GC(2) Pause Young (Allocation Failure)
[2019-06-24T10:06:40.475+0000][1][gc,task      ] GC(2) Using 5 workers of 8 for evacuation
[2019-06-24T10:06:40.478+0000][1][gc,age       ] GC(2) Desired survivor size 4456448 bytes, new threshold 6 (max threshold 6)
[2019-06-24T10:06:40.478+0000][1][gc,age       ] GC(2) Age table with threshold 6 (max threshold 6)
[2019-06-24T10:06:40.478+0000][1][gc,age       ] GC(2) - age   1:    2620200 bytes,    2620200 total
[2019-06-24T10:06:40.478+0000][1][gc,age       ] GC(2) - age   2:    1195832 bytes,    3816032 total
[2019-06-24T10:06:40.478+0000][1][gc,heap      ] GC(2) ParNew: 76062K->4922K(78656K)
[2019-06-24T10:06:40.478+0000][1][gc,heap      ] GC(2) CMS: 6641K->6641K(174784K)
[2019-06-24T10:06:40.478+0000][1][gc,metaspace ] GC(2) Metaspace: 14866K->14866K(1062912K)
[2019-06-24T10:06:40.478+0000][1][gc           ] GC(2) Pause Young (Allocation Failure) 80M->11M(247M) 3.214ms
[2019-06-24T10:06:40.478+0000][1][gc,cpu       ] GC(2) User=0.02s Sys=0.00s Real=0.00s
[2019-06-24T10:06:40.478+0000][1][safepoint    ] Leaving safepoint region
[2019-06-24T10:06:40.478+0000][1][safepoint    ] Total time for which application threads were stopped: 0.0034280 seconds, Stopping threads took: 0.0000940 seconds
[2019-06-24T10:06:40.479+0000][1][safepoint    ] Application time: 0.0001961 seconds
[2019-06-24T10:06:40.479+0000][1][safepoint    ] Entering safepoint region: RevokeBias
[2019-06-24T10:06:40.479+0000][1][safepoint    ] Leaving safepoint region
[2019-06-24T10:06:40.479+0000][1][safepoint    ] Total time for which application threads were stopped: 0.0001076 seconds, Stopping threads took: 0.0000318 seconds
[2019-06-24T10:06:40.479+0000][1][safepoint    ] Application time: 0.0000739 seconds
[2019-06-24T10:06:40.479+0000][1][safepoint    ] Entering safepoint region: RevokeBias
[2019-06-24T10:06:40.479+0000][1][safepoint    ] Leaving safepoint region
[2019-06-24T10:06:40.479+0000][1][safepoint    ] Total time for which application threads were stopped: 0.0000779 seconds, Stopping threads took: 0.0000372 seconds
[2019-06-24T10:06:40.479+0000][1][safepoint    ] Application time: 0.0001026 seconds
[2019-06-24T10:06:40.479+0000][1][safepoint    ] Entering safepoint region: RevokeBias
[2019-06-24T10:06:40.479+0000][1][safepoint    ] Leaving safepoint region
[2019-06-24T10:06:40.479+0000][1][safepoint    ] Total time for which application threads were stopped: 0.0001033 seconds, Stopping threads took: 0.0000468 seconds
[2019-06-24T10:06:40.479+0000][1][safepoint    ] Application time: 0.0000730 seconds
[2019-06-24T10:06:40.479+0000][1][safepoint    ] Entering safepoint region: RevokeBias
[2019-06-24T10:06:40.479+0000][1][safepoint    ] Leaving safepoint region
[2019-06-24T10:06:40.479+0000][1][safepoint    ] Total time for which application threads were stopped: 0.0001319 seconds, Stopping threads took: 0.0000920 seconds
[2019-06-24T10:06:40.479+0000][1][safepoint    ] Application time: 0.0000643 seconds
[2019-06-24T10:06:40.479+0000][1][safepoint    ] Entering safepoint region: RevokeBias
[2019-06-24T10:06:40.480+0000][1][safepoint    ] Leaving safepoint region
[2019-06-24T10:06:40.480+0000][1][safepoint    ] Total time for which application threads were stopped: 0.0000744 seconds, Stopping threads took: 0.0000367 seconds
[2019-06-24T10:06:40.480+0000][1][safepoint    ] Application time: 0.0000726 seconds
[2019-06-24T10:06:40.480+0000][1][safepoint    ] Entering safepoint region: RevokeBias
[2019-06-24T10:06:40.480+0000][1][safepoint    ] Leaving safepoint region
[2019-06-24T10:06:40.480+0000][1][safepoint    ] Total time for which application threads were stopped: 0.0001560 seconds, Stopping threads took: 0.0001212 seconds
[2019-06-24T10:06:40.596+0000][1][safepoint    ] Application time: 0.1163494 seconds
[2019-06-24T10:06:40.596+0000][1][safepoint    ] Entering safepoint region: Deoptimize
[2019-06-24T10:06:40.596+0000][1][safepoint    ] Leaving safepoint region
[2019-06-24T10:06:40.596+0000][1][safepoint    ] Total time for which application threads were stopped: 0.0003253 seconds, Stopping threads took: 0.0000353 seconds
[2019-06-24T10:06:40.597+0000][1][safepoint    ] Application time: 0.0004583 seconds
[2019-06-24T10:06:40.597+0000][1][safepoint    ] Entering safepoint region: Deoptimize
[2019-06-24T10:06:40.597+0000][1][safepoint    ] Leaving safepoint region
[2019-06-24T10:06:40.597+0000][1][safepoint    ] Total time for which application threads were stopped: 0.0002136 seconds, Stopping threads took: 0.0000095 seconds
[2019-06-24T10:06:40.773+0000][1][safepoint    ] Application time: 0.1762403 seconds
[2019-06-24T10:06:40.773+0000][1][safepoint    ] Entering safepoint region: GenCollectForAllocation
[2019-06-24T10:06:40.774+0000][1][gc,start     ] GC(3) Pause Young (Allocation Failure)
[2019-06-24T10:06:40.774+0000][1][gc,task      ] GC(3) Using 5 workers of 8 for evacuation
[2019-06-24T10:06:40.777+0000][1][gc,age       ] GC(3) Desired survivor size 4456448 bytes, new threshold 3 (max threshold 6)
[2019-06-24T10:06:40.777+0000][1][gc,age       ] GC(3) Age table with threshold 3 (max threshold 6)
[2019-06-24T10:06:40.777+0000][1][gc,age       ] GC(3) - age   1:    3535400 bytes,    3535400 total
[2019-06-24T10:06:40.777+0000][1][gc,age       ] GC(3) - age   2:     294104 bytes,    3829504 total
[2019-06-24T10:06:40.777+0000][1][gc,age       ] GC(3) - age   3:    1192576 bytes,    5022080 total
[2019-06-24T10:06:40.777+0000][1][gc,heap      ] GC(3) ParNew: 74874K->6115K(78656K)
[2019-06-24T10:06:40.777+0000][1][gc,heap      ] GC(3) CMS: 6641K->6641K(174784K)
[2019-06-24T10:06:40.777+0000][1][gc,metaspace ] GC(3) Metaspace: 18340K->18340K(1067008K)
[2019-06-24T10:06:40.777+0000][1][gc           ] GC(3) Pause Young (Allocation Failure) 79M->12M(247M) 3.026ms
[2019-06-24T10:06:40.777+0000][1][gc,cpu       ] GC(3) User=0.03s Sys=0.00s Real=0.01s
[2019-06-24T10:06:40.777+0000][1][safepoint    ] Leaving safepoint region
[2019-06-24T10:06:40.777+0000][1][safepoint    ] Total time for which application threads were stopped: 0.0031839 seconds, Stopping threads took: 0.0000286 seconds
[2019-06-24T10:06:40.777+0000][1][safepoint    ] Application time: 0.0001879 seconds
[2019-06-24T10:06:40.777+0000][1][safepoint    ] Entering safepoint region: RevokeBias
[2019-06-24T10:06:40.777+0000][1][safepoint    ] Leaving safepoint region
[2019-06-24T10:06:40.777+0000][1][safepoint    ] Total time for which application threads were stopped: 0.0001771 seconds, Stopping threads took: 0.0000927 seconds
[2019-06-24T10:06:40.777+0000][1][safepoint    ] Application time: 0.0000948 seconds
[2019-06-24T10:06:40.777+0000][1][safepoint    ] Entering safepoint region: BulkRevokeBias
[2019-06-24T10:06:40.777+0000][1][safepoint    ] Leaving safepoint region
[2019-06-24T10:06:40.777+0000][1][safepoint    ] Total time for which application threads were stopped: 0.0001919 seconds, Stopping threads took: 0.0000694 seconds
[2019-06-24T10:06:40.777+0000][1][safepoint    ] Application time: 0.0001039 seconds
[2019-06-24T10:06:40.778+0000][1][safepoint    ] Entering safepoint region: RevokeBias
[2019-06-24T10:06:40.778+0000][1][safepoint    ] Leaving safepoint region
[2019-06-24T10:06:40.778+0000][1][safepoint    ] Total time for which application threads were stopped: 0.0001255 seconds, Stopping threads took: 0.0000292 seconds
[2019-06-24T10:06:40.778+0000][1][safepoint    ] Application time: 0.0000489 seconds
[2019-06-24T10:06:40.778+0000][1][safepoint    ] Entering safepoint region: RevokeBias
[2019-06-24T10:06:40.778+0000][1][safepoint    ] Leaving safepoint region
[2019-06-24T10:06:40.778+0000][1][safepoint    ] Total time for which application threads were stopped: 0.0000760 seconds, Stopping threads took: 0.0000093 seconds
[2019-06-24T10:06:40.778+0000][1][safepoint    ] Application time: 0.0001270 seconds
[2019-06-24T10:06:40.778+0000][1][safepoint    ] Entering safepoint region: RevokeBias
[2019-06-24T10:06:40.778+0000][1][safepoint    ] Leaving safepoint region
[2019-06-24T10:06:40.778+0000][1][safepoint    ] Total time for which application threads were stopped: 0.0002544 seconds, Stopping threads took: 0.0001798 seconds
[2019-06-24T10:06:40.778+0000][1][safepoint    ] Application time: 0.0000419 seconds
[2019-06-24T10:06:40.778+0000][1][safepoint    ] Entering safepoint region: RevokeBias
[2019-06-24T10:06:40.778+0000][1][safepoint    ] Leaving safepoint region
[2019-06-24T10:06:40.778+0000][1][safepoint    ] Total time for which application threads were stopped: 0.0001007 seconds, Stopping threads took: 0.0000309 seconds
[2019-06-24T10:06:40.778+0000][1][safepoint    ] Application time: 0.0000436 seconds
[2019-06-24T10:06:40.778+0000][1][safepoint    ] Entering safepoint region: RevokeBias
[2019-06-24T10:06:40.778+0000][1][safepoint    ] Leaving safepoint region
[2019-06-24T10:06:40.778+0000][1][safepoint    ] Total time for which application threads were stopped: 0.0000745 seconds, Stopping threads took: 0.0000096 seconds
[2019-06-24T10:06:40.779+0000][1][safepoint    ] Application time: 0.0000431 seconds
[2019-06-24T10:06:40.779+0000][1][safepoint    ] Entering safepoint region: RevokeBias
[2019-06-24T10:06:40.779+0000][1][safepoint    ] Leaving safepoint region
[2019-06-24T10:06:40.779+0000][1][safepoint    ] Total time for which application threads were stopped: 0.0001028 seconds, Stopping threads took: 0.0000364 seconds
[2019-06-24T10:06:40.779+0000][1][safepoint    ] Application time: 0.0000455 seconds
[2019-06-24T10:06:40.779+0000][1][safepoint    ] Entering safepoint region: RevokeBias
[2019-06-24T10:06:40.779+0000][1][safepoint    ] Leaving safepoint region
[2019-06-24T10:06:40.779+0000][1][safepoint    ] Total time for which application threads were stopped: 0.0000874 seconds, Stopping threads took: 0.0000097 seconds
[2019-06-24T10:06:40.779+0000][1][safepoint    ] Application time: 0.0000419 seconds
[2019-06-24T10:06:40.779+0000][1][safepoint    ] Entering safepoint region: RevokeBias
[2019-06-24T10:06:40.779+0000][1][safepoint    ] Leaving safepoint region
[2019-06-24T10:06:40.779+0000][1][safepoint    ] Total time for which application threads were stopped: 0.0000751 seconds, Stopping threads took: 0.0000100 seconds
[2019-06-24T10:06:40.779+0000][1][safepoint    ] Application time: 0.0000462 seconds
[2019-06-24T10:06:40.779+0000][1][safepoint    ] Entering safepoint region: RevokeBias
[2019-06-24T10:06:40.779+0000][1][safepoint    ] Leaving safepoint region
[2019-06-24T10:06:40.779+0000][1][safepoint    ] Total time for which application threads were stopped: 0.0001013 seconds, Stopping threads took: 0.0000393 seconds
[2019-06-24T10:06:40.779+0000][1][safepoint    ] Application time: 0.0000424 seconds
[2019-06-24T10:06:40.779+0000][1][safepoint    ] Entering safepoint region: RevokeBias
[2019-06-24T10:06:40.779+0000][1][safepoint    ] Leaving safepoint region
[2019-06-24T10:06:40.779+0000][1][safepoint    ] Total time for which application threads were stopped: 0.0000755 seconds, Stopping threads took: 0.0000096 seconds
[2019-06-24T10:06:40.779+0000][1][safepoint    ] Application time: 0.0000460 seconds
[2019-06-24T10:06:40.779+0000][1][safepoint    ] Entering safepoint region: RevokeBias
[2019-06-24T10:06:40.779+0000][1][safepoint    ] Leaving safepoint region
[2019-06-24T10:06:40.779+0000][1][safepoint    ] Total time for which application threads were stopped: 0.0000753 seconds, Stopping threads took: 0.0000103 seconds
[2019-06-24T10:06:40.779+0000][1][safepoint    ] Application time: 0.0000442 seconds
[2019-06-24T10:06:40.779+0000][1][safepoint    ] Entering safepoint region: RevokeBias
[2019-06-24T10:06:40.780+0000][1][safepoint    ] Leaving safepoint region
[2019-06-24T10:06:40.780+0000][1][safepoint    ] Total time for which application threads were stopped: 0.0000724 seconds, Stopping threads took: 0.0000091 seconds
[2019-06-24T10:06:40.780+0000][1][safepoint    ] Application time: 0.0001807 seconds
[2019-06-24T10:06:40.780+0000][1][safepoint    ] Entering safepoint region: RevokeBias
[2019-06-24T10:06:40.780+0000][1][safepoint    ] Leaving safepoint region
[2019-06-24T10:06:40.780+0000][1][safepoint    ] Total time for which application threads were stopped: 0.0001252 seconds, Stopping threads took: 0.0000890 seconds
[2019-06-24T10:06:40.780+0000][1][safepoint    ] Application time: 0.0000444 seconds
[2019-06-24T10:06:40.780+0000][1][safepoint    ] Entering safepoint region: RevokeBias
[2019-06-24T10:06:40.780+0000][1][safepoint    ] Leaving safepoint region
[2019-06-24T10:06:40.780+0000][1][safepoint    ] Total time for which application threads were stopped: 0.0000539 seconds, Stopping threads took: 0.0000268 seconds
[2019-06-24T10:06:40.780+0000][1][safepoint    ] Application time: 0.0000457 seconds
[2019-06-24T10:06:40.780+0000][1][safepoint    ] Entering safepoint region: RevokeBias
[2019-06-24T10:06:40.780+0000][1][safepoint    ] Leaving safepoint region
[2019-06-24T10:06:40.780+0000][1][safepoint    ] Total time for which application threads were stopped: 0.0000692 seconds, Stopping threads took: 0.0000322 seconds
[2019-06-24T10:06:40.780+0000][1][safepoint    ] Application time: 0.0000426 seconds
[2019-06-24T10:06:40.780+0000][1][safepoint    ] Entering safepoint region: RevokeBias
[2019-06-24T10:06:40.780+0000][1][safepoint    ] Leaving safepoint region
[2019-06-24T10:06:40.780+0000][1][safepoint    ] Total time for which application threads were stopped: 0.0001898 seconds, Stopping threads took: 0.0001494 seconds
[2019-06-24T10:06:40.780+0000][1][safepoint    ] Application time: 0.0000428 seconds
[2019-06-24T10:06:40.780+0000][1][safepoint    ] Entering safepoint region: RevokeBias
[2019-06-24T10:06:40.780+0000][1][safepoint    ] Leaving safepoint region
[2019-06-24T10:06:40.780+0000][1][safepoint    ] Total time for which application threads were stopped: 0.0000601 seconds, Stopping threads took: 0.0000246 seconds
[2019-06-24T10:06:40.781+0000][1][safepoint    ] Application time: 0.0000437 seconds
[2019-06-24T10:06:40.781+0000][1][safepoint    ] Entering safepoint region: RevokeBias
[2019-06-24T10:06:40.781+0000][1][safepoint    ] Leaving safepoint region
[2019-06-24T10:06:40.781+0000][1][safepoint    ] Total time for which application threads were stopped: 0.0000780 seconds, Stopping threads took: 0.0000448 seconds
[2019-06-24T10:06:40.781+0000][1][safepoint    ] Application time: 0.0000401 seconds
[2019-06-24T10:06:40.781+0000][1][safepoint    ] Entering safepoint region: RevokeBias
[2019-06-24T10:06:40.781+0000][1][safepoint    ] Leaving safepoint region
[2019-06-24T10:06:40.781+0000][1][safepoint    ] Total time for which application threads were stopped: 0.0000694 seconds, Stopping threads took: 0.0000366 seconds
[2019-06-24T10:06:40.862+0000][1][safepoint    ] Application time: 0.0812954 seconds
[2019-06-24T10:06:40.862+0000][1][safepoint    ] Entering safepoint region: GenCollectForAllocation
[2019-06-24T10:06:40.862+0000][1][gc,start     ] GC(4) Pause Young (Allocation Failure)
[2019-06-24T10:06:40.862+0000][1][gc,task      ] GC(4) Using 5 workers of 8 for evacuation
[2019-06-24T10:06:40.866+0000][1][gc,age       ] GC(4) Desired survivor size 4456448 bytes, new threshold 2 (max threshold 6)
[2019-06-24T10:06:40.866+0000][1][gc,age       ] GC(4) Age table with threshold 2 (max threshold 6)
[2019-06-24T10:06:40.866+0000][1][gc,age       ] GC(4) - age   1:    1588264 bytes,    1588264 total
[2019-06-24T10:06:40.866+0000][1][gc,age       ] GC(4) - age   2:    3329744 bytes,    4918008 total
[2019-06-24T10:06:40.866+0000][1][gc,age       ] GC(4) - age   3:     293576 bytes,    5211584 total
[2019-06-24T10:06:40.866+0000][1][gc,heap      ] GC(4) ParNew: 76067K->6826K(78656K)
[2019-06-24T10:06:40.866+0000][1][gc,heap      ] GC(4) CMS: 6641K->7824K(174784K)
[2019-06-24T10:06:40.866+0000][1][gc,metaspace ] GC(4) Metaspace: 18552K->18552K(1067008K)
[2019-06-24T10:06:40.866+0000][1][gc           ] GC(4) Pause Young (Allocation Failure) 80M->14M(247M) 4.090ms
[2019-06-24T10:06:40.866+0000][1][gc,cpu       ] GC(4) User=0.04s Sys=0.00s Real=0.01s
[2019-06-24T10:06:40.866+0000][1][safepoint    ] Leaving safepoint region
[2019-06-24T10:06:40.866+0000][1][safepoint    ] Total time for which application threads were stopped: 0.0042382 seconds, Stopping threads took: 0.0000161 seconds
[2019-06-24T10:06:40.867+0000][1][safepoint    ] Application time: 0.0001896 seconds
[2019-06-24T10:06:40.867+0000][1][safepoint    ] Entering safepoint region: RevokeBias
[2019-06-24T10:06:40.867+0000][1][safepoint    ] Leaving safepoint region
[2019-06-24T10:06:40.867+0000][1][safepoint    ] Total time for which application threads were stopped: 0.0000951 seconds, Stopping threads took: 0.0000434 seconds
[2019-06-24T10:06:40.867+0000][1][safepoint    ] Application time: 0.0000674 seconds
[2019-06-24T10:06:40.867+0000][1][safepoint    ] Entering safepoint region: RevokeBias
[2019-06-24T10:06:40.867+0000][1][safepoint    ] Leaving safepoint region
[2019-06-24T10:06:40.867+0000][1][safepoint    ] Total time for which application threads were stopped: 0.0000749 seconds, Stopping threads took: 0.0000273 seconds
[2019-06-24T10:06:40.867+0000][1][safepoint    ] Application time: 0.0000454 seconds
[2019-06-24T10:06:40.867+0000][1][safepoint    ] Entering safepoint region: RevokeBias
[2019-06-24T10:06:40.867+0000][1][safepoint    ] Leaving safepoint region
[2019-06-24T10:06:40.867+0000][1][safepoint    ] Total time for which application threads were stopped: 0.0000637 seconds, Stopping threads took: 0.0000214 seconds
[2019-06-24T10:06:40.867+0000][1][safepoint    ] Application time: 0.0000718 seconds
[2019-06-24T10:06:40.867+0000][1][safepoint    ] Entering safepoint region: RevokeBias
[2019-06-24T10:06:40.867+0000][1][safepoint    ] Leaving safepoint region
[2019-06-24T10:06:40.867+0000][1][safepoint    ] Total time for which application threads were stopped: 0.0000682 seconds, Stopping threads took: 0.0000266 seconds
[2019-06-24T10:06:40.884+0000][1][safepoint    ] Application time: 0.0169576 seconds
[2019-06-24T10:06:40.884+0000][1][safepoint    ] Entering safepoint region: Deoptimize
[2019-06-24T10:06:40.884+0000][1][safepoint    ] Leaving safepoint region
[2019-06-24T10:06:40.885+0000][1][safepoint    ] Total time for which application threads were stopped: 0.0003898 seconds, Stopping threads took: 0.0000160 seconds
[2019-06-24T10:06:40.915+0000][1][safepoint    ] Application time: 0.0309303 seconds
[2019-06-24T10:06:40.915+0000][1][safepoint    ] Entering safepoint region: Deoptimize
[2019-06-24T10:06:40.916+0000][1][safepoint    ] Leaving safepoint region
[2019-06-24T10:06:40.916+0000][1][safepoint    ] Total time for which application threads were stopped: 0.0003353 seconds, Stopping threads took: 0.0000143 seconds
[2019-06-24T10:06:40.994+0000][1][safepoint    ] Application time: 0.0784349 seconds
[2019-06-24T10:06:40.994+0000][1][safepoint    ] Entering safepoint region: GenCollectForAllocation
[2019-06-24T10:06:40.994+0000][1][gc,start     ] GC(5) Pause Young (Allocation Failure)
[2019-06-24T10:06:40.994+0000][1][gc,task      ] GC(5) Using 5 workers of 8 for evacuation
[2019-06-24T10:06:40.999+0000][1][gc,age       ] GC(5) Desired survivor size 4456448 bytes, new threshold 6 (max threshold 6)
[2019-06-24T10:06:40.999+0000][1][gc,age       ] GC(5) Age table with threshold 6 (max threshold 6)
[2019-06-24T10:06:40.999+0000][1][gc,age       ] GC(5) - age   1:    2466384 bytes,    2466384 total
[2019-06-24T10:06:40.999+0000][1][gc,age       ] GC(5) - age   2:     443240 bytes,    2909624 total
[2019-06-24T10:06:40.999+0000][1][gc,heap      ] GC(5) ParNew: 76778K->5860K(78656K)
[2019-06-24T10:06:40.999+0000][1][gc,heap      ] GC(5) CMS: 7824K->11393K(174784K)
[2019-06-24T10:06:40.999+0000][1][gc,metaspace ] GC(5) Metaspace: 18904K->18904K(1067008K)
[2019-06-24T10:06:40.999+0000][1][gc           ] GC(5) Pause Young (Allocation Failure) 82M->16M(247M) 4.492ms
[2019-06-24T10:06:40.999+0000][1][gc,cpu       ] GC(5) User=0.03s Sys=0.00s Real=0.01s
[2019-06-24T10:06:40.999+0000][1][safepoint    ] Leaving safepoint region
[2019-06-24T10:06:40.999+0000][1][safepoint    ] Total time for which application threads were stopped: 0.0046465 seconds, Stopping threads took: 0.0000167 seconds
[2019-06-24T10:06:40.999+0000][1][safepoint    ] Application time: 0.0001644 seconds
[2019-06-24T10:06:40.999+0000][1][safepoint    ] Entering safepoint region: RevokeBias
[2019-06-24T10:06:40.999+0000][1][safepoint    ] Leaving safepoint region
[2019-06-24T10:06:40.999+0000][1][safepoint    ] Total time for which application threads were stopped: 0.0000723 seconds, Stopping threads took: 0.0000153 seconds
[2019-06-24T10:06:40.999+0000][1][safepoint    ] Application time: 0.0000442 seconds
[2019-06-24T10:06:40.999+0000][1][safepoint    ] Entering safepoint region: RevokeBias
[2019-06-24T10:06:40.999+0000][1][safepoint    ] Leaving safepoint region
[2019-06-24T10:06:40.999+0000][1][safepoint    ] Total time for which application threads were stopped: 0.0000476 seconds, Stopping threads took: 0.0000097 seconds
[2019-06-24T10:06:40.999+0000][1][safepoint    ] Application time: 0.0000481 seconds
[2019-06-24T10:06:40.999+0000][1][safepoint    ] Entering safepoint region: RevokeBias
[2019-06-24T10:06:40.999+0000][1][safepoint    ] Leaving safepoint region
[2019-06-24T10:06:40.999+0000][1][safepoint    ] Total time for which application threads were stopped: 0.0000736 seconds, Stopping threads took: 0.0000377 seconds
[2019-06-24T10:06:41.000+0000][1][safepoint    ] Application time: 0.0000417 seconds
[2019-06-24T10:06:41.000+0000][1][safepoint    ] Entering safepoint region: RevokeBias
[2019-06-24T10:06:41.000+0000][1][safepoint    ] Leaving safepoint region
[2019-06-24T10:06:41.000+0000][1][safepoint    ] Total time for which application threads were stopped: 0.0000427 seconds, Stopping threads took: 0.0000094 seconds
[2019-06-24T10:06:41.000+0000][1][safepoint    ] Application time: 0.0000492 seconds
[2019-06-24T10:06:41.000+0000][1][safepoint    ] Entering safepoint region: RevokeBias
[2019-06-24T10:06:41.000+0000][1][safepoint    ] Leaving safepoint region
[2019-06-24T10:06:41.000+0000][1][safepoint    ] Total time for which application threads were stopped: 0.0000411 seconds, Stopping threads took: 0.0000091 seconds
[2019-06-24T10:06:41.000+0000][1][safepoint    ] Application time: 0.0000378 seconds
[2019-06-24T10:06:41.000+0000][1][safepoint    ] Entering safepoint region: RevokeBias
[2019-06-24T10:06:41.000+0000][1][safepoint    ] Leaving safepoint region
[2019-06-24T10:06:41.000+0000][1][safepoint    ] Total time for which application threads were stopped: 0.0000675 seconds, Stopping threads took: 0.0000093 seconds
[2019-06-24T10:06:41.089+0000][1][safepoint    ] Application time: 0.0895173 seconds
[2019-06-24T10:06:41.089+0000][1][safepoint    ] Entering safepoint region: GenCollectForAllocation
[2019-06-24T10:06:41.089+0000][1][gc,start     ] GC(6) Pause Young (Allocation Failure)
[2019-06-24T10:06:41.089+0000][1][gc,task      ] GC(6) Using 5 workers of 8 for evacuation
[2019-06-24T10:06:41.092+0000][1][gc,age       ] GC(6) Desired survivor size 4456448 bytes, new threshold 6 (max threshold 6)
[2019-06-24T10:06:41.092+0000][1][gc,age       ] GC(6) Age table with threshold 6 (max threshold 6)
[2019-06-24T10:06:41.092+0000][1][gc,age       ] GC(6) - age   1:    1506360 bytes,    1506360 total
[2019-06-24T10:06:41.092+0000][1][gc,age       ] GC(6) - age   2:    2197912 bytes,    3704272 total
[2019-06-24T10:06:41.092+0000][1][gc,age       ] GC(6) - age   3:     443240 bytes,    4147512 total
[2019-06-24T10:06:41.092+0000][1][gc,heap      ] GC(6) ParNew: 75812K->4334K(78656K)
[2019-06-24T10:06:41.092+0000][1][gc,heap      ] GC(6) CMS: 11393K->11393K(174784K)
[2019-06-24T10:06:41.092+0000][1][gc,metaspace ] GC(6) Metaspace: 19208K->19208K(1067008K)
[2019-06-24T10:06:41.092+0000][1][gc           ] GC(6) Pause Young (Allocation Failure) 85M->15M(247M) 2.342ms
[2019-06-24T10:06:41.092+0000][1][gc,cpu       ] GC(6) User=0.02s Sys=0.00s Real=0.00s
[2019-06-24T10:06:41.092+0000][1][safepoint    ] Leaving safepoint region
[2019-06-24T10:06:41.092+0000][1][safepoint    ] Total time for which application threads were stopped: 0.0024619 seconds, Stopping threads took: 0.0000145 seconds
[2019-06-24T10:06:41.092+0000][1][safepoint    ] Application time: 0.0001133 seconds
[2019-06-24T10:06:41.092+0000][1][safepoint    ] Entering safepoint region: RevokeBias
[2019-06-24T10:06:41.092+0000][1][safepoint    ] Leaving safepoint region
[2019-06-24T10:06:41.092+0000][1][safepoint    ] Total time for which application threads were stopped: 0.0000817 seconds, Stopping threads took: 0.0000387 seconds
[2019-06-24T10:06:41.092+0000][1][safepoint    ] Application time: 0.0000416 seconds
[2019-06-24T10:06:41.092+0000][1][safepoint    ] Entering safepoint region: BulkRevokeBias
[2019-06-24T10:06:41.092+0000][1][safepoint    ] Leaving safepoint region
[2019-06-24T10:06:41.092+0000][1][safepoint    ] Total time for which application threads were stopped: 0.0000610 seconds, Stopping threads took: 0.0000096 seconds
[2019-06-24T10:06:41.092+0000][1][safepoint    ] Application time: 0.0000425 seconds
[2019-06-24T10:06:41.092+0000][1][safepoint    ] Entering safepoint region: BulkRevokeBias
[2019-06-24T10:06:41.092+0000][1][safepoint    ] Leaving safepoint region
[2019-06-24T10:06:41.092+0000][1][safepoint    ] Total time for which application threads were stopped: 0.0000413 seconds, Stopping threads took: 0.0000059 seconds
[2019-06-24T10:06:41.192+0000][1][safepoint    ] Application time: 0.0995584 seconds
[2019-06-24T10:06:41.192+0000][1][safepoint    ] Entering safepoint region: GenCollectForAllocation
[2019-06-24T10:06:41.192+0000][1][gc,start     ] GC(7) Pause Young (Allocation Failure)
[2019-06-24T10:06:41.192+0000][1][gc,task      ] GC(7) Using 5 workers of 8 for evacuation
[2019-06-24T10:06:41.194+0000][1][gc,age       ] GC(7) Desired survivor size 4456448 bytes, new threshold 4 (max threshold 6)
[2019-06-24T10:06:41.194+0000][1][gc,age       ] GC(7) Age table with threshold 4 (max threshold 6)
[2019-06-24T10:06:41.194+0000][1][gc,age       ] GC(7) - age   1:     709816 bytes,     709816 total
[2019-06-24T10:06:41.194+0000][1][gc,age       ] GC(7) - age   2:    1129976 bytes,    1839792 total
[2019-06-24T10:06:41.194+0000][1][gc,age       ] GC(7) - age   3:    2195904 bytes,    4035696 total
[2019-06-24T10:06:41.194+0000][1][gc,age       ] GC(7) - age   4:     443240 bytes,    4478936 total
[2019-06-24T10:06:41.194+0000][1][gc,heap      ] GC(7) ParNew: 74286K->6009K(78656K)
[2019-06-24T10:06:41.194+0000][1][gc,heap      ] GC(7) CMS: 11393K->11393K(174784K)
[2019-06-24T10:06:41.195+0000][1][gc,metaspace ] GC(7) Metaspace: 19744K->19744K(1067008K)
[2019-06-24T10:06:41.195+0000][1][gc           ] GC(7) Pause Young (Allocation Failure) 83M->16M(247M) 2.586ms
[2019-06-24T10:06:41.195+0000][1][gc,cpu       ] GC(7) User=0.02s Sys=0.00s Real=0.01s
[2019-06-24T10:06:41.195+0000][1][safepoint    ] Leaving safepoint region
[2019-06-24T10:06:41.195+0000][1][safepoint    ] Total time for which application threads were stopped: 0.0027141 seconds, Stopping threads took: 0.0000123 seconds
[2019-06-24T10:06:41.241+0000][1][safepoint    ] Application time: 0.0464925 seconds
[2019-06-24T10:06:41.241+0000][1][safepoint    ] Entering safepoint region: CollectForMetadataAllocation
[2019-06-24T10:06:41.241+0000][1][safepoint    ] Leaving safepoint region
[2019-06-24T10:06:41.241+0000][1][safepoint    ] Total time for which application threads were stopped: 0.0001701 seconds, Stopping threads took: 0.0000110 seconds
[2019-06-24T10:06:41.356+0000][1][safepoint    ] Application time: 0.1149444 seconds
[2019-06-24T10:06:41.356+0000][1][safepoint    ] Entering safepoint region: GenCollectForAllocation
[2019-06-24T10:06:41.356+0000][1][gc,start     ] GC(8) Pause Young (Allocation Failure)
[2019-06-24T10:06:41.356+0000][1][gc,task      ] GC(8) Using 5 workers of 8 for evacuation
[2019-06-24T10:06:41.359+0000][1][gc,age       ] GC(8) Desired survivor size 4456448 bytes, new threshold 6 (max threshold 6)
[2019-06-24T10:06:41.359+0000][1][gc,age       ] GC(8) Age table with threshold 6 (max threshold 6)
[2019-06-24T10:06:41.359+0000][1][gc,age       ] GC(8) - age   1:     508192 bytes,     508192 total
[2019-06-24T10:06:41.359+0000][1][gc,age       ] GC(8) - age   2:     518816 bytes,    1027008 total
[2019-06-24T10:06:41.359+0000][1][gc,age       ] GC(8) - age   3:    1129880 bytes,    2156888 total
[2019-06-24T10:06:41.359+0000][1][gc,age       ] GC(8) - age   4:    2195616 bytes,    4352504 total
[2019-06-24T10:06:41.359+0000][1][gc,heap      ] GC(8) ParNew: 75961K->5656K(78656K)
[2019-06-24T10:06:41.359+0000][1][gc,heap      ] GC(8) CMS: 11393K->11830K(174784K)
[2019-06-24T10:06:41.359+0000][1][gc,metaspace ] GC(8) Metaspace: 20257K->20257K(1069056K)
[2019-06-24T10:06:41.359+0000][1][gc           ] GC(8) Pause Young (Allocation Failure) 85M->17M(247M) 2.497ms
[2019-06-24T10:06:41.359+0000][1][gc,cpu       ] GC(8) User=0.02s Sys=0.00s Real=0.00s
[2019-06-24T10:06:41.359+0000][1][safepoint    ] Leaving safepoint region
[2019-06-24T10:06:41.359+0000][1][safepoint    ] Total time for which application threads were stopped: 0.0026050 seconds, Stopping threads took: 0.0000121 seconds
[2019-06-24T10:06:41.359+0000][1][safepoint    ] Application time: 0.0001291 seconds
[2019-06-24T10:06:41.359+0000][1][safepoint    ] Entering safepoint region: CMS_Initial_Mark
[2019-06-24T10:06:41.359+0000][1][gc,start     ] GC(9) Pause Initial Mark
[2019-06-24T10:06:41.360+0000][1][gc           ] GC(9) Pause Initial Mark 18M->18M(247M) 0.855ms
[2019-06-24T10:06:41.360+0000][1][gc,cpu       ] GC(9) User=0.00s Sys=0.00s Real=0.00s
[2019-06-24T10:06:41.360+0000][1][safepoint    ] Leaving safepoint region
[2019-06-24T10:06:41.360+0000][1][safepoint    ] Total time for which application threads were stopped: 0.0009632 seconds, Stopping threads took: 0.0000370 seconds
[2019-06-24T10:06:41.360+0000][1][gc           ] GC(9) Concurrent Mark
[2019-06-24T10:06:41.360+0000][1][gc,task      ] GC(9) Using 2 workers of 2 for marking
[2019-06-24T10:06:41.369+0000][1][gc           ] GC(9) Concurrent Mark 8.815ms
[2019-06-24T10:06:41.369+0000][1][gc,cpu       ] GC(9) User=0.05s Sys=0.00s Real=0.01s
[2019-06-24T10:06:41.369+0000][1][gc           ] GC(9) Concurrent Preclean
[2019-06-24T10:06:41.369+0000][1][gc           ] GC(9) Concurrent Preclean 0.504ms
[2019-06-24T10:06:41.369+0000][1][gc,cpu       ] GC(9) User=0.00s Sys=0.00s Real=0.00s
[2019-06-24T10:06:41.369+0000][1][gc           ] GC(9) Concurrent Abortable Preclean
[2019-06-24T10:06:41.397+0000][1][safepoint    ] Application time: 0.0367238 seconds
[2019-06-24T10:06:41.397+0000][1][safepoint    ] Entering safepoint region: CollectForMetadataAllocation
[2019-06-24T10:06:41.397+0000][1][safepoint    ] Leaving safepoint region
[2019-06-24T10:06:41.397+0000][1][safepoint    ] Total time for which application threads were stopped: 0.0002033 seconds, Stopping threads took: 0.0000273 seconds
[2019-06-24T10:06:41.457+0000][1][safepoint    ] Application time: 0.0598752 seconds
[2019-06-24T10:06:41.457+0000][1][safepoint    ] Entering safepoint region: GenCollectForAllocation
[2019-06-24T10:06:41.457+0000][1][gc,start     ] GC(10) Pause Young (Allocation Failure)
[2019-06-24T10:06:41.457+0000][1][gc,task      ] GC(10) Using 5 workers of 8 for evacuation
[2019-06-24T10:06:41.460+0000][1][gc,age       ] GC(10) Desired survivor size 4456448 bytes, new threshold 5 (max threshold 6)
[2019-06-24T10:06:41.460+0000][1][gc,age       ] GC(10) Age table with threshold 5 (max threshold 6)
[2019-06-24T10:06:41.460+0000][1][gc,age       ] GC(10) - age   1:     913040 bytes,     913040 total
[2019-06-24T10:06:41.460+0000][1][gc,age       ] GC(10) - age   2:     480912 bytes,    1393952 total
[2019-06-24T10:06:41.460+0000][1][gc,age       ] GC(10) - age   3:     518696 bytes,    1912648 total
[2019-06-24T10:06:41.460+0000][1][gc,age       ] GC(10) - age   4:    1129880 bytes,    3042528 total
[2019-06-24T10:06:41.460+0000][1][gc,age       ] GC(10) - age   5:    2196344 bytes,    5238872 total
[2019-06-24T10:06:41.460+0000][1][gc,heap      ] GC(10) ParNew: 75608K->5749K(78656K)
[2019-06-24T10:06:41.460+0000][1][gc,heap      ] GC(10) CMS: 11830K->11830K(174784K)
[2019-06-24T10:06:41.460+0000][1][gc,metaspace ] GC(10) Metaspace: 20362K->20362K(1069056K)
[2019-06-24T10:06:41.460+0000][1][gc           ] GC(10) Pause Young (Allocation Failure) 85M->17M(247M) 3.026ms
[2019-06-24T10:06:41.460+0000][1][gc,cpu       ] GC(10) User=0.02s Sys=0.00s Real=0.00s
[2019-06-24T10:06:41.460+0000][1][safepoint    ] Leaving safepoint region
[2019-06-24T10:06:41.460+0000][1][safepoint    ] Total time for which application threads were stopped: 0.0031447 seconds, Stopping threads took: 0.0000110 seconds
[2019-06-24T10:06:41.551+0000][1][safepoint    ] Application time: 0.0905848 seconds
[2019-06-24T10:06:41.551+0000][1][safepoint    ] Entering safepoint region: GenCollectForAllocation
[2019-06-24T10:06:41.551+0000][1][gc,start     ] GC(11) Pause Young (Allocation Failure)
[2019-06-24T10:06:41.551+0000][1][gc,task      ] GC(11) Using 5 workers of 8 for evacuation
[2019-06-24T10:06:41.555+0000][1][gc,age       ] GC(11) Desired survivor size 4456448 bytes, new threshold 6 (max threshold 6)
[2019-06-24T10:06:41.555+0000][1][gc,age       ] GC(11) Age table with threshold 6 (max threshold 6)
[2019-06-24T10:06:41.555+0000][1][gc,age       ] GC(11) - age   1:    1818464 bytes,    1818464 total
[2019-06-24T10:06:41.555+0000][1][gc,age       ] GC(11) - age   2:      99056 bytes,    1917520 total
[2019-06-24T10:06:41.555+0000][1][gc,age       ] GC(11) - age   3:     480912 bytes,    2398432 total
[2019-06-24T10:06:41.555+0000][1][gc,age       ] GC(11) - age   4:     518544 bytes,    2916976 total
[2019-06-24T10:06:41.555+0000][1][gc,age       ] GC(11) - age   5:    1129592 bytes,    4046568 total
[2019-06-24T10:06:41.555+0000][1][gc,heap      ] GC(11) ParNew: 75701K->6253K(78656K)
[2019-06-24T10:06:41.555+0000][1][gc,heap      ] GC(11) CMS: 11830K->13988K(174784K)
[2019-06-24T10:06:41.555+0000][1][gc,metaspace ] GC(11) Metaspace: 20445K->20445K(1069056K)
[2019-06-24T10:06:41.555+0000][1][gc           ] GC(11) Pause Young (Allocation Failure) 85M->19M(247M) 4.134ms
[2019-06-24T10:06:41.555+0000][1][gc,cpu       ] GC(11) User=0.02s Sys=0.00s Real=0.01s
[2019-06-24T10:06:41.555+0000][1][safepoint    ] Leaving safepoint region
[2019-06-24T10:06:41.555+0000][1][safepoint    ] Total time for which application threads were stopped: 0.0042860 seconds, Stopping threads took: 0.0000175 seconds
[2019-06-24T10:06:41.597+0000][1][gc           ] GC(9) Concurrent Abortable Preclean 227.349ms
[2019-06-24T10:06:41.597+0000][1][gc,cpu       ] GC(9) User=0.98s Sys=0.04s Real=0.23s
[2019-06-24T10:06:41.597+0000][1][safepoint    ] Application time: 0.0419479 seconds
[2019-06-24T10:06:41.597+0000][1][safepoint    ] Entering safepoint region: CMS_Final_Remark
[2019-06-24T10:06:41.597+0000][1][gc,start     ] GC(9) Pause Remark
[2019-06-24T10:06:41.607+0000][1][gc           ] GC(9) Pause Remark 57M->57M(247M) 9.813ms
[2019-06-24T10:06:41.607+0000][1][gc,cpu       ] GC(9) User=0.04s Sys=0.00s Real=0.01s
[2019-06-24T10:06:41.607+0000][1][safepoint    ] Leaving safepoint region
[2019-06-24T10:06:41.607+0000][1][safepoint    ] Total time for which application threads were stopped: 0.0099531 seconds, Stopping threads took: 0.0000428 seconds
[2019-06-24T10:06:41.607+0000][1][gc           ] GC(9) Concurrent Sweep
[2019-06-24T10:06:41.609+0000][1][safepoint    ] Application time: 0.0024292 seconds
[2019-06-24T10:06:41.610+0000][1][safepoint    ] Entering safepoint region: CollectForMetadataAllocation
[2019-06-24T10:06:41.610+0000][1][safepoint    ] Leaving safepoint region
[2019-06-24T10:06:41.610+0000][1][safepoint    ] Total time for which application threads were stopped: 0.0007852 seconds, Stopping threads took: 0.0003949 seconds
[2019-06-24T10:06:41.611+0000][1][safepoint    ] Application time: 0.0006411 seconds
[2019-06-24T10:06:41.611+0000][1][safepoint    ] Entering safepoint region: CollectForMetadataAllocation
[2019-06-24T10:06:41.611+0000][1][safepoint    ] Leaving safepoint region
[2019-06-24T10:06:41.611+0000][1][safepoint    ] Total time for which application threads were stopped: 0.0004341 seconds, Stopping threads took: 0.0002631 seconds
[2019-06-24T10:06:41.615+0000][1][safepoint    ] Application time: 0.0038361 seconds
[2019-06-24T10:06:41.615+0000][1][safepoint    ] Entering safepoint region: Deoptimize
[2019-06-24T10:06:41.615+0000][1][safepoint    ] Leaving safepoint region
[2019-06-24T10:06:41.616+0000][1][safepoint    ] Total time for which application threads were stopped: 0.0003609 seconds, Stopping threads took: 0.0000144 seconds
[2019-06-24T10:06:41.616+0000][1][gc           ] GC(9) Concurrent Sweep 8.801ms
[2019-06-24T10:06:41.616+0000][1][gc,cpu       ] GC(9) User=0.04s Sys=0.00s Real=0.01s
[2019-06-24T10:06:41.616+0000][1][gc           ] GC(9) Concurrent Reset
[2019-06-24T10:06:41.616+0000][1][gc           ] GC(9) Concurrent Reset 0.392ms
[2019-06-24T10:06:41.616+0000][1][gc,cpu       ] GC(9) User=0.00s Sys=0.00s Real=0.00s
[2019-06-24T10:06:41.616+0000][1][gc,heap      ] GC(9) Old: 11830K->13963K(174784K)
[2019-06-24T10:06:41.620+0000][1][safepoint    ] Application time: 0.0049389 seconds
[2019-06-24T10:06:41.620+0000][1][safepoint    ] Entering safepoint region: Deoptimize
[2019-06-24T10:06:41.621+0000][1][safepoint    ] Leaving safepoint region
[2019-06-24T10:06:41.621+0000][1][safepoint    ] Total time for which application threads were stopped: 0.0003186 seconds, Stopping threads took: 0.0000133 seconds
[2019-06-24T10:06:41.972+0000][1][safepoint    ] Application time: 0.3514745 seconds
[2019-06-24T10:06:41.972+0000][1][safepoint    ] Entering safepoint region: Deoptimize
[2019-06-24T10:06:41.973+0000][1][safepoint    ] Leaving safepoint region
[2019-06-24T10:06:41.973+0000][1][safepoint    ] Total time for which application threads were stopped: 0.0004969 seconds, Stopping threads took: 0.0000115 seconds
[2019-06-24T10:06:41.982+0000][1][safepoint    ] Application time: 0.0089272 seconds
[2019-06-24T10:06:41.982+0000][1][safepoint    ] Entering safepoint region: RevokeBias
[2019-06-24T10:06:41.982+0000][1][safepoint    ] Leaving safepoint region
[2019-06-24T10:06:41.982+0000][1][safepoint    ] Total time for which application threads were stopped: 0.0000582 seconds, Stopping threads took: 0.0000114 seconds
[2019-06-24T10:06:41.982+0000][1][safepoint    ] Application time: 0.0004667 seconds
[2019-06-24T10:06:41.982+0000][1][safepoint    ] Entering safepoint region: Deoptimize
[2019-06-24T10:06:41.983+0000][1][safepoint    ] Leaving safepoint region
[2019-06-24T10:06:41.983+0000][1][safepoint    ] Total time for which application threads were stopped: 0.0003027 seconds, Stopping threads took: 0.0000103 seconds
[2019-06-24T10:06:41.986+0000][1][safepoint    ] Application time: 0.0036906 seconds
[2019-06-24T10:06:41.986+0000][1][safepoint    ] Entering safepoint region: Deoptimize
[2019-06-24T10:06:41.987+0000][1][safepoint    ] Leaving safepoint region
[2019-06-24T10:06:41.987+0000][1][safepoint    ] Total time for which application threads were stopped: 0.0002920 seconds, Stopping threads took: 0.0000109 seconds
[2019-06-24T10:06:42.070+0000][1][safepoint    ] Application time: 0.0828703 seconds
[2019-06-24T10:06:42.070+0000][1][safepoint    ] Entering safepoint region: GenCollectForAllocation
[2019-06-24T10:06:42.070+0000][1][gc,start     ] GC(12) Pause Young (Allocation Failure)
[2019-06-24T10:06:42.070+0000][1][gc,task      ] GC(12) Using 5 workers of 8 for evacuation
[2019-06-24T10:06:42.075+0000][1][gc,age       ] GC(12) Desired survivor size 4456448 bytes, new threshold 6 (max threshold 6)
[2019-06-24T10:06:42.075+0000][1][gc,age       ] GC(12) Age table with threshold 6 (max threshold 6)
[2019-06-24T10:06:42.075+0000][1][gc,age       ] GC(12) - age   1:    2941944 bytes,    2941944 total
[2019-06-24T10:06:42.075+0000][1][gc,age       ] GC(12) - age   2:     345224 bytes,    3287168 total
[2019-06-24T10:06:42.075+0000][1][gc,age       ] GC(12) - age   3:      98760 bytes,    3385928 total
[2019-06-24T10:06:42.075+0000][1][gc,age       ] GC(12) - age   4:     480496 bytes,    3866424 total
[2019-06-24T10:06:42.075+0000][1][gc,age       ] GC(12) - age   5:     513600 bytes,    4380024 total
[2019-06-24T10:06:42.075+0000][1][gc,age       ] GC(12) - age   6:    1129432 bytes,    5509456 total
[2019-06-24T10:06:42.075+0000][1][gc,heap      ] GC(12) ParNew: 76205K->8160K(78656K)
[2019-06-24T10:06:42.075+0000][1][gc,heap      ] GC(12) CMS: 13963K->13963K(174784K)
[2019-06-24T10:06:42.075+0000][1][gc,metaspace ] GC(12) Metaspace: 26235K->26235K(1073152K)
[2019-06-24T10:06:42.075+0000][1][gc           ] GC(12) Pause Young (Allocation Failure) 88M->21M(247M) 4.998ms
[2019-06-24T10:06:42.075+0000][1][gc,cpu       ] GC(12) User=0.03s Sys=0.00s Real=0.01s
[2019-06-24T10:06:42.075+0000][1][safepoint    ] Leaving safepoint region
[2019-06-24T10:06:42.075+0000][1][safepoint    ] Total time for which application threads were stopped: 0.0051217 seconds, Stopping threads took: 0.0000173 seconds
[2019-06-24T10:06:42.366+0000][1][safepoint    ] Application time: 0.2916574 seconds
[2019-06-24T10:06:42.366+0000][1][safepoint    ] Entering safepoint region: RevokeBias
[2019-06-24T10:06:42.367+0000][1][safepoint    ] Leaving safepoint region
[2019-06-24T10:06:42.367+0000][1][safepoint    ] Total time for which application threads were stopped: 0.0002937 seconds, Stopping threads took: 0.0000194 seconds
[2019-06-24T10:06:42.782+0000][1][safepoint    ] Application time: 0.4152311 seconds
[2019-06-24T10:06:42.782+0000][1][safepoint    ] Entering safepoint region: GenCollectForAllocation
[2019-06-24T10:06:42.782+0000][1][gc,start     ] GC(13) Pause Young (Allocation Failure)
[2019-06-24T10:06:42.782+0000][1][gc,task      ] GC(13) Using 5 workers of 8 for evacuation
[2019-06-24T10:06:42.800+0000][1][gc,age       ] GC(13) Desired survivor size 4456448 bytes, new threshold 1 (max threshold 6)
[2019-06-24T10:06:42.800+0000][1][gc,age       ] GC(13) Age table with threshold 1 (max threshold 6)
[2019-06-24T10:06:42.800+0000][1][gc,age       ] GC(13) - age   1:    4711320 bytes,    4711320 total
[2019-06-24T10:06:42.800+0000][1][gc,age       ] GC(13) - age   2:    2760752 bytes,    7472072 total
[2019-06-24T10:06:42.800+0000][1][gc,age       ] GC(13) - age   3:     345192 bytes,    7817264 total
[2019-06-24T10:06:42.800+0000][1][gc,age       ] GC(13) - age   4:      98760 bytes,    7916024 total
[2019-06-24T10:06:42.800+0000][1][gc,age       ] GC(13) - age   5:     480496 bytes,    8396520 total
[2019-06-24T10:06:42.800+0000][1][gc,age       ] GC(13) - age   6:     513600 bytes,    8910120 total
[2019-06-24T10:06:42.800+0000][1][gc,heap      ] GC(13) ParNew: 78112K->8704K(78656K)
[2019-06-24T10:06:42.800+0000][1][gc,heap      ] GC(13) CMS: 13963K->25421K(174784K)
[2019-06-24T10:06:42.801+0000][1][gc,metaspace ] GC(13) Metaspace: 26909K->26909K(1075200K)
[2019-06-24T10:06:42.801+0000][1][gc           ] GC(13) Pause Young (Allocation Failure) 89M->33M(247M) 18.436ms
[2019-06-24T10:06:42.801+0000][1][gc,cpu       ] GC(13) User=0.11s Sys=0.00s Real=0.02s
[2019-06-24T10:06:42.801+0000][1][safepoint    ] Leaving safepoint region
[2019-06-24T10:06:42.801+0000][1][safepoint    ] Total time for which application threads were stopped: 0.0185888 seconds, Stopping threads took: 0.0000161 seconds
[2019-06-24T10:06:42.958+0000][1][safepoint    ] Application time: 0.1574228 seconds
[2019-06-24T10:06:42.958+0000][1][safepoint    ] Entering safepoint region: Deoptimize
[2019-06-24T10:06:42.958+0000][1][safepoint    ] Leaving safepoint region
[2019-06-24T10:06:42.958+0000][1][safepoint    ] Total time for which application threads were stopped: 0.0003674 seconds, Stopping threads took: 0.0000156 seconds
[2019-06-24T10:06:43.211+0000][1][safepoint    ] Application time: 0.2524210 seconds
[2019-06-24T10:06:43.211+0000][1][safepoint    ] Entering safepoint region: GenCollectForAllocation
[2019-06-24T10:06:43.211+0000][1][gc,start     ] GC(14) Pause Young (Allocation Failure)
[2019-06-24T10:06:43.211+0000][1][gc,task      ] GC(14) Using 5 workers of 8 for evacuation
[2019-06-24T10:06:43.234+0000][1][gc,age       ] GC(14) Desired survivor size 4456448 bytes, new threshold 1 (max threshold 6)
[2019-06-24T10:06:43.234+0000][1][gc,age       ] GC(14) Age table with threshold 1 (max threshold 6)
[2019-06-24T10:06:43.234+0000][1][gc,age       ] GC(14) - age   1:    8912728 bytes,    8912728 total
[2019-06-24T10:06:43.234+0000][1][gc,heap      ] GC(14) ParNew: 78656K->8704K(78656K)
[2019-06-24T10:06:43.234+0000][1][gc,heap      ] GC(14) CMS: 25421K->38734K(174784K)
[2019-06-24T10:06:43.234+0000][1][gc,metaspace ] GC(14) Metaspace: 27030K->27030K(1075200K)
[2019-06-24T10:06:43.234+0000][1][gc           ] GC(14) Pause Young (Allocation Failure) 101M->46M(247M) 23.256ms
[2019-06-24T10:06:43.234+0000][1][gc,cpu       ] GC(14) User=0.15s Sys=0.00s Real=0.02s
[2019-06-24T10:06:43.234+0000][1][safepoint    ] Leaving safepoint region
[2019-06-24T10:06:43.234+0000][1][safepoint    ] Total time for which application threads were stopped: 0.0234005 seconds, Stopping threads took: 0.0000179 seconds
[2019-06-24T10:06:43.752+0000][1][safepoint    ] Application time: 0.5176636 seconds
[2019-06-24T10:06:43.752+0000][1][safepoint    ] Entering safepoint region: GenCollectForAllocation
[2019-06-24T10:06:43.752+0000][1][gc,start     ] GC(15) Pause Young (Allocation Failure)
[2019-06-24T10:06:43.752+0000][1][gc,task      ] GC(15) Using 5 workers of 8 for evacuation
[2019-06-24T10:06:43.770+0000][1][gc,age       ] GC(15) Desired survivor size 4456448 bytes, new threshold 1 (max threshold 6)
[2019-06-24T10:06:43.770+0000][1][gc,age       ] GC(15) Age table with threshold 1 (max threshold 6)
[2019-06-24T10:06:43.770+0000][1][gc,age       ] GC(15) - age   1:    6975616 bytes,    6975616 total
[2019-06-24T10:06:43.770+0000][1][gc,heap      ] GC(15) ParNew: 78656K->8704K(78656K)
[2019-06-24T10:06:43.770+0000][1][gc,heap      ] GC(15) CMS: 38734K->48620K(174784K)
[2019-06-24T10:06:43.770+0000][1][gc,metaspace ] GC(15) Metaspace: 31380K->31380K(1079296K)
[2019-06-24T10:06:43.770+0000][1][gc           ] GC(15) Pause Young (Allocation Failure) 114M->55M(247M) 17.959ms
[2019-06-24T10:06:43.770+0000][1][gc,cpu       ] GC(15) User=0.09s Sys=0.00s Real=0.02s
[2019-06-24T10:06:43.770+0000][1][safepoint    ] Leaving safepoint region
[2019-06-24T10:06:43.770+0000][1][safepoint    ] Total time for which application threads were stopped: 0.0181298 seconds, Stopping threads took: 0.0000166 seconds
[2019-06-24T10:06:43.902+0000][1][safepoint    ] Application time: 0.1314057 seconds
[2019-06-24T10:06:43.902+0000][1][safepoint    ] Entering safepoint region: GenCollectForAllocation
[2019-06-24T10:06:43.902+0000][1][gc,start     ] GC(16) Pause Young (Allocation Failure)
[2019-06-24T10:06:43.902+0000][1][gc,task      ] GC(16) Using 5 workers of 8 for evacuation
[2019-06-24T10:06:43.910+0000][1][gc,age       ] GC(16) Desired survivor size 4456448 bytes, new threshold 6 (max threshold 6)
[2019-06-24T10:06:43.910+0000][1][gc,age       ] GC(16) Age table with threshold 6 (max threshold 6)
[2019-06-24T10:06:43.910+0000][1][gc,age       ] GC(16) - age   1:     436984 bytes,     436984 total
[2019-06-24T10:06:43.910+0000][1][gc,heap      ] GC(16) ParNew: 78656K->7227K(78656K)
[2019-06-24T10:06:43.910+0000][1][gc,heap      ] GC(16) CMS: 48620K->55482K(174784K)
[2019-06-24T10:06:43.910+0000][1][gc,metaspace ] GC(16) Metaspace: 32762K->32762K(1079296K)
[2019-06-24T10:06:43.910+0000][1][gc           ] GC(16) Pause Young (Allocation Failure) 124M->61M(247M) 8.076ms
[2019-06-24T10:06:43.910+0000][1][gc,cpu       ] GC(16) User=0.04s Sys=0.00s Real=0.01s
[2019-06-24T10:06:43.910+0000][1][safepoint    ] Leaving safepoint region
[2019-06-24T10:06:43.910+0000][1][safepoint    ] Total time for which application threads were stopped: 0.0081940 seconds, Stopping threads took: 0.0000110 seconds
[2019-06-24T10:06:44.169+0000][1][safepoint    ] Application time: 0.2596997 seconds
[2019-06-24T10:06:44.170+0000][1][safepoint    ] Entering safepoint region: CollectForMetadataAllocation
[2019-06-24T10:06:44.170+0000][1][safepoint    ] Leaving safepoint region
[2019-06-24T10:06:44.170+0000][1][safepoint    ] Total time for which application threads were stopped: 0.0002418 seconds, Stopping threads took: 0.0000182 seconds
[2019-06-24T10:06:44.182+0000][1][safepoint    ] Application time: 0.0125245 seconds
[2019-06-24T10:06:44.182+0000][1][safepoint    ] Entering safepoint region: CollectForMetadataAllocation
[2019-06-24T10:06:44.183+0000][1][safepoint    ] Leaving safepoint region
[2019-06-24T10:06:44.183+0000][1][safepoint    ] Total time for which application threads were stopped: 0.0002161 seconds, Stopping threads took: 0.0000170 seconds
[2019-06-24T10:06:44.199+0000][1][safepoint    ] Application time: 0.0164082 seconds
[2019-06-24T10:06:44.199+0000][1][safepoint    ] Entering safepoint region: CollectForMetadataAllocation
[2019-06-24T10:06:44.199+0000][1][safepoint    ] Leaving safepoint region
[2019-06-24T10:06:44.199+0000][1][safepoint    ] Total time for which application threads were stopped: 0.0001586 seconds, Stopping threads took: 0.0000167 seconds
[2019-06-24T10:06:44.218+0000][1][safepoint    ] Application time: 0.0185717 seconds
[2019-06-24T10:06:44.218+0000][1][safepoint    ] Entering safepoint region: CollectForMetadataAllocation
[2019-06-24T10:06:44.218+0000][1][safepoint    ] Leaving safepoint region
[2019-06-24T10:06:44.218+0000][1][safepoint    ] Total time for which application threads were stopped: 0.0001774 seconds, Stopping threads took: 0.0000154 seconds
[2019-06-24T10:06:44.232+0000][1][safepoint    ] Application time: 0.0140255 seconds
[2019-06-24T10:06:44.232+0000][1][safepoint    ] Entering safepoint region: CollectForMetadataAllocation
[2019-06-24T10:06:44.232+0000][1][safepoint    ] Leaving safepoint region
[2019-06-24T10:06:44.232+0000][1][safepoint    ] Total time for which application threads were stopped: 0.0001703 seconds, Stopping threads took: 0.0000142 seconds
[2019-06-24T10:06:44.251+0000][1][safepoint    ] Application time: 0.0186767 seconds
[2019-06-24T10:06:44.251+0000][1][safepoint    ] Entering safepoint region: CollectForMetadataAllocation
[2019-06-24T10:06:44.251+0000][1][safepoint    ] Leaving safepoint region
[2019-06-24T10:06:44.251+0000][1][safepoint    ] Total time for which application threads were stopped: 0.0001922 seconds, Stopping threads took: 0.0000159 seconds
[2019-06-24T10:06:44.265+0000][1][safepoint    ] Application time: 0.0136519 seconds
[2019-06-24T10:06:44.265+0000][1][safepoint    ] Entering safepoint region: CollectForMetadataAllocation
[2019-06-24T10:06:44.265+0000][1][safepoint    ] Leaving safepoint region
[2019-06-24T10:06:44.265+0000][1][safepoint    ] Total time for which application threads were stopped: 0.0001823 seconds, Stopping threads took: 0.0000154 seconds
[2019-06-24T10:06:44.291+0000][1][safepoint    ] Application time: 0.0260840 seconds
[2019-06-24T10:06:44.291+0000][1][safepoint    ] Entering safepoint region: CollectForMetadataAllocation
[2019-06-24T10:06:44.291+0000][1][safepoint    ] Leaving safepoint region
[2019-06-24T10:06:44.291+0000][1][safepoint    ] Total time for which application threads were stopped: 0.0001657 seconds, Stopping threads took: 0.0000120 seconds
[2019-06-24T10:06:44.292+0000][1][safepoint    ] Application time: 0.0006900 seconds
[2019-06-24T10:06:44.292+0000][1][safepoint    ] Entering safepoint region: RevokeBias
[2019-06-24T10:06:44.292+0000][1][safepoint    ] Leaving safepoint region
[2019-06-24T10:06:44.292+0000][1][safepoint    ] Total time for which application threads were stopped: 0.0000968 seconds, Stopping threads took: 0.0000305 seconds
[2019-06-24T10:06:44.297+0000][1][safepoint    ] Application time: 0.0050381 seconds
[2019-06-24T10:06:44.297+0000][1][safepoint    ] Entering safepoint region: RevokeBias
[2019-06-24T10:06:44.297+0000][1][safepoint    ] Leaving safepoint region
[2019-06-24T10:06:44.297+0000][1][safepoint    ] Total time for which application threads were stopped: 0.0000785 seconds, Stopping threads took: 0.0000102 seconds
[2019-06-24T10:06:44.308+0000][1][safepoint    ] Application time: 0.0105098 seconds
[2019-06-24T10:06:44.308+0000][1][safepoint    ] Entering safepoint region: RevokeBias
[2019-06-24T10:06:44.308+0000][1][safepoint    ] Leaving safepoint region
[2019-06-24T10:06:44.308+0000][1][safepoint    ] Total time for which application threads were stopped: 0.0001024 seconds, Stopping threads took: 0.0000155 seconds
[2019-06-24T10:06:44.320+0000][1][safepoint    ] Application time: 0.0119527 seconds
[2019-06-24T10:06:44.320+0000][1][safepoint    ] Entering safepoint region: RevokeBias
[2019-06-24T10:06:44.320+0000][1][safepoint    ] Leaving safepoint region
[2019-06-24T10:06:44.320+0000][1][safepoint    ] Total time for which application threads were stopped: 0.0001070 seconds, Stopping threads took: 0.0000149 seconds
[2019-06-24T10:06:44.321+0000][1][safepoint    ] Application time: 0.0008115 seconds
[2019-06-24T10:06:44.321+0000][1][safepoint    ] Entering safepoint region: CollectForMetadataAllocation
[2019-06-24T10:06:44.321+0000][1][safepoint    ] Leaving safepoint region
[2019-06-24T10:06:44.321+0000][1][safepoint    ] Total time for which application threads were stopped: 0.0001699 seconds, Stopping threads took: 0.0000135 seconds
[2019-06-24T10:06:44.331+0000][1][safepoint    ] Application time: 0.0101282 seconds
[2019-06-24T10:06:44.331+0000][1][safepoint    ] Entering safepoint region: CollectForMetadataAllocation
[2019-06-24T10:06:44.331+0000][1][safepoint    ] Leaving safepoint region
[2019-06-24T10:06:44.331+0000][1][safepoint    ] Total time for which application threads were stopped: 0.0001918 seconds, Stopping threads took: 0.0000160 seconds
[2019-06-24T10:06:44.349+0000][1][safepoint    ] Application time: 0.0178273 seconds
[2019-06-24T10:06:44.349+0000][1][safepoint    ] Entering safepoint region: CollectForMetadataAllocation
[2019-06-24T10:06:44.349+0000][1][safepoint    ] Leaving safepoint region
[2019-06-24T10:06:44.349+0000][1][safepoint    ] Total time for which application threads were stopped: 0.0001366 seconds, Stopping threads took: 0.0000098 seconds
[2019-06-24T10:06:44.376+0000][1][safepoint    ] Application time: 0.0270266 seconds
[2019-06-24T10:06:44.377+0000][1][safepoint    ] Entering safepoint region: CollectForMetadataAllocation
[2019-06-24T10:06:44.377+0000][1][safepoint    ] Leaving safepoint region
[2019-06-24T10:06:44.377+0000][1][safepoint    ] Total time for which application threads were stopped: 0.0001345 seconds, Stopping threads took: 0.0000123 seconds
[2019-06-24T10:06:44.392+0000][1][safepoint    ] Application time: 0.0149816 seconds
[2019-06-24T10:06:44.392+0000][1][safepoint    ] Entering safepoint region: CollectForMetadataAllocation
[2019-06-24T10:06:44.392+0000][1][safepoint    ] Leaving safepoint region
[2019-06-24T10:06:44.392+0000][1][safepoint    ] Total time for which application threads were stopped: 0.0001484 seconds, Stopping threads took: 0.0000108 seconds
[2019-06-24T10:06:44.404+0000][1][safepoint    ] Application time: 0.0125634 seconds
[2019-06-24T10:06:44.404+0000][1][safepoint    ] Entering safepoint region: CollectForMetadataAllocation
[2019-06-24T10:06:44.405+0000][1][safepoint    ] Leaving safepoint region
[2019-06-24T10:06:44.405+0000][1][safepoint    ] Total time for which application threads were stopped: 0.0001441 seconds, Stopping threads took: 0.0000107 seconds
[2019-06-24T10:06:44.423+0000][1][safepoint    ] Application time: 0.0181940 seconds
[2019-06-24T10:06:44.423+0000][1][safepoint    ] Entering safepoint region: CollectForMetadataAllocation
[2019-06-24T10:06:44.423+0000][1][safepoint    ] Leaving safepoint region
[2019-06-24T10:06:44.423+0000][1][safepoint    ] Total time for which application threads were stopped: 0.0001804 seconds, Stopping threads took: 0.0000156 seconds
[2019-06-24T10:06:44.441+0000][1][safepoint    ] Application time: 0.0182839 seconds
[2019-06-24T10:06:44.441+0000][1][safepoint    ] Entering safepoint region: CollectForMetadataAllocation
[2019-06-24T10:06:44.441+0000][1][safepoint    ] Leaving safepoint region
[2019-06-24T10:06:44.441+0000][1][safepoint    ] Total time for which application threads were stopped: 0.0001719 seconds, Stopping threads took: 0.0000136 seconds
[2019-06-24T10:06:44.456+0000][1][safepoint    ] Application time: 0.0146975 seconds
[2019-06-24T10:06:44.456+0000][1][safepoint    ] Entering safepoint region: CollectForMetadataAllocation
[2019-06-24T10:06:44.456+0000][1][safepoint    ] Leaving safepoint region
[2019-06-24T10:06:44.456+0000][1][safepoint    ] Total time for which application threads were stopped: 0.0001427 seconds, Stopping threads took: 0.0000104 seconds
[2019-06-24T10:06:44.474+0000][1][safepoint    ] Application time: 0.0171553 seconds
[2019-06-24T10:06:44.474+0000][1][safepoint    ] Entering safepoint region: CollectForMetadataAllocation
[2019-06-24T10:06:44.474+0000][1][safepoint    ] Leaving safepoint region
[2019-06-24T10:06:44.474+0000][1][safepoint    ] Total time for which application threads were stopped: 0.0001473 seconds, Stopping threads took: 0.0000114 seconds
[2019-06-24T10:06:44.490+0000][1][safepoint    ] Application time: 0.0159473 seconds
[2019-06-24T10:06:44.490+0000][1][safepoint    ] Entering safepoint region: CollectForMetadataAllocation
[2019-06-24T10:06:44.490+0000][1][safepoint    ] Leaving safepoint region
[2019-06-24T10:06:44.490+0000][1][safepoint    ] Total time for which application threads were stopped: 0.0001356 seconds, Stopping threads took: 0.0000102 seconds
[2019-06-24T10:06:44.505+0000][1][safepoint    ] Application time: 0.0155328 seconds
[2019-06-24T10:06:44.505+0000][1][safepoint    ] Entering safepoint region: CollectForMetadataAllocation
[2019-06-24T10:06:44.506+0000][1][safepoint    ] Leaving safepoint region
[2019-06-24T10:06:44.506+0000][1][safepoint    ] Total time for which application threads were stopped: 0.0001401 seconds, Stopping threads took: 0.0000107 seconds
[2019-06-24T10:06:44.529+0000][1][safepoint    ] Application time: 0.0230091 seconds
[2019-06-24T10:06:44.529+0000][1][safepoint    ] Entering safepoint region: CollectForMetadataAllocation
[2019-06-24T10:06:44.529+0000][1][safepoint    ] Leaving safepoint region
[2019-06-24T10:06:44.529+0000][1][safepoint    ] Total time for which application threads were stopped: 0.0002091 seconds, Stopping threads took: 0.0000158 seconds
[2019-06-24T10:06:44.557+0000][1][safepoint    ] Application time: 0.0283083 seconds
[2019-06-24T10:06:44.557+0000][1][safepoint    ] Entering safepoint region: CollectForMetadataAllocation
[2019-06-24T10:06:44.557+0000][1][safepoint    ] Leaving safepoint region
[2019-06-24T10:06:44.557+0000][1][safepoint    ] Total time for which application threads were stopped: 0.0001326 seconds, Stopping threads took: 0.0000149 seconds
[2019-06-24T10:06:44.575+0000][1][safepoint    ] Application time: 0.0173616 seconds
[2019-06-24T10:06:44.575+0000][1][safepoint    ] Entering safepoint region: CollectForMetadataAllocation
[2019-06-24T10:06:44.575+0000][1][safepoint    ] Leaving safepoint region
[2019-06-24T10:06:44.575+0000][1][safepoint    ] Total time for which application threads were stopped: 0.0001879 seconds, Stopping threads took: 0.0000262 seconds
[2019-06-24T10:06:44.593+0000][1][safepoint    ] Application time: 0.0177151 seconds
[2019-06-24T10:06:44.593+0000][1][safepoint    ] Entering safepoint region: CollectForMetadataAllocation
[2019-06-24T10:06:44.593+0000][1][safepoint    ] Leaving safepoint region
[2019-06-24T10:06:44.593+0000][1][safepoint    ] Total time for which application threads were stopped: 0.0001280 seconds, Stopping threads took: 0.0000141 seconds
[2019-06-24T10:06:44.606+0000][1][safepoint    ] Application time: 0.0132543 seconds
[2019-06-24T10:06:44.606+0000][1][safepoint    ] Entering safepoint region: CollectForMetadataAllocation
[2019-06-24T10:06:44.606+0000][1][safepoint    ] Leaving safepoint region
[2019-06-24T10:06:44.606+0000][1][safepoint    ] Total time for which application threads were stopped: 0.0001772 seconds, Stopping threads took: 0.0000156 seconds
[2019-06-24T10:06:44.630+0000][1][safepoint    ] Application time: 0.0236812 seconds
[2019-06-24T10:06:44.630+0000][1][safepoint    ] Entering safepoint region: CollectForMetadataAllocation
[2019-06-24T10:06:44.630+0000][1][safepoint    ] Leaving safepoint region
[2019-06-24T10:06:44.630+0000][1][safepoint    ] Total time for which application threads were stopped: 0.0002042 seconds, Stopping threads took: 0.0000154 seconds
[2019-06-24T10:06:45.051+0000][1][safepoint    ] Application time: 0.4212555 seconds
[2019-06-24T10:06:45.051+0000][1][safepoint    ] Entering safepoint region: GenCollectForAllocation
[2019-06-24T10:06:45.052+0000][1][gc,start     ] GC(17) Pause Young (Allocation Failure)
[2019-06-24T10:06:45.052+0000][1][gc,task      ] GC(17) Using 5 workers of 8 for evacuation
[2019-06-24T10:06:45.056+0000][1][gc,age       ] GC(17) Desired survivor size 4456448 bytes, new threshold 6 (max threshold 6)
[2019-06-24T10:06:45.056+0000][1][gc,age       ] GC(17) Age table with threshold 6 (max threshold 6)
[2019-06-24T10:06:45.056+0000][1][gc,age       ] GC(17) - age   1:    3616496 bytes,    3616496 total
[2019-06-24T10:06:45.056+0000][1][gc,age       ] GC(17) - age   2:     395112 bytes,    4011608 total
[2019-06-24T10:06:45.056+0000][1][gc,heap      ] GC(17) ParNew: 77179K->4906K(78656K)
[2019-06-24T10:06:45.056+0000][1][gc,heap      ] GC(17) CMS: 55482K->55482K(174784K)
[2019-06-24T10:06:45.056+0000][1][gc,metaspace ] GC(17) Metaspace: 41890K->41890K(1087488K)
[2019-06-24T10:06:45.056+0000][1][gc           ] GC(17) Pause Young (Allocation Failure) 129M->58M(247M) 4.272ms
[2019-06-24T10:06:45.056+0000][1][gc,cpu       ] GC(17) User=0.03s Sys=0.00s Real=0.01s
[2019-06-24T10:06:45.056+0000][1][safepoint    ] Leaving safepoint region
[2019-06-24T10:06:45.056+0000][1][safepoint    ] Total time for which application threads were stopped: 0.0044014 seconds, Stopping threads took: 0.0000156 seconds
[2019-06-24T10:06:45.056+0000][1][safepoint    ] Application time: 0.0001139 seconds
[2019-06-24T10:06:45.056+0000][1][safepoint    ] Entering safepoint region: CMS_Initial_Mark
[2019-06-24T10:06:45.056+0000][1][gc,start     ] GC(18) Pause Initial Mark
[2019-06-24T10:06:45.057+0000][1][gc           ] GC(18) Pause Initial Mark 60M->60M(247M) 1.229ms
[2019-06-24T10:06:45.057+0000][1][gc,cpu       ] GC(18) User=0.00s Sys=0.00s Real=0.00s
[2019-06-24T10:06:45.057+0000][1][safepoint    ] Leaving safepoint region
[2019-06-24T10:06:45.057+0000][1][safepoint    ] Total time for which application threads were stopped: 0.0013039 seconds, Stopping threads took: 0.0000108 seconds
[2019-06-24T10:06:45.057+0000][1][gc           ] GC(18) Concurrent Mark
[2019-06-24T10:06:45.057+0000][1][gc,task      ] GC(18) Using 2 workers of 2 for marking
[2019-06-24T10:06:45.061+0000][1][safepoint    ] Application time: 0.0034762 seconds
[2019-06-24T10:06:45.061+0000][1][safepoint    ] Entering safepoint region: RevokeBias
[2019-06-24T10:06:45.061+0000][1][safepoint    ] Leaving safepoint region
[2019-06-24T10:06:45.061+0000][1][safepoint    ] Total time for which application threads were stopped: 0.0000622 seconds, Stopping threads took: 0.0000111 seconds
[2019-06-24T10:06:45.104+0000][1][gc           ] GC(18) Concurrent Mark 46.150ms
[2019-06-24T10:06:45.104+0000][1][gc,cpu       ] GC(18) User=0.22s Sys=0.00s Real=0.05s
[2019-06-24T10:06:45.104+0000][1][gc           ] GC(18) Concurrent Preclean
[2019-06-24T10:06:45.105+0000][1][gc           ] GC(18) Concurrent Preclean 1.044ms
[2019-06-24T10:06:45.105+0000][1][gc,cpu       ] GC(18) User=0.01s Sys=0.00s Real=0.00s
[2019-06-24T10:06:45.105+0000][1][safepoint    ] Application time: 0.0438145 seconds
[2019-06-24T10:06:45.105+0000][1][safepoint    ] Entering safepoint region: CMS_Final_Remark
[2019-06-24T10:06:45.105+0000][1][gc,start     ] GC(18) Pause Remark
[2019-06-24T10:06:45.115+0000][1][gc           ] GC(18) Pause Remark 60M->60M(247M) 9.951ms
[2019-06-24T10:06:45.115+0000][1][gc,cpu       ] GC(18) User=0.02s Sys=0.00s Real=0.01s
[2019-06-24T10:06:45.115+0000][1][safepoint    ] Leaving safepoint region
[2019-06-24T10:06:45.115+0000][1][safepoint    ] Total time for which application threads were stopped: 0.0100891 seconds, Stopping threads took: 0.0000311 seconds
[2019-06-24T10:06:45.115+0000][1][gc           ] GC(18) Concurrent Sweep
[2019-06-24T10:06:45.134+0000][1][gc           ] GC(18) Concurrent Sweep 19.077ms
[2019-06-24T10:06:45.134+0000][1][gc,cpu       ] GC(18) User=0.06s Sys=0.00s Real=0.01s
[2019-06-24T10:06:45.134+0000][1][gc           ] GC(18) Concurrent Reset
[2019-06-24T10:06:45.134+0000][1][gc           ] GC(18) Concurrent Reset 0.309ms
[2019-06-24T10:06:45.134+0000][1][gc,cpu       ] GC(18) User=0.00s Sys=0.00s Real=0.00s
[2019-06-24T10:06:45.134+0000][1][gc,heap      ] GC(18) Old: 55482K->55267K(174784K)
[2019-06-24T10:06:45.618+0000][1][safepoint    ] Application time: 0.5030897 seconds
[2019-06-24T10:06:45.618+0000][1][safepoint    ] Entering safepoint region: ICBufferFull
[2019-06-24T10:06:45.619+0000][1][safepoint    ] Leaving safepoint region
[2019-06-24T10:06:45.619+0000][1][safepoint    ] Total time for which application threads were stopped: 0.0008767 seconds, Stopping threads took: 0.0000176 seconds
[2019-06-24T10:06:45.662+0000][1][safepoint    ] Application time: 0.0434721 seconds
[2019-06-24T10:06:45.662+0000][1][safepoint    ] Entering safepoint region: RevokeBias
[2019-06-24T10:06:45.663+0000][1][safepoint    ] Leaving safepoint region
[2019-06-24T10:06:45.663+0000][1][safepoint    ] Total time for which application threads were stopped: 0.0002069 seconds, Stopping threads took: 0.0000183 seconds
[2019-06-24T10:06:45.664+0000][1][safepoint    ] Application time: 0.0014893 seconds
[2019-06-24T10:06:45.664+0000][1][safepoint    ] Entering safepoint region: RevokeBias
[2019-06-24T10:06:45.664+0000][1][safepoint    ] Leaving safepoint region
[2019-06-24T10:06:45.664+0000][1][safepoint    ] Total time for which application threads were stopped: 0.0000846 seconds, Stopping threads took: 0.0000167 seconds
[2019-06-24T10:06:45.702+0000][1][safepoint    ] Application time: 0.0375582 seconds
[2019-06-24T10:06:45.702+0000][1][safepoint    ] Entering safepoint region: RevokeBias
[2019-06-24T10:06:45.702+0000][1][safepoint    ] Leaving safepoint region
[2019-06-24T10:06:45.702+0000][1][safepoint    ] Total time for which application threads were stopped: 0.0001023 seconds, Stopping threads took: 0.0000156 seconds
[2019-06-24T10:06:45.736+0000][1][safepoint    ] Application time: 0.0339609 seconds
[2019-06-24T10:06:45.736+0000][1][safepoint    ] Entering safepoint region: RevokeBias
[2019-06-24T10:06:45.736+0000][1][safepoint    ] Leaving safepoint region
[2019-06-24T10:06:45.736+0000][1][safepoint    ] Total time for which application threads were stopped: 0.0000660 seconds, Stopping threads took: 0.0000185 seconds
[2019-06-24T10:06:45.741+0000][1][safepoint    ] Application time: 0.0050624 seconds
[2019-06-24T10:06:45.741+0000][1][safepoint    ] Entering safepoint region: RevokeBias
[2019-06-24T10:06:45.741+0000][1][safepoint    ] Leaving safepoint region
[2019-06-24T10:06:45.741+0000][1][safepoint    ] Total time for which application threads were stopped: 0.0000921 seconds, Stopping threads took: 0.0000133 seconds
[2019-06-24T10:06:45.875+0000][1][safepoint    ] Application time: 0.1341758 seconds
[2019-06-24T10:06:45.875+0000][1][safepoint    ] Entering safepoint region: RevokeBias
[2019-06-24T10:06:45.876+0000][1][safepoint    ] Leaving safepoint region
[2019-06-24T10:06:45.876+0000][1][safepoint    ] Total time for which application threads were stopped: 0.0003872 seconds, Stopping threads took: 0.0000328 seconds
[2019-06-24T10:06:45.876+0000][1][safepoint    ] Application time: 0.0000657 seconds
[2019-06-24T10:06:45.876+0000][1][safepoint    ] Entering safepoint region: RevokeBias
[2019-06-24T10:06:45.876+0000][1][safepoint    ] Leaving safepoint region
[2019-06-24T10:06:45.876+0000][1][safepoint    ] Total time for which application threads were stopped: 0.0000663 seconds, Stopping threads took: 0.0000105 seconds
[2019-06-24T10:06:45.876+0000][1][safepoint    ] Application time: 0.0001734 seconds
[2019-06-24T10:06:45.876+0000][1][safepoint    ] Entering safepoint region: RevokeBias
[2019-06-24T10:06:45.876+0000][1][safepoint    ] Leaving safepoint region
[2019-06-24T10:06:45.876+0000][1][safepoint    ] Total time for which application threads were stopped: 0.0003560 seconds, Stopping threads took: 0.0003046 seconds
[2019-06-24T10:06:45.877+0000][1][safepoint    ] Application time: 0.0000914 seconds
[2019-06-24T10:06:45.877+0000][1][safepoint    ] Entering safepoint region: RevokeBias
[2019-06-24T10:06:45.877+0000][1][safepoint    ] Leaving safepoint region
[2019-06-24T10:06:45.877+0000][1][safepoint    ] Total time for which application threads were stopped: 0.0002955 seconds, Stopping threads took: 0.0002553 seconds
[2019-06-24T10:06:45.930+0000][1][safepoint    ] Application time: 0.0530475 seconds
[2019-06-24T10:06:45.930+0000][1][safepoint    ] Entering safepoint region: RevokeBias
[2019-06-24T10:06:45.930+0000][1][safepoint    ] Leaving safepoint region
[2019-06-24T10:06:45.930+0000][1][safepoint    ] Total time for which application threads were stopped: 0.0001030 seconds, Stopping threads took: 0.0000337 seconds
[2019-06-24T10:06:45.930+0000][1][safepoint    ] Application time: 0.0000701 seconds
[2019-06-24T10:06:45.930+0000][1][safepoint    ] Entering safepoint region: RevokeBias
[2019-06-24T10:06:45.931+0000][1][safepoint    ] Leaving safepoint region
[2019-06-24T10:06:45.931+0000][1][safepoint    ] Total time for which application threads were stopped: 0.0003346 seconds, Stopping threads took: 0.0002479 seconds
[2019-06-24T10:06:45.931+0000][1][safepoint    ] Application time: 0.0000941 seconds
[2019-06-24T10:06:45.931+0000][1][safepoint    ] Entering safepoint region: RevokeBias
[2019-06-24T10:06:45.931+0000][1][safepoint    ] Leaving safepoint region
[2019-06-24T10:06:45.931+0000][1][safepoint    ] Total time for which application threads were stopped: 0.0001578 seconds, Stopping threads took: 0.0001196 seconds
[2019-06-24T10:06:45.931+0000][1][safepoint    ] Application time: 0.0003257 seconds
[2019-06-24T10:06:45.931+0000][1][safepoint    ] Entering safepoint region: RevokeBias
[2019-06-24T10:06:45.931+0000][1][safepoint    ] Leaving safepoint region
[2019-06-24T10:06:45.931+0000][1][safepoint    ] Total time for which application threads were stopped: 0.0000819 seconds, Stopping threads took: 0.0000333 seconds
[2019-06-24T10:06:45.931+0000][1][safepoint    ] Application time: 0.0001954 seconds
[2019-06-24T10:06:45.931+0000][1][safepoint    ] Entering safepoint region: RevokeBias
[2019-06-24T10:06:45.932+0000][1][safepoint    ] Leaving safepoint region
[2019-06-24T10:06:45.932+0000][1][safepoint    ] Total time for which application threads were stopped: 0.0000702 seconds, Stopping threads took: 0.0000344 seconds
[2019-06-24T10:06:45.932+0000][1][safepoint    ] Application time: 0.0000987 seconds
[2019-06-24T10:06:45.932+0000][1][safepoint    ] Entering safepoint region: RevokeBias
[2019-06-24T10:06:45.932+0000][1][safepoint    ] Leaving safepoint region
[2019-06-24T10:06:45.932+0000][1][safepoint    ] Total time for which application threads were stopped: 0.0001958 seconds, Stopping threads took: 0.0001460 seconds
[2019-06-24T10:06:45.932+0000][1][safepoint    ] Application time: 0.0000407 seconds
[2019-06-24T10:06:45.932+0000][1][safepoint    ] Entering safepoint region: RevokeBias
[2019-06-24T10:06:45.932+0000][1][safepoint    ] Leaving safepoint region
[2019-06-24T10:06:45.932+0000][1][safepoint    ] Total time for which application threads were stopped: 0.0001254 seconds, Stopping threads took: 0.0000819 seconds
[2019-06-24T10:06:45.932+0000][1][safepoint    ] Application time: 0.0003280 seconds
[2019-06-24T10:06:45.932+0000][1][safepoint    ] Entering safepoint region: RevokeBias
[2019-06-24T10:06:45.932+0000][1][safepoint    ] Leaving safepoint region
[2019-06-24T10:06:45.932+0000][1][safepoint    ] Total time for which application threads were stopped: 0.0000508 seconds, Stopping threads took: 0.0000078 seconds
[2019-06-24T10:06:45.932+0000][1][safepoint    ] Application time: 0.0000364 seconds
[2019-06-24T10:06:45.932+0000][1][safepoint    ] Entering safepoint region: RevokeBias
[2019-06-24T10:06:45.932+0000][1][safepoint    ] Leaving safepoint region
[2019-06-24T10:06:45.932+0000][1][safepoint    ] Total time for which application threads were stopped: 0.0000393 seconds, Stopping threads took: 0.0000066 seconds
[2019-06-24T10:06:45.933+0000][1][safepoint    ] Application time: 0.0000332 seconds
[2019-06-24T10:06:45.933+0000][1][safepoint    ] Entering safepoint region: RevokeBias
[2019-06-24T10:06:45.933+0000][1][safepoint    ] Leaving safepoint region
[2019-06-24T10:06:45.933+0000][1][safepoint    ] Total time for which application threads were stopped: 0.0002056 seconds, Stopping threads took: 0.0001721 seconds
[2019-06-24T10:06:45.933+0000][1][safepoint    ] Application time: 0.0000364 seconds
[2019-06-24T10:06:45.933+0000][1][safepoint    ] Entering safepoint region: RevokeBias
[2019-06-24T10:06:45.933+0000][1][safepoint    ] Leaving safepoint region
[2019-06-24T10:06:45.933+0000][1][safepoint    ] Total time for which application threads were stopped: 0.0001354 seconds, Stopping threads took: 0.0001117 seconds
[2019-06-24T10:06:45.933+0000][1][safepoint    ] Application time: 0.0000860 seconds
[2019-06-24T10:06:45.933+0000][1][safepoint    ] Entering safepoint region: RevokeBias
[2019-06-24T10:06:45.933+0000][1][safepoint    ] Leaving safepoint region
[2019-06-24T10:06:45.933+0000][1][safepoint    ] Total time for which application threads were stopped: 0.0000672 seconds, Stopping threads took: 0.0000328 seconds
[2019-06-24T10:06:45.933+0000][1][safepoint    ] Application time: 0.0000756 seconds
[2019-06-24T10:06:45.933+0000][1][safepoint    ] Entering safepoint region: RevokeBias
[2019-06-24T10:06:45.933+0000][1][safepoint    ] Leaving safepoint region
[2019-06-24T10:06:45.933+0000][1][safepoint    ] Total time for which application threads were stopped: 0.0000562 seconds, Stopping threads took: 0.0000245 seconds
[2019-06-24T10:06:45.933+0000][1][safepoint    ] Application time: 0.0000365 seconds
[2019-06-24T10:06:45.933+0000][1][safepoint    ] Entering safepoint region: RevokeBias
[2019-06-24T10:06:45.933+0000][1][safepoint    ] Leaving safepoint region
[2019-06-24T10:06:45.933+0000][1][safepoint    ] Total time for which application threads were stopped: 0.0000487 seconds, Stopping threads took: 0.0000217 seconds
[2019-06-24T10:06:45.933+0000][1][safepoint    ] Application time: 0.0000353 seconds
[2019-06-24T10:06:45.933+0000][1][safepoint    ] Entering safepoint region: RevokeBias
[2019-06-24T10:06:45.933+0000][1][safepoint    ] Leaving safepoint region
[2019-06-24T10:06:45.933+0000][1][safepoint    ] Total time for which application threads were stopped: 0.0000324 seconds, Stopping threads took: 0.0000063 seconds
[2019-06-24T10:06:45.933+0000][1][safepoint    ] Application time: 0.0000348 seconds
[2019-06-24T10:06:45.933+0000][1][safepoint    ] Entering safepoint region: RevokeBias
[2019-06-24T10:06:45.934+0000][1][safepoint    ] Leaving safepoint region
[2019-06-24T10:06:45.934+0000][1][safepoint    ] Total time for which application threads were stopped: 0.0000572 seconds, Stopping threads took: 0.0000238 seconds
[2019-06-24T10:06:45.934+0000][1][safepoint    ] Application time: 0.0000357 seconds
[2019-06-24T10:06:45.934+0000][1][safepoint    ] Entering safepoint region: RevokeBias
[2019-06-24T10:06:45.934+0000][1][safepoint    ] Leaving safepoint region
[2019-06-24T10:06:45.934+0000][1][safepoint    ] Total time for which application threads were stopped: 0.0000345 seconds, Stopping threads took: 0.0000063 seconds
[2019-06-24T10:06:45.934+0000][1][safepoint    ] Application time: 0.0000357 seconds
[2019-06-24T10:06:45.934+0000][1][safepoint    ] Entering safepoint region: RevokeBias
[2019-06-24T10:06:45.934+0000][1][safepoint    ] Leaving safepoint region
[2019-06-24T10:06:45.934+0000][1][safepoint    ] Total time for which application threads were stopped: 0.0000560 seconds, Stopping threads took: 0.0000291 seconds
[2019-06-24T10:06:45.934+0000][1][safepoint    ] Application time: 0.0000355 seconds
[2019-06-24T10:06:45.934+0000][1][safepoint    ] Entering safepoint region: RevokeBias
[2019-06-24T10:06:45.934+0000][1][safepoint    ] Leaving safepoint region
[2019-06-24T10:06:45.934+0000][1][safepoint    ] Total time for which application threads were stopped: 0.0000324 seconds, Stopping threads took: 0.0000063 seconds
[2019-06-24T10:06:45.934+0000][1][safepoint    ] Application time: 0.0000329 seconds
[2019-06-24T10:06:45.934+0000][1][safepoint    ] Entering safepoint region: RevokeBias
[2019-06-24T10:06:45.934+0000][1][safepoint    ] Leaving safepoint region
[2019-06-24T10:06:45.934+0000][1][safepoint    ] Total time for which application threads were stopped: 0.0000553 seconds, Stopping threads took: 0.0000289 seconds
[2019-06-24T10:06:45.934+0000][1][safepoint    ] Application time: 0.0000334 seconds
[2019-06-24T10:06:45.934+0000][1][safepoint    ] Entering safepoint region: RevokeBias
[2019-06-24T10:06:45.934+0000][1][safepoint    ] Leaving safepoint region
[2019-06-24T10:06:45.934+0000][1][safepoint    ] Total time for which application threads were stopped: 0.0000323 seconds, Stopping threads took: 0.0000062 seconds
[2019-06-24T10:06:45.934+0000][1][safepoint    ] Application time: 0.0000337 seconds
[2019-06-24T10:06:45.934+0000][1][safepoint    ] Entering safepoint region: RevokeBias
[2019-06-24T10:06:45.934+0000][1][safepoint    ] Leaving safepoint region
[2019-06-24T10:06:45.934+0000][1][safepoint    ] Total time for which application threads were stopped: 0.0000333 seconds, Stopping threads took: 0.0000061 seconds
[2019-06-24T10:06:45.934+0000][1][safepoint    ] Application time: 0.0000343 seconds
[2019-06-24T10:06:45.934+0000][1][safepoint    ] Entering safepoint region: RevokeBias
[2019-06-24T10:06:45.934+0000][1][safepoint    ] Leaving safepoint region
[2019-06-24T10:06:45.934+0000][1][safepoint    ] Total time for which application threads were stopped: 0.0000495 seconds, Stopping threads took: 0.0000229 seconds
[2019-06-24T10:06:45.934+0000][1][safepoint    ] Application time: 0.0000344 seconds
[2019-06-24T10:06:45.934+0000][1][safepoint    ] Entering safepoint region: RevokeBias
[2019-06-24T10:06:45.934+0000][1][safepoint    ] Leaving safepoint region
[2019-06-24T10:06:45.934+0000][1][safepoint    ] Total time for which application threads were stopped: 0.0000528 seconds, Stopping threads took: 0.0000229 seconds
[2019-06-24T10:06:45.934+0000][1][safepoint    ] Application time: 0.0000367 seconds
[2019-06-24T10:06:45.934+0000][1][safepoint    ] Entering safepoint region: RevokeBias
[2019-06-24T10:06:45.934+0000][1][safepoint    ] Leaving safepoint region
[2019-06-24T10:06:45.934+0000][1][safepoint    ] Total time for which application threads were stopped: 0.0000331 seconds, Stopping threads took: 0.0000062 seconds
[2019-06-24T10:06:45.934+0000][1][safepoint    ] Application time: 0.0000334 seconds
[2019-06-24T10:06:45.934+0000][1][safepoint    ] Entering safepoint region: RevokeBias
[2019-06-24T10:06:45.934+0000][1][safepoint    ] Leaving safepoint region
[2019-06-24T10:06:45.934+0000][1][safepoint    ] Total time for which application threads were stopped: 0.0000359 seconds, Stopping threads took: 0.0000062 seconds
[2019-06-24T10:06:45.934+0000][1][safepoint    ] Application time: 0.0000346 seconds
[2019-06-24T10:06:45.935+0000][1][safepoint    ] Entering safepoint region: BulkRevokeBias
[2019-06-24T10:06:45.935+0000][1][safepoint    ] Leaving safepoint region
[2019-06-24T10:06:45.935+0000][1][safepoint    ] Total time for which application threads were stopped: 0.0001285 seconds, Stopping threads took: 0.0000630 seconds
[2019-06-24T10:06:45.935+0000][1][safepoint    ] Application time: 0.0001183 seconds
[2019-06-24T10:06:45.935+0000][1][safepoint    ] Entering safepoint region: GenCollectForAllocation
[2019-06-24T10:06:45.935+0000][1][gc,start     ] GC(19) Pause Young (Allocation Failure)
[2019-06-24T10:06:45.935+0000][1][gc,task      ] GC(19) Using 5 workers of 8 for evacuation
[2019-06-24T10:06:45.940+0000][1][gc,age       ] GC(19) Desired survivor size 4456448 bytes, new threshold 2 (max threshold 6)
[2019-06-24T10:06:45.940+0000][1][gc,age       ] GC(19) Age table with threshold 2 (max threshold 6)
[2019-06-24T10:06:45.940+0000][1][gc,age       ] GC(19) - age   1:    3173616 bytes,    3173616 total
[2019-06-24T10:06:45.940+0000][1][gc,age       ] GC(19) - age   2:    3517128 bytes,    6690744 total
[2019-06-24T10:06:45.940+0000][1][gc,age       ] GC(19) - age   3:     393272 bytes,    7084016 total
[2019-06-24T10:06:45.940+0000][1][gc,heap      ] GC(19) ParNew: 74858K->8704K(78656K)
[2019-06-24T10:06:45.940+0000][1][gc,heap      ] GC(19) CMS: 55267K->55267K(174784K)
[2019-06-24T10:06:45.940+0000][1][gc,metaspace ] GC(19) Metaspace: 46718K->46718K(1091584K)
[2019-06-24T10:06:45.940+0000][1][gc           ] GC(19) Pause Young (Allocation Failure) 127M->62M(247M) 5.527ms
[2019-06-24T10:06:45.940+0000][1][gc,cpu       ] GC(19) User=0.03s Sys=0.00s Real=0.00s
[2019-06-24T10:06:45.940+0000][1][safepoint    ] Leaving safepoint region
[2019-06-24T10:06:45.940+0000][1][safepoint    ] Total time for which application threads were stopped: 0.0056252 seconds, Stopping threads took: 0.0000248 seconds
[2019-06-24T10:06:45.940+0000][1][safepoint    ] Application time: 0.0001599 seconds
[2019-06-24T10:06:45.941+0000][1][safepoint    ] Entering safepoint region: RevokeBias
[2019-06-24T10:06:45.941+0000][1][safepoint    ] Leaving safepoint region
[2019-06-24T10:06:45.941+0000][1][safepoint    ] Total time for which application threads were stopped: 0.0001535 seconds, Stopping threads took: 0.0000641 seconds
[2019-06-24T10:06:45.941+0000][1][safepoint    ] Application time: 0.0002305 seconds
[2019-06-24T10:06:45.941+0000][1][safepoint    ] Entering safepoint region: RevokeBias
[2019-06-24T10:06:45.941+0000][1][safepoint    ] Leaving safepoint region
[2019-06-24T10:06:45.941+0000][1][safepoint    ] Total time for which application threads were stopped: 0.0000863 seconds, Stopping threads took: 0.0000183 seconds
[2019-06-24T10:06:45.941+0000][1][safepoint    ] Application time: 0.0001809 seconds
[2019-06-24T10:06:45.941+0000][1][safepoint    ] Entering safepoint region: RevokeBias
[2019-06-24T10:06:45.941+0000][1][safepoint    ] Leaving safepoint region
[2019-06-24T10:06:45.941+0000][1][safepoint    ] Total time for which application threads were stopped: 0.0000694 seconds, Stopping threads took: 0.0000280 seconds
[2019-06-24T10:06:45.941+0000][1][safepoint    ] Application time: 0.0001140 seconds
[2019-06-24T10:06:45.941+0000][1][safepoint    ] Entering safepoint region: RevokeBias
[2019-06-24T10:06:45.941+0000][1][safepoint    ] Leaving safepoint region
[2019-06-24T10:06:45.941+0000][1][safepoint    ] Total time for which application threads were stopped: 0.0000660 seconds, Stopping threads took: 0.0000200 seconds
[2019-06-24T10:06:45.942+0000][1][safepoint    ] Application time: 0.0000616 seconds
[2019-06-24T10:06:45.942+0000][1][safepoint    ] Entering safepoint region: RevokeBias
[2019-06-24T10:06:45.942+0000][1][safepoint    ] Leaving safepoint region
[2019-06-24T10:06:45.942+0000][1][safepoint    ] Total time for which application threads were stopped: 0.0001040 seconds, Stopping threads took: 0.0000176 seconds
[2019-06-24T10:06:45.942+0000][1][safepoint    ] Application time: 0.0000418 seconds
[2019-06-24T10:06:45.942+0000][1][safepoint    ] Entering safepoint region: RevokeBias
[2019-06-24T10:06:45.942+0000][1][safepoint    ] Leaving safepoint region
[2019-06-24T10:06:45.942+0000][1][safepoint    ] Total time for which application threads were stopped: 0.0000636 seconds, Stopping threads took: 0.0000153 seconds
[2019-06-24T10:06:45.942+0000][1][safepoint    ] Application time: 0.0000391 seconds
[2019-06-24T10:06:45.942+0000][1][safepoint    ] Entering safepoint region: RevokeBias
[2019-06-24T10:06:45.942+0000][1][safepoint    ] Leaving safepoint region
[2019-06-24T10:06:45.942+0000][1][safepoint    ] Total time for which application threads were stopped: 0.0001304 seconds, Stopping threads took: 0.0000889 seconds
[2019-06-24T10:06:45.942+0000][1][safepoint    ] Application time: 0.0000380 seconds
[2019-06-24T10:06:45.942+0000][1][safepoint    ] Entering safepoint region: RevokeBias
[2019-06-24T10:06:45.942+0000][1][safepoint    ] Leaving safepoint region
[2019-06-24T10:06:45.942+0000][1][safepoint    ] Total time for which application threads were stopped: 0.0000637 seconds, Stopping threads took: 0.0000326 seconds
[2019-06-24T10:06:45.942+0000][1][safepoint    ] Application time: 0.0000346 seconds
[2019-06-24T10:06:45.942+0000][1][safepoint    ] Entering safepoint region: RevokeBias
[2019-06-24T10:06:45.942+0000][1][safepoint    ] Leaving safepoint region
[2019-06-24T10:06:45.942+0000][1][safepoint    ] Total time for which application threads were stopped: 0.0000756 seconds, Stopping threads took: 0.0000477 seconds
[2019-06-24T10:06:45.942+0000][1][safepoint    ] Application time: 0.0000323 seconds
[2019-06-24T10:06:45.942+0000][1][safepoint    ] Entering safepoint region: RevokeBias
[2019-06-24T10:06:45.942+0000][1][safepoint    ] Leaving safepoint region
[2019-06-24T10:06:45.942+0000][1][safepoint    ] Total time for which application threads were stopped: 0.0000522 seconds, Stopping threads took: 0.0000273 seconds
[2019-06-24T10:06:45.942+0000][1][safepoint    ] Application time: 0.0000349 seconds
[2019-06-24T10:06:45.942+0000][1][safepoint    ] Entering safepoint region: RevokeBias
[2019-06-24T10:06:45.942+0000][1][safepoint    ] Leaving safepoint region
[2019-06-24T10:06:45.943+0000][1][safepoint    ] Total time for which application threads were stopped: 0.0001763 seconds, Stopping threads took: 0.0000955 seconds
[2019-06-24T10:06:45.943+0000][1][safepoint    ] Application time: 0.0001050 seconds
[2019-06-24T10:06:45.943+0000][1][safepoint    ] Entering safepoint region: RevokeBias
[2019-06-24T10:06:45.943+0000][1][safepoint    ] Leaving safepoint region
[2019-06-24T10:06:45.943+0000][1][safepoint    ] Total time for which application threads were stopped: 0.0000911 seconds, Stopping threads took: 0.0000388 seconds
[2019-06-24T10:06:45.943+0000][1][safepoint    ] Application time: 0.0000387 seconds
[2019-06-24T10:06:45.943+0000][1][safepoint    ] Entering safepoint region: RevokeBias
[2019-06-24T10:06:45.943+0000][1][safepoint    ] Leaving safepoint region
[2019-06-24T10:06:45.943+0000][1][safepoint    ] Total time for which application threads were stopped: 0.0001963 seconds, Stopping threads took: 0.0001691 seconds
[2019-06-24T10:06:45.943+0000][1][safepoint    ] Application time: 0.0000382 seconds
[2019-06-24T10:06:45.943+0000][1][safepoint    ] Entering safepoint region: RevokeBias
[2019-06-24T10:06:45.943+0000][1][safepoint    ] Leaving safepoint region
[2019-06-24T10:06:45.943+0000][1][safepoint    ] Total time for which application threads were stopped: 0.0000534 seconds, Stopping threads took: 0.0000241 seconds
[2019-06-24T10:06:45.943+0000][1][safepoint    ] Application time: 0.0000334 seconds
[2019-06-24T10:06:45.943+0000][1][safepoint    ] Entering safepoint region: RevokeBias
[2019-06-24T10:06:45.943+0000][1][safepoint    ] Leaving safepoint region
[2019-06-24T10:06:45.943+0000][1][safepoint    ] Total time for which application threads were stopped: 0.0000651 seconds, Stopping threads took: 0.0000273 seconds
[2019-06-24T10:06:45.943+0000][1][safepoint    ] Application time: 0.0000342 seconds
[2019-06-24T10:06:45.943+0000][1][safepoint    ] Entering safepoint region: RevokeBias
[2019-06-24T10:06:45.943+0000][1][safepoint    ] Leaving safepoint region
[2019-06-24T10:06:45.943+0000][1][safepoint    ] Total time for which application threads were stopped: 0.0000512 seconds, Stopping threads took: 0.0000237 seconds
[2019-06-24T10:06:45.943+0000][1][safepoint    ] Application time: 0.0000324 seconds
[2019-06-24T10:06:45.943+0000][1][safepoint    ] Entering safepoint region: RevokeBias
[2019-06-24T10:06:45.943+0000][1][safepoint    ] Leaving safepoint region
[2019-06-24T10:06:45.943+0000][1][safepoint    ] Total time for which application threads were stopped: 0.0000568 seconds, Stopping threads took: 0.0000269 seconds
[2019-06-24T10:06:45.943+0000][1][safepoint    ] Application time: 0.0000325 seconds
[2019-06-24T10:06:45.943+0000][1][safepoint    ] Entering safepoint region: RevokeBias
[2019-06-24T10:06:45.943+0000][1][safepoint    ] Leaving safepoint region
[2019-06-24T10:06:45.943+0000][1][safepoint    ] Total time for which application threads were stopped: 0.0000531 seconds, Stopping threads took: 0.0000217 seconds
[2019-06-24T10:06:45.944+0000][1][safepoint    ] Application time: 0.0000333 seconds
[2019-06-24T10:06:45.944+0000][1][safepoint    ] Entering safepoint region: RevokeBias
[2019-06-24T10:06:45.944+0000][1][safepoint    ] Leaving safepoint region
[2019-06-24T10:06:45.944+0000][1][safepoint    ] Total time for which application threads were stopped: 0.0000535 seconds, Stopping threads took: 0.0000244 seconds
[2019-06-24T10:06:45.944+0000][1][safepoint    ] Application time: 0.0000473 seconds
[2019-06-24T10:06:45.944+0000][1][safepoint    ] Entering safepoint region: RevokeBias
[2019-06-24T10:06:45.944+0000][1][safepoint    ] Leaving safepoint region
[2019-06-24T10:06:45.944+0000][1][safepoint    ] Total time for which application threads were stopped: 0.0000589 seconds, Stopping threads took: 0.0000307 seconds
[2019-06-24T10:06:45.944+0000][1][safepoint    ] Application time: 0.0000332 seconds
[2019-06-24T10:06:45.944+0000][1][safepoint    ] Entering safepoint region: RevokeBias
[2019-06-24T10:06:45.944+0000][1][safepoint    ] Leaving safepoint region
[2019-06-24T10:06:45.944+0000][1][safepoint    ] Total time for which application threads were stopped: 0.0000596 seconds, Stopping threads took: 0.0000310 seconds
[2019-06-24T10:06:45.944+0000][1][safepoint    ] Application time: 0.0000317 seconds
[2019-06-24T10:06:45.944+0000][1][safepoint    ] Entering safepoint region: RevokeBias
[2019-06-24T10:06:45.944+0000][1][safepoint    ] Leaving safepoint region
[2019-06-24T10:06:45.944+0000][1][safepoint    ] Total time for which application threads were stopped: 0.0000588 seconds, Stopping threads took: 0.0000274 seconds
[2019-06-24T10:06:45.944+0000][1][safepoint    ] Application time: 0.0000339 seconds
[2019-06-24T10:06:45.944+0000][1][safepoint    ] Entering safepoint region: RevokeBias
[2019-06-24T10:06:45.944+0000][1][safepoint    ] Leaving safepoint region
[2019-06-24T10:06:45.944+0000][1][safepoint    ] Total time for which application threads were stopped: 0.0000532 seconds, Stopping threads took: 0.0000251 seconds
[2019-06-24T10:06:45.944+0000][1][safepoint    ] Application time: 0.0000365 seconds
[2019-06-24T10:06:45.944+0000][1][safepoint    ] Entering safepoint region: BulkRevokeBias
[2019-06-24T10:06:45.944+0000][1][safepoint    ] Leaving safepoint region
[2019-06-24T10:06:45.944+0000][1][safepoint    ] Total time for which application threads were stopped: 0.0001067 seconds, Stopping threads took: 0.0000288 seconds
[2019-06-24T10:06:45.944+0000][1][safepoint    ] Application time: 0.0001960 seconds
[2019-06-24T10:06:45.944+0000][1][safepoint    ] Entering safepoint region: RevokeBias
[2019-06-24T10:06:45.944+0000][1][safepoint    ] Leaving safepoint region
[2019-06-24T10:06:45.944+0000][1][safepoint    ] Total time for which application threads were stopped: 0.0000830 seconds, Stopping threads took: 0.0000375 seconds
[2019-06-24T10:06:45.945+0000][1][safepoint    ] Application time: 0.0000649 seconds
[2019-06-24T10:06:45.945+0000][1][safepoint    ] Entering safepoint region: RevokeBias
[2019-06-24T10:06:45.945+0000][1][safepoint    ] Leaving safepoint region
[2019-06-24T10:06:45.945+0000][1][safepoint    ] Total time for which application threads were stopped: 0.0001115 seconds, Stopping threads took: 0.0000686 seconds
[2019-06-24T10:06:45.945+0000][1][safepoint    ] Application time: 0.0000409 seconds
[2019-06-24T10:06:45.945+0000][1][safepoint    ] Entering safepoint region: RevokeBias
[2019-06-24T10:06:45.945+0000][1][safepoint    ] Leaving safepoint region
[2019-06-24T10:06:45.945+0000][1][safepoint    ] Total time for which application threads were stopped: 0.0000757 seconds, Stopping threads took: 0.0000485 seconds
[2019-06-24T10:06:45.945+0000][1][safepoint    ] Application time: 0.0000383 seconds
[2019-06-24T10:06:45.945+0000][1][safepoint    ] Entering safepoint region: RevokeBias
[2019-06-24T10:06:45.945+0000][1][safepoint    ] Leaving safepoint region
[2019-06-24T10:06:45.945+0000][1][safepoint    ] Total time for which application threads were stopped: 0.0000996 seconds, Stopping threads took: 0.0000728 seconds
[2019-06-24T10:06:45.945+0000][1][safepoint    ] Application time: 0.0000374 seconds
[2019-06-24T10:06:45.945+0000][1][safepoint    ] Entering safepoint region: RevokeBias
[2019-06-24T10:06:45.945+0000][1][safepoint    ] Leaving safepoint region
[2019-06-24T10:06:45.945+0000][1][safepoint    ] Total time for which application threads were stopped: 0.0000644 seconds, Stopping threads took: 0.0000317 seconds
[2019-06-24T10:06:45.945+0000][1][safepoint    ] Application time: 0.0000389 seconds
[2019-06-24T10:06:45.945+0000][1][safepoint    ] Entering safepoint region: RevokeBias
[2019-06-24T10:06:45.945+0000][1][safepoint    ] Leaving safepoint region
[2019-06-24T10:06:45.945+0000][1][safepoint    ] Total time for which application threads were stopped: 0.0001028 seconds, Stopping threads took: 0.0000429 seconds
[2019-06-24T10:06:45.945+0000][1][safepoint    ] Application time: 0.0000407 seconds
[2019-06-24T10:06:45.945+0000][1][safepoint    ] Entering safepoint region: RevokeBias
[2019-06-24T10:06:45.945+0000][1][safepoint    ] Leaving safepoint region
[2019-06-24T10:06:45.945+0000][1][safepoint    ] Total time for which application threads were stopped: 0.0001003 seconds, Stopping threads took: 0.0000439 seconds
[2019-06-24T10:06:45.945+0000][1][safepoint    ] Application time: 0.0000408 seconds
[2019-06-24T10:06:45.945+0000][1][safepoint    ] Entering safepoint region: RevokeBias
[2019-06-24T10:06:45.946+0000][1][safepoint    ] Leaving safepoint region
[2019-06-24T10:06:45.946+0000][1][safepoint    ] Total time for which application threads were stopped: 0.0000949 seconds, Stopping threads took: 0.0000272 seconds
[2019-06-24T10:06:45.946+0000][1][safepoint    ] Application time: 0.0001134 seconds
[2019-06-24T10:06:45.946+0000][1][safepoint    ] Entering safepoint region: RevokeBias
[2019-06-24T10:06:45.946+0000][1][safepoint    ] Leaving safepoint region
[2019-06-24T10:06:45.946+0000][1][safepoint    ] Total time for which application threads were stopped: 0.0000844 seconds, Stopping threads took: 0.0000532 seconds
[2019-06-24T10:06:45.946+0000][1][safepoint    ] Application time: 0.0001604 seconds
[2019-06-24T10:06:45.946+0000][1][safepoint    ] Entering safepoint region: RevokeBias
[2019-06-24T10:06:45.946+0000][1][safepoint    ] Leaving safepoint region
[2019-06-24T10:06:45.946+0000][1][safepoint    ] Total time for which application threads were stopped: 0.0000888 seconds, Stopping threads took: 0.0000215 seconds
[2019-06-24T10:06:45.946+0000][1][safepoint    ] Application time: 0.0000531 seconds
[2019-06-24T10:06:45.946+0000][1][safepoint    ] Entering safepoint region: RevokeBias
[2019-06-24T10:06:45.946+0000][1][safepoint    ] Leaving safepoint region
[2019-06-24T10:06:45.946+0000][1][safepoint    ] Total time for which application threads were stopped: 0.0001220 seconds, Stopping threads took: 0.0000734 seconds
[2019-06-24T10:06:45.946+0000][1][safepoint    ] Application time: 0.0000372 seconds
[2019-06-24T10:06:45.946+0000][1][safepoint    ] Entering safepoint region: RevokeBias
[2019-06-24T10:06:45.946+0000][1][safepoint    ] Leaving safepoint region
[2019-06-24T10:06:45.946+0000][1][safepoint    ] Total time for which application threads were stopped: 0.0000631 seconds, Stopping threads took: 0.0000229 seconds
[2019-06-24T10:06:45.946+0000][1][safepoint    ] Application time: 0.0000336 seconds
[2019-06-24T10:06:45.946+0000][1][safepoint    ] Entering safepoint region: RevokeBias
[2019-06-24T10:06:45.947+0000][1][safepoint    ] Leaving safepoint region
[2019-06-24T10:06:45.947+0000][1][safepoint    ] Total time for which application threads were stopped: 0.0001302 seconds, Stopping threads took: 0.0000431 seconds
[2019-06-24T10:06:45.947+0000][1][safepoint    ] Application time: 0.0003936 seconds
[2019-06-24T10:06:45.947+0000][1][safepoint    ] Entering safepoint region: RevokeBias
[2019-06-24T10:06:45.947+0000][1][safepoint    ] Leaving safepoint region
[2019-06-24T10:06:45.947+0000][1][safepoint    ] Total time for which application threads were stopped: 0.0000897 seconds, Stopping threads took: 0.0000462 seconds
[2019-06-24T10:06:45.947+0000][1][safepoint    ] Application time: 0.0001182 seconds
[2019-06-24T10:06:45.947+0000][1][safepoint    ] Entering safepoint region: RevokeBias
[2019-06-24T10:06:45.947+0000][1][safepoint    ] Leaving safepoint region
[2019-06-24T10:06:45.947+0000][1][safepoint    ] Total time for which application threads were stopped: 0.0000691 seconds, Stopping threads took: 0.0000292 seconds
[2019-06-24T10:06:45.947+0000][1][safepoint    ] Application time: 0.0001182 seconds
[2019-06-24T10:06:45.947+0000][1][safepoint    ] Entering safepoint region: BulkRevokeBias
[2019-06-24T10:06:45.948+0000][1][safepoint    ] Leaving safepoint region
[2019-06-24T10:06:45.948+0000][1][safepoint    ] Total time for which application threads were stopped: 0.0001273 seconds, Stopping threads took: 0.0000442 seconds
[2019-06-24T10:06:45.948+0000][1][safepoint    ] Application time: 0.0001392 seconds
[2019-06-24T10:06:45.948+0000][1][safepoint    ] Entering safepoint region: RevokeBias
[2019-06-24T10:06:45.948+0000][1][safepoint    ] Leaving safepoint region
[2019-06-24T10:06:45.948+0000][1][safepoint    ] Total time for which application threads were stopped: 0.0000773 seconds, Stopping threads took: 0.0000394 seconds
[2019-06-24T10:06:45.948+0000][1][safepoint    ] Application time: 0.0003901 seconds
[2019-06-24T10:06:45.948+0000][1][safepoint    ] Entering safepoint region: RevokeBias
[2019-06-24T10:06:45.948+0000][1][safepoint    ] Leaving safepoint region
[2019-06-24T10:06:45.948+0000][1][safepoint    ] Total time for which application threads were stopped: 0.0001773 seconds, Stopping threads took: 0.0001251 seconds
[2019-06-24T10:06:45.949+0000][1][safepoint    ] Application time: 0.0004677 seconds
[2019-06-24T10:06:45.949+0000][1][safepoint    ] Entering safepoint region: RevokeBias
[2019-06-24T10:06:45.949+0000][1][safepoint    ] Leaving safepoint region
[2019-06-24T10:06:45.949+0000][1][safepoint    ] Total time for which application threads were stopped: 0.0002264 seconds, Stopping threads took: 0.0001702 seconds
[2019-06-24T10:06:45.949+0000][1][safepoint    ] Application time: 0.0001397 seconds
[2019-06-24T10:06:45.949+0000][1][safepoint    ] Entering safepoint region: RevokeBias
[2019-06-24T10:06:45.949+0000][1][safepoint    ] Leaving safepoint region
[2019-06-24T10:06:45.949+0000][1][safepoint    ] Total time for which application threads were stopped: 0.0001514 seconds, Stopping threads took: 0.0001217 seconds
[2019-06-24T10:06:45.950+0000][1][safepoint    ] Application time: 0.0001975 seconds
[2019-06-24T10:06:45.950+0000][1][safepoint    ] Entering safepoint region: RevokeBias
[2019-06-24T10:06:45.950+0000][1][safepoint    ] Leaving safepoint region
[2019-06-24T10:06:45.950+0000][1][safepoint    ] Total time for which application threads were stopped: 0.0001494 seconds, Stopping threads took: 0.0000637 seconds
[2019-06-24T10:06:45.952+0000][1][safepoint    ] Application time: 0.0018310 seconds
[2019-06-24T10:06:45.952+0000][1][safepoint    ] Entering safepoint region: RevokeBias
[2019-06-24T10:06:45.952+0000][1][safepoint    ] Leaving safepoint region
[2019-06-24T10:06:45.952+0000][1][safepoint    ] Total time for which application threads were stopped: 0.0001620 seconds, Stopping threads took: 0.0000945 seconds
[2019-06-24T10:06:45.952+0000][1][safepoint    ] Application time: 0.0000546 seconds
[2019-06-24T10:06:45.952+0000][1][safepoint    ] Entering safepoint region: RevokeBias
[2019-06-24T10:06:45.952+0000][1][safepoint    ] Leaving safepoint region
[2019-06-24T10:06:45.952+0000][1][safepoint    ] Total time for which application threads were stopped: 0.0000938 seconds, Stopping threads took: 0.0000292 seconds
[2019-06-24T10:06:45.953+0000][1][safepoint    ] Application time: 0.0006427 seconds
[2019-06-24T10:06:45.953+0000][1][safepoint    ] Entering safepoint region: RevokeBias
[2019-06-24T10:06:45.953+0000][1][safepoint    ] Leaving safepoint region
[2019-06-24T10:06:45.953+0000][1][safepoint    ] Total time for which application threads were stopped: 0.0001540 seconds, Stopping threads took: 0.0001089 seconds
[2019-06-24T10:06:45.953+0000][1][safepoint    ] Application time: 0.0001167 seconds
[2019-06-24T10:06:45.953+0000][1][safepoint    ] Entering safepoint region: RevokeBias
[2019-06-24T10:06:45.953+0000][1][safepoint    ] Leaving safepoint region
[2019-06-24T10:06:45.953+0000][1][safepoint    ] Total time for which application threads were stopped: 0.0001808 seconds, Stopping threads took: 0.0001181 seconds
[2019-06-24T10:06:45.955+0000][1][safepoint    ] Application time: 0.0021125 seconds
[2019-06-24T10:06:45.955+0000][1][safepoint    ] Entering safepoint region: RevokeBias
[2019-06-24T10:06:45.955+0000][1][safepoint    ] Leaving safepoint region
[2019-06-24T10:06:45.955+0000][1][safepoint    ] Total time for which application threads were stopped: 0.0001022 seconds, Stopping threads took: 0.0000318 seconds
[2019-06-24T10:06:45.955+0000][1][safepoint    ] Application time: 0.0000471 seconds
[2019-06-24T10:06:45.955+0000][1][safepoint    ] Entering safepoint region: RevokeBias
[2019-06-24T10:06:45.955+0000][1][safepoint    ] Leaving safepoint region
[2019-06-24T10:06:45.955+0000][1][safepoint    ] Total time for which application threads were stopped: 0.0000532 seconds, Stopping threads took: 0.0000103 seconds
[2019-06-24T10:06:45.956+0000][1][safepoint    ] Application time: 0.0002619 seconds
[2019-06-24T10:06:45.956+0000][1][safepoint    ] Entering safepoint region: RevokeBias
[2019-06-24T10:06:45.956+0000][1][safepoint    ] Leaving safepoint region
[2019-06-24T10:06:45.956+0000][1][safepoint    ] Total time for which application threads were stopped: 0.0000988 seconds, Stopping threads took: 0.0000359 seconds
[2019-06-24T10:06:45.999+0000][1][safepoint    ] Application time: 0.0430865 seconds
[2019-06-24T10:06:45.999+0000][1][safepoint    ] Entering safepoint region: RevokeBias
[2019-06-24T10:06:45.999+0000][1][safepoint    ] Leaving safepoint region
[2019-06-24T10:06:45.999+0000][1][safepoint    ] Total time for which application threads were stopped: 0.0000836 seconds, Stopping threads took: 0.0000187 seconds
[2019-06-24T10:06:46.161+0000][1][safepoint    ] Application time: 0.1615025 seconds
[2019-06-24T10:06:46.161+0000][1][safepoint    ] Entering safepoint region: RevokeBias
[2019-06-24T10:06:46.161+0000][1][safepoint    ] Leaving safepoint region
[2019-06-24T10:06:46.161+0000][1][safepoint    ] Total time for which application threads were stopped: 0.0000763 seconds, Stopping threads took: 0.0000178 seconds
[2019-06-24T10:06:46.257+0000][1][safepoint    ] Application time: 0.0965448 seconds
[2019-06-24T10:06:46.257+0000][1][safepoint    ] Entering safepoint region: RevokeBias
[2019-06-24T10:06:46.257+0000][1][safepoint    ] Leaving safepoint region
[2019-06-24T10:06:46.257+0000][1][safepoint    ] Total time for which application threads were stopped: 0.0000568 seconds, Stopping threads took: 0.0000115 seconds
[2019-06-24T10:06:46.258+0000][1][safepoint    ] Application time: 0.0009796 seconds
[2019-06-24T10:06:46.258+0000][1][safepoint    ] Entering safepoint region: RevokeBias
[2019-06-24T10:06:46.258+0000][1][safepoint    ] Leaving safepoint region
[2019-06-24T10:06:46.258+0000][1][safepoint    ] Total time for which application threads were stopped: 0.0000451 seconds, Stopping threads took: 0.0000106 seconds
[2019-06-24T10:06:46.258+0000][1][safepoint    ] Application time: 0.0000499 seconds
[2019-06-24T10:06:46.259+0000][1][safepoint    ] Entering safepoint region: RevokeBias
[2019-06-24T10:06:46.259+0000][1][safepoint    ] Leaving safepoint region
[2019-06-24T10:06:46.259+0000][1][safepoint    ] Total time for which application threads were stopped: 0.0001696 seconds, Stopping threads took: 0.0001405 seconds
[2019-06-24T10:06:46.259+0000][1][safepoint    ] Application time: 0.0001358 seconds
[2019-06-24T10:06:46.259+0000][1][safepoint    ] Entering safepoint region: RevokeBias
[2019-06-24T10:06:46.259+0000][1][safepoint    ] Leaving safepoint region
[2019-06-24T10:06:46.259+0000][1][safepoint    ] Total time for which application threads were stopped: 0.0000285 seconds, Stopping threads took: 0.0000074 seconds
[2019-06-24T10:06:46.259+0000][1][safepoint    ] Application time: 0.0000980 seconds
[2019-06-24T10:06:46.259+0000][1][safepoint    ] Entering safepoint region: RevokeBias
[2019-06-24T10:06:46.259+0000][1][safepoint    ] Leaving safepoint region
[2019-06-24T10:06:46.259+0000][1][safepoint    ] Total time for which application threads were stopped: 0.0000258 seconds, Stopping threads took: 0.0000066 seconds
[2019-06-24T10:06:46.277+0000][1][safepoint    ] Application time: 0.0176922 seconds
[2019-06-24T10:06:46.277+0000][1][safepoint    ] Entering safepoint region: RevokeBias
[2019-06-24T10:06:46.277+0000][1][safepoint    ] Leaving safepoint region
[2019-06-24T10:06:46.277+0000][1][safepoint    ] Total time for which application threads were stopped: 0.0000616 seconds, Stopping threads took: 0.0000123 seconds
[2019-06-24T10:06:46.392+0000][1][safepoint    ] Application time: 0.1151156 seconds
[2019-06-24T10:06:46.392+0000][1][safepoint    ] Entering safepoint region: GenCollectForAllocation
[2019-06-24T10:06:46.392+0000][1][gc,start     ] GC(20) Pause Young (Allocation Failure)
[2019-06-24T10:06:46.392+0000][1][gc,task      ] GC(20) Using 5 workers of 8 for evacuation
[2019-06-24T10:06:46.399+0000][1][gc,age       ] GC(20) Desired survivor size 4456448 bytes, new threshold 2 (max threshold 6)
[2019-06-24T10:06:46.400+0000][1][gc,age       ] GC(20) Age table with threshold 2 (max threshold 6)
[2019-06-24T10:06:46.400+0000][1][gc,age       ] GC(20) - age   1:    1509000 bytes,    1509000 total
[2019-06-24T10:06:46.400+0000][1][gc,age       ] GC(20) - age   2:    3114528 bytes,    4623528 total
[2019-06-24T10:06:46.400+0000][1][gc,heap      ] GC(20) ParNew: 78656K->6040K(78656K)
[2019-06-24T10:06:46.400+0000][1][gc,heap      ] GC(20) CMS: 55267K->59186K(174784K)
[2019-06-24T10:06:46.400+0000][1][gc,metaspace ] GC(20) Metaspace: 53227K->53227K(1097728K)
[2019-06-24T10:06:46.400+0000][1][gc           ] GC(20) Pause Young (Allocation Failure) 130M->63M(247M) 7.587ms
[2019-06-24T10:06:46.400+0000][1][gc,cpu       ] GC(20) User=0.04s Sys=0.00s Real=0.01s
[2019-06-24T10:06:46.400+0000][1][safepoint    ] Leaving safepoint region
[2019-06-24T10:06:46.400+0000][1][safepoint    ] Total time for which application threads were stopped: 0.0077174 seconds, Stopping threads took: 0.0000128 seconds
[2019-06-24T10:06:46.414+0000][1][safepoint    ] Application time: 0.0148204 seconds
[2019-06-24T10:06:46.414+0000][1][safepoint    ] Entering safepoint region: RevokeBias
[2019-06-24T10:06:46.415+0000][1][safepoint    ] Leaving safepoint region
[2019-06-24T10:06:46.415+0000][1][safepoint    ] Total time for which application threads were stopped: 0.0000605 seconds, Stopping threads took: 0.0000126 seconds
[2019-06-24T10:06:46.415+0000][1][safepoint    ] Application time: 0.0001373 seconds
[2019-06-24T10:06:46.415+0000][1][safepoint    ] Entering safepoint region: RevokeBias
[2019-06-24T10:06:46.415+0000][1][safepoint    ] Leaving safepoint region
[2019-06-24T10:06:46.415+0000][1][safepoint    ] Total time for which application threads were stopped: 0.0000453 seconds, Stopping threads took: 0.0000087 seconds
[2019-06-24T10:06:46.457+0000][1][safepoint    ] Application time: 0.0422579 seconds
[2019-06-24T10:06:46.457+0000][1][safepoint    ] Entering safepoint region: RevokeBias
[2019-06-24T10:06:46.457+0000][1][safepoint    ] Leaving safepoint region
[2019-06-24T10:06:46.457+0000][1][safepoint    ] Total time for which application threads were stopped: 0.0000819 seconds, Stopping threads took: 0.0000198 seconds
[2019-06-24T10:06:46.464+0000][1][safepoint    ] Application time: 0.0064887 seconds
[2019-06-24T10:06:46.464+0000][1][safepoint    ] Entering safepoint region: RevokeBias
[2019-06-24T10:06:46.464+0000][1][safepoint    ] Leaving safepoint region
[2019-06-24T10:06:46.464+0000][1][safepoint    ] Total time for which application threads were stopped: 0.0004029 seconds, Stopping threads took: 0.0000238 seconds
[2019-06-24T10:06:46.505+0000][1][safepoint    ] Application time: 0.0410443 seconds
[2019-06-24T10:06:46.505+0000][1][safepoint    ] Entering safepoint region: RevokeBias
[2019-06-24T10:06:46.505+0000][1][safepoint    ] Leaving safepoint region
[2019-06-24T10:06:46.505+0000][1][safepoint    ] Total time for which application threads were stopped: 0.0000586 seconds, Stopping threads took: 0.0000116 seconds
[2019-06-24T10:06:46.618+0000][1][safepoint    ] Application time: 0.1126781 seconds
[2019-06-24T10:06:46.618+0000][1][safepoint    ] Entering safepoint region: Deoptimize
[2019-06-24T10:06:46.619+0000][1][safepoint    ] Leaving safepoint region
[2019-06-24T10:06:46.619+0000][1][safepoint    ] Total time for which application threads were stopped: 0.0008036 seconds, Stopping threads took: 0.0000122 seconds
[2019-06-24T10:06:46.650+0000][1][safepoint    ] Application time: 0.0312875 seconds
[2019-06-24T10:06:46.650+0000][1][safepoint    ] Entering safepoint region: RevokeBias
[2019-06-24T10:06:46.650+0000][1][safepoint    ] Leaving safepoint region
[2019-06-24T10:06:46.650+0000][1][safepoint    ] Total time for which application threads were stopped: 0.0000775 seconds, Stopping threads took: 0.0000122 seconds
[2019-06-24T10:06:46.650+0000][1][safepoint    ] Application time: 0.0001859 seconds
[2019-06-24T10:06:46.650+0000][1][safepoint    ] Entering safepoint region: RevokeBias
[2019-06-24T10:06:46.650+0000][1][safepoint    ] Leaving safepoint region
[2019-06-24T10:06:46.650+0000][1][safepoint    ] Total time for which application threads were stopped: 0.0000617 seconds, Stopping threads took: 0.0000268 seconds
[2019-06-24T10:06:46.651+0000][1][safepoint    ] Application time: 0.0001364 seconds
[2019-06-24T10:06:46.651+0000][1][safepoint    ] Entering safepoint region: RevokeBias
[2019-06-24T10:06:46.651+0000][1][safepoint    ] Leaving safepoint region
[2019-06-24T10:06:46.651+0000][1][safepoint    ] Total time for which application threads were stopped: 0.0000356 seconds, Stopping threads took: 0.0000068 seconds
[2019-06-24T10:06:46.653+0000][1][safepoint    ] Application time: 0.0021840 seconds
[2019-06-24T10:06:46.653+0000][1][safepoint    ] Entering safepoint region: RevokeBias
[2019-06-24T10:06:46.653+0000][1][safepoint    ] Leaving safepoint region
[2019-06-24T10:06:46.653+0000][1][safepoint    ] Total time for which application threads were stopped: 0.0001496 seconds, Stopping threads took: 0.0000939 seconds
[2019-06-24T10:06:46.767+0000][1][safepoint    ] Application time: 0.1144199 seconds
[2019-06-24T10:06:46.767+0000][1][safepoint    ] Entering safepoint region: RevokeBias
[2019-06-24T10:06:46.768+0000][1][safepoint    ] Leaving safepoint region
[2019-06-24T10:06:46.768+0000][1][safepoint    ] Total time for which application threads were stopped: 0.0009927 seconds, Stopping threads took: 0.0000428 seconds
[2019-06-24T10:06:46.824+0000][1][safepoint    ] Application time: 0.0559471 seconds
[2019-06-24T10:06:46.824+0000][1][safepoint    ] Entering safepoint region: Deoptimize
[2019-06-24T10:06:46.825+0000][1][safepoint    ] Leaving safepoint region
[2019-06-24T10:06:46.825+0000][1][safepoint    ] Total time for which application threads were stopped: 0.0004369 seconds, Stopping threads took: 0.0000183 seconds
[2019-06-24T10:06:46.844+0000][1][safepoint    ] Application time: 0.0187355 seconds
[2019-06-24T10:06:46.844+0000][1][safepoint    ] Entering safepoint region: RevokeBias
[2019-06-24T10:06:46.844+0000][1][safepoint    ] Leaving safepoint region
[2019-06-24T10:06:46.844+0000][1][safepoint    ] Total time for which application threads were stopped: 0.0000693 seconds, Stopping threads took: 0.0000171 seconds
[2019-06-24T10:06:46.870+0000][1][safepoint    ] Application time: 0.0263662 seconds
[2019-06-24T10:06:46.870+0000][1][safepoint    ] Entering safepoint region: RevokeBias
[2019-06-24T10:06:46.870+0000][1][safepoint    ] Leaving safepoint region
[2019-06-24T10:06:46.870+0000][1][safepoint    ] Total time for which application threads were stopped: 0.0001704 seconds, Stopping threads took: 0.0001198 seconds
[2019-06-24T10:06:46.871+0000][1][safepoint    ] Application time: 0.0007544 seconds
[2019-06-24T10:06:46.871+0000][1][safepoint    ] Entering safepoint region: RevokeBias
[2019-06-24T10:06:46.871+0000][1][safepoint    ] Leaving safepoint region
[2019-06-24T10:06:46.871+0000][1][safepoint    ] Total time for which application threads were stopped: 0.0001734 seconds, Stopping threads took: 0.0001164 seconds
[2019-06-24T10:06:46.874+0000][1][safepoint    ] Application time: 0.0025520 seconds
[2019-06-24T10:06:46.874+0000][1][safepoint    ] Entering safepoint region: RevokeBias
[2019-06-24T10:06:46.874+0000][1][safepoint    ] Leaving safepoint region
[2019-06-24T10:06:46.874+0000][1][safepoint    ] Total time for which application threads were stopped: 0.0001634 seconds, Stopping threads took: 0.0000924 seconds
[2019-06-24T10:06:46.874+0000][1][safepoint    ] Application time: 0.0001419 seconds
[2019-06-24T10:06:46.874+0000][1][safepoint    ] Entering safepoint region: RevokeBias
[2019-06-24T10:06:46.874+0000][1][safepoint    ] Leaving safepoint region
[2019-06-24T10:06:46.874+0000][1][safepoint    ] Total time for which application threads were stopped: 0.0001313 seconds, Stopping threads took: 0.0000140 seconds
[2019-06-24T10:06:47.146+0000][1][safepoint    ] Application time: 0.2718051 seconds
[2019-06-24T10:06:47.146+0000][1][safepoint    ] Entering safepoint region: GenCollectForAllocation
[2019-06-24T10:06:47.146+0000][1][gc,start     ] GC(21) Pause Young (Allocation Failure)
[2019-06-24T10:06:47.146+0000][1][gc,task      ] GC(21) Using 5 workers of 8 for evacuation
[2019-06-24T10:06:47.154+0000][1][gc,age       ] GC(21) Desired survivor size 4456448 bytes, new threshold 2 (max threshold 6)
[2019-06-24T10:06:47.154+0000][1][gc,age       ] GC(21) Age table with threshold 2 (max threshold 6)
[2019-06-24T10:06:47.154+0000][1][gc,age       ] GC(21) - age   1:    3702824 bytes,    3702824 total
[2019-06-24T10:06:47.154+0000][1][gc,age       ] GC(21) - age   2:    1396096 bytes,    5098920 total
[2019-06-24T10:06:47.154+0000][1][gc,heap      ] GC(21) ParNew: 75992K->6855K(78656K)
[2019-06-24T10:06:47.154+0000][1][gc,heap      ] GC(21) CMS: 59186K->62300K(174784K)
[2019-06-24T10:06:47.154+0000][1][gc,metaspace ] GC(21) Metaspace: 60932K->60932K(1105920K)
[2019-06-24T10:06:47.154+0000][1][gc           ] GC(21) Pause Young (Allocation Failure) 132M->67M(247M) 7.366ms
[2019-06-24T10:06:47.154+0000][1][gc,cpu       ] GC(21) User=0.03s Sys=0.01s Real=0.00s
[2019-06-24T10:06:47.154+0000][1][safepoint    ] Leaving safepoint region
[2019-06-24T10:06:47.154+0000][1][safepoint    ] Total time for which application threads were stopped: 0.0075414 seconds, Stopping threads took: 0.0000371 seconds
[2019-06-24T10:06:47.163+0000][1][safepoint    ] Application time: 0.0090771 seconds
[2019-06-24T10:06:47.163+0000][1][safepoint    ] Entering safepoint region: RevokeBias
[2019-06-24T10:06:47.163+0000][1][safepoint    ] Leaving safepoint region
[2019-06-24T10:06:47.163+0000][1][safepoint    ] Total time for which application threads were stopped: 0.0000433 seconds, Stopping threads took: 0.0000111 seconds
[2019-06-24T10:06:47.245+0000][1][safepoint    ] Application time: 0.0816313 seconds
[2019-06-24T10:06:47.245+0000][1][safepoint    ] Entering safepoint region: Deoptimize
[2019-06-24T10:06:47.245+0000][1][safepoint    ] Leaving safepoint region
[2019-06-24T10:06:47.245+0000][1][safepoint    ] Total time for which application threads were stopped: 0.0004322 seconds, Stopping threads took: 0.0000132 seconds
[2019-06-24T10:06:47.251+0000][1][safepoint    ] Application time: 0.0055502 seconds
[2019-06-24T10:06:47.251+0000][1][safepoint    ] Entering safepoint region: BulkRevokeBias
[2019-06-24T10:06:47.251+0000][1][safepoint    ] Leaving safepoint region
[2019-06-24T10:06:47.251+0000][1][safepoint    ] Total time for which application threads were stopped: 0.0001991 seconds, Stopping threads took: 0.0000947 seconds
[2019-06-24T10:06:47.252+0000][1][safepoint    ] Application time: 0.0010063 seconds
[2019-06-24T10:06:47.252+0000][1][safepoint    ] Entering safepoint region: RevokeBias
[2019-06-24T10:06:47.252+0000][1][safepoint    ] Leaving safepoint region
[2019-06-24T10:06:47.252+0000][1][safepoint    ] Total time for which application threads were stopped: 0.0000422 seconds, Stopping threads took: 0.0000094 seconds
[2019-06-24T10:06:47.252+0000][1][safepoint    ] Application time: 0.0003696 seconds
[2019-06-24T10:06:47.252+0000][1][safepoint    ] Entering safepoint region: RevokeBias
[2019-06-24T10:06:47.252+0000][1][safepoint    ] Leaving safepoint region
[2019-06-24T10:06:47.252+0000][1][safepoint    ] Total time for which application threads were stopped: 0.0000454 seconds, Stopping threads took: 0.0000091 seconds
[2019-06-24T10:06:47.252+0000][1][safepoint    ] Application time: 0.0001347 seconds
[2019-06-24T10:06:47.252+0000][1][safepoint    ] Entering safepoint region: RevokeBias
[2019-06-24T10:06:47.252+0000][1][safepoint    ] Leaving safepoint region
[2019-06-24T10:06:47.252+0000][1][safepoint    ] Total time for which application threads were stopped: 0.0000431 seconds, Stopping threads took: 0.0000091 seconds
[2019-06-24T10:06:47.253+0000][1][safepoint    ] Application time: 0.0002277 seconds
[2019-06-24T10:06:47.253+0000][1][safepoint    ] Entering safepoint region: RevokeBias
[2019-06-24T10:06:47.253+0000][1][safepoint    ] Leaving safepoint region
[2019-06-24T10:06:47.253+0000][1][safepoint    ] Total time for which application threads were stopped: 0.0000420 seconds, Stopping threads took: 0.0000091 seconds
[2019-06-24T10:06:47.253+0000][1][safepoint    ] Application time: 0.0002351 seconds
[2019-06-24T10:06:47.253+0000][1][safepoint    ] Entering safepoint region: RevokeBias
[2019-06-24T10:06:47.253+0000][1][safepoint    ] Leaving safepoint region
[2019-06-24T10:06:47.253+0000][1][safepoint    ] Total time for which application threads were stopped: 0.0000389 seconds, Stopping threads took: 0.0000091 seconds
[2019-06-24T10:06:47.253+0000][1][safepoint    ] Application time: 0.0002202 seconds
[2019-06-24T10:06:47.253+0000][1][safepoint    ] Entering safepoint region: RevokeBias
[2019-06-24T10:06:47.253+0000][1][safepoint    ] Leaving safepoint region
[2019-06-24T10:06:47.253+0000][1][safepoint    ] Total time for which application threads were stopped: 0.0000427 seconds, Stopping threads took: 0.0000096 seconds
[2019-06-24T10:06:47.253+0000][1][safepoint    ] Application time: 0.0000411 seconds
[2019-06-24T10:06:47.253+0000][1][safepoint    ] Entering safepoint region: RevokeBias
[2019-06-24T10:06:47.253+0000][1][safepoint    ] Leaving safepoint region
[2019-06-24T10:06:47.253+0000][1][safepoint    ] Total time for which application threads were stopped: 0.0000355 seconds, Stopping threads took: 0.0000074 seconds
[2019-06-24T10:06:47.255+0000][1][safepoint    ] Application time: 0.0010909 seconds
[2019-06-24T10:06:47.255+0000][1][safepoint    ] Entering safepoint region: RevokeBias
[2019-06-24T10:06:47.255+0000][1][safepoint    ] Leaving safepoint region
[2019-06-24T10:06:47.255+0000][1][safepoint    ] Total time for which application threads were stopped: 0.0000499 seconds, Stopping threads took: 0.0000101 seconds
[2019-06-24T10:06:47.255+0000][1][safepoint    ] Application time: 0.0001202 seconds
[2019-06-24T10:06:47.255+0000][1][safepoint    ] Entering safepoint region: RevokeBias
[2019-06-24T10:06:47.255+0000][1][safepoint    ] Leaving safepoint region
[2019-06-24T10:06:47.255+0000][1][safepoint    ] Total time for which application threads were stopped: 0.0000417 seconds, Stopping threads took: 0.0000090 seconds
[2019-06-24T10:06:47.257+0000][1][safepoint    ] Application time: 0.0018153 seconds
[2019-06-24T10:06:47.257+0000][1][safepoint    ] Entering safepoint region: Deoptimize
[2019-06-24T10:06:47.257+0000][1][safepoint    ] Leaving safepoint region
[2019-06-24T10:06:47.257+0000][1][safepoint    ] Total time for which application threads were stopped: 0.0004040 seconds, Stopping threads took: 0.0000104 seconds
[2019-06-24T10:06:47.258+0000][1][safepoint    ] Application time: 0.0005032 seconds
[2019-06-24T10:06:47.258+0000][1][safepoint    ] Entering safepoint region: RevokeBias
[2019-06-24T10:06:47.258+0000][1][safepoint    ] Leaving safepoint region
[2019-06-24T10:06:47.258+0000][1][safepoint    ] Total time for which application threads were stopped: 0.0000351 seconds, Stopping threads took: 0.0000100 seconds
[2019-06-24T10:06:47.275+0000][1][safepoint    ] Application time: 0.0174527 seconds
[2019-06-24T10:06:47.275+0000][1][safepoint    ] Entering safepoint region: RevokeBias
[2019-06-24T10:06:47.275+0000][1][safepoint    ] Leaving safepoint region
[2019-06-24T10:06:47.275+0000][1][safepoint    ] Total time for which application threads were stopped: 0.0001257 seconds, Stopping threads took: 0.0000832 seconds
[2019-06-24T10:06:47.275+0000][1][safepoint    ] Application time: 0.0001390 seconds
[2019-06-24T10:06:47.275+0000][1][safepoint    ] Entering safepoint region: RevokeBias
[2019-06-24T10:06:47.275+0000][1][safepoint    ] Leaving safepoint region
[2019-06-24T10:06:47.275+0000][1][safepoint    ] Total time for which application threads were stopped: 0.0000760 seconds, Stopping threads took: 0.0000326 seconds
[2019-06-24T10:06:47.277+0000][1][safepoint    ] Application time: 0.0013138 seconds
[2019-06-24T10:06:47.277+0000][1][safepoint    ] Entering safepoint region: RevokeBias
[2019-06-24T10:06:47.277+0000][1][safepoint    ] Leaving safepoint region
[2019-06-24T10:06:47.277+0000][1][safepoint    ] Total time for which application threads were stopped: 0.0001862 seconds, Stopping threads took: 0.0001194 seconds
[2019-06-24T10:06:47.278+0000][1][safepoint    ] Application time: 0.0005317 seconds
[2019-06-24T10:06:47.278+0000][1][safepoint    ] Entering safepoint region: RevokeBias
[2019-06-24T10:06:47.278+0000][1][safepoint    ] Leaving safepoint region
[2019-06-24T10:06:47.278+0000][1][safepoint    ] Total time for which application threads were stopped: 0.0001513 seconds, Stopping threads took: 0.0000883 seconds
[2019-06-24T10:06:47.278+0000][1][safepoint    ] Application time: 0.0001132 seconds
[2019-06-24T10:06:47.278+0000][1][safepoint    ] Entering safepoint region: RevokeBias
[2019-06-24T10:06:47.278+0000][1][safepoint    ] Leaving safepoint region
[2019-06-24T10:06:47.278+0000][1][safepoint    ] Total time for which application threads were stopped: 0.0001715 seconds, Stopping threads took: 0.0001342 seconds
[2019-06-24T10:06:47.278+0000][1][safepoint    ] Application time: 0.0001701 seconds
[2019-06-24T10:06:47.278+0000][1][safepoint    ] Entering safepoint region: RevokeBias
[2019-06-24T10:06:47.278+0000][1][safepoint    ] Leaving safepoint region
[2019-06-24T10:06:47.278+0000][1][safepoint    ] Total time for which application threads were stopped: 0.0001020 seconds, Stopping threads took: 0.0000769 seconds
[2019-06-24T10:06:47.278+0000][1][safepoint    ] Application time: 0.0001077 seconds
[2019-06-24T10:06:47.279+0000][1][safepoint    ] Entering safepoint region: RevokeBias
[2019-06-24T10:06:47.279+0000][1][safepoint    ] Leaving safepoint region
[2019-06-24T10:06:47.279+0000][1][safepoint    ] Total time for which application threads were stopped: 0.0001195 seconds, Stopping threads took: 0.0000910 seconds
[2019-06-24T10:06:47.279+0000][1][safepoint    ] Application time: 0.0007494 seconds
[2019-06-24T10:06:47.279+0000][1][safepoint    ] Entering safepoint region: RevokeBias
[2019-06-24T10:06:47.279+0000][1][safepoint    ] Leaving safepoint region
[2019-06-24T10:06:47.279+0000][1][safepoint    ] Total time for which application threads were stopped: 0.0000720 seconds, Stopping threads took: 0.0000262 seconds
[2019-06-24T10:06:47.280+0000][1][safepoint    ] Application time: 0.0004628 seconds
[2019-06-24T10:06:47.280+0000][1][safepoint    ] Entering safepoint region: RevokeBias
[2019-06-24T10:06:47.280+0000][1][safepoint    ] Leaving safepoint region
[2019-06-24T10:06:47.280+0000][1][safepoint    ] Total time for which application threads were stopped: 0.0000909 seconds, Stopping threads took: 0.0000352 seconds
[2019-06-24T10:06:47.280+0000][1][safepoint    ] Application time: 0.0001759 seconds
[2019-06-24T10:06:47.280+0000][1][safepoint    ] Entering safepoint region: RevokeBias
[2019-06-24T10:06:47.280+0000][1][safepoint    ] Leaving safepoint region
[2019-06-24T10:06:47.280+0000][1][safepoint    ] Total time for which application threads were stopped: 0.0000818 seconds, Stopping threads took: 0.0000309 seconds
[2019-06-24T10:06:47.281+0000][1][safepoint    ] Application time: 0.0005785 seconds
[2019-06-24T10:06:47.281+0000][1][safepoint    ] Entering safepoint region: RevokeBias
[2019-06-24T10:06:47.281+0000][1][safepoint    ] Leaving safepoint region
[2019-06-24T10:06:47.281+0000][1][safepoint    ] Total time for which application threads were stopped: 0.0001901 seconds, Stopping threads took: 0.0001494 seconds
[2019-06-24T10:06:47.283+0000][1][safepoint    ] Application time: 0.0023370 seconds
[2019-06-24T10:06:47.284+0000][1][safepoint    ] Entering safepoint region: RevokeBias
[2019-06-24T10:06:47.284+0000][1][safepoint    ] Leaving safepoint region
[2019-06-24T10:06:47.284+0000][1][safepoint    ] Total time for which application threads were stopped: 0.0001521 seconds, Stopping threads took: 0.0000964 seconds
[2019-06-24T10:06:47.284+0000][1][safepoint    ] Application time: 0.0001283 seconds
[2019-06-24T10:06:47.284+0000][1][safepoint    ] Entering safepoint region: RevokeBias
[2019-06-24T10:06:47.284+0000][1][safepoint    ] Leaving safepoint region
[2019-06-24T10:06:47.284+0000][1][safepoint    ] Total time for which application threads were stopped: 0.0002064 seconds, Stopping threads took: 0.0001640 seconds
[2019-06-24T10:06:47.284+0000][1][safepoint    ] Application time: 0.0001777 seconds
[2019-06-24T10:06:47.284+0000][1][safepoint    ] Entering safepoint region: RevokeBias
[2019-06-24T10:06:47.284+0000][1][safepoint    ] Leaving safepoint region
[2019-06-24T10:06:47.284+0000][1][safepoint    ] Total time for which application threads were stopped: 0.0000911 seconds, Stopping threads took: 0.0000480 seconds
[2019-06-24T10:06:47.285+0000][1][safepoint    ] Application time: 0.0005951 seconds
[2019-06-24T10:06:47.285+0000][1][safepoint    ] Entering safepoint region: RevokeBias
[2019-06-24T10:06:47.285+0000][1][safepoint    ] Leaving safepoint region
[2019-06-24T10:06:47.285+0000][1][safepoint    ] Total time for which application threads were stopped: 0.0001789 seconds, Stopping threads took: 0.0001452 seconds
[2019-06-24T10:06:47.286+0000][1][safepoint    ] Application time: 0.0010949 seconds
[2019-06-24T10:06:47.286+0000][1][safepoint    ] Entering safepoint region: RevokeBias
[2019-06-24T10:06:47.286+0000][1][safepoint    ] Leaving safepoint region
[2019-06-24T10:06:47.286+0000][1][safepoint    ] Total time for which application threads were stopped: 0.0001601 seconds, Stopping threads took: 0.0001166 seconds
[2019-06-24T10:06:47.287+0000][1][safepoint    ] Application time: 0.0001760 seconds
[2019-06-24T10:06:47.287+0000][1][safepoint    ] Entering safepoint region: RevokeBias
[2019-06-24T10:06:47.287+0000][1][safepoint    ] Leaving safepoint region
[2019-06-24T10:06:47.287+0000][1][safepoint    ] Total time for which application threads were stopped: 0.0001795 seconds, Stopping threads took: 0.0001140 seconds
[2019-06-24T10:06:47.287+0000][1][safepoint    ] Application time: 0.0002802 seconds
[2019-06-24T10:06:47.287+0000][1][safepoint    ] Entering safepoint region: RevokeBias
[2019-06-24T10:06:47.287+0000][1][safepoint    ] Leaving safepoint region
[2019-06-24T10:06:47.287+0000][1][safepoint    ] Total time for which application threads were stopped: 0.0001398 seconds, Stopping threads took: 0.0000919 seconds
[2019-06-24T10:06:47.287+0000][1][safepoint    ] Application time: 0.0001218 seconds
[2019-06-24T10:06:47.287+0000][1][safepoint    ] Entering safepoint region: RevokeBias
[2019-06-24T10:06:47.287+0000][1][safepoint    ] Leaving safepoint region
[2019-06-24T10:06:47.287+0000][1][safepoint    ] Total time for which application threads were stopped: 0.0000676 seconds, Stopping threads took: 0.0000296 seconds
[2019-06-24T10:06:47.287+0000][1][safepoint    ] Application time: 0.0000429 seconds
[2019-06-24T10:06:47.288+0000][1][safepoint    ] Entering safepoint region: RevokeBias
[2019-06-24T10:06:47.288+0000][1][safepoint    ] Leaving safepoint region
[2019-06-24T10:06:47.288+0000][1][safepoint    ] Total time for which application threads were stopped: 0.0001146 seconds, Stopping threads took: 0.0000798 seconds
[2019-06-24T10:06:47.288+0000][1][safepoint    ] Application time: 0.0002881 seconds
[2019-06-24T10:06:47.288+0000][1][safepoint    ] Entering safepoint region: RevokeBias
[2019-06-24T10:06:47.288+0000][1][safepoint    ] Leaving safepoint region
[2019-06-24T10:06:47.288+0000][1][safepoint    ] Total time for which application threads were stopped: 0.0000904 seconds, Stopping threads took: 0.0000423 seconds
[2019-06-24T10:06:47.288+0000][1][safepoint    ] Application time: 0.0001022 seconds
[2019-06-24T10:06:47.288+0000][1][safepoint    ] Entering safepoint region: RevokeBias
[2019-06-24T10:06:47.288+0000][1][safepoint    ] Leaving safepoint region
[2019-06-24T10:06:47.288+0000][1][safepoint    ] Total time for which application threads were stopped: 0.0001023 seconds, Stopping threads took: 0.0000477 seconds
[2019-06-24T10:06:47.288+0000][1][safepoint    ] Application time: 0.0000483 seconds
[2019-06-24T10:06:47.288+0000][1][safepoint    ] Entering safepoint region: RevokeBias
[2019-06-24T10:06:47.288+0000][1][safepoint    ] Leaving safepoint region
[2019-06-24T10:06:47.288+0000][1][safepoint    ] Total time for which application threads were stopped: 0.0000757 seconds, Stopping threads took: 0.0000392 seconds
[2019-06-24T10:06:47.291+0000][1][safepoint    ] Application time: 0.0028587 seconds
[2019-06-24T10:06:47.291+0000][1][safepoint    ] Entering safepoint region: RevokeBias
[2019-06-24T10:06:47.291+0000][1][safepoint    ] Leaving safepoint region
[2019-06-24T10:06:47.291+0000][1][safepoint    ] Total time for which application threads were stopped: 0.0001056 seconds, Stopping threads took: 0.0000301 seconds
[2019-06-24T10:06:47.292+0000][1][safepoint    ] Application time: 0.0002563 seconds
[2019-06-24T10:06:47.292+0000][1][safepoint    ] Entering safepoint region: RevokeBias
[2019-06-24T10:06:47.292+0000][1][safepoint    ] Leaving safepoint region
[2019-06-24T10:06:47.292+0000][1][safepoint    ] Total time for which application threads were stopped: 0.0000794 seconds, Stopping threads took: 0.0000196 seconds
[2019-06-24T10:06:47.298+0000][1][safepoint    ] Application time: 0.0063405 seconds
[2019-06-24T10:06:47.298+0000][1][safepoint    ] Entering safepoint region: RevokeBias
[2019-06-24T10:06:47.298+0000][1][safepoint    ] Leaving safepoint region
[2019-06-24T10:06:47.298+0000][1][safepoint    ] Total time for which application threads were stopped: 0.0002623 seconds, Stopping threads took: 0.0000386 seconds
[2019-06-24T10:06:47.299+0000][1][safepoint    ] Application time: 0.0002307 seconds
[2019-06-24T10:06:47.299+0000][1][safepoint    ] Entering safepoint region: RevokeBias
[2019-06-24T10:06:47.299+0000][1][safepoint    ] Leaving safepoint region
[2019-06-24T10:06:47.299+0000][1][safepoint    ] Total time for which application threads were stopped: 0.0001283 seconds, Stopping threads took: 0.0000535 seconds
[2019-06-24T10:06:47.299+0000][1][safepoint    ] Application time: 0.0005273 seconds
[2019-06-24T10:06:47.299+0000][1][safepoint    ] Entering safepoint region: RevokeBias
[2019-06-24T10:06:47.299+0000][1][safepoint    ] Leaving safepoint region
[2019-06-24T10:06:47.299+0000][1][safepoint    ] Total time for which application threads were stopped: 0.0000679 seconds, Stopping threads took: 0.0000241 seconds
[2019-06-24T10:06:47.299+0000][1][safepoint    ] Application time: 0.0000911 seconds
[2019-06-24T10:06:47.299+0000][1][safepoint    ] Entering safepoint region: RevokeBias
[2019-06-24T10:06:47.300+0000][1][safepoint    ] Leaving safepoint region
[2019-06-24T10:06:47.300+0000][1][safepoint    ] Total time for which application threads were stopped: 0.0001384 seconds, Stopping threads took: 0.0000874 seconds
[2019-06-24T10:06:47.300+0000][1][safepoint    ] Application time: 0.0000825 seconds
[2019-06-24T10:06:47.300+0000][1][safepoint    ] Entering safepoint region: RevokeBias
[2019-06-24T10:06:47.300+0000][1][safepoint    ] Leaving safepoint region
[2019-06-24T10:06:47.300+0000][1][safepoint    ] Total time for which application threads were stopped: 0.0000790 seconds, Stopping threads took: 0.0000432 seconds
[2019-06-24T10:06:47.302+0000][1][safepoint    ] Application time: 0.0025780 seconds
[2019-06-24T10:06:47.302+0000][1][safepoint    ] Entering safepoint region: RevokeBias
[2019-06-24T10:06:47.302+0000][1][safepoint    ] Leaving safepoint region
[2019-06-24T10:06:47.302+0000][1][safepoint    ] Total time for which application threads were stopped: 0.0001001 seconds, Stopping threads took: 0.0000449 seconds
[2019-06-24T10:06:47.303+0000][1][safepoint    ] Application time: 0.0000897 seconds
[2019-06-24T10:06:47.303+0000][1][safepoint    ] Entering safepoint region: RevokeBias
[2019-06-24T10:06:47.303+0000][1][safepoint    ] Leaving safepoint region
[2019-06-24T10:06:47.303+0000][1][safepoint    ] Total time for which application threads were stopped: 0.0000567 seconds, Stopping threads took: 0.0000110 seconds
[2019-06-24T10:06:47.305+0000][1][safepoint    ] Application time: 0.0022726 seconds
[2019-06-24T10:06:47.305+0000][1][safepoint    ] Entering safepoint region: RevokeBias
[2019-06-24T10:06:47.305+0000][1][safepoint    ] Leaving safepoint region
[2019-06-24T10:06:47.305+0000][1][safepoint    ] Total time for which application threads were stopped: 0.0000755 seconds, Stopping threads took: 0.0000133 seconds
[2019-06-24T10:06:47.305+0000][1][safepoint    ] Application time: 0.0001347 seconds
[2019-06-24T10:06:47.305+0000][1][safepoint    ] Entering safepoint region: RevokeBias
[2019-06-24T10:06:47.305+0000][1][safepoint    ] Leaving safepoint region
[2019-06-24T10:06:47.305+0000][1][safepoint    ] Total time for which application threads were stopped: 0.0000781 seconds, Stopping threads took: 0.0000305 seconds
[2019-06-24T10:06:47.305+0000][1][safepoint    ] Application time: 0.0000858 seconds
[2019-06-24T10:06:47.305+0000][1][safepoint    ] Entering safepoint region: RevokeBias
[2019-06-24T10:06:47.305+0000][1][safepoint    ] Leaving safepoint region
[2019-06-24T10:06:47.305+0000][1][safepoint    ] Total time for which application threads were stopped: 0.0000407 seconds, Stopping threads took: 0.0000079 seconds
[2019-06-24T10:06:47.305+0000][1][safepoint    ] Application time: 0.0000341 seconds
[2019-06-24T10:06:47.305+0000][1][safepoint    ] Entering safepoint region: RevokeBias
[2019-06-24T10:06:47.306+0000][1][safepoint    ] Leaving safepoint region
[2019-06-24T10:06:47.306+0000][1][safepoint    ] Total time for which application threads were stopped: 0.0000379 seconds, Stopping threads took: 0.0000073 seconds
[2019-06-24T10:06:47.308+0000][1][safepoint    ] Application time: 0.0023967 seconds
[2019-06-24T10:06:47.308+0000][1][safepoint    ] Entering safepoint region: RevokeBias
[2019-06-24T10:06:47.308+0000][1][safepoint    ] Leaving safepoint region
[2019-06-24T10:06:47.308+0000][1][safepoint    ] Total time for which application threads were stopped: 0.0000586 seconds, Stopping threads took: 0.0000143 seconds
[2019-06-24T10:06:47.308+0000][1][safepoint    ] Application time: 0.0000959 seconds
[2019-06-24T10:06:47.308+0000][1][safepoint    ] Entering safepoint region: RevokeBias
[2019-06-24T10:06:47.308+0000][1][safepoint    ] Leaving safepoint region
[2019-06-24T10:06:47.308+0000][1][safepoint    ] Total time for which application threads were stopped: 0.0000838 seconds, Stopping threads took: 0.0000385 seconds
[2019-06-24T10:06:47.308+0000][1][safepoint    ] Application time: 0.0000917 seconds
[2019-06-24T10:06:47.308+0000][1][safepoint    ] Entering safepoint region: RevokeBias
[2019-06-24T10:06:47.309+0000][1][safepoint    ] Leaving safepoint region
[2019-06-24T10:06:47.309+0000][1][safepoint    ] Total time for which application threads were stopped: 0.0002149 seconds, Stopping threads took: 0.0001748 seconds
[2019-06-24T10:06:47.309+0000][1][safepoint    ] Application time: 0.0001221 seconds
[2019-06-24T10:06:47.309+0000][1][safepoint    ] Entering safepoint region: RevokeBias
[2019-06-24T10:06:47.309+0000][1][safepoint    ] Leaving safepoint region
[2019-06-24T10:06:47.309+0000][1][safepoint    ] Total time for which application threads were stopped: 0.0000979 seconds, Stopping threads took: 0.0000458 seconds
[2019-06-24T10:06:47.311+0000][1][safepoint    ] Application time: 0.0026827 seconds
[2019-06-24T10:06:47.313+0000][1][safepoint    ] Entering safepoint region: RevokeBias
[2019-06-24T10:06:47.313+0000][1][safepoint    ] Leaving safepoint region
[2019-06-24T10:06:47.313+0000][1][safepoint    ] Total time for which application threads were stopped: 0.0019328 seconds, Stopping threads took: 0.0018494 seconds
[2019-06-24T10:06:47.314+0000][1][safepoint    ] Application time: 0.0000811 seconds
[2019-06-24T10:06:47.314+0000][1][safepoint    ] Entering safepoint region: RevokeBias
[2019-06-24T10:06:47.314+0000][1][safepoint    ] Leaving safepoint region
[2019-06-24T10:06:47.314+0000][1][safepoint    ] Total time for which application threads were stopped: 0.0000694 seconds, Stopping threads took: 0.0000233 seconds
[2019-06-24T10:06:47.315+0000][1][safepoint    ] Application time: 0.0014292 seconds
[2019-06-24T10:06:47.315+0000][1][safepoint    ] Entering safepoint region: RevokeBias
[2019-06-24T10:06:47.315+0000][1][safepoint    ] Leaving safepoint region
[2019-06-24T10:06:47.315+0000][1][safepoint    ] Total time for which application threads were stopped: 0.0000961 seconds, Stopping threads took: 0.0000271 seconds
[2019-06-24T10:06:47.316+0000][1][safepoint    ] Application time: 0.0008098 seconds
[2019-06-24T10:06:47.316+0000][1][safepoint    ] Entering safepoint region: RevokeBias
[2019-06-24T10:06:47.316+0000][1][safepoint    ] Leaving safepoint region
[2019-06-24T10:06:47.316+0000][1][safepoint    ] Total time for which application threads were stopped: 0.0001806 seconds, Stopping threads took: 0.0001175 seconds
[2019-06-24T10:06:47.316+0000][1][safepoint    ] Application time: 0.0000989 seconds
[2019-06-24T10:06:47.316+0000][1][safepoint    ] Entering safepoint region: RevokeBias
[2019-06-24T10:06:47.316+0000][1][safepoint    ] Leaving safepoint region
[2019-06-24T10:06:47.316+0000][1][safepoint    ] Total time for which application threads were stopped: 0.0000911 seconds, Stopping threads took: 0.0000446 seconds
[2019-06-24T10:06:47.316+0000][1][safepoint    ] Application time: 0.0000791 seconds
[2019-06-24T10:06:47.317+0000][1][safepoint    ] Entering safepoint region: RevokeBias
[2019-06-24T10:06:47.317+0000][1][safepoint    ] Leaving safepoint region
[2019-06-24T10:06:47.317+0000][1][safepoint    ] Total time for which application threads were stopped: 0.0001306 seconds, Stopping threads took: 0.0000732 seconds
[2019-06-24T10:06:47.317+0000][1][safepoint    ] Application time: 0.0002557 seconds
[2019-06-24T10:06:47.317+0000][1][safepoint    ] Entering safepoint region: RevokeBias
[2019-06-24T10:06:47.317+0000][1][safepoint    ] Leaving safepoint region
[2019-06-24T10:06:47.317+0000][1][safepoint    ] Total time for which application threads were stopped: 0.0001691 seconds, Stopping threads took: 0.0001036 seconds
[2019-06-24T10:06:47.317+0000][1][safepoint    ] Application time: 0.0001555 seconds
[2019-06-24T10:06:47.317+0000][1][safepoint    ] Entering safepoint region: RevokeBias
[2019-06-24T10:06:47.317+0000][1][safepoint    ] Leaving safepoint region
[2019-06-24T10:06:47.317+0000][1][safepoint    ] Total time for which application threads were stopped: 0.0000805 seconds, Stopping threads took: 0.0000232 seconds
[2019-06-24T10:06:47.317+0000][1][safepoint    ] Application time: 0.0000728 seconds
[2019-06-24T10:06:47.317+0000][1][safepoint    ] Entering safepoint region: RevokeBias
[2019-06-24T10:06:47.318+0000][1][safepoint    ] Leaving safepoint region
[2019-06-24T10:06:47.318+0000][1][safepoint    ] Total time for which application threads were stopped: 0.0000955 seconds, Stopping threads took: 0.0000448 seconds
[2019-06-24T10:06:47.318+0000][1][safepoint    ] Application time: 0.0004597 seconds
[2019-06-24T10:06:47.318+0000][1][safepoint    ] Entering safepoint region: RevokeBias
[2019-06-24T10:06:47.318+0000][1][safepoint    ] Leaving safepoint region
[2019-06-24T10:06:47.318+0000][1][safepoint    ] Total time for which application threads were stopped: 0.0001857 seconds, Stopping threads took: 0.0000906 seconds
[2019-06-24T10:06:47.319+0000][1][safepoint    ] Application time: 0.0005456 seconds
[2019-06-24T10:06:47.319+0000][1][safepoint    ] Entering safepoint region: RevokeBias
[2019-06-24T10:06:47.319+0000][1][safepoint    ] Leaving safepoint region
[2019-06-24T10:06:47.319+0000][1][safepoint    ] Total time for which application threads were stopped: 0.0001441 seconds, Stopping threads took: 0.0000302 seconds
[2019-06-24T10:06:47.319+0000][1][safepoint    ] Application time: 0.0000764 seconds
[2019-06-24T10:06:47.319+0000][1][safepoint    ] Entering safepoint region: RevokeBias
[2019-06-24T10:06:47.319+0000][1][safepoint    ] Leaving safepoint region
[2019-06-24T10:06:47.319+0000][1][safepoint    ] Total time for which application threads were stopped: 0.0001192 seconds, Stopping threads took: 0.0000597 seconds
[2019-06-24T10:06:47.322+0000][1][safepoint    ] Application time: 0.0032638 seconds
[2019-06-24T10:06:47.323+0000][1][safepoint    ] Entering safepoint region: RevokeBias
[2019-06-24T10:06:47.323+0000][1][safepoint    ] Leaving safepoint region
[2019-06-24T10:06:47.323+0000][1][safepoint    ] Total time for which application threads were stopped: 0.0001489 seconds, Stopping threads took: 0.0000914 seconds
[2019-06-24T10:06:47.323+0000][1][safepoint    ] Application time: 0.0000479 seconds
[2019-06-24T10:06:47.323+0000][1][safepoint    ] Entering safepoint region: RevokeBias
[2019-06-24T10:06:47.323+0000][1][safepoint    ] Leaving safepoint region
[2019-06-24T10:06:47.323+0000][1][safepoint    ] Total time for which application threads were stopped: 0.0000495 seconds, Stopping threads took: 0.0000085 seconds
[2019-06-24T10:06:47.333+0000][1][safepoint    ] Application time: 0.0098074 seconds
[2019-06-24T10:06:47.333+0000][1][safepoint    ] Entering safepoint region: RevokeBias
[2019-06-24T10:06:47.333+0000][1][safepoint    ] Leaving safepoint region
[2019-06-24T10:06:47.333+0000][1][safepoint    ] Total time for which application threads were stopped: 0.0000634 seconds, Stopping threads took: 0.0000143 seconds
[2019-06-24T10:06:47.342+0000][1][safepoint    ] Application time: 0.0088381 seconds
[2019-06-24T10:06:47.342+0000][1][safepoint    ] Entering safepoint region: RevokeBias
[2019-06-24T10:06:47.342+0000][1][safepoint    ] Leaving safepoint region
[2019-06-24T10:06:47.342+0000][1][safepoint    ] Total time for which application threads were stopped: 0.0001185 seconds, Stopping threads took: 0.0000401 seconds
[2019-06-24T10:06:47.344+0000][1][safepoint    ] Application time: 0.0018251 seconds
[2019-06-24T10:06:47.344+0000][1][safepoint    ] Entering safepoint region: RevokeBias
[2019-06-24T10:06:47.344+0000][1][safepoint    ] Leaving safepoint region
[2019-06-24T10:06:47.344+0000][1][safepoint    ] Total time for which application threads were stopped: 0.0000530 seconds, Stopping threads took: 0.0000127 seconds
[2019-06-24T10:06:47.344+0000][1][safepoint    ] Application time: 0.0002718 seconds
[2019-06-24T10:06:47.344+0000][1][safepoint    ] Entering safepoint region: RevokeBias
[2019-06-24T10:06:47.344+0000][1][safepoint    ] Leaving safepoint region
[2019-06-24T10:06:47.344+0000][1][safepoint    ] Total time for which application threads were stopped: 0.0000410 seconds, Stopping threads took: 0.0000083 seconds
[2019-06-24T10:06:47.344+0000][1][safepoint    ] Application time: 0.0000792 seconds
[2019-06-24T10:06:47.344+0000][1][safepoint    ] Entering safepoint region: RevokeBias
[2019-06-24T10:06:47.344+0000][1][safepoint    ] Leaving safepoint region
[2019-06-24T10:06:47.344+0000][1][safepoint    ] Total time for which application threads were stopped: 0.0000417 seconds, Stopping threads took: 0.0000082 seconds
[2019-06-24T10:06:47.344+0000][1][safepoint    ] Application time: 0.0000618 seconds
[2019-06-24T10:06:47.344+0000][1][safepoint    ] Entering safepoint region: RevokeBias
[2019-06-24T10:06:47.344+0000][1][safepoint    ] Leaving safepoint region
[2019-06-24T10:06:47.344+0000][1][safepoint    ] Total time for which application threads were stopped: 0.0000390 seconds, Stopping threads took: 0.0000080 seconds
[2019-06-24T10:06:47.344+0000][1][safepoint    ] Application time: 0.0002493 seconds
[2019-06-24T10:06:47.344+0000][1][safepoint    ] Entering safepoint region: RevokeBias
[2019-06-24T10:06:47.344+0000][1][safepoint    ] Leaving safepoint region
[2019-06-24T10:06:47.344+0000][1][safepoint    ] Total time for which application threads were stopped: 0.0000386 seconds, Stopping threads took: 0.0000080 seconds
[2019-06-24T10:06:47.365+0000][1][safepoint    ] Application time: 0.0202227 seconds
[2019-06-24T10:06:47.365+0000][1][safepoint    ] Entering safepoint region: RevokeBias
[2019-06-24T10:06:47.365+0000][1][safepoint    ] Leaving safepoint region
[2019-06-24T10:06:47.365+0000][1][safepoint    ] Total time for which application threads were stopped: 0.0001648 seconds, Stopping threads took: 0.0000401 seconds
[2019-06-24T10:06:47.365+0000][1][safepoint    ] Application time: 0.0005514 seconds
[2019-06-24T10:06:47.366+0000][1][safepoint    ] Entering safepoint region: RevokeBias
[2019-06-24T10:06:47.366+0000][1][safepoint    ] Leaving safepoint region
[2019-06-24T10:06:47.366+0000][1][safepoint    ] Total time for which application threads were stopped: 0.0001177 seconds, Stopping threads took: 0.0000448 seconds
[2019-06-24T10:06:47.366+0000][1][safepoint    ] Application time: 0.0003022 seconds
[2019-06-24T10:06:47.366+0000][1][safepoint    ] Entering safepoint region: RevokeBias
[2019-06-24T10:06:47.366+0000][1][safepoint    ] Leaving safepoint region
[2019-06-24T10:06:47.366+0000][1][safepoint    ] Total time for which application threads were stopped: 0.0000803 seconds, Stopping threads took: 0.0000274 seconds
[2019-06-24T10:06:47.366+0000][1][safepoint    ] Application time: 0.0000480 seconds
[2019-06-24T10:06:47.366+0000][1][safepoint    ] Entering safepoint region: RevokeBias
[2019-06-24T10:06:47.366+0000][1][safepoint    ] Leaving safepoint region
[2019-06-24T10:06:47.366+0000][1][safepoint    ] Total time for which application threads were stopped: 0.0000428 seconds, Stopping threads took: 0.0000080 seconds
[2019-06-24T10:06:47.370+0000][1][safepoint    ] Application time: 0.0035233 seconds
[2019-06-24T10:06:47.370+0000][1][safepoint    ] Entering safepoint region: RevokeBias
[2019-06-24T10:06:47.370+0000][1][safepoint    ] Leaving safepoint region
[2019-06-24T10:06:47.370+0000][1][safepoint    ] Total time for which application threads were stopped: 0.0002081 seconds, Stopping threads took: 0.0000952 seconds
[2019-06-24T10:06:47.370+0000][1][safepoint    ] Application time: 0.0002403 seconds
[2019-06-24T10:06:47.370+0000][1][safepoint    ] Entering safepoint region: RevokeBias
[2019-06-24T10:06:47.370+0000][1][safepoint    ] Leaving safepoint region
[2019-06-24T10:06:47.370+0000][1][safepoint    ] Total time for which application threads were stopped: 0.0001327 seconds, Stopping threads took: 0.0000517 seconds
[2019-06-24T10:06:47.374+0000][1][safepoint    ] Application time: 0.0034779 seconds
[2019-06-24T10:06:47.374+0000][1][safepoint    ] Entering safepoint region: RevokeBias
[2019-06-24T10:06:47.374+0000][1][safepoint    ] Leaving safepoint region
[2019-06-24T10:06:47.374+0000][1][safepoint    ] Total time for which application threads were stopped: 0.0005075 seconds, Stopping threads took: 0.0004008 seconds
[2019-06-24T10:06:47.375+0000][1][safepoint    ] Application time: 0.0007804 seconds
[2019-06-24T10:06:47.375+0000][1][safepoint    ] Entering safepoint region: RevokeBias
[2019-06-24T10:06:47.375+0000][1][safepoint    ] Leaving safepoint region
[2019-06-24T10:06:47.375+0000][1][safepoint    ] Total time for which application threads were stopped: 0.0002247 seconds, Stopping threads took: 0.0001617 seconds
[2019-06-24T10:06:47.376+0000][1][safepoint    ] Application time: 0.0001115 seconds
[2019-06-24T10:06:47.376+0000][1][safepoint    ] Entering safepoint region: RevokeBias
[2019-06-24T10:06:47.376+0000][1][safepoint    ] Leaving safepoint region
[2019-06-24T10:06:47.376+0000][1][safepoint    ] Total time for which application threads were stopped: 0.0000834 seconds, Stopping threads took: 0.0000532 seconds
[2019-06-24T10:06:47.377+0000][1][safepoint    ] Application time: 0.0010309 seconds
[2019-06-24T10:06:47.377+0000][1][safepoint    ] Entering safepoint region: RevokeBias
[2019-06-24T10:06:47.377+0000][1][safepoint    ] Leaving safepoint region
[2019-06-24T10:06:47.377+0000][1][safepoint    ] Total time for which application threads were stopped: 0.0000919 seconds, Stopping threads took: 0.0000310 seconds
[2019-06-24T10:06:47.377+0000][1][safepoint    ] Application time: 0.0003565 seconds
[2019-06-24T10:06:47.377+0000][1][safepoint    ] Entering safepoint region: RevokeBias
[2019-06-24T10:06:47.377+0000][1][safepoint    ] Leaving safepoint region
[2019-06-24T10:06:47.377+0000][1][safepoint    ] Total time for which application threads were stopped: 0.0000830 seconds, Stopping threads took: 0.0000404 seconds
[2019-06-24T10:06:47.377+0000][1][safepoint    ] Application time: 0.0000766 seconds
[2019-06-24T10:06:47.377+0000][1][safepoint    ] Entering safepoint region: RevokeBias
[2019-06-24T10:06:47.377+0000][1][safepoint    ] Leaving safepoint region
[2019-06-24T10:06:47.378+0000][1][safepoint    ] Total time for which application threads were stopped: 0.0001341 seconds, Stopping threads took: 0.0000718 seconds
[2019-06-24T10:06:47.378+0000][1][safepoint    ] Application time: 0.0001361 seconds
[2019-06-24T10:06:47.378+0000][1][safepoint    ] Entering safepoint region: RevokeBias
[2019-06-24T10:06:47.378+0000][1][safepoint    ] Leaving safepoint region
[2019-06-24T10:06:47.378+0000][1][safepoint    ] Total time for which application threads were stopped: 0.0001760 seconds, Stopping threads took: 0.0001013 seconds
[2019-06-24T10:06:47.378+0000][1][safepoint    ] Application time: 0.0003426 seconds
[2019-06-24T10:06:47.378+0000][1][safepoint    ] Entering safepoint region: RevokeBias
[2019-06-24T10:06:47.378+0000][1][safepoint    ] Leaving safepoint region
[2019-06-24T10:06:47.378+0000][1][safepoint    ] Total time for which application threads were stopped: 0.0001093 seconds, Stopping threads took: 0.0000438 seconds
[2019-06-24T10:06:47.379+0000][1][safepoint    ] Application time: 0.0002004 seconds
[2019-06-24T10:06:47.379+0000][1][safepoint    ] Entering safepoint region: RevokeBias
[2019-06-24T10:06:47.379+0000][1][safepoint    ] Leaving safepoint region
[2019-06-24T10:06:47.379+0000][1][safepoint    ] Total time for which application threads were stopped: 0.0002618 seconds, Stopping threads took: 0.0001960 seconds
[2019-06-24T10:06:47.379+0000][1][safepoint    ] Application time: 0.0000399 seconds
[2019-06-24T10:06:47.379+0000][1][safepoint    ] Entering safepoint region: RevokeBias
[2019-06-24T10:06:47.379+0000][1][safepoint    ] Leaving safepoint region
[2019-06-24T10:06:47.379+0000][1][safepoint    ] Total time for which application threads were stopped: 0.0000980 seconds, Stopping threads took: 0.0000424 seconds
[2019-06-24T10:06:47.379+0000][1][safepoint    ] Application time: 0.0003350 seconds
[2019-06-24T10:06:47.379+0000][1][safepoint    ] Entering safepoint region: RevokeBias
[2019-06-24T10:06:47.379+0000][1][safepoint    ] Leaving safepoint region
[2019-06-24T10:06:47.380+0000][1][safepoint    ] Total time for which application threads were stopped: 0.0001213 seconds, Stopping threads took: 0.0000501 seconds
[2019-06-24T10:06:47.380+0000][1][safepoint    ] Application time: 0.0001174 seconds
[2019-06-24T10:06:47.380+0000][1][safepoint    ] Entering safepoint region: RevokeBias
[2019-06-24T10:06:47.380+0000][1][safepoint    ] Leaving safepoint region
[2019-06-24T10:06:47.380+0000][1][safepoint    ] Total time for which application threads were stopped: 0.0000981 seconds, Stopping threads took: 0.0000207 seconds
[2019-06-24T10:06:47.380+0000][1][safepoint    ] Application time: 0.0005181 seconds
[2019-06-24T10:06:47.380+0000][1][safepoint    ] Entering safepoint region: RevokeBias
[2019-06-24T10:06:47.380+0000][1][safepoint    ] Leaving safepoint region
[2019-06-24T10:06:47.380+0000][1][safepoint    ] Total time for which application threads were stopped: 0.0001787 seconds, Stopping threads took: 0.0000981 seconds
[2019-06-24T10:06:47.381+0000][1][safepoint    ] Application time: 0.0002981 seconds
[2019-06-24T10:06:47.381+0000][1][safepoint    ] Entering safepoint region: RevokeBias
[2019-06-24T10:06:47.381+0000][1][safepoint    ] Leaving safepoint region
[2019-06-24T10:06:47.381+0000][1][safepoint    ] Total time for which application threads were stopped: 0.0001077 seconds, Stopping threads took: 0.0000453 seconds
[2019-06-24T10:06:47.381+0000][1][safepoint    ] Application time: 0.0002141 seconds
[2019-06-24T10:06:47.381+0000][1][safepoint    ] Entering safepoint region: RevokeBias
[2019-06-24T10:06:47.381+0000][1][safepoint    ] Leaving safepoint region
[2019-06-24T10:06:47.381+0000][1][safepoint    ] Total time for which application threads were stopped: 0.0000839 seconds, Stopping threads took: 0.0000403 seconds
[2019-06-24T10:06:47.381+0000][1][safepoint    ] Application time: 0.0002164 seconds
[2019-06-24T10:06:47.382+0000][1][safepoint    ] Entering safepoint region: RevokeBias
[2019-06-24T10:06:47.382+0000][1][safepoint    ] Leaving safepoint region
[2019-06-24T10:06:47.382+0000][1][safepoint    ] Total time for which application threads were stopped: 0.0001071 seconds, Stopping threads took: 0.0000398 seconds
[2019-06-24T10:06:47.382+0000][1][safepoint    ] Application time: 0.0001150 seconds
[2019-06-24T10:06:47.382+0000][1][safepoint    ] Entering safepoint region: RevokeBias
[2019-06-24T10:06:47.382+0000][1][safepoint    ] Leaving safepoint region
[2019-06-24T10:06:47.382+0000][1][safepoint    ] Total time for which application threads were stopped: 0.0001804 seconds, Stopping threads took: 0.0001226 seconds
[2019-06-24T10:06:47.382+0000][1][safepoint    ] Application time: 0.0003134 seconds
[2019-06-24T10:06:47.382+0000][1][safepoint    ] Entering safepoint region: RevokeBias
[2019-06-24T10:06:47.383+0000][1][safepoint    ] Leaving safepoint region
[2019-06-24T10:06:47.383+0000][1][safepoint    ] Total time for which application threads were stopped: 0.0002789 seconds, Stopping threads took: 0.0001812 seconds
[2019-06-24T10:06:47.383+0000][1][safepoint    ] Application time: 0.0001097 seconds
[2019-06-24T10:06:47.383+0000][1][safepoint    ] Entering safepoint region: RevokeBias
[2019-06-24T10:06:47.383+0000][1][safepoint    ] Leaving safepoint region
[2019-06-24T10:06:47.383+0000][1][safepoint    ] Total time for which application threads were stopped: 0.0001475 seconds, Stopping threads took: 0.0000874 seconds
[2019-06-24T10:06:47.383+0000][1][safepoint    ] Application time: 0.0001540 seconds
[2019-06-24T10:06:47.383+0000][1][safepoint    ] Entering safepoint region: RevokeBias
[2019-06-24T10:06:47.383+0000][1][safepoint    ] Leaving safepoint region
[2019-06-24T10:06:47.383+0000][1][safepoint    ] Total time for which application threads were stopped: 0.0001269 seconds, Stopping threads took: 0.0000544 seconds
[2019-06-24T10:06:47.383+0000][1][safepoint    ] Application time: 0.0002212 seconds
[2019-06-24T10:06:47.383+0000][1][safepoint    ] Entering safepoint region: RevokeBias
[2019-06-24T10:06:47.383+0000][1][safepoint    ] Leaving safepoint region
[2019-06-24T10:06:47.383+0000][1][safepoint    ] Total time for which application threads were stopped: 0.0000719 seconds, Stopping threads took: 0.0000138 seconds
[2019-06-24T10:06:47.384+0000][1][safepoint    ] Application time: 0.0001732 seconds
[2019-06-24T10:06:47.384+0000][1][safepoint    ] Entering safepoint region: RevokeBias
[2019-06-24T10:06:47.384+0000][1][safepoint    ] Leaving safepoint region
[2019-06-24T10:06:47.384+0000][1][safepoint    ] Total time for which application threads were stopped: 0.0001469 seconds, Stopping threads took: 0.0001076 seconds
[2019-06-24T10:06:47.384+0000][1][safepoint    ] Application time: 0.0002599 seconds
[2019-06-24T10:06:47.384+0000][1][safepoint    ] Entering safepoint region: RevokeBias
[2019-06-24T10:06:47.384+0000][1][safepoint    ] Leaving safepoint region
[2019-06-24T10:06:47.384+0000][1][safepoint    ] Total time for which application threads were stopped: 0.0003127 seconds, Stopping threads took: 0.0002173 seconds
[2019-06-24T10:06:47.387+0000][1][safepoint    ] Application time: 0.0022227 seconds
[2019-06-24T10:06:47.387+0000][1][safepoint    ] Entering safepoint region: RevokeBias
[2019-06-24T10:06:47.387+0000][1][safepoint    ] Leaving safepoint region
[2019-06-24T10:06:47.387+0000][1][safepoint    ] Total time for which application threads were stopped: 0.0002055 seconds, Stopping threads took: 0.0001049 seconds
[2019-06-24T10:06:47.387+0000][1][safepoint    ] Application time: 0.0001646 seconds
[2019-06-24T10:06:47.387+0000][1][safepoint    ] Entering safepoint region: RevokeBias
[2019-06-24T10:06:47.387+0000][1][safepoint    ] Leaving safepoint region
[2019-06-24T10:06:47.387+0000][1][safepoint    ] Total time for which application threads were stopped: 0.0001286 seconds, Stopping threads took: 0.0000342 seconds
[2019-06-24T10:06:47.388+0000][1][safepoint    ] Application time: 0.0004162 seconds
[2019-06-24T10:06:47.388+0000][1][safepoint    ] Entering safepoint region: RevokeBias
[2019-06-24T10:06:47.388+0000][1][safepoint    ] Leaving safepoint region
[2019-06-24T10:06:47.388+0000][1][safepoint    ] Total time for which application threads were stopped: 0.0001547 seconds, Stopping threads took: 0.0000719 seconds
[2019-06-24T10:06:47.391+0000][1][safepoint    ] Application time: 0.0028148 seconds
[2019-06-24T10:06:47.391+0000][1][safepoint    ] Entering safepoint region: RevokeBias
[2019-06-24T10:06:47.391+0000][1][safepoint    ] Leaving safepoint region
[2019-06-24T10:06:47.391+0000][1][safepoint    ] Total time for which application threads were stopped: 0.0001981 seconds, Stopping threads took: 0.0001099 seconds
[2019-06-24T10:06:47.391+0000][1][safepoint    ] Application time: 0.0002479 seconds
[2019-06-24T10:06:47.391+0000][1][safepoint    ] Entering safepoint region: RevokeBias
[2019-06-24T10:06:47.391+0000][1][safepoint    ] Leaving safepoint region
[2019-06-24T10:06:47.391+0000][1][safepoint    ] Total time for which application threads were stopped: 0.0002116 seconds, Stopping threads took: 0.0001457 seconds
[2019-06-24T10:06:47.391+0000][1][safepoint    ] Application time: 0.0000886 seconds
[2019-06-24T10:06:47.392+0000][1][safepoint    ] Entering safepoint region: RevokeBias
[2019-06-24T10:06:47.392+0000][1][safepoint    ] Leaving safepoint region
[2019-06-24T10:06:47.392+0000][1][safepoint    ] Total time for which application threads were stopped: 0.0001653 seconds, Stopping threads took: 0.0001103 seconds
[2019-06-24T10:06:47.392+0000][1][safepoint    ] Application time: 0.0001156 seconds
[2019-06-24T10:06:47.392+0000][1][safepoint    ] Entering safepoint region: RevokeBias
[2019-06-24T10:06:47.392+0000][1][safepoint    ] Leaving safepoint region
[2019-06-24T10:06:47.392+0000][1][safepoint    ] Total time for which application threads were stopped: 0.0001935 seconds, Stopping threads took: 0.0001077 seconds
[2019-06-24T10:06:47.392+0000][1][safepoint    ] Application time: 0.0003012 seconds
[2019-06-24T10:06:47.392+0000][1][safepoint    ] Entering safepoint region: RevokeBias
[2019-06-24T10:06:47.392+0000][1][safepoint    ] Leaving safepoint region
[2019-06-24T10:06:47.392+0000][1][safepoint    ] Total time for which application threads were stopped: 0.0001264 seconds, Stopping threads took: 0.0000519 seconds
[2019-06-24T10:06:47.393+0000][1][safepoint    ] Application time: 0.0000896 seconds
[2019-06-24T10:06:47.393+0000][1][safepoint    ] Entering safepoint region: RevokeBias
[2019-06-24T10:06:47.393+0000][1][safepoint    ] Leaving safepoint region
[2019-06-24T10:06:47.393+0000][1][safepoint    ] Total time for which application threads were stopped: 0.0001055 seconds, Stopping threads took: 0.0000633 seconds
[2019-06-24T10:06:47.393+0000][1][safepoint    ] Application time: 0.0001778 seconds
[2019-06-24T10:06:47.393+0000][1][safepoint    ] Entering safepoint region: RevokeBias
[2019-06-24T10:06:47.393+0000][1][safepoint    ] Leaving safepoint region
[2019-06-24T10:06:47.393+0000][1][safepoint    ] Total time for which application threads were stopped: 0.0001666 seconds, Stopping threads took: 0.0000646 seconds
[2019-06-24T10:06:47.393+0000][1][safepoint    ] Application time: 0.0000830 seconds
[2019-06-24T10:06:47.393+0000][1][safepoint    ] Entering safepoint region: RevokeBias
[2019-06-24T10:06:47.393+0000][1][safepoint    ] Leaving safepoint region
[2019-06-24T10:06:47.393+0000][1][safepoint    ] Total time for which application threads were stopped: 0.0001433 seconds, Stopping threads took: 0.0000559 seconds
[2019-06-24T10:06:47.394+0000][1][safepoint    ] Application time: 0.0002796 seconds
[2019-06-24T10:06:47.394+0000][1][safepoint    ] Entering safepoint region: RevokeBias
[2019-06-24T10:06:47.394+0000][1][safepoint    ] Leaving safepoint region
[2019-06-24T10:06:47.394+0000][1][safepoint    ] Total time for which application threads were stopped: 0.0003982 seconds, Stopping threads took: 0.0003210 seconds
[2019-06-24T10:06:47.394+0000][1][safepoint    ] Application time: 0.0002896 seconds
[2019-06-24T10:06:47.394+0000][1][safepoint    ] Entering safepoint region: RevokeBias
[2019-06-24T10:06:47.395+0000][1][safepoint    ] Leaving safepoint region
[2019-06-24T10:06:47.395+0000][1][safepoint    ] Total time for which application threads were stopped: 0.0004521 seconds, Stopping threads took: 0.0000924 seconds
[2019-06-24T10:06:47.395+0000][1][safepoint    ] Application time: 0.0001003 seconds
[2019-06-24T10:06:47.395+0000][1][safepoint    ] Entering safepoint region: RevokeBias
[2019-06-24T10:06:47.395+0000][1][safepoint    ] Leaving safepoint region
[2019-06-24T10:06:47.395+0000][1][safepoint    ] Total time for which application threads were stopped: 0.0001474 seconds, Stopping threads took: 0.0001007 seconds
[2019-06-24T10:06:47.395+0000][1][safepoint    ] Application time: 0.0000845 seconds
[2019-06-24T10:06:47.395+0000][1][safepoint    ] Entering safepoint region: RevokeBias
[2019-06-24T10:06:47.395+0000][1][safepoint    ] Leaving safepoint region
[2019-06-24T10:06:47.395+0000][1][safepoint    ] Total time for which application threads were stopped: 0.0000783 seconds, Stopping threads took: 0.0000349 seconds
[2019-06-24T10:06:47.396+0000][1][safepoint    ] Application time: 0.0003167 seconds
[2019-06-24T10:06:47.396+0000][1][safepoint    ] Entering safepoint region: RevokeBias
[2019-06-24T10:06:47.396+0000][1][safepoint    ] Leaving safepoint region
[2019-06-24T10:06:47.396+0000][1][safepoint    ] Total time for which application threads were stopped: 0.0001455 seconds, Stopping threads took: 0.0000660 seconds
[2019-06-24T10:06:47.396+0000][1][safepoint    ] Application time: 0.0003715 seconds
[2019-06-24T10:06:47.396+0000][1][safepoint    ] Entering safepoint region: RevokeBias
[2019-06-24T10:06:47.396+0000][1][safepoint    ] Leaving safepoint region
[2019-06-24T10:06:47.396+0000][1][safepoint    ] Total time for which application threads were stopped: 0.0001357 seconds, Stopping threads took: 0.0000596 seconds
[2019-06-24T10:06:47.397+0000][1][safepoint    ] Application time: 0.0007263 seconds
[2019-06-24T10:06:47.397+0000][1][safepoint    ] Entering safepoint region: RevokeBias
[2019-06-24T10:06:47.397+0000][1][safepoint    ] Leaving safepoint region
[2019-06-24T10:06:47.397+0000][1][safepoint    ] Total time for which application threads were stopped: 0.0001495 seconds, Stopping threads took: 0.0000702 seconds
[2019-06-24T10:06:47.398+0000][1][safepoint    ] Application time: 0.0005903 seconds
[2019-06-24T10:06:47.398+0000][1][safepoint    ] Entering safepoint region: RevokeBias
[2019-06-24T10:06:47.398+0000][1][safepoint    ] Leaving safepoint region
[2019-06-24T10:06:47.398+0000][1][safepoint    ] Total time for which application threads were stopped: 0.0001048 seconds, Stopping threads took: 0.0000225 seconds
[2019-06-24T10:06:47.400+0000][1][safepoint    ] Application time: 0.0017745 seconds
[2019-06-24T10:06:47.400+0000][1][safepoint    ] Entering safepoint region: RevokeBias
[2019-06-24T10:06:47.400+0000][1][safepoint    ] Leaving safepoint region
[2019-06-24T10:06:47.400+0000][1][safepoint    ] Total time for which application threads were stopped: 0.0001697 seconds, Stopping threads took: 0.0000856 seconds
[2019-06-24T10:06:47.401+0000][1][safepoint    ] Application time: 0.0005621 seconds
[2019-06-24T10:06:47.401+0000][1][safepoint    ] Entering safepoint region: RevokeBias
[2019-06-24T10:06:47.401+0000][1][safepoint    ] Leaving safepoint region
[2019-06-24T10:06:47.401+0000][1][safepoint    ] Total time for which application threads were stopped: 0.0001453 seconds, Stopping threads took: 0.0000830 seconds
[2019-06-24T10:06:47.404+0000][1][safepoint    ] Application time: 0.0034261 seconds
[2019-06-24T10:06:47.404+0000][1][safepoint    ] Entering safepoint region: RevokeBias
[2019-06-24T10:06:47.404+0000][1][safepoint    ] Leaving safepoint region
[2019-06-24T10:06:47.404+0000][1][safepoint    ] Total time for which application threads were stopped: 0.0001701 seconds, Stopping threads took: 0.0000798 seconds
[2019-06-24T10:06:47.405+0000][1][safepoint    ] Application time: 0.0006075 seconds
[2019-06-24T10:06:47.405+0000][1][safepoint    ] Entering safepoint region: RevokeBias
[2019-06-24T10:06:47.405+0000][1][safepoint    ] Leaving safepoint region
[2019-06-24T10:06:47.405+0000][1][safepoint    ] Total time for which application threads were stopped: 0.0001738 seconds, Stopping threads took: 0.0001091 seconds
[2019-06-24T10:06:47.409+0000][1][safepoint    ] Application time: 0.0041582 seconds
[2019-06-24T10:06:47.409+0000][1][safepoint    ] Entering safepoint region: RevokeBias
[2019-06-24T10:06:47.409+0000][1][safepoint    ] Leaving safepoint region
[2019-06-24T10:06:47.409+0000][1][safepoint    ] Total time for which application threads were stopped: 0.0000868 seconds, Stopping threads took: 0.0000203 seconds
[2019-06-24T10:06:47.412+0000][1][safepoint    ] Application time: 0.0030012 seconds
[2019-06-24T10:06:47.413+0000][1][safepoint    ] Entering safepoint region: RevokeBias
[2019-06-24T10:06:47.413+0000][1][safepoint    ] Leaving safepoint region
[2019-06-24T10:06:47.413+0000][1][safepoint    ] Total time for which application threads were stopped: 0.0001871 seconds, Stopping threads took: 0.0000963 seconds
[2019-06-24T10:06:47.415+0000][1][safepoint    ] Application time: 0.0022924 seconds
[2019-06-24T10:06:47.415+0000][1][safepoint    ] Entering safepoint region: RevokeBias
[2019-06-24T10:06:47.415+0000][1][safepoint    ] Leaving safepoint region
[2019-06-24T10:06:47.415+0000][1][safepoint    ] Total time for which application threads were stopped: 0.0004005 seconds, Stopping threads took: 0.0000569 seconds
[2019-06-24T10:06:47.417+0000][1][safepoint    ] Application time: 0.0013494 seconds
[2019-06-24T10:06:47.417+0000][1][safepoint    ] Entering safepoint region: RevokeBias
[2019-06-24T10:06:47.417+0000][1][safepoint    ] Leaving safepoint region
[2019-06-24T10:06:47.417+0000][1][safepoint    ] Total time for which application threads were stopped: 0.0001691 seconds, Stopping threads took: 0.0000483 seconds
[2019-06-24T10:06:47.417+0000][1][safepoint    ] Application time: 0.0003301 seconds
[2019-06-24T10:06:47.417+0000][1][safepoint    ] Entering safepoint region: RevokeBias
[2019-06-24T10:06:47.418+0000][1][safepoint    ] Leaving safepoint region
[2019-06-24T10:06:47.418+0000][1][safepoint    ] Total time for which application threads were stopped: 0.0001585 seconds, Stopping threads took: 0.0000940 seconds
[2019-06-24T10:06:47.418+0000][1][safepoint    ] Application time: 0.0004609 seconds
[2019-06-24T10:06:47.418+0000][1][safepoint    ] Entering safepoint region: RevokeBias
[2019-06-24T10:06:47.418+0000][1][safepoint    ] Leaving safepoint region
[2019-06-24T10:06:47.418+0000][1][safepoint    ] Total time for which application threads were stopped: 0.0001404 seconds, Stopping threads took: 0.0000720 seconds
[2019-06-24T10:06:47.418+0000][1][safepoint    ] Application time: 0.0001566 seconds
[2019-06-24T10:06:47.418+0000][1][safepoint    ] Entering safepoint region: RevokeBias
[2019-06-24T10:06:47.419+0000][1][safepoint    ] Leaving safepoint region
[2019-06-24T10:06:47.419+0000][1][safepoint    ] Total time for which application threads were stopped: 0.0001996 seconds, Stopping threads took: 0.0001000 seconds
[2019-06-24T10:06:47.419+0000][1][safepoint    ] Application time: 0.0001710 seconds
[2019-06-24T10:06:47.419+0000][1][safepoint    ] Entering safepoint region: RevokeBias
[2019-06-24T10:06:47.419+0000][1][safepoint    ] Leaving safepoint region
[2019-06-24T10:06:47.419+0000][1][safepoint    ] Total time for which application threads were stopped: 0.0001709 seconds, Stopping threads took: 0.0001052 seconds
[2019-06-24T10:06:47.419+0000][1][safepoint    ] Application time: 0.0003374 seconds
[2019-06-24T10:06:47.419+0000][1][safepoint    ] Entering safepoint region: RevokeBias
[2019-06-24T10:06:47.419+0000][1][safepoint    ] Leaving safepoint region
[2019-06-24T10:06:47.419+0000][1][safepoint    ] Total time for which application threads were stopped: 0.0001508 seconds, Stopping threads took: 0.0000849 seconds
[2019-06-24T10:06:47.420+0000][1][safepoint    ] Application time: 0.0005647 seconds
[2019-06-24T10:06:47.420+0000][1][safepoint    ] Entering safepoint region: RevokeBias
[2019-06-24T10:06:47.420+0000][1][safepoint    ] Leaving safepoint region
[2019-06-24T10:06:47.420+0000][1][safepoint    ] Total time for which application threads were stopped: 0.0001285 seconds, Stopping threads took: 0.0000633 seconds
[2019-06-24T10:06:47.421+0000][1][safepoint    ] Application time: 0.0010372 seconds
[2019-06-24T10:06:47.421+0000][1][safepoint    ] Entering safepoint region: BulkRevokeBias
[2019-06-24T10:06:47.422+0000][1][safepoint    ] Leaving safepoint region
[2019-06-24T10:06:47.422+0000][1][safepoint    ] Total time for which application threads were stopped: 0.0003679 seconds, Stopping threads took: 0.0000239 seconds
[2019-06-24T10:06:47.471+0000][1][safepoint    ] Application time: 0.0496335 seconds
[2019-06-24T10:06:47.471+0000][1][safepoint    ] Entering safepoint region: RevokeBias
[2019-06-24T10:06:47.471+0000][1][safepoint    ] Leaving safepoint region
[2019-06-24T10:06:47.471+0000][1][safepoint    ] Total time for which application threads were stopped: 0.0001111 seconds, Stopping threads took: 0.0000238 seconds
[2019-06-24T10:06:47.471+0000][1][safepoint    ] Application time: 0.0000481 seconds
[2019-06-24T10:06:47.471+0000][1][safepoint    ] Entering safepoint region: RevokeBias
[2019-06-24T10:06:47.472+0000][1][safepoint    ] Leaving safepoint region
[2019-06-24T10:06:47.472+0000][1][safepoint    ] Total time for which application threads were stopped: 0.0000720 seconds, Stopping threads took: 0.0000142 seconds
[2019-06-24T10:06:47.478+0000][1][safepoint    ] Application time: 0.0068683 seconds
[2019-06-24T10:06:47.479+0000][1][safepoint    ] Entering safepoint region: RevokeBias
[2019-06-24T10:06:47.479+0000][1][safepoint    ] Leaving safepoint region
[2019-06-24T10:06:47.479+0000][1][safepoint    ] Total time for which application threads were stopped: 0.0001050 seconds, Stopping threads took: 0.0000286 seconds
[2019-06-24T10:06:47.479+0000][1][safepoint    ] Application time: 0.0001070 seconds
[2019-06-24T10:06:47.479+0000][1][safepoint    ] Entering safepoint region: RevokeBias
[2019-06-24T10:06:47.479+0000][1][safepoint    ] Leaving safepoint region
[2019-06-24T10:06:47.479+0000][1][safepoint    ] Total time for which application threads were stopped: 0.0000699 seconds, Stopping threads took: 0.0000133 seconds
[2019-06-24T10:06:47.479+0000][1][safepoint    ] Application time: 0.0003939 seconds
[2019-06-24T10:06:47.479+0000][1][safepoint    ] Entering safepoint region: RevokeBias
[2019-06-24T10:06:47.479+0000][1][safepoint    ] Leaving safepoint region
[2019-06-24T10:06:47.479+0000][1][safepoint    ] Total time for which application threads were stopped: 0.0000752 seconds, Stopping threads took: 0.0000138 seconds
[2019-06-24T10:06:47.479+0000][1][safepoint    ] Application time: 0.0001014 seconds
[2019-06-24T10:06:47.480+0000][1][safepoint    ] Entering safepoint region: RevokeBias
[2019-06-24T10:06:47.480+0000][1][safepoint    ] Leaving safepoint region
[2019-06-24T10:06:47.480+0000][1][safepoint    ] Total time for which application threads were stopped: 0.0001653 seconds, Stopping threads took: 0.0001095 seconds
[2019-06-24T10:06:47.480+0000][1][safepoint    ] Application time: 0.0001104 seconds
[2019-06-24T10:06:47.480+0000][1][safepoint    ] Entering safepoint region: RevokeBias
[2019-06-24T10:06:47.480+0000][1][safepoint    ] Leaving safepoint region
[2019-06-24T10:06:47.480+0000][1][safepoint    ] Total time for which application threads were stopped: 0.0001066 seconds, Stopping threads took: 0.0000533 seconds
[2019-06-24T10:06:47.480+0000][1][safepoint    ] Application time: 0.0001069 seconds
[2019-06-24T10:06:47.480+0000][1][safepoint    ] Entering safepoint region: RevokeBias
[2019-06-24T10:06:47.480+0000][1][safepoint    ] Leaving safepoint region
[2019-06-24T10:06:47.480+0000][1][safepoint    ] Total time for which application threads were stopped: 0.0000652 seconds, Stopping threads took: 0.0000133 seconds
[2019-06-24T10:06:47.480+0000][1][safepoint    ] Application time: 0.0000986 seconds
[2019-06-24T10:06:47.480+0000][1][safepoint    ] Entering safepoint region: RevokeBias
[2019-06-24T10:06:47.480+0000][1][safepoint    ] Leaving safepoint region
[2019-06-24T10:06:47.480+0000][1][safepoint    ] Total time for which application threads were stopped: 0.0000623 seconds, Stopping threads took: 0.0000126 seconds
[2019-06-24T10:06:47.480+0000][1][safepoint    ] Application time: 0.0000323 seconds
[2019-06-24T10:06:47.480+0000][1][safepoint    ] Entering safepoint region: RevokeBias
[2019-06-24T10:06:47.480+0000][1][safepoint    ] Leaving safepoint region
[2019-06-24T10:06:47.480+0000][1][safepoint    ] Total time for which application threads were stopped: 0.0000614 seconds, Stopping threads took: 0.0000124 seconds
[2019-06-24T10:06:47.512+0000][1][safepoint    ] Application time: 0.0319032 seconds
[2019-06-24T10:06:47.512+0000][1][safepoint    ] Entering safepoint region: RevokeBias
[2019-06-24T10:06:47.513+0000][1][safepoint    ] Leaving safepoint region
[2019-06-24T10:06:47.513+0000][1][safepoint    ] Total time for which application threads were stopped: 0.0002046 seconds, Stopping threads took: 0.0001140 seconds
[2019-06-24T10:06:47.520+0000][1][safepoint    ] Application time: 0.0072126 seconds
[2019-06-24T10:06:47.520+0000][1][safepoint    ] Entering safepoint region: RevokeBias
[2019-06-24T10:06:47.520+0000][1][safepoint    ] Leaving safepoint region
[2019-06-24T10:06:47.520+0000][1][safepoint    ] Total time for which application threads were stopped: 0.0002003 seconds, Stopping threads took: 0.0001104 seconds
[2019-06-24T10:06:47.520+0000][1][safepoint    ] Application time: 0.0003744 seconds
[2019-06-24T10:06:47.521+0000][1][safepoint    ] Entering safepoint region: RevokeBias
[2019-06-24T10:06:47.521+0000][1][safepoint    ] Leaving safepoint region
[2019-06-24T10:06:47.521+0000][1][safepoint    ] Total time for which application threads were stopped: 0.0007356 seconds, Stopping threads took: 0.0006366 seconds
[2019-06-24T10:06:47.525+0000][1][safepoint    ] Application time: 0.0040700 seconds
[2019-06-24T10:06:47.525+0000][1][safepoint    ] Entering safepoint region: RevokeBias
[2019-06-24T10:06:47.525+0000][1][safepoint    ] Leaving safepoint region
[2019-06-24T10:06:47.526+0000][1][safepoint    ] Total time for which application threads were stopped: 0.0002279 seconds, Stopping threads took: 0.0001175 seconds
[2019-06-24T10:06:47.540+0000][1][safepoint    ] Application time: 0.0146686 seconds
[2019-06-24T10:06:47.540+0000][1][safepoint    ] Entering safepoint region: RevokeBias
[2019-06-24T10:06:47.541+0000][1][safepoint    ] Leaving safepoint region
[2019-06-24T10:06:47.541+0000][1][safepoint    ] Total time for which application threads were stopped: 0.0004531 seconds, Stopping threads took: 0.0000606 seconds
[2019-06-24T10:06:47.542+0000][1][safepoint    ] Application time: 0.0009226 seconds
[2019-06-24T10:06:47.542+0000][1][safepoint    ] Entering safepoint region: BulkRevokeBias
[2019-06-24T10:06:47.542+0000][1][safepoint    ] Leaving safepoint region
[2019-06-24T10:06:47.542+0000][1][safepoint    ] Total time for which application threads were stopped: 0.0006189 seconds, Stopping threads took: 0.0001022 seconds
[2019-06-24T10:06:47.573+0000][1][safepoint    ] Application time: 0.0303073 seconds
[2019-06-24T10:06:47.573+0000][1][safepoint    ] Entering safepoint region: RevokeBias
[2019-06-24T10:06:47.573+0000][1][safepoint    ] Leaving safepoint region
[2019-06-24T10:06:47.573+0000][1][safepoint    ] Total time for which application threads were stopped: 0.0001294 seconds, Stopping threads took: 0.0000479 seconds
[2019-06-24T10:06:47.573+0000][1][safepoint    ] Application time: 0.0001213 seconds
[2019-06-24T10:06:47.573+0000][1][safepoint    ] Entering safepoint region: RevokeBias
[2019-06-24T10:06:47.573+0000][1][safepoint    ] Leaving safepoint region
[2019-06-24T10:06:47.573+0000][1][safepoint    ] Total time for which application threads were stopped: 0.0000564 seconds, Stopping threads took: 0.0000129 seconds
[2019-06-24T10:06:47.575+0000][1][safepoint    ] Application time: 0.0021125 seconds
[2019-06-24T10:06:47.575+0000][1][safepoint    ] Entering safepoint region: RevokeBias
[2019-06-24T10:06:47.575+0000][1][safepoint    ] Leaving safepoint region
[2019-06-24T10:06:47.575+0000][1][safepoint    ] Total time for which application threads were stopped: 0.0001900 seconds, Stopping threads took: 0.0001005 seconds
[2019-06-24T10:06:47.576+0000][1][safepoint    ] Application time: 0.0005681 seconds
[2019-06-24T10:06:47.576+0000][1][safepoint    ] Entering safepoint region: RevokeBias
[2019-06-24T10:06:47.577+0000][1][safepoint    ] Leaving safepoint region
[2019-06-24T10:06:47.577+0000][1][safepoint    ] Total time for which application threads were stopped: 0.0008474 seconds, Stopping threads took: 0.0001965 seconds
[2019-06-24T10:06:47.582+0000][1][safepoint    ] Application time: 0.0051372 seconds
[2019-06-24T10:06:47.582+0000][1][safepoint    ] Entering safepoint region: RevokeBias
[2019-06-24T10:06:47.582+0000][1][safepoint    ] Leaving safepoint region
[2019-06-24T10:06:47.582+0000][1][safepoint    ] Total time for which application threads were stopped: 0.0005464 seconds, Stopping threads took: 0.0004020 seconds
[2019-06-24T10:06:47.584+0000][1][safepoint    ] Application time: 0.0011742 seconds
[2019-06-24T10:06:47.585+0000][1][safepoint    ] Entering safepoint region: RevokeBias
[2019-06-24T10:06:47.585+0000][1][safepoint    ] Leaving safepoint region
[2019-06-24T10:06:47.585+0000][1][safepoint    ] Total time for which application threads were stopped: 0.0012918 seconds, Stopping threads took: 0.0011379 seconds
[2019-06-24T10:06:47.585+0000][1][safepoint    ] Application time: 0.0004462 seconds
[2019-06-24T10:06:47.586+0000][1][safepoint    ] Entering safepoint region: RevokeBias
[2019-06-24T10:06:47.586+0000][1][safepoint    ] Leaving safepoint region
[2019-06-24T10:06:47.586+0000][1][safepoint    ] Total time for which application threads were stopped: 0.0002550 seconds, Stopping threads took: 0.0001269 seconds
[2019-06-24T10:06:47.592+0000][1][safepoint    ] Application time: 0.0057894 seconds
[2019-06-24T10:06:47.592+0000][1][safepoint    ] Entering safepoint region: RevokeBias
[2019-06-24T10:06:47.592+0000][1][safepoint    ] Leaving safepoint region
[2019-06-24T10:06:47.592+0000][1][safepoint    ] Total time for which application threads were stopped: 0.0001846 seconds, Stopping threads took: 0.0000615 seconds
[2019-06-24T10:06:47.594+0000][1][safepoint    ] Application time: 0.0022826 seconds
[2019-06-24T10:06:47.594+0000][1][safepoint    ] Entering safepoint region: RevokeBias
[2019-06-24T10:06:47.594+0000][1][safepoint    ] Leaving safepoint region
[2019-06-24T10:06:47.594+0000][1][safepoint    ] Total time for which application threads were stopped: 0.0002630 seconds, Stopping threads took: 0.0001347 seconds
[2019-06-24T10:06:47.596+0000][1][safepoint    ] Application time: 0.0014628 seconds
[2019-06-24T10:06:47.596+0000][1][safepoint    ] Entering safepoint region: RevokeBias
[2019-06-24T10:06:47.596+0000][1][safepoint    ] Leaving safepoint region
[2019-06-24T10:06:47.596+0000][1][safepoint    ] Total time for which application threads were stopped: 0.0001440 seconds, Stopping threads took: 0.0000324 seconds
[2019-06-24T10:06:47.597+0000][1][safepoint    ] Application time: 0.0007613 seconds
[2019-06-24T10:06:47.597+0000][1][safepoint    ] Entering safepoint region: RevokeBias
[2019-06-24T10:06:47.597+0000][1][safepoint    ] Leaving safepoint region
[2019-06-24T10:06:47.597+0000][1][safepoint    ] Total time for which application threads were stopped: 0.0002796 seconds, Stopping threads took: 0.0001427 seconds
[2019-06-24T10:06:47.599+0000][1][safepoint    ] Application time: 0.0019456 seconds
[2019-06-24T10:06:47.600+0000][1][safepoint    ] Entering safepoint region: RevokeBias
[2019-06-24T10:06:47.600+0000][1][safepoint    ] Leaving safepoint region
[2019-06-24T10:06:47.600+0000][1][safepoint    ] Total time for which application threads were stopped: 0.0008173 seconds, Stopping threads took: 0.0006879 seconds
[2019-06-24T10:06:47.600+0000][1][safepoint    ] Application time: 0.0004066 seconds
[2019-06-24T10:06:47.600+0000][1][safepoint    ] Entering safepoint region: RevokeBias
[2019-06-24T10:06:47.601+0000][1][safepoint    ] Leaving safepoint region
[2019-06-24T10:06:47.601+0000][1][safepoint    ] Total time for which application threads were stopped: 0.0001840 seconds, Stopping threads took: 0.0000865 seconds
[2019-06-24T10:06:47.602+0000][1][safepoint    ] Application time: 0.0015031 seconds
[2019-06-24T10:06:47.604+0000][1][safepoint    ] Entering safepoint region: RevokeBias
[2019-06-24T10:06:47.605+0000][1][safepoint    ] Leaving safepoint region
[2019-06-24T10:06:47.605+0000][1][safepoint    ] Total time for which application threads were stopped: 0.0024049 seconds, Stopping threads took: 0.0022976 seconds
[2019-06-24T10:06:47.606+0000][1][safepoint    ] Application time: 0.0012674 seconds
[2019-06-24T10:06:47.606+0000][1][safepoint    ] Entering safepoint region: RevokeBias
[2019-06-24T10:06:47.606+0000][1][safepoint    ] Leaving safepoint region
[2019-06-24T10:06:47.606+0000][1][safepoint    ] Total time for which application threads were stopped: 0.0001882 seconds, Stopping threads took: 0.0000816 seconds
[2019-06-24T10:06:47.612+0000][1][safepoint    ] Application time: 0.0061240 seconds
[2019-06-24T10:06:47.612+0000][1][safepoint    ] Entering safepoint region: RevokeBias
[2019-06-24T10:06:47.612+0000][1][safepoint    ] Leaving safepoint region
[2019-06-24T10:06:47.612+0000][1][safepoint    ] Total time for which application threads were stopped: 0.0001619 seconds, Stopping threads took: 0.0000707 seconds
[2019-06-24T10:06:47.623+0000][1][safepoint    ] Application time: 0.0104526 seconds
[2019-06-24T10:06:47.623+0000][1][safepoint    ] Entering safepoint region: RevokeBias
[2019-06-24T10:06:47.623+0000][1][safepoint    ] Leaving safepoint region
[2019-06-24T10:06:47.623+0000][1][safepoint    ] Total time for which application threads were stopped: 0.0002197 seconds, Stopping threads took: 0.0001171 seconds
[2019-06-24T10:06:47.624+0000][1][safepoint    ] Application time: 0.0003109 seconds
[2019-06-24T10:06:47.624+0000][1][safepoint    ] Entering safepoint region: RevokeBias
[2019-06-24T10:06:47.624+0000][1][safepoint    ] Leaving safepoint region
[2019-06-24T10:06:47.624+0000][1][safepoint    ] Total time for which application threads were stopped: 0.0001686 seconds, Stopping threads took: 0.0001006 seconds
[2019-06-24T10:06:47.624+0000][1][safepoint    ] Application time: 0.0000974 seconds
[2019-06-24T10:06:47.624+0000][1][safepoint    ] Entering safepoint region: RevokeBias
[2019-06-24T10:06:47.624+0000][1][safepoint    ] Leaving safepoint region
[2019-06-24T10:06:47.624+0000][1][safepoint    ] Total time for which application threads were stopped: 0.0000655 seconds, Stopping threads took: 0.0000137 seconds
[2019-06-24T10:06:47.624+0000][1][safepoint    ] Application time: 0.0002529 seconds
[2019-06-24T10:06:47.624+0000][1][safepoint    ] Entering safepoint region: RevokeBias
[2019-06-24T10:06:47.624+0000][1][safepoint    ] Leaving safepoint region
[2019-06-24T10:06:47.624+0000][1][safepoint    ] Total time for which application threads were stopped: 0.0000665 seconds, Stopping threads took: 0.0000149 seconds
[2019-06-24T10:06:47.626+0000][1][safepoint    ] Application time: 0.0017427 seconds
[2019-06-24T10:06:47.626+0000][1][safepoint    ] Entering safepoint region: RevokeBias
[2019-06-24T10:06:47.626+0000][1][safepoint    ] Leaving safepoint region
[2019-06-24T10:06:47.626+0000][1][safepoint    ] Total time for which application threads were stopped: 0.0001012 seconds, Stopping threads took: 0.0000221 seconds
[2019-06-24T10:06:47.627+0000][1][safepoint    ] Application time: 0.0004081 seconds
[2019-06-24T10:06:47.627+0000][1][safepoint    ] Entering safepoint region: RevokeBias
[2019-06-24T10:06:47.627+0000][1][safepoint    ] Leaving safepoint region
[2019-06-24T10:06:47.627+0000][1][safepoint    ] Total time for which application threads were stopped: 0.0000866 seconds, Stopping threads took: 0.0000144 seconds
[2019-06-24T10:06:47.633+0000][1][safepoint    ] Application time: 0.0067095 seconds
[2019-06-24T10:06:47.633+0000][1][safepoint    ] Entering safepoint region: RevokeBias
[2019-06-24T10:06:47.633+0000][1][safepoint    ] Leaving safepoint region
[2019-06-24T10:06:47.634+0000][1][safepoint    ] Total time for which application threads were stopped: 0.0001126 seconds, Stopping threads took: 0.0000240 seconds
[2019-06-24T10:06:47.634+0000][1][safepoint    ] Application time: 0.0000922 seconds
[2019-06-24T10:06:47.634+0000][1][safepoint    ] Entering safepoint region: RevokeBias
[2019-06-24T10:06:47.634+0000][1][safepoint    ] Leaving safepoint region
[2019-06-24T10:06:47.634+0000][1][safepoint    ] Total time for which application threads were stopped: 0.0000771 seconds, Stopping threads took: 0.0000136 seconds
[2019-06-24T10:06:47.692+0000][1][safepoint    ] Application time: 0.0578852 seconds
[2019-06-24T10:06:47.692+0000][1][safepoint    ] Entering safepoint region: Deoptimize
[2019-06-24T10:06:47.692+0000][1][safepoint    ] Leaving safepoint region
[2019-06-24T10:06:47.692+0000][1][safepoint    ] Total time for which application threads were stopped: 0.0006316 seconds, Stopping threads took: 0.0000282 seconds
[2019-06-24T10:06:47.756+0000][1][safepoint    ] Application time: 0.0633661 seconds
[2019-06-24T10:06:47.756+0000][1][safepoint    ] Entering safepoint region: RevokeBias
[2019-06-24T10:06:47.756+0000][1][safepoint    ] Leaving safepoint region
[2019-06-24T10:06:47.756+0000][1][safepoint    ] Total time for which application threads were stopped: 0.0001779 seconds, Stopping threads took: 0.0000310 seconds
[2019-06-24T10:06:47.756+0000][1][safepoint    ] Application time: 0.0000912 seconds
[2019-06-24T10:06:47.756+0000][1][safepoint    ] Entering safepoint region: RevokeBias
[2019-06-24T10:06:47.756+0000][1][safepoint    ] Leaving safepoint region
[2019-06-24T10:06:47.756+0000][1][safepoint    ] Total time for which application threads were stopped: 0.0000966 seconds, Stopping threads took: 0.0000170 seconds
[2019-06-24T10:06:47.766+0000][1][safepoint    ] Application time: 0.0102047 seconds
[2019-06-24T10:06:47.766+0000][1][safepoint    ] Entering safepoint region: RevokeBias
[2019-06-24T10:06:47.767+0000][1][safepoint    ] Leaving safepoint region
[2019-06-24T10:06:47.767+0000][1][safepoint    ] Total time for which application threads were stopped: 0.0001717 seconds, Stopping threads took: 0.0000277 seconds
[2019-06-24T10:06:47.767+0000][1][safepoint    ] Application time: 0.0000730 seconds
[2019-06-24T10:06:47.767+0000][1][safepoint    ] Entering safepoint region: BulkRevokeBias
[2019-06-24T10:06:47.767+0000][1][safepoint    ] Leaving safepoint region
[2019-06-24T10:06:47.767+0000][1][safepoint    ] Total time for which application threads were stopped: 0.0004633 seconds, Stopping threads took: 0.0001003 seconds
[2019-06-24T10:06:47.767+0000][1][safepoint    ] Application time: 0.0000847 seconds
[2019-06-24T10:06:47.767+0000][1][safepoint    ] Entering safepoint region: BulkRevokeBias
[2019-06-24T10:06:47.768+0000][1][safepoint    ] Leaving safepoint region
[2019-06-24T10:06:47.768+0000][1][safepoint    ] Total time for which application threads were stopped: 0.0003524 seconds, Stopping threads took: 0.0000157 seconds
[2019-06-24T10:06:47.768+0000][1][safepoint    ] Application time: 0.0002973 seconds
[2019-06-24T10:06:47.768+0000][1][safepoint    ] Entering safepoint region: RevokeBias
[2019-06-24T10:06:47.768+0000][1][safepoint    ] Leaving safepoint region
[2019-06-24T10:06:47.768+0000][1][safepoint    ] Total time for which application threads were stopped: 0.0000841 seconds, Stopping threads took: 0.0000157 seconds
[2019-06-24T10:06:47.770+0000][1][safepoint    ] Application time: 0.0021474 seconds
[2019-06-24T10:06:47.770+0000][1][safepoint    ] Entering safepoint region: RevokeBias
[2019-06-24T10:06:47.770+0000][1][safepoint    ] Leaving safepoint region
[2019-06-24T10:06:47.770+0000][1][safepoint    ] Total time for which application threads were stopped: 0.0000995 seconds, Stopping threads took: 0.0000217 seconds
[2019-06-24T10:06:47.770+0000][1][safepoint    ] Application time: 0.0000893 seconds
[2019-06-24T10:06:47.770+0000][1][safepoint    ] Entering safepoint region: RevokeBias
[2019-06-24T10:06:47.770+0000][1][safepoint    ] Leaving safepoint region
[2019-06-24T10:06:47.770+0000][1][safepoint    ] Total time for which application threads were stopped: 0.0000766 seconds, Stopping threads took: 0.0000148 seconds
[2019-06-24T10:06:47.829+0000][1][safepoint    ] Application time: 0.0581978 seconds
[2019-06-24T10:06:47.829+0000][1][safepoint    ] Entering safepoint region: RevokeBias
[2019-06-24T10:06:47.829+0000][1][safepoint    ] Leaving safepoint region
[2019-06-24T10:06:47.829+0000][1][safepoint    ] Total time for which application threads were stopped: 0.0002938 seconds, Stopping threads took: 0.0001225 seconds
[2019-06-24T10:06:47.829+0000][1][safepoint    ] Application time: 0.0001858 seconds
[2019-06-24T10:06:47.829+0000][1][safepoint    ] Entering safepoint region: RevokeBias
[2019-06-24T10:06:47.829+0000][1][safepoint    ] Leaving safepoint region
[2019-06-24T10:06:47.829+0000][1][safepoint    ] Total time for which application threads were stopped: 0.0000778 seconds, Stopping threads took: 0.0000200 seconds
[2019-06-24T10:06:47.830+0000][1][safepoint    ] Application time: 0.0008355 seconds
[2019-06-24T10:06:47.830+0000][1][safepoint    ] Entering safepoint region: RevokeBias
[2019-06-24T10:06:47.830+0000][1][safepoint    ] Leaving safepoint region
[2019-06-24T10:06:47.830+0000][1][safepoint    ] Total time for which application threads were stopped: 0.0001172 seconds, Stopping threads took: 0.0000289 seconds
[2019-06-24T10:06:47.875+0000][1][safepoint    ] Application time: 0.0446876 seconds
[2019-06-24T10:06:47.875+0000][1][safepoint    ] Entering safepoint region: RevokeBias
[2019-06-24T10:06:47.875+0000][1][safepoint    ] Leaving safepoint region
[2019-06-24T10:06:47.875+0000][1][safepoint    ] Total time for which application threads were stopped: 0.0001746 seconds, Stopping threads took: 0.0000829 seconds
[2019-06-24T10:06:48.059+0000][1][safepoint    ] Application time: 0.1833325 seconds
[2019-06-24T10:06:48.059+0000][1][safepoint    ] Entering safepoint region: RevokeBias
[2019-06-24T10:06:48.059+0000][1][safepoint    ] Leaving safepoint region
[2019-06-24T10:06:48.059+0000][1][safepoint    ] Total time for which application threads were stopped: 0.0001206 seconds, Stopping threads took: 0.0000312 seconds
[2019-06-24T10:06:48.059+0000][1][safepoint    ] Application time: 0.0002453 seconds
[2019-06-24T10:06:48.059+0000][1][safepoint    ] Entering safepoint region: RevokeBias
[2019-06-24T10:06:48.059+0000][1][safepoint    ] Leaving safepoint region
[2019-06-24T10:06:48.059+0000][1][safepoint    ] Total time for which application threads were stopped: 0.0001656 seconds, Stopping threads took: 0.0001039 seconds
[2019-06-24T10:06:48.081+0000][1][safepoint    ] Application time: 0.0213535 seconds
[2019-06-24T10:06:48.081+0000][1][safepoint    ] Entering safepoint region: RevokeBias
[2019-06-24T10:06:48.081+0000][1][safepoint    ] Leaving safepoint region
[2019-06-24T10:06:48.081+0000][1][safepoint    ] Total time for which application threads were stopped: 0.0001000 seconds, Stopping threads took: 0.0000238 seconds
[2019-06-24T10:06:48.081+0000][1][safepoint    ] Application time: 0.0004987 seconds
[2019-06-24T10:06:48.081+0000][1][safepoint    ] Entering safepoint region: RevokeBias
[2019-06-24T10:06:48.081+0000][1][safepoint    ] Leaving safepoint region
[2019-06-24T10:06:48.081+0000][1][safepoint    ] Total time for which application threads were stopped: 0.0000852 seconds, Stopping threads took: 0.0000150 seconds
[2019-06-24T10:06:48.086+0000][1][safepoint    ] Application time: 0.0051389 seconds
[2019-06-24T10:06:48.087+0000][1][safepoint    ] Entering safepoint region: RevokeBias
[2019-06-24T10:06:48.087+0000][1][safepoint    ] Leaving safepoint region
[2019-06-24T10:06:48.087+0000][1][safepoint    ] Total time for which application threads were stopped: 0.0001690 seconds, Stopping threads took: 0.0000734 seconds
[2019-06-24T10:06:48.087+0000][1][safepoint    ] Application time: 0.0001226 seconds
[2019-06-24T10:06:48.087+0000][1][safepoint    ] Entering safepoint region: RevokeBias
[2019-06-24T10:06:48.087+0000][1][safepoint    ] Leaving safepoint region
[2019-06-24T10:06:48.087+0000][1][safepoint    ] Total time for which application threads were stopped: 0.0000740 seconds, Stopping threads took: 0.0000142 seconds
[2019-06-24T10:06:48.087+0000][1][safepoint    ] Application time: 0.0001201 seconds
[2019-06-24T10:06:48.087+0000][1][safepoint    ] Entering safepoint region: RevokeBias
[2019-06-24T10:06:48.087+0000][1][safepoint    ] Leaving safepoint region
[2019-06-24T10:06:48.087+0000][1][safepoint    ] Total time for which application threads were stopped: 0.0000677 seconds, Stopping threads took: 0.0000136 seconds
[2019-06-24T10:06:48.088+0000][1][safepoint    ] Application time: 0.0009180 seconds
[2019-06-24T10:06:48.088+0000][1][safepoint    ] Entering safepoint region: RevokeBias
[2019-06-24T10:06:48.088+0000][1][safepoint    ] Leaving safepoint region
[2019-06-24T10:06:48.088+0000][1][safepoint    ] Total time for which application threads were stopped: 0.0001528 seconds, Stopping threads took: 0.0000552 seconds
[2019-06-24T10:06:48.088+0000][1][safepoint    ] Application time: 0.0001908 seconds
[2019-06-24T10:06:48.088+0000][1][safepoint    ] Entering safepoint region: RevokeBias
[2019-06-24T10:06:48.088+0000][1][safepoint    ] Leaving safepoint region
[2019-06-24T10:06:48.088+0000][1][safepoint    ] Total time for which application threads were stopped: 0.0000875 seconds, Stopping threads took: 0.0000174 seconds
[2019-06-24T10:06:48.103+0000][1][safepoint    ] Application time: 0.0148915 seconds
[2019-06-24T10:06:48.103+0000][1][safepoint    ] Entering safepoint region: RevokeBias
[2019-06-24T10:06:48.104+0000][1][safepoint    ] Leaving safepoint region
[2019-06-24T10:06:48.104+0000][1][safepoint    ] Total time for which application threads were stopped: 0.0001224 seconds, Stopping threads took: 0.0000267 seconds
[2019-06-24T10:06:48.104+0000][1][safepoint    ] Application time: 0.0007631 seconds
[2019-06-24T10:06:48.104+0000][1][safepoint    ] Entering safepoint region: RevokeBias
[2019-06-24T10:06:48.104+0000][1][safepoint    ] Leaving safepoint region
[2019-06-24T10:06:48.104+0000][1][safepoint    ] Total time for which application threads were stopped: 0.0001139 seconds, Stopping threads took: 0.0000385 seconds
[2019-06-24T10:06:48.111+0000][1][safepoint    ] Application time: 0.0069850 seconds
[2019-06-24T10:06:48.112+0000][1][safepoint    ] Entering safepoint region: RevokeBias
[2019-06-24T10:06:48.112+0000][1][safepoint    ] Leaving safepoint region
[2019-06-24T10:06:48.112+0000][1][safepoint    ] Total time for which application threads were stopped: 0.0001522 seconds, Stopping threads took: 0.0000522 seconds
[2019-06-24T10:06:48.147+0000][1][safepoint    ] Application time: 0.0348365 seconds
[2019-06-24T10:06:48.147+0000][1][safepoint    ] Entering safepoint region: RevokeBias
[2019-06-24T10:06:48.147+0000][1][safepoint    ] Leaving safepoint region
[2019-06-24T10:06:48.147+0000][1][safepoint    ] Total time for which application threads were stopped: 0.0001293 seconds, Stopping threads took: 0.0000536 seconds
[2019-06-24T10:06:48.147+0000][1][safepoint    ] Application time: 0.0000668 seconds
[2019-06-24T10:06:48.147+0000][1][safepoint    ] Entering safepoint region: RevokeBias
[2019-06-24T10:06:48.147+0000][1][safepoint    ] Leaving safepoint region
[2019-06-24T10:06:48.147+0000][1][safepoint    ] Total time for which application threads were stopped: 0.0000841 seconds, Stopping threads took: 0.0000389 seconds
[2019-06-24T10:06:48.147+0000][1][safepoint    ] Application time: 0.0000492 seconds
[2019-06-24T10:06:48.147+0000][1][safepoint    ] Entering safepoint region: RevokeBias
[2019-06-24T10:06:48.147+0000][1][safepoint    ] Leaving safepoint region
[2019-06-24T10:06:48.147+0000][1][safepoint    ] Total time for which application threads were stopped: 0.0000550 seconds, Stopping threads took: 0.0000132 seconds
[2019-06-24T10:06:48.147+0000][1][safepoint    ] Application time: 0.0000478 seconds
[2019-06-24T10:06:48.147+0000][1][safepoint    ] Entering safepoint region: RevokeBias
[2019-06-24T10:06:48.147+0000][1][safepoint    ] Leaving safepoint region
[2019-06-24T10:06:48.147+0000][1][safepoint    ] Total time for which application threads were stopped: 0.0000535 seconds, Stopping threads took: 0.0000130 seconds
[2019-06-24T10:06:48.147+0000][1][safepoint    ] Application time: 0.0000477 seconds
[2019-06-24T10:06:48.147+0000][1][safepoint    ] Entering safepoint region: RevokeBias
[2019-06-24T10:06:48.147+0000][1][safepoint    ] Leaving safepoint region
[2019-06-24T10:06:48.147+0000][1][safepoint    ] Total time for which application threads were stopped: 0.0000584 seconds, Stopping threads took: 0.0000128 seconds
[2019-06-24T10:06:48.147+0000][1][safepoint    ] Application time: 0.0000771 seconds
[2019-06-24T10:06:48.147+0000][1][safepoint    ] Entering safepoint region: RevokeBias
[2019-06-24T10:06:48.147+0000][1][safepoint    ] Leaving safepoint region
[2019-06-24T10:06:48.147+0000][1][safepoint    ] Total time for which application threads were stopped: 0.0000541 seconds, Stopping threads took: 0.0000128 seconds
[2019-06-24T10:06:48.148+0000][1][safepoint    ] Application time: 0.0001087 seconds
[2019-06-24T10:06:48.148+0000][1][safepoint    ] Entering safepoint region: RevokeBias
[2019-06-24T10:06:48.148+0000][1][safepoint    ] Leaving safepoint region
[2019-06-24T10:06:48.148+0000][1][safepoint    ] Total time for which application threads were stopped: 0.0000556 seconds, Stopping threads took: 0.0000133 seconds
[2019-06-24T10:06:48.148+0000][1][safepoint    ] Application time: 0.0000918 seconds
[2019-06-24T10:06:48.148+0000][1][safepoint    ] Entering safepoint region: RevokeBias
[2019-06-24T10:06:48.148+0000][1][safepoint    ] Leaving safepoint region
[2019-06-24T10:06:48.148+0000][1][safepoint    ] Total time for which application threads were stopped: 0.0001189 seconds, Stopping threads took: 0.0000737 seconds
[2019-06-24T10:06:49.148+0000][1][safepoint    ] Application time: 1.0001274 seconds
[2019-06-24T10:06:49.148+0000][1][safepoint    ] Entering safepoint region: Cleanup
[2019-06-24T10:06:49.148+0000][1][safepoint    ] Leaving safepoint region
[2019-06-24T10:06:49.148+0000][1][safepoint    ] Total time for which application threads were stopped: 0.0000962 seconds, Stopping threads took: 0.0000245 seconds
[2019-06-24T10:06:50.148+0000][1][safepoint    ] Application time: 1.0002429 seconds
[2019-06-24T10:06:50.148+0000][1][safepoint    ] Entering safepoint region: Cleanup
[2019-06-24T10:06:50.149+0000][1][safepoint    ] Leaving safepoint region
[2019-06-24T10:06:50.149+0000][1][safepoint    ] Total time for which application threads were stopped: 0.0002446 seconds, Stopping threads took: 0.0000654 seconds
[2019-06-24T10:06:51.149+0000][1][safepoint    ] Application time: 1.0003057 seconds
[2019-06-24T10:06:51.149+0000][1][safepoint    ] Entering safepoint region: Cleanup
[2019-06-24T10:06:51.149+0000][1][safepoint    ] Leaving safepoint region
[2019-06-24T10:06:51.149+0000][1][safepoint    ] Total time for which application threads were stopped: 0.0000942 seconds, Stopping threads took: 0.0000236 seconds
[2019-06-24T10:06:52.149+0000][1][safepoint    ] Application time: 1.0002011 seconds
[2019-06-24T10:06:52.150+0000][1][safepoint    ] Entering safepoint region: Cleanup
[2019-06-24T10:06:52.150+0000][1][safepoint    ] Leaving safepoint region
[2019-06-24T10:06:52.150+0000][1][safepoint    ] Total time for which application threads were stopped: 0.0002140 seconds, Stopping threads took: 0.0000555 seconds
[2019-06-24T10:06:53.150+0000][1][safepoint    ] Application time: 1.0002503 seconds
[2019-06-24T10:06:53.150+0000][1][safepoint    ] Entering safepoint region: Cleanup
[2019-06-24T10:06:53.151+0000][1][safepoint    ] Leaving safepoint region
[2019-06-24T10:06:53.151+0000][1][safepoint    ] Total time for which application threads were stopped: 0.0012197 seconds, Stopping threads took: 0.0008907 seconds
[2019-06-24T10:06:54.152+0000][1][safepoint    ] Application time: 1.0002415 seconds
[2019-06-24T10:06:54.152+0000][1][safepoint    ] Entering safepoint region: Cleanup
[2019-06-24T10:06:54.152+0000][1][safepoint    ] Leaving safepoint region
[2019-06-24T10:06:54.152+0000][1][safepoint    ] Total time for which application threads were stopped: 0.0002782 seconds, Stopping threads took: 0.0000643 seconds
[2019-06-24T10:06:55.152+0000][1][safepoint    ] Application time: 1.0002251 seconds
[2019-06-24T10:06:55.152+0000][1][safepoint    ] Entering safepoint region: Cleanup
[2019-06-24T10:06:55.153+0000][1][safepoint    ] Leaving safepoint region
[2019-06-24T10:06:55.153+0000][1][safepoint    ] Total time for which application threads were stopped: 0.0003866 seconds, Stopping threads took: 0.0000805 seconds
[2019-06-24T10:06:56.153+0000][1][safepoint    ] Application time: 1.0002960 seconds
[2019-06-24T10:06:56.153+0000][1][safepoint    ] Entering safepoint region: Cleanup
[2019-06-24T10:06:56.153+0000][1][safepoint    ] Leaving safepoint region
[2019-06-24T10:06:56.153+0000][1][safepoint    ] Total time for which application threads were stopped: 0.0001977 seconds, Stopping threads took: 0.0000607 seconds
[2019-06-24T10:06:57.154+0000][1][safepoint    ] Application time: 1.0001530 seconds
[2019-06-24T10:06:57.154+0000][1][safepoint    ] Entering safepoint region: Cleanup
[2019-06-24T10:06:57.154+0000][1][safepoint    ] Leaving safepoint region
[2019-06-24T10:06:57.154+0000][1][safepoint    ] Total time for which application threads were stopped: 0.0004232 seconds, Stopping threads took: 0.0000876 seconds
[2019-06-24T10:06:58.155+0000][1][safepoint    ] Application time: 1.0001897 seconds
[2019-06-24T10:06:58.155+0000][1][safepoint    ] Entering safepoint region: Cleanup
[2019-06-24T10:06:58.156+0000][1][safepoint    ] Leaving safepoint region
[2019-06-24T10:06:58.156+0000][1][safepoint    ] Total time for which application threads were stopped: 0.0010880 seconds, Stopping threads took: 0.0008868 seconds
[2019-06-24T10:06:59.156+0000][1][safepoint    ] Application time: 1.0001815 seconds
[2019-06-24T10:06:59.156+0000][1][safepoint    ] Entering safepoint region: Cleanup
[2019-06-24T10:06:59.156+0000][1][safepoint    ] Leaving safepoint region
[2019-06-24T10:06:59.156+0000][1][safepoint    ] Total time for which application threads were stopped: 0.0003431 seconds, Stopping threads took: 0.0000653 seconds
[2019-06-24T10:07:00.157+0000][1][safepoint    ] Application time: 1.0002961 seconds
[2019-06-24T10:07:00.157+0000][1][safepoint    ] Entering safepoint region: Cleanup
[2019-06-24T10:07:00.157+0000][1][safepoint    ] Leaving safepoint region
[2019-06-24T10:07:00.157+0000][1][safepoint    ] Total time for which application threads were stopped: 0.0004118 seconds, Stopping threads took: 0.0000790 seconds
[2019-06-24T10:07:01.157+0000][1][safepoint    ] Application time: 1.0001555 seconds
[2019-06-24T10:07:01.158+0000][1][safepoint    ] Entering safepoint region: Cleanup
[2019-06-24T10:07:01.158+0000][1][safepoint    ] Leaving safepoint region
[2019-06-24T10:07:01.158+0000][1][safepoint    ] Total time for which application threads were stopped: 0.0002631 seconds, Stopping threads took: 0.0000635 seconds
[2019-06-24T10:07:02.158+0000][1][safepoint    ] Application time: 1.0002701 seconds
[2019-06-24T10:07:02.158+0000][1][safepoint    ] Entering safepoint region: Cleanup
[2019-06-24T10:07:02.158+0000][1][safepoint    ] Leaving safepoint region
[2019-06-24T10:07:02.158+0000][1][safepoint    ] Total time for which application threads were stopped: 0.0002691 seconds, Stopping threads took: 0.0000653 seconds
[2019-06-24T10:07:02.180+0000][1][safepoint    ] Application time: 0.0219291 seconds
[2019-06-24T10:07:02.181+0000][1][safepoint    ] Entering safepoint region: GenCollectForAllocation
[2019-06-24T10:07:02.181+0000][1][gc,start     ] GC(22) Pause Young (Allocation Failure)
[2019-06-24T10:07:02.181+0000][1][gc,task      ] GC(22) Using 5 workers of 8 for evacuation
[2019-06-24T10:07:02.201+0000][1][gc,age       ] GC(22) Desired survivor size 4456448 bytes, new threshold 2 (max threshold 6)
[2019-06-24T10:07:02.201+0000][1][gc,age       ] GC(22) Age table with threshold 2 (max threshold 6)
[2019-06-24T10:07:02.201+0000][1][gc,age       ] GC(22) - age   1:    2486592 bytes,    2486592 total
[2019-06-24T10:07:02.201+0000][1][gc,age       ] GC(22) - age   2:    3579928 bytes,    6066520 total
[2019-06-24T10:07:02.201+0000][1][gc,heap      ] GC(22) ParNew: 76807K->8704K(78656K)
[2019-06-24T10:07:02.201+0000][1][gc,heap      ] GC(22) CMS: 62300K->63686K(174784K)
[2019-06-24T10:07:02.201+0000][1][gc,metaspace ] GC(22) Metaspace: 67027K->67027K(1110016K)
[2019-06-24T10:07:02.201+0000][1][gc           ] GC(22) Pause Young (Allocation Failure) 135M->70M(247M) 20.666ms
[2019-06-24T10:07:02.202+0000][1][gc,cpu       ] GC(22) User=0.10s Sys=0.00s Real=0.02s
[2019-06-24T10:07:02.202+0000][1][safepoint    ] Leaving safepoint region
[2019-06-24T10:07:02.202+0000][1][safepoint    ] Total time for which application threads were stopped: 0.0211407 seconds, Stopping threads took: 0.0000600 seconds
[2019-06-24T10:07:03.202+0000][1][safepoint    ] Application time: 1.0002271 seconds
[2019-06-24T10:07:03.202+0000][1][safepoint    ] Entering safepoint region: Cleanup
[2019-06-24T10:07:03.203+0000][1][safepoint    ] Leaving safepoint region
[2019-06-24T10:07:03.203+0000][1][safepoint    ] Total time for which application threads were stopped: 0.0011728 seconds, Stopping threads took: 0.0009045 seconds
[2019-06-24T10:07:04.203+0000][1][safepoint    ] Application time: 1.0002676 seconds
[2019-06-24T10:07:04.204+0000][1][safepoint    ] Entering safepoint region: Cleanup
[2019-06-24T10:07:04.204+0000][1][safepoint    ] Leaving safepoint region
[2019-06-24T10:07:04.204+0000][1][safepoint    ] Total time for which application threads were stopped: 0.0003864 seconds, Stopping threads took: 0.0001843 seconds
[2019-06-24T10:07:05.204+0000][1][safepoint    ] Application time: 1.0002661 seconds
[2019-06-24T10:07:05.204+0000][1][safepoint    ] Entering safepoint region: Cleanup
[2019-06-24T10:07:05.205+0000][1][safepoint    ] Leaving safepoint region
[2019-06-24T10:07:05.205+0000][1][safepoint    ] Total time for which application threads were stopped: 0.0002646 seconds, Stopping threads took: 0.0000652 seconds
[2019-06-24T10:07:06.205+0000][1][safepoint    ] Application time: 1.0002635 seconds
[2019-06-24T10:07:06.205+0000][1][safepoint    ] Entering safepoint region: Cleanup
[2019-06-24T10:07:06.205+0000][1][safepoint    ] Leaving safepoint region
[2019-06-24T10:07:06.205+0000][1][safepoint    ] Total time for which application threads were stopped: 0.0002522 seconds, Stopping threads took: 0.0000662 seconds
[2019-06-24T10:07:07.206+0000][1][safepoint    ] Application time: 1.0002930 seconds
[2019-06-24T10:07:07.206+0000][1][safepoint    ] Entering safepoint region: Cleanup
[2019-06-24T10:07:07.206+0000][1][safepoint    ] Leaving safepoint region
[2019-06-24T10:07:07.206+0000][1][safepoint    ] Total time for which application threads were stopped: 0.0001856 seconds, Stopping threads took: 0.0000442 seconds
[2019-06-24T10:07:08.206+0000][1][safepoint    ] Application time: 1.0001867 seconds
[2019-06-24T10:07:08.206+0000][1][safepoint    ] Entering safepoint region: Cleanup
[2019-06-24T10:07:08.206+0000][1][safepoint    ] Leaving safepoint region
[2019-06-24T10:07:08.207+0000][1][safepoint    ] Total time for which application threads were stopped: 0.0003351 seconds, Stopping threads took: 0.0000670 seconds
[2019-06-24T10:07:09.207+0000][1][safepoint    ] Application time: 1.0001589 seconds
[2019-06-24T10:07:09.207+0000][1][safepoint    ] Entering safepoint region: Cleanup
[2019-06-24T10:07:09.207+0000][1][safepoint    ] Leaving safepoint region
[2019-06-24T10:07:09.207+0000][1][safepoint    ] Total time for which application threads were stopped: 0.0002409 seconds, Stopping threads took: 0.0000676 seconds
[2019-06-24T10:07:10.207+0000][1][safepoint    ] Application time: 1.0001894 seconds
[2019-06-24T10:07:10.207+0000][1][safepoint    ] Entering safepoint region: Cleanup
[2019-06-24T10:07:10.208+0000][1][safepoint    ] Leaving safepoint region
[2019-06-24T10:07:10.208+0000][1][safepoint    ] Total time for which application threads were stopped: 0.0001542 seconds, Stopping threads took: 0.0000371 seconds
[2019-06-24T10:07:11.208+0000][1][safepoint    ] Application time: 1.0002069 seconds
[2019-06-24T10:07:11.208+0000][1][safepoint    ] Entering safepoint region: Cleanup
[2019-06-24T10:07:11.208+0000][1][safepoint    ] Leaving safepoint region
[2019-06-24T10:07:11.208+0000][1][safepoint    ] Total time for which application threads were stopped: 0.0002532 seconds, Stopping threads took: 0.0000639 seconds
[2019-06-24T10:07:12.208+0000][1][safepoint    ] Application time: 1.0002609 seconds
[2019-06-24T10:07:12.209+0000][1][safepoint    ] Entering safepoint region: Cleanup
[2019-06-24T10:07:12.209+0000][1][safepoint    ] Leaving safepoint region
[2019-06-24T10:07:12.209+0000][1][safepoint    ] Total time for which application threads were stopped: 0.0002367 seconds, Stopping threads took: 0.0000623 seconds
[2019-06-24T10:07:13.209+0000][1][safepoint    ] Application time: 1.0002575 seconds
[2019-06-24T10:07:13.209+0000][1][safepoint    ] Entering safepoint region: Cleanup
[2019-06-24T10:07:13.209+0000][1][safepoint    ] Leaving safepoint region
[2019-06-24T10:07:13.209+0000][1][safepoint    ] Total time for which application threads were stopped: 0.0003321 seconds, Stopping threads took: 0.0001076 seconds
[2019-06-24T10:07:14.210+0000][1][safepoint    ] Application time: 1.0002669 seconds
[2019-06-24T10:07:14.210+0000][1][safepoint    ] Entering safepoint region: Cleanup
[2019-06-24T10:07:14.210+0000][1][safepoint    ] Leaving safepoint region
[2019-06-24T10:07:14.210+0000][1][safepoint    ] Total time for which application threads were stopped: 0.0003621 seconds, Stopping threads took: 0.0000928 seconds
[2019-06-24T10:07:15.211+0000][1][safepoint    ] Application time: 1.0003084 seconds
[2019-06-24T10:07:15.211+0000][1][safepoint    ] Entering safepoint region: Cleanup
[2019-06-24T10:07:15.211+0000][1][safepoint    ] Leaving safepoint region
[2019-06-24T10:07:15.211+0000][1][safepoint    ] Total time for which application threads were stopped: 0.0002361 seconds, Stopping threads took: 0.0000559 seconds
[2019-06-24T10:07:16.211+0000][1][safepoint    ] Application time: 1.0002465 seconds
[2019-06-24T10:07:16.211+0000][1][safepoint    ] Entering safepoint region: Cleanup
[2019-06-24T10:07:16.211+0000][1][safepoint    ] Leaving safepoint region
[2019-06-24T10:07:16.211+0000][1][safepoint    ] Total time for which application threads were stopped: 0.0001253 seconds, Stopping threads took: 0.0000319 seconds
[2019-06-24T10:07:17.212+0000][1][safepoint    ] Application time: 1.0001639 seconds
[2019-06-24T10:07:17.212+0000][1][safepoint    ] Entering safepoint region: Cleanup
[2019-06-24T10:07:17.212+0000][1][safepoint    ] Leaving safepoint region
[2019-06-24T10:07:17.212+0000][1][safepoint    ] Total time for which application threads were stopped: 0.0002320 seconds, Stopping threads took: 0.0000568 seconds
[2019-06-24T10:07:18.212+0000][1][safepoint    ] Application time: 1.0002401 seconds
[2019-06-24T10:07:18.212+0000][1][safepoint    ] Entering safepoint region: Cleanup
[2019-06-24T10:07:18.213+0000][1][safepoint    ] Leaving safepoint region
[2019-06-24T10:07:18.213+0000][1][safepoint    ] Total time for which application threads were stopped: 0.0003212 seconds, Stopping threads took: 0.0000703 seconds
[2019-06-24T10:07:19.213+0000][1][safepoint    ] Application time: 1.0002600 seconds
[2019-06-24T10:07:19.213+0000][1][safepoint    ] Entering safepoint region: Cleanup
[2019-06-24T10:07:19.213+0000][1][safepoint    ] Leaving safepoint region
[2019-06-24T10:07:19.213+0000][1][safepoint    ] Total time for which application threads were stopped: 0.0003116 seconds, Stopping threads took: 0.0000810 seconds
[2019-06-24T10:07:20.214+0000][1][safepoint    ] Application time: 1.0002590 seconds
[2019-06-24T10:07:20.214+0000][1][safepoint    ] Entering safepoint region: Cleanup
[2019-06-24T10:07:20.214+0000][1][safepoint    ] Leaving safepoint region
[2019-06-24T10:07:20.214+0000][1][safepoint    ] Total time for which application threads were stopped: 0.0002743 seconds, Stopping threads took: 0.0000651 seconds
[2019-06-24T10:07:21.214+0000][1][safepoint    ] Application time: 1.0002467 seconds
[2019-06-24T10:07:21.214+0000][1][safepoint    ] Entering safepoint region: Cleanup
[2019-06-24T10:07:21.215+0000][1][safepoint    ] Leaving safepoint region
[2019-06-24T10:07:21.215+0000][1][safepoint    ] Total time for which application threads were stopped: 0.0003586 seconds, Stopping threads took: 0.0000578 seconds
[2019-06-24T10:07:22.215+0000][1][safepoint    ] Application time: 1.0001232 seconds
[2019-06-24T10:07:22.215+0000][1][safepoint    ] Entering safepoint region: Cleanup
[2019-06-24T10:07:22.215+0000][1][safepoint    ] Leaving safepoint region
[2019-06-24T10:07:22.215+0000][1][safepoint    ] Total time for which application threads were stopped: 0.0001187 seconds, Stopping threads took: 0.0000290 seconds
[2019-06-24T10:07:23.215+0000][1][safepoint    ] Application time: 1.0002491 seconds
[2019-06-24T10:07:23.215+0000][1][safepoint    ] Entering safepoint region: Cleanup
[2019-06-24T10:07:23.216+0000][1][safepoint    ] Leaving safepoint region
[2019-06-24T10:07:23.216+0000][1][safepoint    ] Total time for which application threads were stopped: 0.0002776 seconds, Stopping threads took: 0.0000634 seconds
[2019-06-24T10:07:24.216+0000][1][safepoint    ] Application time: 1.0002612 seconds
[2019-06-24T10:07:24.216+0000][1][safepoint    ] Entering safepoint region: Cleanup
[2019-06-24T10:07:24.216+0000][1][safepoint    ] Leaving safepoint region
[2019-06-24T10:07:24.216+0000][1][safepoint    ] Total time for which application threads were stopped: 0.0003159 seconds, Stopping threads took: 0.0000953 seconds
[2019-06-24T10:07:25.217+0000][1][safepoint    ] Application time: 1.0001889 seconds
[2019-06-24T10:07:25.217+0000][1][safepoint    ] Entering safepoint region: Cleanup
[2019-06-24T10:07:25.217+0000][1][safepoint    ] Leaving safepoint region
[2019-06-24T10:07:25.217+0000][1][safepoint    ] Total time for which application threads were stopped: 0.0000933 seconds, Stopping threads took: 0.0000196 seconds
[2019-06-24T10:07:26.217+0000][1][safepoint    ] Application time: 1.0001197 seconds
[2019-06-24T10:07:26.217+0000][1][safepoint    ] Entering safepoint region: Cleanup
[2019-06-24T10:07:26.217+0000][1][safepoint    ] Leaving safepoint region
[2019-06-24T10:07:26.217+0000][1][safepoint    ] Total time for which application threads were stopped: 0.0000811 seconds, Stopping threads took: 0.0000190 seconds
[2019-06-24T10:07:27.217+0000][1][safepoint    ] Application time: 1.0001174 seconds
[2019-06-24T10:07:27.217+0000][1][safepoint    ] Entering safepoint region: Cleanup
[2019-06-24T10:07:27.217+0000][1][safepoint    ] Leaving safepoint region
[2019-06-24T10:07:27.217+0000][1][safepoint    ] Total time for which application threads were stopped: 0.0001177 seconds, Stopping threads took: 0.0000274 seconds
[2019-06-24T10:07:28.218+0000][1][safepoint    ] Application time: 1.0002374 seconds
[2019-06-24T10:07:28.218+0000][1][safepoint    ] Entering safepoint region: Cleanup
[2019-06-24T10:07:28.218+0000][1][safepoint    ] Leaving safepoint region
[2019-06-24T10:07:28.218+0000][1][safepoint    ] Total time for which application threads were stopped: 0.0002622 seconds, Stopping threads took: 0.0000653 seconds
[2019-06-24T10:07:29.218+0000][1][safepoint    ] Application time: 1.0002541 seconds
[2019-06-24T10:07:29.218+0000][1][safepoint    ] Entering safepoint region: Cleanup
[2019-06-24T10:07:29.219+0000][1][safepoint    ] Leaving safepoint region
[2019-06-24T10:07:29.219+0000][1][safepoint    ] Total time for which application threads were stopped: 0.0002905 seconds, Stopping threads took: 0.0000573 seconds
[2019-06-24T10:07:30.219+0000][1][safepoint    ] Application time: 1.0001374 seconds
[2019-06-24T10:07:30.219+0000][1][safepoint    ] Entering safepoint region: Cleanup
[2019-06-24T10:07:30.219+0000][1][safepoint    ] Leaving safepoint region
[2019-06-24T10:07:30.219+0000][1][safepoint    ] Total time for which application threads were stopped: 0.0002433 seconds, Stopping threads took: 0.0000574 seconds
[2019-06-24T10:07:31.219+0000][1][safepoint    ] Application time: 1.0002911 seconds
[2019-06-24T10:07:31.219+0000][1][safepoint    ] Entering safepoint region: Cleanup
[2019-06-24T10:07:31.220+0000][1][safepoint    ] Leaving safepoint region
[2019-06-24T10:07:31.220+0000][1][safepoint    ] Total time for which application threads were stopped: 0.0000972 seconds, Stopping threads took: 0.0000242 seconds
[2019-06-24T10:07:32.220+0000][1][safepoint    ] Application time: 1.0001694 seconds
[2019-06-24T10:07:32.220+0000][1][safepoint    ] Entering safepoint region: Cleanup
[2019-06-24T10:07:32.220+0000][1][safepoint    ] Leaving safepoint region
[2019-06-24T10:07:32.220+0000][1][safepoint    ] Total time for which application threads were stopped: 0.0002497 seconds, Stopping threads took: 0.0000627 seconds
[2019-06-24T10:07:33.220+0000][1][safepoint    ] Application time: 1.0002775 seconds
[2019-06-24T10:07:33.221+0000][1][safepoint    ] Entering safepoint region: Cleanup
[2019-06-24T10:07:33.221+0000][1][safepoint    ] Leaving safepoint region
[2019-06-24T10:07:33.221+0000][1][safepoint    ] Total time for which application threads were stopped: 0.0002826 seconds, Stopping threads took: 0.0000643 seconds
[2019-06-24T10:07:34.221+0000][1][safepoint    ] Application time: 1.0002676 seconds
[2019-06-24T10:07:34.221+0000][1][safepoint    ] Entering safepoint region: Cleanup
[2019-06-24T10:07:34.221+0000][1][safepoint    ] Leaving safepoint region
[2019-06-24T10:07:34.221+0000][1][safepoint    ] Total time for which application threads were stopped: 0.0002928 seconds, Stopping threads took: 0.0000644 seconds
[2019-06-24T10:07:35.222+0000][1][safepoint    ] Application time: 1.0002161 seconds
[2019-06-24T10:07:35.222+0000][1][safepoint    ] Entering safepoint region: Cleanup
[2019-06-24T10:07:35.222+0000][1][safepoint    ] Leaving safepoint region
[2019-06-24T10:07:35.222+0000][1][safepoint    ] Total time for which application threads were stopped: 0.0002560 seconds, Stopping threads took: 0.0000639 seconds
[2019-06-24T10:07:36.222+0000][1][safepoint    ] Application time: 1.0002517 seconds
[2019-06-24T10:07:36.223+0000][1][safepoint    ] Entering safepoint region: Cleanup
[2019-06-24T10:07:36.223+0000][1][safepoint    ] Leaving safepoint region
[2019-06-24T10:07:36.223+0000][1][safepoint    ] Total time for which application threads were stopped: 0.0003068 seconds, Stopping threads took: 0.0000743 seconds
[2019-06-24T10:07:37.223+0000][1][safepoint    ] Application time: 1.0001878 seconds
[2019-06-24T10:07:37.223+0000][1][safepoint    ] Entering safepoint region: Cleanup
[2019-06-24T10:07:37.223+0000][1][safepoint    ] Leaving safepoint region
[2019-06-24T10:07:37.223+0000][1][safepoint    ] Total time for which application threads were stopped: 0.0002605 seconds, Stopping threads took: 0.0000663 seconds
[2019-06-24T10:07:38.224+0000][1][safepoint    ] Application time: 1.0002467 seconds
[2019-06-24T10:07:38.224+0000][1][safepoint    ] Entering safepoint region: Cleanup
[2019-06-24T10:07:38.224+0000][1][safepoint    ] Leaving safepoint region
[2019-06-24T10:07:38.224+0000][1][safepoint    ] Total time for which application threads were stopped: 0.0002734 seconds, Stopping threads took: 0.0000662 seconds
[2019-06-24T10:07:39.224+0000][1][safepoint    ] Application time: 1.0002751 seconds
[2019-06-24T10:07:39.225+0000][1][safepoint    ] Entering safepoint region: Cleanup
[2019-06-24T10:07:39.225+0000][1][safepoint    ] Leaving safepoint region
[2019-06-24T10:07:39.225+0000][1][safepoint    ] Total time for which application threads were stopped: 0.0002918 seconds, Stopping threads took: 0.0000727 seconds
[2019-06-24T10:07:40.225+0000][1][safepoint    ] Application time: 1.0001993 seconds
[2019-06-24T10:07:40.225+0000][1][safepoint    ] Entering safepoint region: Cleanup
[2019-06-24T10:07:40.226+0000][1][safepoint    ] Leaving safepoint region
[2019-06-24T10:07:40.226+0000][1][safepoint    ] Total time for which application threads were stopped: 0.0004640 seconds, Stopping threads took: 0.0002456 seconds
[2019-06-24T10:07:41.226+0000][1][safepoint    ] Application time: 1.0001493 seconds
[2019-06-24T10:07:41.226+0000][1][safepoint    ] Entering safepoint region: Cleanup
[2019-06-24T10:07:41.226+0000][1][safepoint    ] Leaving safepoint region
[2019-06-24T10:07:41.226+0000][1][safepoint    ] Total time for which application threads were stopped: 0.0004420 seconds, Stopping threads took: 0.0002066 seconds
[2019-06-24T10:07:42.227+0000][1][safepoint    ] Application time: 1.0002499 seconds
[2019-06-24T10:07:42.227+0000][1][safepoint    ] Entering safepoint region: Cleanup
[2019-06-24T10:07:42.227+0000][1][safepoint    ] Leaving safepoint region
[2019-06-24T10:07:42.227+0000][1][safepoint    ] Total time for which application threads were stopped: 0.0003226 seconds, Stopping threads took: 0.0000797 seconds
[2019-06-24T10:07:43.227+0000][1][safepoint    ] Application time: 1.0001976 seconds
[2019-06-24T10:07:43.227+0000][1][safepoint    ] Entering safepoint region: Cleanup
[2019-06-24T10:07:43.228+0000][1][safepoint    ] Leaving safepoint region
[2019-06-24T10:07:43.228+0000][1][safepoint    ] Total time for which application threads were stopped: 0.0003986 seconds, Stopping threads took: 0.0001922 seconds
[2019-06-24T10:07:44.228+0000][1][safepoint    ] Application time: 1.0001350 seconds
[2019-06-24T10:07:44.228+0000][1][safepoint    ] Entering safepoint region: Cleanup
[2019-06-24T10:07:44.228+0000][1][safepoint    ] Leaving safepoint region
[2019-06-24T10:07:44.228+0000][1][safepoint    ] Total time for which application threads were stopped: 0.0002787 seconds, Stopping threads took: 0.0000565 seconds
[2019-06-24T10:07:45.229+0000][1][safepoint    ] Application time: 1.0002068 seconds
[2019-06-24T10:07:45.229+0000][1][safepoint    ] Entering safepoint region: Cleanup
[2019-06-24T10:07:45.229+0000][1][safepoint    ] Leaving safepoint region
[2019-06-24T10:07:45.229+0000][1][safepoint    ] Total time for which application threads were stopped: 0.0003107 seconds, Stopping threads took: 0.0000966 seconds
[2019-06-24T10:07:46.229+0000][1][safepoint    ] Application time: 1.0002593 seconds
[2019-06-24T10:07:46.229+0000][1][safepoint    ] Entering safepoint region: Cleanup
[2019-06-24T10:07:46.230+0000][1][safepoint    ] Leaving safepoint region
[2019-06-24T10:07:46.230+0000][1][safepoint    ] Total time for which application threads were stopped: 0.0002736 seconds, Stopping threads took: 0.0000658 seconds
[2019-06-24T10:07:47.669+0000][1][safepoint    ] Application time: 1.4395094 seconds
[2019-06-24T10:07:47.669+0000][1][safepoint    ] Entering safepoint region: Cleanup
[2019-06-24T10:07:47.670+0000][1][safepoint    ] Leaving safepoint region
[2019-06-24T10:07:47.670+0000][1][safepoint    ] Total time for which application threads were stopped: 0.0006003 seconds, Stopping threads took: 0.0001783 seconds
[2019-06-24T10:07:51.671+0000][1][safepoint    ] Application time: 4.0007896 seconds
[2019-06-24T10:07:51.671+0000][1][safepoint    ] Entering safepoint region: Cleanup
[2019-06-24T10:07:51.671+0000][1][safepoint    ] Leaving safepoint region
[2019-06-24T10:07:51.671+0000][1][safepoint    ] Total time for which application threads were stopped: 0.0003986 seconds, Stopping threads took: 0.0001039 seconds
[2019-06-24T10:07:52.671+0000][1][safepoint    ] Application time: 1.0001945 seconds
[2019-06-24T10:07:52.672+0000][1][safepoint    ] Entering safepoint region: Cleanup
[2019-06-24T10:07:52.672+0000][1][safepoint    ] Leaving safepoint region
[2019-06-24T10:07:52.672+0000][1][safepoint    ] Total time for which application threads were stopped: 0.0002656 seconds, Stopping threads took: 0.0000648 seconds
[2019-06-24T10:07:53.672+0000][1][safepoint    ] Application time: 1.0001315 seconds
[2019-06-24T10:07:53.672+0000][1][safepoint    ] Entering safepoint region: Cleanup
[2019-06-24T10:07:53.672+0000][1][safepoint    ] Leaving safepoint region
[2019-06-24T10:07:53.672+0000][1][safepoint    ] Total time for which application threads were stopped: 0.0000879 seconds, Stopping threads took: 0.0000233 seconds
[2019-06-24T10:07:57.673+0000][1][safepoint    ] Application time: 4.0009096 seconds
[2019-06-24T10:07:57.673+0000][1][safepoint    ] Entering safepoint region: Cleanup
[2019-06-24T10:07:57.673+0000][1][safepoint    ] Leaving safepoint region
[2019-06-24T10:07:57.673+0000][1][safepoint    ] Total time for which application threads were stopped: 0.0002441 seconds, Stopping threads took: 0.0000580 seconds
[2019-06-24T10:07:59.674+0000][1][safepoint    ] Application time: 2.0003667 seconds
[2019-06-24T10:07:59.674+0000][1][safepoint    ] Entering safepoint region: Cleanup
[2019-06-24T10:07:59.674+0000][1][safepoint    ] Leaving safepoint region
[2019-06-24T10:07:59.674+0000][1][safepoint    ] Total time for which application threads were stopped: 0.0000996 seconds, Stopping threads took: 0.0000220 seconds
[2019-06-24T10:08:02.674+0000][1][safepoint    ] Application time: 3.0004362 seconds
[2019-06-24T10:08:02.675+0000][1][safepoint    ] Entering safepoint region: Cleanup
[2019-06-24T10:08:02.675+0000][1][safepoint    ] Leaving safepoint region
[2019-06-24T10:08:02.676+0000][1][safepoint    ] Total time for which application threads were stopped: 0.0002573 seconds, Stopping threads took: 0.0000787 seconds
[2019-06-24T10:08:04.676+0000][1][safepoint    ] Application time: 2.0003057 seconds
[2019-06-24T10:08:04.676+0000][1][safepoint    ] Entering safepoint region: Cleanup
[2019-06-24T10:08:04.676+0000][1][safepoint    ] Leaving safepoint region
[2019-06-24T10:08:04.676+0000][1][safepoint    ] Total time for which application threads were stopped: 0.0000996 seconds, Stopping threads took: 0.0000219 seconds
[2019-06-24T10:08:05.676+0000][1][safepoint    ] Application time: 1.0002324 seconds
[2019-06-24T10:08:05.676+0000][1][safepoint    ] Entering safepoint region: Cleanup
[2019-06-24T10:08:05.677+0000][1][safepoint    ] Leaving safepoint region
[2019-06-24T10:08:05.677+0000][1][safepoint    ] Total time for which application threads were stopped: 0.0002742 seconds, Stopping threads took: 0.0000816 seconds
[2019-06-24T10:08:06.677+0000][1][safepoint    ] Application time: 1.0002512 seconds
[2019-06-24T10:08:06.677+0000][1][safepoint    ] Entering safepoint region: Cleanup
[2019-06-24T10:08:06.677+0000][1][safepoint    ] Leaving safepoint region
[2019-06-24T10:08:06.677+0000][1][safepoint    ] Total time for which application threads were stopped: 0.0003221 seconds, Stopping threads took: 0.0000978 seconds
[2019-06-24T10:08:07.678+0000][1][safepoint    ] Application time: 1.0001885 seconds
[2019-06-24T10:08:07.678+0000][1][safepoint    ] Entering safepoint region: Cleanup
[2019-06-24T10:08:07.678+0000][1][safepoint    ] Leaving safepoint region
[2019-06-24T10:08:07.678+0000][1][safepoint    ] Total time for which application threads were stopped: 0.0002390 seconds, Stopping threads took: 0.0000560 seconds
[2019-06-24T10:08:09.678+0000][1][safepoint    ] Application time: 2.0003346 seconds
[2019-06-24T10:08:09.678+0000][1][safepoint    ] Entering safepoint region: Cleanup
[2019-06-24T10:08:09.679+0000][1][safepoint    ] Leaving safepoint region
[2019-06-24T10:08:09.679+0000][1][safepoint    ] Total time for which application threads were stopped: 0.0002915 seconds, Stopping threads took: 0.0000567 seconds
[2019-06-24T10:08:10.679+0000][1][safepoint    ] Application time: 1.0001180 seconds
[2019-06-24T10:08:10.679+0000][1][safepoint    ] Entering safepoint region: Cleanup
[2019-06-24T10:08:10.679+0000][1][safepoint    ] Leaving safepoint region
[2019-06-24T10:08:10.679+0000][1][safepoint    ] Total time for which application threads were stopped: 0.0002409 seconds, Stopping threads took: 0.0000498 seconds
[2019-06-24T10:08:11.679+0000][1][safepoint    ] Application time: 1.0001408 seconds
[2019-06-24T10:08:11.679+0000][1][safepoint    ] Entering safepoint region: Cleanup
[2019-06-24T10:08:11.679+0000][1][safepoint    ] Leaving safepoint region
[2019-06-24T10:08:11.679+0000][1][safepoint    ] Total time for which application threads were stopped: 0.0001461 seconds, Stopping threads took: 0.0000354 seconds
[2019-06-24T10:08:12.680+0000][1][safepoint    ] Application time: 1.0001606 seconds
[2019-06-24T10:08:12.680+0000][1][safepoint    ] Entering safepoint region: Cleanup
[2019-06-24T10:08:12.680+0000][1][safepoint    ] Leaving safepoint region
[2019-06-24T10:08:12.680+0000][1][safepoint    ] Total time for which application threads were stopped: 0.0002337 seconds, Stopping threads took: 0.0000563 seconds
[2019-06-24T10:08:17.681+0000][1][safepoint    ] Application time: 5.0007863 seconds
[2019-06-24T10:08:17.681+0000][1][safepoint    ] Entering safepoint region: Cleanup
[2019-06-24T10:08:17.681+0000][1][safepoint    ] Leaving safepoint region
[2019-06-24T10:08:17.681+0000][1][safepoint    ] Total time for which application threads were stopped: 0.0000881 seconds, Stopping threads took: 0.0000212 seconds
[2019-06-24T10:08:18.681+0000][1][safepoint    ] Application time: 1.0002419 seconds
[2019-06-24T10:08:18.681+0000][1][safepoint    ] Entering safepoint region: Cleanup
[2019-06-24T10:08:18.682+0000][1][safepoint    ] Leaving safepoint region
[2019-06-24T10:08:18.682+0000][1][safepoint    ] Total time for which application threads were stopped: 0.0002776 seconds, Stopping threads took: 0.0000661 seconds
[2019-06-24T10:08:22.682+0000][1][safepoint    ] Application time: 4.0008266 seconds
[2019-06-24T10:08:22.683+0000][1][safepoint    ] Entering safepoint region: Cleanup
[2019-06-24T10:08:22.683+0000][1][safepoint    ] Leaving safepoint region
[2019-06-24T10:08:22.683+0000][1][safepoint    ] Total time for which application threads were stopped: 0.0001988 seconds, Stopping threads took: 0.0000511 seconds
[2019-06-24T10:08:27.684+0000][1][safepoint    ] Application time: 5.0008039 seconds
[2019-06-24T10:08:27.684+0000][1][safepoint    ] Entering safepoint region: Cleanup
[2019-06-24T10:08:27.684+0000][1][safepoint    ] Leaving safepoint region
[2019-06-24T10:08:27.684+0000][1][safepoint    ] Total time for which application threads were stopped: 0.0000888 seconds, Stopping threads took: 0.0000214 seconds
[2019-06-24T10:08:28.684+0000][1][safepoint    ] Application time: 1.0001716 seconds
[2019-06-24T10:08:28.684+0000][1][safepoint    ] Entering safepoint region: Cleanup
[2019-06-24T10:08:28.684+0000][1][safepoint    ] Leaving safepoint region
[2019-06-24T10:08:28.684+0000][1][safepoint    ] Total time for which application threads were stopped: 0.0002692 seconds, Stopping threads took: 0.0000650 seconds
[2019-06-24T10:08:29.685+0000][1][safepoint    ] Application time: 1.0002366 seconds
[2019-06-24T10:08:29.685+0000][1][safepoint    ] Entering safepoint region: Cleanup
[2019-06-24T10:08:29.685+0000][1][safepoint    ] Leaving safepoint region
[2019-06-24T10:08:29.685+0000][1][safepoint    ] Total time for which application threads were stopped: 0.0002635 seconds, Stopping threads took: 0.0000639 seconds
[2019-06-24T10:08:30.685+0000][1][safepoint    ] Application time: 1.0001602 seconds
[2019-06-24T10:08:30.685+0000][1][safepoint    ] Entering safepoint region: Cleanup
[2019-06-24T10:08:30.685+0000][1][safepoint    ] Leaving safepoint region
[2019-06-24T10:08:30.685+0000][1][safepoint    ] Total time for which application threads were stopped: 0.0002596 seconds, Stopping threads took: 0.0000641 seconds
[2019-06-24T10:08:31.686+0000][1][safepoint    ] Application time: 1.0002656 seconds
[2019-06-24T10:08:31.686+0000][1][safepoint    ] Entering safepoint region: Cleanup
[2019-06-24T10:08:31.686+0000][1][safepoint    ] Leaving safepoint region
[2019-06-24T10:08:31.686+0000][1][safepoint    ] Total time for which application threads were stopped: 0.0003149 seconds, Stopping threads took: 0.0000657 seconds
[2019-06-24T10:08:32.687+0000][1][safepoint    ] Application time: 1.0003078 seconds
[2019-06-24T10:08:32.687+0000][1][safepoint    ] Entering safepoint region: Cleanup
[2019-06-24T10:08:32.687+0000][1][safepoint    ] Leaving safepoint region
[2019-06-24T10:08:32.687+0000][1][safepoint    ] Total time for which application threads were stopped: 0.0002459 seconds, Stopping threads took: 0.0000567 seconds
[2019-06-24T10:08:35.687+0000][1][safepoint    ] Application time: 3.0005143 seconds
[2019-06-24T10:08:35.688+0000][1][safepoint    ] Entering safepoint region: Cleanup
[2019-06-24T10:08:35.688+0000][1][safepoint    ] Leaving safepoint region
[2019-06-24T10:08:35.688+0000][1][safepoint    ] Total time for which application threads were stopped: 0.0005192 seconds, Stopping threads took: 0.0003092 seconds
[2019-06-24T10:08:36.688+0000][1][safepoint    ] Application time: 1.0002574 seconds
[2019-06-24T10:08:36.688+0000][1][safepoint    ] Entering safepoint region: Cleanup
[2019-06-24T10:08:36.689+0000][1][safepoint    ] Leaving safepoint region
[2019-06-24T10:08:36.689+0000][1][safepoint    ] Total time for which application threads were stopped: 0.0002781 seconds, Stopping threads took: 0.0000658 seconds
[2019-06-24T10:08:37.689+0000][1][safepoint    ] Application time: 1.0001391 seconds
[2019-06-24T10:08:37.689+0000][1][safepoint    ] Entering safepoint region: Cleanup
[2019-06-24T10:08:37.689+0000][1][safepoint    ] Leaving safepoint region
[2019-06-24T10:08:37.689+0000][1][safepoint    ] Total time for which application threads were stopped: 0.0000894 seconds, Stopping threads took: 0.0000217 seconds
[2019-06-24T10:08:38.689+0000][1][safepoint    ] Application time: 1.0002400 seconds
[2019-06-24T10:08:38.689+0000][1][safepoint    ] Entering safepoint region: Cleanup
[2019-06-24T10:08:38.690+0000][1][safepoint    ] Leaving safepoint region
[2019-06-24T10:08:38.690+0000][1][safepoint    ] Total time for which application threads were stopped: 0.0002660 seconds, Stopping threads took: 0.0000656 seconds
[2019-06-24T10:08:39.690+0000][1][safepoint    ] Application time: 1.0002405 seconds
[2019-06-24T10:08:39.690+0000][1][safepoint    ] Entering safepoint region: Cleanup
[2019-06-24T10:08:39.690+0000][1][safepoint    ] Leaving safepoint region
[2019-06-24T10:08:39.690+0000][1][safepoint    ] Total time for which application threads were stopped: 0.0002465 seconds, Stopping threads took: 0.0000569 seconds
[2019-06-24T10:08:40.691+0000][1][safepoint    ] Application time: 1.0003174 seconds
[2019-06-24T10:08:40.691+0000][1][safepoint    ] Entering safepoint region: Cleanup
[2019-06-24T10:08:40.691+0000][1][safepoint    ] Leaving safepoint region
[2019-06-24T10:08:40.691+0000][1][safepoint    ] Total time for which application threads were stopped: 0.0002602 seconds, Stopping threads took: 0.0000632 seconds
[2019-06-24T10:08:41.691+0000][1][safepoint    ] Application time: 1.0001352 seconds
[2019-06-24T10:08:41.691+0000][1][safepoint    ] Entering safepoint region: Cleanup
[2019-06-24T10:08:41.692+0000][1][safepoint    ] Leaving safepoint region
[2019-06-24T10:08:41.692+0000][1][safepoint    ] Total time for which application threads were stopped: 0.0002683 seconds, Stopping threads took: 0.0000673 seconds
[2019-06-24T10:08:42.692+0000][1][safepoint    ] Application time: 1.0002413 seconds
[2019-06-24T10:08:42.692+0000][1][safepoint    ] Entering safepoint region: Cleanup
[2019-06-24T10:08:42.692+0000][1][safepoint    ] Leaving safepoint region
[2019-06-24T10:08:42.692+0000][1][safepoint    ] Total time for which application threads were stopped: 0.0002580 seconds, Stopping threads took: 0.0000578 seconds
[2019-06-24T10:08:43.692+0000][1][safepoint    ] Application time: 1.0001880 seconds
[2019-06-24T10:08:43.693+0000][1][safepoint    ] Entering safepoint region: Cleanup
[2019-06-24T10:08:43.693+0000][1][safepoint    ] Leaving safepoint region
[2019-06-24T10:08:43.693+0000][1][safepoint    ] Total time for which application threads were stopped: 0.0002311 seconds, Stopping threads took: 0.0000578 seconds
[2019-06-24T10:08:44.693+0000][1][safepoint    ] Application time: 1.0002547 seconds
[2019-06-24T10:08:44.693+0000][1][safepoint    ] Entering safepoint region: Cleanup
[2019-06-24T10:08:44.693+0000][1][safepoint    ] Leaving safepoint region
[2019-06-24T10:08:44.693+0000][1][safepoint    ] Total time for which application threads were stopped: 0.0002759 seconds, Stopping threads took: 0.0000647 seconds
[2019-06-24T10:08:45.694+0000][1][safepoint    ] Application time: 1.0002562 seconds
[2019-06-24T10:08:45.694+0000][1][safepoint    ] Entering safepoint region: Cleanup
[2019-06-24T10:08:45.694+0000][1][safepoint    ] Leaving safepoint region
[2019-06-24T10:08:45.694+0000][1][safepoint    ] Total time for which application threads were stopped: 0.0002617 seconds, Stopping threads took: 0.0000642 seconds
[2019-06-24T10:08:46.694+0000][1][safepoint    ] Application time: 1.0002522 seconds
[2019-06-24T10:08:46.695+0000][1][safepoint    ] Entering safepoint region: Cleanup
[2019-06-24T10:08:46.695+0000][1][safepoint    ] Leaving safepoint region
[2019-06-24T10:08:46.695+0000][1][safepoint    ] Total time for which application threads were stopped: 0.0002768 seconds, Stopping threads took: 0.0000919 seconds
[2019-06-24T10:08:47.695+0000][1][safepoint    ] Application time: 1.0001360 seconds
[2019-06-24T10:08:47.695+0000][1][safepoint    ] Entering safepoint region: Cleanup
[2019-06-24T10:08:47.695+0000][1][safepoint    ] Leaving safepoint region
[2019-06-24T10:08:47.695+0000][1][safepoint    ] Total time for which application threads were stopped: 0.0002511 seconds, Stopping threads took: 0.0000597 seconds
[2019-06-24T10:08:48.696+0000][1][safepoint    ] Application time: 1.0002798 seconds
[2019-06-24T10:08:48.696+0000][1][safepoint    ] Entering safepoint region: Cleanup
[2019-06-24T10:08:48.696+0000][1][safepoint    ] Leaving safepoint region
[2019-06-24T10:08:48.696+0000][1][safepoint    ] Total time for which application threads were stopped: 0.0002711 seconds, Stopping threads took: 0.0000674 seconds
[2019-06-24T10:08:49.696+0000][1][safepoint    ] Application time: 1.0002630 seconds
[2019-06-24T10:08:49.696+0000][1][safepoint    ] Entering safepoint region: Cleanup
[2019-06-24T10:08:49.697+0000][1][safepoint    ] Leaving safepoint region
[2019-06-24T10:08:49.697+0000][1][safepoint    ] Total time for which application threads were stopped: 0.0002559 seconds, Stopping threads took: 0.0000575 seconds
[2019-06-24T10:08:50.697+0000][1][safepoint    ] Application time: 1.0002402 seconds
[2019-06-24T10:08:50.697+0000][1][safepoint    ] Entering safepoint region: Cleanup
[2019-06-24T10:08:50.697+0000][1][safepoint    ] Leaving safepoint region
[2019-06-24T10:08:50.697+0000][1][safepoint    ] Total time for which application threads were stopped: 0.0002479 seconds, Stopping threads took: 0.0000587 seconds
[2019-06-24T10:08:51.698+0000][1][safepoint    ] Application time: 1.0002395 seconds
[2019-06-24T10:08:51.698+0000][1][safepoint    ] Entering safepoint region: Cleanup
[2019-06-24T10:08:51.699+0000][1][safepoint    ] Leaving safepoint region
[2019-06-24T10:08:51.699+0000][1][safepoint    ] Total time for which application threads were stopped: 0.0013250 seconds, Stopping threads took: 0.0010612 seconds
[2019-06-24T10:08:52.699+0000][1][safepoint    ] Application time: 1.0001330 seconds
[2019-06-24T10:08:52.699+0000][1][safepoint    ] Entering safepoint region: Cleanup
[2019-06-24T10:08:52.700+0000][1][safepoint    ] Leaving safepoint region
[2019-06-24T10:08:52.700+0000][1][safepoint    ] Total time for which application threads were stopped: 0.0002674 seconds, Stopping threads took: 0.0000643 seconds
[2019-06-24T10:08:53.700+0000][1][safepoint    ] Application time: 1.0002575 seconds
[2019-06-24T10:08:53.700+0000][1][safepoint    ] Entering safepoint region: Cleanup
[2019-06-24T10:08:53.700+0000][1][safepoint    ] Leaving safepoint region
[2019-06-24T10:08:53.700+0000][1][safepoint    ] Total time for which application threads were stopped: 0.0002848 seconds, Stopping threads took: 0.0000634 seconds
[2019-06-24T10:08:54.701+0000][1][safepoint    ] Application time: 1.0002462 seconds
[2019-06-24T10:08:54.701+0000][1][safepoint    ] Entering safepoint region: Cleanup
[2019-06-24T10:08:54.701+0000][1][safepoint    ] Leaving safepoint region
[2019-06-24T10:08:54.701+0000][1][safepoint    ] Total time for which application threads were stopped: 0.0002288 seconds, Stopping threads took: 0.0000566 seconds
[2019-06-24T10:08:55.701+0000][1][safepoint    ] Application time: 1.0001885 seconds
[2019-06-24T10:08:55.701+0000][1][safepoint    ] Entering safepoint region: Cleanup
[2019-06-24T10:08:55.701+0000][1][safepoint    ] Leaving safepoint region
[2019-06-24T10:08:55.701+0000][1][safepoint    ] Total time for which application threads were stopped: 0.0002464 seconds, Stopping threads took: 0.0000608 seconds
[2019-06-24T10:08:56.702+0000][1][safepoint    ] Application time: 1.0002631 seconds
[2019-06-24T10:08:56.702+0000][1][safepoint    ] Entering safepoint region: Cleanup
[2019-06-24T10:08:56.702+0000][1][safepoint    ] Leaving safepoint region
[2019-06-24T10:08:56.702+0000][1][safepoint    ] Total time for which application threads were stopped: 0.0002277 seconds, Stopping threads took: 0.0000571 seconds
[2019-06-24T10:08:57.702+0000][1][safepoint    ] Application time: 1.0002293 seconds
[2019-06-24T10:08:57.702+0000][1][safepoint    ] Entering safepoint region: Cleanup
[2019-06-24T10:08:57.703+0000][1][safepoint    ] Leaving safepoint region
[2019-06-24T10:08:57.703+0000][1][safepoint    ] Total time for which application threads were stopped: 0.0003053 seconds, Stopping threads took: 0.0000574 seconds
[2019-06-24T10:08:58.703+0000][1][safepoint    ] Application time: 1.0001498 seconds
[2019-06-24T10:08:58.703+0000][1][safepoint    ] Entering safepoint region: Cleanup
[2019-06-24T10:08:58.703+0000][1][safepoint    ] Leaving safepoint region
[2019-06-24T10:08:58.703+0000][1][safepoint    ] Total time for which application threads were stopped: 0.0002307 seconds, Stopping threads took: 0.0000569 seconds
[2019-06-24T10:08:58.806+0000][1][safepoint    ] Application time: 0.1030733 seconds
[2019-06-24T10:08:58.807+0000][1][safepoint    ] Entering safepoint region: GenCollectForAllocation
[2019-06-24T10:08:58.807+0000][1][gc,start     ] GC(23) Pause Young (Allocation Failure)
[2019-06-24T10:08:58.807+0000][1][gc,task      ] GC(23) Using 5 workers of 8 for evacuation
[2019-06-24T10:08:58.820+0000][1][gc,age       ] GC(23) Desired survivor size 4456448 bytes, new threshold 6 (max threshold 6)
[2019-06-24T10:08:58.820+0000][1][gc,age       ] GC(23) Age table with threshold 6 (max threshold 6)
[2019-06-24T10:08:58.820+0000][1][gc,age       ] GC(23) - age   1:      13008 bytes,      13008 total
[2019-06-24T10:08:58.820+0000][1][gc,age       ] GC(23) - age   2:    2446536 bytes,    2459544 total
[2019-06-24T10:08:58.820+0000][1][gc,heap      ] GC(23) ParNew: 78656K->5682K(78656K)
[2019-06-24T10:08:58.820+0000][1][gc,heap      ] GC(23) CMS: 63686K->67315K(174784K)
[2019-06-24T10:08:58.820+0000][1][gc,metaspace ] GC(23) Metaspace: 67387K->67387K(1110016K)
[2019-06-24T10:08:58.820+0000][1][gc           ] GC(23) Pause Young (Allocation Failure) 139M->71M(247M) 13.589ms
[2019-06-24T10:08:58.820+0000][1][gc,cpu       ] GC(23) User=0.06s Sys=0.00s Real=0.01s
[2019-06-24T10:08:58.821+0000][1][safepoint    ] Leaving safepoint region
[2019-06-24T10:08:58.821+0000][1][safepoint    ] Total time for which application threads were stopped: 0.0140035 seconds, Stopping threads took: 0.0000916 seconds
[2019-06-24T10:08:59.821+0000][1][safepoint    ] Application time: 1.0002316 seconds
[2019-06-24T10:08:59.821+0000][1][safepoint    ] Entering safepoint region: Cleanup
[2019-06-24T10:08:59.821+0000][1][safepoint    ] Leaving safepoint region
[2019-06-24T10:08:59.821+0000][1][safepoint    ] Total time for which application threads were stopped: 0.0003050 seconds, Stopping threads took: 0.0000645 seconds
[2019-06-24T10:09:00.821+0000][1][safepoint    ] Application time: 1.0001909 seconds
[2019-06-24T10:09:00.822+0000][1][safepoint    ] Entering safepoint region: Cleanup
[2019-06-24T10:09:00.822+0000][1][safepoint    ] Leaving safepoint region
[2019-06-24T10:09:00.822+0000][1][safepoint    ] Total time for which application threads were stopped: 0.0003089 seconds, Stopping threads took: 0.0000558 seconds
[2019-06-24T10:09:01.822+0000][1][safepoint    ] Application time: 1.0001998 seconds
[2019-06-24T10:09:01.822+0000][1][safepoint    ] Entering safepoint region: Cleanup
[2019-06-24T10:09:01.822+0000][1][safepoint    ] Leaving safepoint region
[2019-06-24T10:09:01.823+0000][1][safepoint    ] Total time for which application threads were stopped: 0.0004425 seconds, Stopping threads took: 0.0000619 seconds
[2019-06-24T10:09:02.823+0000][1][safepoint    ] Application time: 1.0001263 seconds
[2019-06-24T10:09:02.823+0000][1][safepoint    ] Entering safepoint region: Cleanup
[2019-06-24T10:09:02.823+0000][1][safepoint    ] Leaving safepoint region
[2019-06-24T10:09:02.823+0000][1][safepoint    ] Total time for which application threads were stopped: 0.0003347 seconds, Stopping threads took: 0.0000804 seconds
[2019-06-24T10:09:03.823+0000][1][safepoint    ] Application time: 1.0001567 seconds
[2019-06-24T10:09:03.824+0000][1][safepoint    ] Entering safepoint region: Cleanup
[2019-06-24T10:09:03.824+0000][1][safepoint    ] Leaving safepoint region
[2019-06-24T10:09:03.824+0000][1][safepoint    ] Total time for which application threads were stopped: 0.0003660 seconds, Stopping threads took: 0.0001072 seconds
[2019-06-24T10:09:04.825+0000][1][safepoint    ] Application time: 1.0001672 seconds
[2019-06-24T10:09:04.825+0000][1][safepoint    ] Entering safepoint region: Cleanup
[2019-06-24T10:09:04.825+0000][1][safepoint    ] Leaving safepoint region
[2019-06-24T10:09:04.825+0000][1][safepoint    ] Total time for which application threads were stopped: 0.0001399 seconds, Stopping threads took: 0.0000434 seconds
[2019-06-24T10:09:05.825+0000][1][safepoint    ] Application time: 1.0001929 seconds
[2019-06-24T10:09:05.825+0000][1][safepoint    ] Entering safepoint region: Cleanup
[2019-06-24T10:09:05.825+0000][1][safepoint    ] Leaving safepoint region
[2019-06-24T10:09:05.826+0000][1][safepoint    ] Total time for which application threads were stopped: 0.0003651 seconds, Stopping threads took: 0.0001439 seconds
[2019-06-24T10:09:06.826+0000][1][safepoint    ] Application time: 1.0001789 seconds
[2019-06-24T10:09:06.826+0000][1][safepoint    ] Entering safepoint region: Cleanup
[2019-06-24T10:09:06.826+0000][1][safepoint    ] Leaving safepoint region
[2019-06-24T10:09:06.826+0000][1][safepoint    ] Total time for which application threads were stopped: 0.0003026 seconds, Stopping threads took: 0.0001064 seconds
[2019-06-24T10:09:07.826+0000][1][safepoint    ] Application time: 1.0002035 seconds
[2019-06-24T10:09:07.827+0000][1][safepoint    ] Entering safepoint region: Cleanup
[2019-06-24T10:09:07.827+0000][1][safepoint    ] Leaving safepoint region
[2019-06-24T10:09:07.827+0000][1][safepoint    ] Total time for which application threads were stopped: 0.0002875 seconds, Stopping threads took: 0.0000802 seconds
[2019-06-24T10:09:08.827+0000][1][safepoint    ] Application time: 1.0001560 seconds
[2019-06-24T10:09:08.827+0000][1][safepoint    ] Entering safepoint region: Cleanup
[2019-06-24T10:09:08.828+0000][1][safepoint    ] Leaving safepoint region
[2019-06-24T10:09:08.828+0000][1][safepoint    ] Total time for which application threads were stopped: 0.0010281 seconds, Stopping threads took: 0.0008492 seconds
[2019-06-24T10:09:09.828+0000][1][safepoint    ] Application time: 1.0001854 seconds
[2019-06-24T10:09:09.828+0000][1][safepoint    ] Entering safepoint region: Cleanup
[2019-06-24T10:09:09.829+0000][1][safepoint    ] Leaving safepoint region
[2019-06-24T10:09:09.829+0000][1][safepoint    ] Total time for which application threads were stopped: 0.0002275 seconds, Stopping threads took: 0.0000571 seconds
[2019-06-24T10:09:10.829+0000][1][safepoint    ] Application time: 1.0001458 seconds
[2019-06-24T10:09:10.829+0000][1][safepoint    ] Entering safepoint region: Cleanup
[2019-06-24T10:09:10.829+0000][1][safepoint    ] Leaving safepoint region
[2019-06-24T10:09:10.829+0000][1][safepoint    ] Total time for which application threads were stopped: 0.0002459 seconds, Stopping threads took: 0.0000635 seconds
[2019-06-24T10:09:11.829+0000][1][safepoint    ] Application time: 1.0002257 seconds
[2019-06-24T10:09:11.830+0000][1][safepoint    ] Entering safepoint region: Cleanup
[2019-06-24T10:09:11.830+0000][1][safepoint    ] Leaving safepoint region
[2019-06-24T10:09:11.830+0000][1][safepoint    ] Total time for which application threads were stopped: 0.0002814 seconds, Stopping threads took: 0.0000924 seconds
[2019-06-24T10:09:12.830+0000][1][safepoint    ] Application time: 1.0001263 seconds
[2019-06-24T10:09:12.830+0000][1][safepoint    ] Entering safepoint region: Cleanup
[2019-06-24T10:09:12.830+0000][1][safepoint    ] Leaving safepoint region
[2019-06-24T10:09:12.830+0000][1][safepoint    ] Total time for which application threads were stopped: 0.0002200 seconds, Stopping threads took: 0.0000566 seconds
[2019-06-24T10:09:13.830+0000][1][safepoint    ] Application time: 1.0001233 seconds
[2019-06-24T10:09:13.831+0000][1][safepoint    ] Entering safepoint region: Cleanup
[2019-06-24T10:09:13.831+0000][1][safepoint    ] Leaving safepoint region
[2019-06-24T10:09:13.831+0000][1][safepoint    ] Total time for which application threads were stopped: 0.0003085 seconds, Stopping threads took: 0.0000911 seconds
[2019-06-24T10:09:14.831+0000][1][safepoint    ] Application time: 1.0001445 seconds
[2019-06-24T10:09:14.831+0000][1][safepoint    ] Entering safepoint region: Cleanup
[2019-06-24T10:09:14.832+0000][1][safepoint    ] Leaving safepoint region
[2019-06-24T10:09:14.832+0000][1][safepoint    ] Total time for which application threads were stopped: 0.0002963 seconds, Stopping threads took: 0.0000648 seconds
[2019-06-24T10:09:15.832+0000][1][safepoint    ] Application time: 1.0001953 seconds
[2019-06-24T10:09:15.832+0000][1][safepoint    ] Entering safepoint region: Cleanup
[2019-06-24T10:09:15.832+0000][1][safepoint    ] Leaving safepoint region
[2019-06-24T10:09:15.832+0000][1][safepoint    ] Total time for which application threads were stopped: 0.0003946 seconds, Stopping threads took: 0.0001283 seconds
[2019-06-24T10:09:16.833+0000][1][safepoint    ] Application time: 1.0001577 seconds
[2019-06-24T10:09:16.833+0000][1][safepoint    ] Entering safepoint region: Cleanup
[2019-06-24T10:09:16.833+0000][1][safepoint    ] Leaving safepoint region
[2019-06-24T10:09:16.833+0000][1][safepoint    ] Total time for which application threads were stopped: 0.0003746 seconds, Stopping threads took: 0.0000814 seconds
[2019-06-24T10:09:17.833+0000][1][safepoint    ] Application time: 1.0001495 seconds
[2019-06-24T10:09:17.833+0000][1][safepoint    ] Entering safepoint region: Cleanup
[2019-06-24T10:09:17.834+0000][1][safepoint    ] Leaving safepoint region
[2019-06-24T10:09:17.834+0000][1][safepoint    ] Total time for which application threads were stopped: 0.0002637 seconds, Stopping threads took: 0.0000714 seconds
[2019-06-24T10:09:18.834+0000][1][safepoint    ] Application time: 1.0001048 seconds
[2019-06-24T10:09:18.835+0000][1][safepoint    ] Entering safepoint region: Cleanup
[2019-06-24T10:09:18.835+0000][1][safepoint    ] Leaving safepoint region
[2019-06-24T10:09:18.835+0000][1][safepoint    ] Total time for which application threads were stopped: 0.0001275 seconds, Stopping threads took: 0.0000370 seconds
[2019-06-24T10:09:19.835+0000][1][safepoint    ] Application time: 1.0001081 seconds
[2019-06-24T10:09:19.835+0000][1][safepoint    ] Entering safepoint region: Cleanup
[2019-06-24T10:09:19.835+0000][1][safepoint    ] Leaving safepoint region
[2019-06-24T10:09:19.835+0000][1][safepoint    ] Total time for which application threads were stopped: 0.0002150 seconds, Stopping threads took: 0.0000551 seconds
[2019-06-24T10:09:20.835+0000][1][safepoint    ] Application time: 1.0001393 seconds
[2019-06-24T10:09:20.835+0000][1][safepoint    ] Entering safepoint region: Cleanup
[2019-06-24T10:09:20.836+0000][1][safepoint    ] Leaving safepoint region
[2019-06-24T10:09:20.836+0000][1][safepoint    ] Total time for which application threads were stopped: 0.0002340 seconds, Stopping threads took: 0.0000618 seconds
[2019-06-24T10:09:21.836+0000][1][safepoint    ] Application time: 1.0002184 seconds
[2019-06-24T10:09:21.836+0000][1][safepoint    ] Entering safepoint region: Cleanup
[2019-06-24T10:09:21.836+0000][1][safepoint    ] Leaving safepoint region
[2019-06-24T10:09:21.836+0000][1][safepoint    ] Total time for which application threads were stopped: 0.0002479 seconds, Stopping threads took: 0.0000682 seconds
[2019-06-24T10:09:22.837+0000][1][safepoint    ] Application time: 1.0003142 seconds
[2019-06-24T10:09:22.837+0000][1][safepoint    ] Entering safepoint region: Cleanup
[2019-06-24T10:09:22.837+0000][1][safepoint    ] Leaving safepoint region
[2019-06-24T10:09:22.837+0000][1][safepoint    ] Total time for which application threads were stopped: 0.0002520 seconds, Stopping threads took: 0.0000634 seconds
[2019-06-24T10:09:23.837+0000][1][safepoint    ] Application time: 1.0001355 seconds
[2019-06-24T10:09:23.838+0000][1][safepoint    ] Entering safepoint region: Cleanup
[2019-06-24T10:09:23.838+0000][1][safepoint    ] Leaving safepoint region
[2019-06-24T10:09:23.838+0000][1][safepoint    ] Total time for which application threads were stopped: 0.0003690 seconds, Stopping threads took: 0.0001084 seconds
[2019-06-24T10:09:24.838+0000][1][safepoint    ] Application time: 1.0001797 seconds
[2019-06-24T10:09:24.838+0000][1][safepoint    ] Entering safepoint region: Cleanup
[2019-06-24T10:09:24.839+0000][1][safepoint    ] Leaving safepoint region
[2019-06-24T10:09:24.839+0000][1][safepoint    ] Total time for which application threads were stopped: 0.0003537 seconds, Stopping threads took: 0.0000630 seconds
[2019-06-24T10:09:25.839+0000][1][safepoint    ] Application time: 1.0001695 seconds
[2019-06-24T10:09:25.839+0000][1][safepoint    ] Entering safepoint region: Cleanup
[2019-06-24T10:09:25.839+0000][1][safepoint    ] Leaving safepoint region
[2019-06-24T10:09:25.839+0000][1][safepoint    ] Total time for which application threads were stopped: 0.0002620 seconds, Stopping threads took: 0.0000958 seconds
[2019-06-24T10:09:26.839+0000][1][safepoint    ] Application time: 1.0001935 seconds
[2019-06-24T10:09:26.840+0000][1][safepoint    ] Entering safepoint region: Cleanup
[2019-06-24T10:09:26.840+0000][1][safepoint    ] Leaving safepoint region
[2019-06-24T10:09:26.840+0000][1][safepoint    ] Total time for which application threads were stopped: 0.0002641 seconds, Stopping threads took: 0.0000671 seconds
[2019-06-24T10:09:27.840+0000][1][safepoint    ] Application time: 1.0001879 seconds
[2019-06-24T10:09:27.840+0000][1][safepoint    ] Entering safepoint region: Cleanup
[2019-06-24T10:09:27.840+0000][1][safepoint    ] Leaving safepoint region
[2019-06-24T10:09:27.840+0000][1][safepoint    ] Total time for which application threads were stopped: 0.0002520 seconds, Stopping threads took: 0.0000613 seconds
[2019-06-24T10:09:28.841+0000][1][safepoint    ] Application time: 1.0002440 seconds
[2019-06-24T10:09:28.841+0000][1][safepoint    ] Entering safepoint region: Cleanup
[2019-06-24T10:09:28.841+0000][1][safepoint    ] Leaving safepoint region
[2019-06-24T10:09:28.841+0000][1][safepoint    ] Total time for which application threads were stopped: 0.0001312 seconds, Stopping threads took: 0.0000290 seconds
[2019-06-24T10:09:29.841+0000][1][safepoint    ] Application time: 1.0002336 seconds
[2019-06-24T10:09:29.841+0000][1][safepoint    ] Entering safepoint region: Cleanup
[2019-06-24T10:09:29.841+0000][1][safepoint    ] Leaving safepoint region
[2019-06-24T10:09:29.841+0000][1][safepoint    ] Total time for which application threads were stopped: 0.0002630 seconds, Stopping threads took: 0.0000669 seconds
[2019-06-24T10:09:30.842+0000][1][safepoint    ] Application time: 1.0002035 seconds
[2019-06-24T10:09:30.842+0000][1][safepoint    ] Entering safepoint region: Cleanup
[2019-06-24T10:09:30.842+0000][1][safepoint    ] Leaving safepoint region
[2019-06-24T10:09:30.842+0000][1][safepoint    ] Total time for which application threads were stopped: 0.0002612 seconds, Stopping threads took: 0.0000575 seconds
[2019-06-24T10:09:31.842+0000][1][safepoint    ] Application time: 1.0001923 seconds
[2019-06-24T10:09:31.842+0000][1][safepoint    ] Entering safepoint region: Cleanup
[2019-06-24T10:09:31.843+0000][1][safepoint    ] Leaving safepoint region
[2019-06-24T10:09:31.843+0000][1][safepoint    ] Total time for which application threads were stopped: 0.0003537 seconds, Stopping threads took: 0.0000668 seconds
[2019-06-24T10:09:32.843+0000][1][safepoint    ] Application time: 1.0002295 seconds
[2019-06-24T10:09:32.843+0000][1][safepoint    ] Entering safepoint region: Cleanup
[2019-06-24T10:09:32.843+0000][1][safepoint    ] Leaving safepoint region
[2019-06-24T10:09:32.843+0000][1][safepoint    ] Total time for which application threads were stopped: 0.0002571 seconds, Stopping threads took: 0.0000617 seconds
[2019-06-24T10:09:33.844+0000][1][safepoint    ] Application time: 1.0002175 seconds
[2019-06-24T10:09:33.844+0000][1][safepoint    ] Entering safepoint region: Cleanup
[2019-06-24T10:09:33.844+0000][1][safepoint    ] Leaving safepoint region
[2019-06-24T10:09:33.844+0000][1][safepoint    ] Total time for which application threads were stopped: 0.0002600 seconds, Stopping threads took: 0.0000663 seconds
[2019-06-24T10:09:34.844+0000][1][safepoint    ] Application time: 1.0002377 seconds
[2019-06-24T10:09:34.844+0000][1][safepoint    ] Entering safepoint region: Cleanup
[2019-06-24T10:09:34.844+0000][1][safepoint    ] Leaving safepoint region
[2019-06-24T10:09:34.845+0000][1][safepoint    ] Total time for which application threads were stopped: 0.0002622 seconds, Stopping threads took: 0.0000676 seconds
[2019-06-24T10:09:35.845+0000][1][safepoint    ] Application time: 1.0002418 seconds
[2019-06-24T10:09:35.845+0000][1][safepoint    ] Entering safepoint region: Cleanup
[2019-06-24T10:09:35.845+0000][1][safepoint    ] Leaving safepoint region
[2019-06-24T10:09:35.845+0000][1][safepoint    ] Total time for which application threads were stopped: 0.0002988 seconds, Stopping threads took: 0.0000668 seconds
[2019-06-24T10:09:36.845+0000][1][safepoint    ] Application time: 1.0002273 seconds
[2019-06-24T10:09:36.846+0000][1][safepoint    ] Entering safepoint region: Cleanup
[2019-06-24T10:09:36.846+0000][1][safepoint    ] Leaving safepoint region
[2019-06-24T10:09:36.846+0000][1][safepoint    ] Total time for which application threads were stopped: 0.0003791 seconds, Stopping threads took: 0.0001071 seconds
[2019-06-24T10:09:37.846+0000][1][safepoint    ] Application time: 1.0001870 seconds
[2019-06-24T10:09:37.846+0000][1][safepoint    ] Entering safepoint region: Cleanup
[2019-06-24T10:09:37.847+0000][1][safepoint    ] Leaving safepoint region
[2019-06-24T10:09:37.847+0000][1][safepoint    ] Total time for which application threads were stopped: 0.0002882 seconds, Stopping threads took: 0.0000608 seconds
[2019-06-24T10:09:38.847+0000][1][safepoint    ] Application time: 1.0001078 seconds
[2019-06-24T10:09:38.847+0000][1][safepoint    ] Entering safepoint region: Cleanup
[2019-06-24T10:09:38.848+0000][1][safepoint    ] Leaving safepoint region
[2019-06-24T10:09:38.848+0000][1][safepoint    ] Total time for which application threads were stopped: 0.0012267 seconds, Stopping threads took: 0.0009382 seconds
[2019-06-24T10:09:39.848+0000][1][safepoint    ] Application time: 1.0001876 seconds
[2019-06-24T10:09:39.848+0000][1][safepoint    ] Entering safepoint region: Cleanup
[2019-06-24T10:09:39.849+0000][1][safepoint    ] Leaving safepoint region
[2019-06-24T10:09:39.849+0000][1][safepoint    ] Total time for which application threads were stopped: 0.0002625 seconds, Stopping threads took: 0.0000714 seconds
[2019-06-24T10:09:40.849+0000][1][safepoint    ] Application time: 1.0001782 seconds
[2019-06-24T10:09:40.849+0000][1][safepoint    ] Entering safepoint region: Cleanup
[2019-06-24T10:09:40.849+0000][1][safepoint    ] Leaving safepoint region
[2019-06-24T10:09:40.849+0000][1][safepoint    ] Total time for which application threads were stopped: 0.0002849 seconds, Stopping threads took: 0.0000632 seconds
[2019-06-24T10:09:41.849+0000][1][safepoint    ] Application time: 1.0001829 seconds
[2019-06-24T10:09:41.850+0000][1][safepoint    ] Entering safepoint region: Cleanup
[2019-06-24T10:09:41.850+0000][1][safepoint    ] Leaving safepoint region
[2019-06-24T10:09:41.850+0000][1][safepoint    ] Total time for which application threads were stopped: 0.0002797 seconds, Stopping threads took: 0.0000697 seconds
[2019-06-24T10:09:42.850+0000][1][safepoint    ] Application time: 1.0001982 seconds
[2019-06-24T10:09:42.850+0000][1][safepoint    ] Entering safepoint region: Cleanup
[2019-06-24T10:09:42.850+0000][1][safepoint    ] Leaving safepoint region
[2019-06-24T10:09:42.850+0000][1][safepoint    ] Total time for which application threads were stopped: 0.0002760 seconds, Stopping threads took: 0.0000872 seconds
[2019-06-24T10:09:43.851+0000][1][safepoint    ] Application time: 1.0001768 seconds
[2019-06-24T10:09:43.851+0000][1][safepoint    ] Entering safepoint region: Cleanup
[2019-06-24T10:09:43.851+0000][1][safepoint    ] Leaving safepoint region
[2019-06-24T10:09:43.851+0000][1][safepoint    ] Total time for which application threads were stopped: 0.0002690 seconds, Stopping threads took: 0.0000676 seconds
[2019-06-24T10:09:44.851+0000][1][safepoint    ] Application time: 1.0001678 seconds
[2019-06-24T10:09:44.851+0000][1][safepoint    ] Entering safepoint region: Cleanup
[2019-06-24T10:09:44.852+0000][1][safepoint    ] Leaving safepoint region
[2019-06-24T10:09:44.852+0000][1][safepoint    ] Total time for which application threads were stopped: 0.0002584 seconds, Stopping threads took: 0.0000638 seconds
[2019-06-24T10:09:45.852+0000][1][safepoint    ] Application time: 1.0001780 seconds
[2019-06-24T10:09:45.852+0000][1][safepoint    ] Entering safepoint region: Cleanup
[2019-06-24T10:09:45.852+0000][1][safepoint    ] Leaving safepoint region
[2019-06-24T10:09:45.852+0000][1][safepoint    ] Total time for which application threads were stopped: 0.0003687 seconds, Stopping threads took: 0.0001070 seconds
[2019-06-24T10:09:46.852+0000][1][safepoint    ] Application time: 1.0001726 seconds
[2019-06-24T10:09:46.853+0000][1][safepoint    ] Entering safepoint region: Cleanup
[2019-06-24T10:09:46.853+0000][1][safepoint    ] Leaving safepoint region
[2019-06-24T10:09:46.853+0000][1][safepoint    ] Total time for which application threads were stopped: 0.0002578 seconds, Stopping threads took: 0.0000610 seconds
[2019-06-24T10:09:47.853+0000][1][safepoint    ] Application time: 1.0001430 seconds
[2019-06-24T10:09:47.853+0000][1][safepoint    ] Entering safepoint region: Cleanup
[2019-06-24T10:09:47.853+0000][1][safepoint    ] Leaving safepoint region
[2019-06-24T10:09:47.853+0000][1][safepoint    ] Total time for which application threads were stopped: 0.0001733 seconds, Stopping threads took: 0.0000365 seconds
[2019-06-24T10:09:48.853+0000][1][safepoint    ] Application time: 1.0001581 seconds
[2019-06-24T10:09:48.854+0000][1][safepoint    ] Entering safepoint region: Cleanup
[2019-06-24T10:09:48.854+0000][1][safepoint    ] Leaving safepoint region
[2019-06-24T10:09:48.854+0000][1][safepoint    ] Total time for which application threads were stopped: 0.0003632 seconds, Stopping threads took: 0.0000710 seconds
[2019-06-24T10:09:49.854+0000][1][safepoint    ] Application time: 1.0001892 seconds
[2019-06-24T10:09:49.854+0000][1][safepoint    ] Entering safepoint region: Cleanup
[2019-06-24T10:09:49.854+0000][1][safepoint    ] Leaving safepoint region
[2019-06-24T10:09:49.855+0000][1][safepoint    ] Total time for which application threads were stopped: 0.0003411 seconds, Stopping threads took: 0.0000613 seconds
[2019-06-24T10:09:50.855+0000][1][safepoint    ] Application time: 1.0001472 seconds
[2019-06-24T10:09:50.855+0000][1][safepoint    ] Entering safepoint region: Cleanup
[2019-06-24T10:09:50.855+0000][1][safepoint    ] Leaving safepoint region
[2019-06-24T10:09:50.855+0000][1][safepoint    ] Total time for which application threads were stopped: 0.0003248 seconds, Stopping threads took: 0.0000607 seconds
[2019-06-24T10:09:51.855+0000][1][safepoint    ] Application time: 1.0001657 seconds
[2019-06-24T10:09:51.855+0000][1][safepoint    ] Entering safepoint region: Cleanup
[2019-06-24T10:09:51.856+0000][1][safepoint    ] Leaving safepoint region
[2019-06-24T10:09:51.856+0000][1][safepoint    ] Total time for which application threads were stopped: 0.0002850 seconds, Stopping threads took: 0.0000537 seconds
[2019-06-24T10:09:52.856+0000][1][safepoint    ] Application time: 1.0002275 seconds
[2019-06-24T10:09:52.856+0000][1][safepoint    ] Entering safepoint region: Cleanup
[2019-06-24T10:09:52.856+0000][1][safepoint    ] Leaving safepoint region
[2019-06-24T10:09:52.856+0000][1][safepoint    ] Total time for which application threads were stopped: 0.0002579 seconds, Stopping threads took: 0.0000624 seconds
[2019-06-24T10:09:53.857+0000][1][safepoint    ] Application time: 1.0002141 seconds
[2019-06-24T10:09:53.857+0000][1][safepoint    ] Entering safepoint region: Cleanup
[2019-06-24T10:09:53.857+0000][1][safepoint    ] Leaving safepoint region
[2019-06-24T10:09:53.857+0000][1][safepoint    ] Total time for which application threads were stopped: 0.0003176 seconds, Stopping threads took: 0.0000858 seconds
[2019-06-24T10:09:54.857+0000][1][safepoint    ] Application time: 1.0001620 seconds
[2019-06-24T10:09:54.857+0000][1][safepoint    ] Entering safepoint region: Cleanup
[2019-06-24T10:09:54.858+0000][1][safepoint    ] Leaving safepoint region
[2019-06-24T10:09:54.858+0000][1][safepoint    ] Total time for which application threads were stopped: 0.0002596 seconds, Stopping threads took: 0.0000639 seconds
[2019-06-24T10:09:55.858+0000][1][safepoint    ] Application time: 1.0001301 seconds
[2019-06-24T10:09:55.858+0000][1][safepoint    ] Entering safepoint region: Cleanup
[2019-06-24T10:09:55.858+0000][1][safepoint    ] Leaving safepoint region
[2019-06-24T10:09:55.858+0000][1][safepoint    ] Total time for which application threads were stopped: 0.0002611 seconds, Stopping threads took: 0.0000663 seconds
[2019-06-24T10:09:57.355+0000][1][safepoint    ] Application time: 1.4966187 seconds
[2019-06-24T10:09:57.355+0000][1][safepoint    ] Entering safepoint region: Cleanup
[2019-06-24T10:09:57.355+0000][1][safepoint    ] Leaving safepoint region
[2019-06-24T10:09:57.355+0000][1][safepoint    ] Total time for which application threads were stopped: 0.0002990 seconds, Stopping threads took: 0.0000640 seconds
[2019-06-24T10:09:58.355+0000][1][safepoint    ] Application time: 1.0001405 seconds
[2019-06-24T10:09:58.356+0000][1][safepoint    ] Entering safepoint region: Cleanup
[2019-06-24T10:09:58.356+0000][1][safepoint    ] Leaving safepoint region
[2019-06-24T10:09:58.356+0000][1][safepoint    ] Total time for which application threads were stopped: 0.0002964 seconds, Stopping threads took: 0.0000949 seconds
[2019-06-24T10:09:59.356+0000][1][safepoint    ] Application time: 1.0001641 seconds
[2019-06-24T10:09:59.356+0000][1][safepoint    ] Entering safepoint region: Cleanup
[2019-06-24T10:09:59.356+0000][1][safepoint    ] Leaving safepoint region
[2019-06-24T10:09:59.357+0000][1][safepoint    ] Total time for which application threads were stopped: 0.0003593 seconds, Stopping threads took: 0.0000904 seconds
[2019-06-24T10:10:00.357+0000][1][safepoint    ] Application time: 1.0002684 seconds
[2019-06-24T10:10:00.357+0000][1][safepoint    ] Entering safepoint region: Cleanup
[2019-06-24T10:10:00.357+0000][1][safepoint    ] Leaving safepoint region
[2019-06-24T10:10:00.357+0000][1][safepoint    ] Total time for which application threads were stopped: 0.0003518 seconds, Stopping threads took: 0.0000859 seconds
[2019-06-24T10:10:01.358+0000][1][safepoint    ] Application time: 1.0002522 seconds
[2019-06-24T10:10:01.358+0000][1][safepoint    ] Entering safepoint region: Cleanup
[2019-06-24T10:10:01.358+0000][1][safepoint    ] Leaving safepoint region
[2019-06-24T10:10:01.358+0000][1][safepoint    ] Total time for which application threads were stopped: 0.0003072 seconds, Stopping threads took: 0.0000859 seconds
[2019-06-24T10:10:02.358+0000][1][safepoint    ] Application time: 1.0002401 seconds
[2019-06-24T10:10:02.359+0000][1][safepoint    ] Entering safepoint region: Cleanup
[2019-06-24T10:10:02.359+0000][1][safepoint    ] Leaving safepoint region
[2019-06-24T10:10:02.359+0000][1][safepoint    ] Total time for which application threads were stopped: 0.0004340 seconds, Stopping threads took: 0.0001854 seconds
[2019-06-24T10:10:03.359+0000][1][safepoint    ] Application time: 1.0002199 seconds
[2019-06-24T10:10:03.359+0000][1][safepoint    ] Entering safepoint region: Cleanup
[2019-06-24T10:10:03.360+0000][1][safepoint    ] Leaving safepoint region
[2019-06-24T10:10:03.360+0000][1][safepoint    ] Total time for which application threads were stopped: 0.0003255 seconds, Stopping threads took: 0.0001143 seconds
[2019-06-24T10:10:04.360+0000][1][safepoint    ] Application time: 1.0002623 seconds
[2019-06-24T10:10:04.360+0000][1][safepoint    ] Entering safepoint region: Cleanup
[2019-06-24T10:10:04.360+0000][1][safepoint    ] Leaving safepoint region
[2019-06-24T10:10:04.360+0000][1][safepoint    ] Total time for which application threads were stopped: 0.0003358 seconds, Stopping threads took: 0.0001097 seconds
[2019-06-24T10:10:05.361+0000][1][safepoint    ] Application time: 1.0003092 seconds
[2019-06-24T10:10:05.361+0000][1][safepoint    ] Entering safepoint region: Cleanup
[2019-06-24T10:10:05.361+0000][1][safepoint    ] Leaving safepoint region
[2019-06-24T10:10:05.361+0000][1][safepoint    ] Total time for which application threads were stopped: 0.0001395 seconds, Stopping threads took: 0.0000420 seconds
[2019-06-24T10:10:06.361+0000][1][safepoint    ] Application time: 1.0002455 seconds
[2019-06-24T10:10:06.361+0000][1][safepoint    ] Entering safepoint region: Cleanup
[2019-06-24T10:10:06.361+0000][1][safepoint    ] Leaving safepoint region
[2019-06-24T10:10:06.362+0000][1][safepoint    ] Total time for which application threads were stopped: 0.0003060 seconds, Stopping threads took: 0.0000829 seconds
[2019-06-24T10:10:07.362+0000][1][safepoint    ] Application time: 1.0002783 seconds
[2019-06-24T10:10:07.362+0000][1][safepoint    ] Entering safepoint region: Cleanup
[2019-06-24T10:10:07.362+0000][1][safepoint    ] Leaving safepoint region
[2019-06-24T10:10:07.362+0000][1][safepoint    ] Total time for which application threads were stopped: 0.0003017 seconds, Stopping threads took: 0.0000804 seconds
[2019-06-24T10:10:08.363+0000][1][safepoint    ] Application time: 1.0002642 seconds
[2019-06-24T10:10:08.363+0000][1][safepoint    ] Entering safepoint region: Cleanup
[2019-06-24T10:10:08.363+0000][1][safepoint    ] Leaving safepoint region
[2019-06-24T10:10:08.363+0000][1][safepoint    ] Total time for which application threads were stopped: 0.0002663 seconds, Stopping threads took: 0.0000839 seconds
[2019-06-24T10:10:09.363+0000][1][safepoint    ] Application time: 1.0002343 seconds
[2019-06-24T10:10:09.363+0000][1][safepoint    ] Entering safepoint region: Cleanup
[2019-06-24T10:10:09.364+0000][1][safepoint    ] Leaving safepoint region
[2019-06-24T10:10:09.364+0000][1][safepoint    ] Total time for which application threads were stopped: 0.0002643 seconds, Stopping threads took: 0.0000661 seconds
[2019-06-24T10:10:10.364+0000][1][safepoint    ] Application time: 1.0002066 seconds
[2019-06-24T10:10:10.364+0000][1][safepoint    ] Entering safepoint region: Cleanup
[2019-06-24T10:10:10.364+0000][1][safepoint    ] Leaving safepoint region
[2019-06-24T10:10:10.364+0000][1][safepoint    ] Total time for which application threads were stopped: 0.0002683 seconds, Stopping threads took: 0.0000666 seconds
[2019-06-24T10:10:11.365+0000][1][safepoint    ] Application time: 1.0002791 seconds
[2019-06-24T10:10:11.365+0000][1][safepoint    ] Entering safepoint region: Cleanup
[2019-06-24T10:10:11.365+0000][1][safepoint    ] Leaving safepoint region
[2019-06-24T10:10:11.365+0000][1][safepoint    ] Total time for which application threads were stopped: 0.0002614 seconds, Stopping threads took: 0.0000659 seconds
[2019-06-24T10:10:12.365+0000][1][safepoint    ] Application time: 1.0002714 seconds
[2019-06-24T10:10:12.365+0000][1][safepoint    ] Entering safepoint region: Cleanup
[2019-06-24T10:10:12.366+0000][1][safepoint    ] Leaving safepoint region
[2019-06-24T10:10:12.366+0000][1][safepoint    ] Total time for which application threads were stopped: 0.0002591 seconds, Stopping threads took: 0.0000643 seconds
[2019-06-24T10:10:13.366+0000][1][safepoint    ] Application time: 1.0002571 seconds
[2019-06-24T10:10:13.366+0000][1][safepoint    ] Entering safepoint region: Cleanup
[2019-06-24T10:10:13.366+0000][1][safepoint    ] Leaving safepoint region
[2019-06-24T10:10:13.366+0000][1][safepoint    ] Total time for which application threads were stopped: 0.0003047 seconds, Stopping threads took: 0.0001021 seconds
[2019-06-24T10:10:14.367+0000][1][safepoint    ] Application time: 1.0003110 seconds
[2019-06-24T10:10:14.367+0000][1][safepoint    ] Entering safepoint region: Cleanup
[2019-06-24T10:10:14.367+0000][1][safepoint    ] Leaving safepoint region
[2019-06-24T10:10:14.367+0000][1][safepoint    ] Total time for which application threads were stopped: 0.0002471 seconds, Stopping threads took: 0.0000651 seconds
[2019-06-24T10:10:15.367+0000][1][safepoint    ] Application time: 1.0002060 seconds
[2019-06-24T10:10:15.367+0000][1][safepoint    ] Entering safepoint region: Cleanup
[2019-06-24T10:10:15.368+0000][1][safepoint    ] Leaving safepoint region
[2019-06-24T10:10:15.368+0000][1][safepoint    ] Total time for which application threads were stopped: 0.0002468 seconds, Stopping threads took: 0.0000643 seconds
[2019-06-24T10:10:16.368+0000][1][safepoint    ] Application time: 1.0002373 seconds
[2019-06-24T10:10:16.368+0000][1][safepoint    ] Entering safepoint region: Cleanup
[2019-06-24T10:10:16.368+0000][1][safepoint    ] Leaving safepoint region
[2019-06-24T10:10:16.368+0000][1][safepoint    ] Total time for which application threads were stopped: 0.0002579 seconds, Stopping threads took: 0.0000667 seconds
[2019-06-24T10:10:17.368+0000][1][safepoint    ] Application time: 1.0001371 seconds
[2019-06-24T10:10:17.368+0000][1][safepoint    ] Entering safepoint region: Cleanup
[2019-06-24T10:10:17.369+0000][1][safepoint    ] Leaving safepoint region
[2019-06-24T10:10:17.369+0000][1][safepoint    ] Total time for which application threads were stopped: 0.0001384 seconds, Stopping threads took: 0.0000371 seconds
[2019-06-24T10:10:18.369+0000][1][safepoint    ] Application time: 1.0002330 seconds
[2019-06-24T10:10:18.369+0000][1][safepoint    ] Entering safepoint region: Cleanup
[2019-06-24T10:10:18.369+0000][1][safepoint    ] Leaving safepoint region
[2019-06-24T10:10:18.369+0000][1][safepoint    ] Total time for which application threads were stopped: 0.0002730 seconds, Stopping threads took: 0.0001087 seconds
[2019-06-24T10:10:19.370+0000][1][safepoint    ] Application time: 1.0002532 seconds
[2019-06-24T10:10:19.370+0000][1][safepoint    ] Entering safepoint region: Cleanup
[2019-06-24T10:10:19.370+0000][1][safepoint    ] Leaving safepoint region
[2019-06-24T10:10:19.370+0000][1][safepoint    ] Total time for which application threads were stopped: 0.0002900 seconds, Stopping threads took: 0.0001041 seconds
[2019-06-24T10:10:20.370+0000][1][safepoint    ] Application time: 1.0002613 seconds
[2019-06-24T10:10:20.370+0000][1][safepoint    ] Entering safepoint region: Cleanup
[2019-06-24T10:10:20.371+0000][1][safepoint    ] Leaving safepoint region
[2019-06-24T10:10:20.371+0000][1][safepoint    ] Total time for which application threads were stopped: 0.0003330 seconds, Stopping threads took: 0.0000649 seconds
[2019-06-24T10:10:21.371+0000][1][safepoint    ] Application time: 1.0002683 seconds
[2019-06-24T10:10:21.371+0000][1][safepoint    ] Entering safepoint region: Cleanup
[2019-06-24T10:10:21.371+0000][1][safepoint    ] Leaving safepoint region
[2019-06-24T10:10:21.371+0000][1][safepoint    ] Total time for which application threads were stopped: 0.0002631 seconds, Stopping threads took: 0.0000656 seconds
[2019-06-24T10:10:22.372+0000][1][safepoint    ] Application time: 1.0002470 seconds
[2019-06-24T10:10:22.372+0000][1][safepoint    ] Entering safepoint region: Cleanup
[2019-06-24T10:10:22.372+0000][1][safepoint    ] Leaving safepoint region
[2019-06-24T10:10:22.372+0000][1][safepoint    ] Total time for which application threads were stopped: 0.0002692 seconds, Stopping threads took: 0.0000660 seconds
[2019-06-24T10:10:23.372+0000][1][safepoint    ] Application time: 1.0002422 seconds
[2019-06-24T10:10:23.372+0000][1][safepoint    ] Entering safepoint region: Cleanup
[2019-06-24T10:10:23.374+0000][1][safepoint    ] Leaving safepoint region
[2019-06-24T10:10:23.374+0000][1][safepoint    ] Total time for which application threads were stopped: 0.0014285 seconds, Stopping threads took: 0.0011249 seconds
[2019-06-24T10:10:24.374+0000][1][safepoint    ] Application time: 1.0002687 seconds
[2019-06-24T10:10:24.374+0000][1][safepoint    ] Entering safepoint region: Cleanup
[2019-06-24T10:10:24.374+0000][1][safepoint    ] Leaving safepoint region
[2019-06-24T10:10:24.375+0000][1][safepoint    ] Total time for which application threads were stopped: 0.0003250 seconds, Stopping threads took: 0.0000650 seconds
[2019-06-24T10:10:25.375+0000][1][safepoint    ] Application time: 1.0002325 seconds
[2019-06-24T10:10:25.375+0000][1][safepoint    ] Entering safepoint region: Cleanup
[2019-06-24T10:10:25.375+0000][1][safepoint    ] Leaving safepoint region
[2019-06-24T10:10:25.375+0000][1][safepoint    ] Total time for which application threads were stopped: 0.0002638 seconds, Stopping threads took: 0.0000667 seconds
[2019-06-24T10:10:26.375+0000][1][safepoint    ] Application time: 1.0002558 seconds
[2019-06-24T10:10:26.376+0000][1][safepoint    ] Entering safepoint region: Cleanup
[2019-06-24T10:10:26.376+0000][1][safepoint    ] Leaving safepoint region
[2019-06-24T10:10:26.376+0000][1][safepoint    ] Total time for which application threads were stopped: 0.0002786 seconds, Stopping threads took: 0.0000564 seconds
[2019-06-24T10:10:27.376+0000][1][safepoint    ] Application time: 1.0002031 seconds
[2019-06-24T10:10:27.376+0000][1][safepoint    ] Entering safepoint region: Cleanup
[2019-06-24T10:10:27.376+0000][1][safepoint    ] Leaving safepoint region
[2019-06-24T10:10:27.377+0000][1][safepoint    ] Total time for which application threads were stopped: 0.0002585 seconds, Stopping threads took: 0.0000659 seconds
[2019-06-24T10:10:28.377+0000][1][safepoint    ] Application time: 1.0002670 seconds
[2019-06-24T10:10:28.377+0000][1][safepoint    ] Entering safepoint region: Cleanup
[2019-06-24T10:10:28.377+0000][1][safepoint    ] Leaving safepoint region
[2019-06-24T10:10:28.377+0000][1][safepoint    ] Total time for which application threads were stopped: 0.0002519 seconds, Stopping threads took: 0.0000634 seconds
[2019-06-24T10:10:29.377+0000][1][safepoint    ] Application time: 1.0002574 seconds
[2019-06-24T10:10:29.378+0000][1][safepoint    ] Entering safepoint region: Cleanup
[2019-06-24T10:10:29.378+0000][1][safepoint    ] Leaving safepoint region
[2019-06-24T10:10:29.378+0000][1][safepoint    ] Total time for which application threads were stopped: 0.0002675 seconds, Stopping threads took: 0.0000639 seconds
[2019-06-24T10:10:30.378+0000][1][safepoint    ] Application time: 1.0002710 seconds
[2019-06-24T10:10:30.378+0000][1][safepoint    ] Entering safepoint region: Cleanup
[2019-06-24T10:10:30.379+0000][1][safepoint    ] Leaving safepoint region
[2019-06-24T10:10:30.379+0000][1][safepoint    ] Total time for which application threads were stopped: 0.0003373 seconds, Stopping threads took: 0.0000638 seconds
[2019-06-24T10:10:31.379+0000][1][safepoint    ] Application time: 1.0001402 seconds
[2019-06-24T10:10:31.379+0000][1][safepoint    ] Entering safepoint region: Cleanup
[2019-06-24T10:10:31.379+0000][1][safepoint    ] Leaving safepoint region
[2019-06-24T10:10:31.379+0000][1][safepoint    ] Total time for which application threads were stopped: 0.0002328 seconds, Stopping threads took: 0.0000578 seconds
[2019-06-24T10:10:32.379+0000][1][safepoint    ] Application time: 1.0002313 seconds
[2019-06-24T10:10:32.379+0000][1][safepoint    ] Entering safepoint region: Cleanup
[2019-06-24T10:10:32.380+0000][1][safepoint    ] Leaving safepoint region
[2019-06-24T10:10:32.380+0000][1][safepoint    ] Total time for which application threads were stopped: 0.0002290 seconds, Stopping threads took: 0.0000579 seconds
[2019-06-24T10:10:33.380+0000][1][safepoint    ] Application time: 1.0002387 seconds
[2019-06-24T10:10:33.380+0000][1][safepoint    ] Entering safepoint region: Cleanup
[2019-06-24T10:10:33.380+0000][1][safepoint    ] Leaving safepoint region
[2019-06-24T10:10:33.380+0000][1][safepoint    ] Total time for which application threads were stopped: 0.0002668 seconds, Stopping threads took: 0.0000657 seconds
[2019-06-24T10:10:34.381+0000][1][safepoint    ] Application time: 1.0002657 seconds
[2019-06-24T10:10:34.381+0000][1][safepoint    ] Entering safepoint region: Cleanup
[2019-06-24T10:10:34.381+0000][1][safepoint    ] Leaving safepoint region
[2019-06-24T10:10:34.381+0000][1][safepoint    ] Total time for which application threads were stopped: 0.0002692 seconds, Stopping threads took: 0.0000650 seconds
[2019-06-24T10:10:35.381+0000][1][safepoint    ] Application time: 1.0002615 seconds
[2019-06-24T10:10:35.381+0000][1][safepoint    ] Entering safepoint region: Cleanup
[2019-06-24T10:10:35.382+0000][1][safepoint    ] Leaving safepoint region
[2019-06-24T10:10:35.382+0000][1][safepoint    ] Total time for which application threads were stopped: 0.0003456 seconds, Stopping threads took: 0.0000644 seconds
[2019-06-24T10:10:36.382+0000][1][safepoint    ] Application time: 1.0002573 seconds
[2019-06-24T10:10:36.382+0000][1][safepoint    ] Entering safepoint region: Cleanup
[2019-06-24T10:10:36.382+0000][1][safepoint    ] Leaving safepoint region
[2019-06-24T10:10:36.382+0000][1][safepoint    ] Total time for which application threads were stopped: 0.0003094 seconds, Stopping threads took: 0.0000556 seconds
[2019-06-24T10:10:37.383+0000][1][safepoint    ] Application time: 1.0001629 seconds
[2019-06-24T10:10:37.383+0000][1][safepoint    ] Entering safepoint region: Cleanup
[2019-06-24T10:10:37.383+0000][1][safepoint    ] Leaving safepoint region
[2019-06-24T10:10:37.383+0000][1][safepoint    ] Total time for which application threads were stopped: 0.0002560 seconds, Stopping threads took: 0.0000642 seconds
[2019-06-24T10:10:38.383+0000][1][safepoint    ] Application time: 1.0002684 seconds
[2019-06-24T10:10:38.384+0000][1][safepoint    ] Entering safepoint region: Cleanup
[2019-06-24T10:10:38.384+0000][1][safepoint    ] Leaving safepoint region
[2019-06-24T10:10:38.384+0000][1][safepoint    ] Total time for which application threads were stopped: 0.0002600 seconds, Stopping threads took: 0.0000648 seconds
[2019-06-24T10:10:39.384+0000][1][safepoint    ] Application time: 1.0002468 seconds
[2019-06-24T10:10:39.384+0000][1][safepoint    ] Entering safepoint region: Cleanup
[2019-06-24T10:10:39.384+0000][1][safepoint    ] Leaving safepoint region
[2019-06-24T10:10:39.384+0000][1][safepoint    ] Total time for which application threads were stopped: 0.0002720 seconds, Stopping threads took: 0.0000834 seconds
[2019-06-24T10:10:40.385+0000][1][safepoint    ] Application time: 1.0002671 seconds
[2019-06-24T10:10:40.385+0000][1][safepoint    ] Entering safepoint region: Cleanup
[2019-06-24T10:10:40.385+0000][1][safepoint    ] Leaving safepoint region
[2019-06-24T10:10:40.385+0000][1][safepoint    ] Total time for which application threads were stopped: 0.0002806 seconds, Stopping threads took: 0.0000665 seconds
[2019-06-24T10:10:41.385+0000][1][safepoint    ] Application time: 1.0002461 seconds
[2019-06-24T10:10:41.386+0000][1][safepoint    ] Entering safepoint region: Cleanup
[2019-06-24T10:10:41.386+0000][1][safepoint    ] Leaving safepoint region
[2019-06-24T10:10:41.386+0000][1][safepoint    ] Total time for which application threads were stopped: 0.0002991 seconds, Stopping threads took: 0.0000666 seconds
[2019-06-24T10:10:42.386+0000][1][safepoint    ] Application time: 1.0002658 seconds
[2019-06-24T10:10:42.386+0000][1][safepoint    ] Entering safepoint region: Cleanup
[2019-06-24T10:10:42.386+0000][1][safepoint    ] Leaving safepoint region
[2019-06-24T10:10:42.387+0000][1][safepoint    ] Total time for which application threads were stopped: 0.0003357 seconds, Stopping threads took: 0.0000677 seconds
[2019-06-24T10:10:43.387+0000][1][safepoint    ] Application time: 1.0001579 seconds
[2019-06-24T10:10:43.387+0000][1][safepoint    ] Entering safepoint region: Cleanup
[2019-06-24T10:10:43.387+0000][1][safepoint    ] Leaving safepoint region
[2019-06-24T10:10:43.387+0000][1][safepoint    ] Total time for which application threads were stopped: 0.0002428 seconds, Stopping threads took: 0.0000600 seconds
[2019-06-24T10:10:44.387+0000][1][safepoint    ] Application time: 1.0002251 seconds
[2019-06-24T10:10:44.387+0000][1][safepoint    ] Entering safepoint region: Cleanup
[2019-06-24T10:10:44.388+0000][1][safepoint    ] Leaving safepoint region
[2019-06-24T10:10:44.388+0000][1][safepoint    ] Total time for which application threads were stopped: 0.0002477 seconds, Stopping threads took: 0.0000578 seconds
[2019-06-24T10:10:45.388+0000][1][safepoint    ] Application time: 1.0002619 seconds
[2019-06-24T10:10:45.388+0000][1][safepoint    ] Entering safepoint region: Cleanup
[2019-06-24T10:10:45.388+0000][1][safepoint    ] Leaving safepoint region
[2019-06-24T10:10:45.388+0000][1][safepoint    ] Total time for which application threads were stopped: 0.0002825 seconds, Stopping threads took: 0.0000667 seconds
[2019-06-24T10:10:46.389+0000][1][safepoint    ] Application time: 1.0002562 seconds
[2019-06-24T10:10:46.389+0000][1][safepoint    ] Entering safepoint region: Cleanup
[2019-06-24T10:10:46.389+0000][1][safepoint    ] Leaving safepoint region
[2019-06-24T10:10:46.389+0000][1][safepoint    ] Total time for which application threads were stopped: 0.0002915 seconds, Stopping threads took: 0.0000775 seconds
[2019-06-24T10:10:47.389+0000][1][safepoint    ] Application time: 1.0002034 seconds
[2019-06-24T10:10:47.390+0000][1][safepoint    ] Entering safepoint region: Cleanup
[2019-06-24T10:10:47.390+0000][1][safepoint    ] Leaving safepoint region
[2019-06-24T10:10:47.390+0000][1][safepoint    ] Total time for which application threads were stopped: 0.0003139 seconds, Stopping threads took: 0.0000643 seconds
[2019-06-24T10:10:48.390+0000][1][safepoint    ] Application time: 1.0002603 seconds
[2019-06-24T10:10:48.390+0000][1][safepoint    ] Entering safepoint region: Cleanup
[2019-06-24T10:10:48.390+0000][1][safepoint    ] Leaving safepoint region
[2019-06-24T10:10:48.391+0000][1][safepoint    ] Total time for which application threads were stopped: 0.0002764 seconds, Stopping threads took: 0.0000629 seconds
[2019-06-24T10:10:49.391+0000][1][safepoint    ] Application time: 1.0001479 seconds
[2019-06-24T10:10:49.391+0000][1][safepoint    ] Entering safepoint region: Cleanup
[2019-06-24T10:10:49.391+0000][1][safepoint    ] Leaving safepoint region
[2019-06-24T10:10:49.391+0000][1][safepoint    ] Total time for which application threads were stopped: 0.0002724 seconds, Stopping threads took: 0.0000626 seconds
[2019-06-24T10:10:50.391+0000][1][safepoint    ] Application time: 1.0002013 seconds
[2019-06-24T10:10:50.391+0000][1][safepoint    ] Entering safepoint region: Cleanup
[2019-06-24T10:10:50.392+0000][1][safepoint    ] Leaving safepoint region
[2019-06-24T10:10:50.392+0000][1][safepoint    ] Total time for which application threads were stopped: 0.0002711 seconds, Stopping threads took: 0.0000657 seconds
[2019-06-24T10:10:51.392+0000][1][safepoint    ] Application time: 1.0002023 seconds
[2019-06-24T10:10:51.392+0000][1][safepoint    ] Entering safepoint region: Cleanup
[2019-06-24T10:10:51.392+0000][1][safepoint    ] Leaving safepoint region
[2019-06-24T10:10:51.392+0000][1][safepoint    ] Total time for which application threads were stopped: 0.0002966 seconds, Stopping threads took: 0.0000762 seconds
[2019-06-24T10:10:52.393+0000][1][safepoint    ] Application time: 1.0001864 seconds
[2019-06-24T10:10:52.393+0000][1][safepoint    ] Entering safepoint region: Cleanup
[2019-06-24T10:10:52.393+0000][1][safepoint    ] Leaving safepoint region
[2019-06-24T10:10:52.393+0000][1][safepoint    ] Total time for which application threads were stopped: 0.0003191 seconds, Stopping threads took: 0.0001156 seconds
[2019-06-24T10:10:53.393+0000][1][safepoint    ] Application time: 1.0001520 seconds
[2019-06-24T10:10:53.393+0000][1][safepoint    ] Entering safepoint region: Cleanup
[2019-06-24T10:10:53.393+0000][1][safepoint    ] Leaving safepoint region
[2019-06-24T10:10:53.393+0000][1][safepoint    ] Total time for which application threads were stopped: 0.0001439 seconds, Stopping threads took: 0.0000354 seconds
[2019-06-24T10:10:54.394+0000][1][safepoint    ] Application time: 1.0002552 seconds
[2019-06-24T10:10:54.394+0000][1][safepoint    ] Entering safepoint region: Cleanup
[2019-06-24T10:10:54.394+0000][1][safepoint    ] Leaving safepoint region
[2019-06-24T10:10:54.394+0000][1][safepoint    ] Total time for which application threads were stopped: 0.0002540 seconds, Stopping threads took: 0.0000644 seconds
[2019-06-24T10:10:55.394+0000][1][safepoint    ] Application time: 1.0002589 seconds
[2019-06-24T10:10:55.394+0000][1][safepoint    ] Entering safepoint region: Cleanup
[2019-06-24T10:10:55.395+0000][1][safepoint    ] Leaving safepoint region
[2019-06-24T10:10:55.395+0000][1][safepoint    ] Total time for which application threads were stopped: 0.0003595 seconds, Stopping threads took: 0.0001366 seconds
[2019-06-24T10:10:56.395+0000][1][safepoint    ] Application time: 1.0002195 seconds
[2019-06-24T10:10:56.395+0000][1][safepoint    ] Entering safepoint region: Cleanup
[2019-06-24T10:10:56.395+0000][1][safepoint    ] Leaving safepoint region
[2019-06-24T10:10:56.395+0000][1][safepoint    ] Total time for which application threads were stopped: 0.0002844 seconds, Stopping threads took: 0.0000733 seconds
[2019-06-24T10:10:57.396+0000][1][safepoint    ] Application time: 1.0001975 seconds
[2019-06-24T10:10:57.396+0000][1][safepoint    ] Entering safepoint region: Cleanup
[2019-06-24T10:10:57.396+0000][1][safepoint    ] Leaving safepoint region
[2019-06-24T10:10:57.396+0000][1][safepoint    ] Total time for which application threads were stopped: 0.0002778 seconds, Stopping threads took: 0.0000650 seconds
[2019-06-24T10:10:58.396+0000][1][safepoint    ] Application time: 1.0002712 seconds
[2019-06-24T10:10:58.396+0000][1][safepoint    ] Entering safepoint region: Cleanup
[2019-06-24T10:10:58.397+0000][1][safepoint    ] Leaving safepoint region
[2019-06-24T10:10:58.397+0000][1][safepoint    ] Total time for which application threads were stopped: 0.0002664 seconds, Stopping threads took: 0.0000639 seconds
[2019-06-24T10:10:59.073+0000][1][safepoint    ] Application time: 0.6765210 seconds
[2019-06-24T10:10:59.073+0000][1][safepoint    ] Entering safepoint region: GenCollectForAllocation
[2019-06-24T10:10:59.074+0000][1][gc,start     ] GC(24) Pause Young (Allocation Failure)
[2019-06-24T10:10:59.074+0000][1][gc,task      ] GC(24) Using 5 workers of 8 for evacuation
[2019-06-24T10:10:59.080+0000][1][gc,age       ] GC(24) Desired survivor size 4456448 bytes, new threshold 6 (max threshold 6)
[2019-06-24T10:10:59.080+0000][1][gc,age       ] GC(24) Age table with threshold 6 (max threshold 6)
[2019-06-24T10:10:59.080+0000][1][gc,age       ] GC(24) - age   1:       6808 bytes,       6808 total
[2019-06-24T10:10:59.080+0000][1][gc,age       ] GC(24) - age   2:       9528 bytes,      16336 total
[2019-06-24T10:10:59.080+0000][1][gc,age       ] GC(24) - age   3:    2446344 bytes,    2462680 total
[2019-06-24T10:10:59.080+0000][1][gc,heap      ] GC(24) ParNew: 75571K->3249K(78656K)
[2019-06-24T10:10:59.080+0000][1][gc,heap      ] GC(24) CMS: 67315K->67315K(174784K)
[2019-06-24T10:10:59.080+0000][1][gc,metaspace ] GC(24) Metaspace: 67653K->67653K(1112064K)
[2019-06-24T10:10:59.080+0000][1][gc           ] GC(24) Pause Young (Allocation Failure) 139M->68M(247M) 6.410ms
[2019-06-24T10:10:59.080+0000][1][gc,cpu       ] GC(24) User=0.02s Sys=0.00s Real=0.01s
[2019-06-24T10:10:59.080+0000][1][safepoint    ] Leaving safepoint region
[2019-06-24T10:10:59.080+0000][1][safepoint    ] Total time for which application threads were stopped: 0.0067932 seconds, Stopping threads took: 0.0000640 seconds
[2019-06-24T10:11:00.080+0000][1][safepoint    ] Application time: 1.0002797 seconds
[2019-06-24T10:11:00.081+0000][1][safepoint    ] Entering safepoint region: Cleanup
[2019-06-24T10:11:00.081+0000][1][safepoint    ] Leaving safepoint region
[2019-06-24T10:11:00.081+0000][1][safepoint    ] Total time for which application threads were stopped: 0.0002844 seconds, Stopping threads took: 0.0001020 seconds
[2019-06-24T10:11:01.081+0000][1][safepoint    ] Application time: 1.0002715 seconds
[2019-06-24T10:11:01.081+0000][1][safepoint    ] Entering safepoint region: Cleanup
[2019-06-24T10:11:01.081+0000][1][safepoint    ] Leaving safepoint region
[2019-06-24T10:11:01.082+0000][1][safepoint    ] Total time for which application threads were stopped: 0.0002556 seconds, Stopping threads took: 0.0000639 seconds
[2019-06-24T10:11:02.082+0000][1][safepoint    ] Application time: 1.0002394 seconds
[2019-06-24T10:11:02.082+0000][1][safepoint    ] Entering safepoint region: Cleanup
[2019-06-24T10:11:02.082+0000][1][safepoint    ] Leaving safepoint region
[2019-06-24T10:11:02.082+0000][1][safepoint    ] Total time for which application threads were stopped: 0.0002749 seconds, Stopping threads took: 0.0000647 seconds
[2019-06-24T10:11:03.083+0000][1][safepoint    ] Application time: 1.0003337 seconds
[2019-06-24T10:11:03.083+0000][1][safepoint    ] Entering safepoint region: Cleanup
[2019-06-24T10:11:03.083+0000][1][safepoint    ] Leaving safepoint region
[2019-06-24T10:11:03.083+0000][1][safepoint    ] Total time for which application threads were stopped: 0.0002685 seconds, Stopping threads took: 0.0000648 seconds
[2019-06-24T10:11:04.083+0000][1][safepoint    ] Application time: 1.0002767 seconds
[2019-06-24T10:11:04.083+0000][1][safepoint    ] Entering safepoint region: Cleanup
[2019-06-24T10:11:04.084+0000][1][safepoint    ] Leaving safepoint region
[2019-06-24T10:11:04.084+0000][1][safepoint    ] Total time for which application threads were stopped: 0.0002822 seconds, Stopping threads took: 0.0000671 seconds
[2019-06-24T10:11:05.084+0000][1][safepoint    ] Application time: 1.0003447 seconds
[2019-06-24T10:11:05.084+0000][1][safepoint    ] Entering safepoint region: Cleanup
[2019-06-24T10:11:05.084+0000][1][safepoint    ] Leaving safepoint region
[2019-06-24T10:11:05.084+0000][1][safepoint    ] Total time for which application threads were stopped: 0.0002783 seconds, Stopping threads took: 0.0000721 seconds
[2019-06-24T10:11:06.085+0000][1][safepoint    ] Application time: 1.0002489 seconds
[2019-06-24T10:11:06.085+0000][1][safepoint    ] Entering safepoint region: Cleanup
[2019-06-24T10:11:06.085+0000][1][safepoint    ] Leaving safepoint region
[2019-06-24T10:11:06.085+0000][1][safepoint    ] Total time for which application threads were stopped: 0.0002298 seconds, Stopping threads took: 0.0000580 seconds
[2019-06-24T10:11:07.085+0000][1][safepoint    ] Application time: 1.0002518 seconds
[2019-06-24T10:11:07.085+0000][1][safepoint    ] Entering safepoint region: Cleanup
[2019-06-24T10:11:07.086+0000][1][safepoint    ] Leaving safepoint region
[2019-06-24T10:11:07.086+0000][1][safepoint    ] Total time for which application threads were stopped: 0.0001830 seconds, Stopping threads took: 0.0000382 seconds
[2019-06-24T10:11:08.086+0000][1][safepoint    ] Application time: 1.0002480 seconds
[2019-06-24T10:11:08.086+0000][1][safepoint    ] Entering safepoint region: Cleanup
[2019-06-24T10:11:08.086+0000][1][safepoint    ] Leaving safepoint region
[2019-06-24T10:11:08.086+0000][1][safepoint    ] Total time for which application threads were stopped: 0.0002337 seconds, Stopping threads took: 0.0000565 seconds
[2019-06-24T10:11:09.086+0000][1][safepoint    ] Application time: 1.0002535 seconds
[2019-06-24T10:11:09.087+0000][1][safepoint    ] Entering safepoint region: Cleanup
[2019-06-24T10:11:09.087+0000][1][safepoint    ] Leaving safepoint region
[2019-06-24T10:11:09.087+0000][1][safepoint    ] Total time for which application threads were stopped: 0.0002286 seconds, Stopping threads took: 0.0000569 seconds
[2019-06-24T10:11:10.087+0000][1][safepoint    ] Application time: 1.0002255 seconds
[2019-06-24T10:11:10.087+0000][1][safepoint    ] Entering safepoint region: Cleanup
[2019-06-24T10:11:10.087+0000][1][safepoint    ] Leaving safepoint region
[2019-06-24T10:11:10.088+0000][1][safepoint    ] Total time for which application threads were stopped: 0.0003154 seconds, Stopping threads took: 0.0001335 seconds
[2019-06-24T10:11:11.088+0000][1][safepoint    ] Application time: 1.0002301 seconds
[2019-06-24T10:11:11.088+0000][1][safepoint    ] Entering safepoint region: Cleanup
[2019-06-24T10:11:11.088+0000][1][safepoint    ] Leaving safepoint region
[2019-06-24T10:11:11.088+0000][1][safepoint    ] Total time for which application threads were stopped: 0.0001665 seconds, Stopping threads took: 0.0000571 seconds
[2019-06-24T10:11:12.088+0000][1][safepoint    ] Application time: 1.0002397 seconds
[2019-06-24T10:11:12.088+0000][1][safepoint    ] Entering safepoint region: Cleanup
[2019-06-24T10:11:12.089+0000][1][safepoint    ] Leaving safepoint region
[2019-06-24T10:11:12.089+0000][1][safepoint    ] Total time for which application threads were stopped: 0.0002406 seconds, Stopping threads took: 0.0000592 seconds
[2019-06-24T10:11:13.089+0000][1][safepoint    ] Application time: 1.0002509 seconds
[2019-06-24T10:11:13.089+0000][1][safepoint    ] Entering safepoint region: Cleanup
[2019-06-24T10:11:13.089+0000][1][safepoint    ] Leaving safepoint region
[2019-06-24T10:11:13.089+0000][1][safepoint    ] Total time for which application threads were stopped: 0.0002665 seconds, Stopping threads took: 0.0000649 seconds
[2019-06-24T10:11:14.090+0000][1][safepoint    ] Application time: 1.0002591 seconds
[2019-06-24T10:11:14.090+0000][1][safepoint    ] Entering safepoint region: Cleanup
[2019-06-24T10:11:14.090+0000][1][safepoint    ] Leaving safepoint region
[2019-06-24T10:11:14.090+0000][1][safepoint    ] Total time for which application threads were stopped: 0.0002598 seconds, Stopping threads took: 0.0000665 seconds
[2019-06-24T10:11:15.090+0000][1][safepoint    ] Application time: 1.0002767 seconds
[2019-06-24T10:11:15.090+0000][1][safepoint    ] Entering safepoint region: Cleanup
[2019-06-24T10:11:15.090+0000][1][safepoint    ] Leaving safepoint region
[2019-06-24T10:11:15.090+0000][1][safepoint    ] Total time for which application threads were stopped: 0.0001279 seconds, Stopping threads took: 0.0000316 seconds
[2019-06-24T10:11:16.091+0000][1][safepoint    ] Application time: 1.0002783 seconds
[2019-06-24T10:11:16.091+0000][1][safepoint    ] Entering safepoint region: Cleanup
[2019-06-24T10:11:16.091+0000][1][safepoint    ] Leaving safepoint region
[2019-06-24T10:11:16.091+0000][1][safepoint    ] Total time for which application threads were stopped: 0.0002364 seconds, Stopping threads took: 0.0000669 seconds
[2019-06-24T10:11:17.091+0000][1][safepoint    ] Application time: 1.0002372 seconds
[2019-06-24T10:11:17.091+0000][1][safepoint    ] Entering safepoint region: Cleanup
[2019-06-24T10:11:17.092+0000][1][safepoint    ] Leaving safepoint region
[2019-06-24T10:11:17.092+0000][1][safepoint    ] Total time for which application threads were stopped: 0.0002225 seconds, Stopping threads took: 0.0000592 seconds
[2019-06-24T10:11:18.092+0000][1][safepoint    ] Application time: 1.0002411 seconds
[2019-06-24T10:11:18.092+0000][1][safepoint    ] Entering safepoint region: Cleanup
[2019-06-24T10:11:18.092+0000][1][safepoint    ] Leaving safepoint region
[2019-06-24T10:11:18.092+0000][1][safepoint    ] Total time for which application threads were stopped: 0.0002277 seconds, Stopping threads took: 0.0000586 seconds
[2019-06-24T10:11:19.092+0000][1][safepoint    ] Application time: 1.0001787 seconds
[2019-06-24T10:11:19.093+0000][1][safepoint    ] Entering safepoint region: Cleanup
[2019-06-24T10:11:19.093+0000][1][safepoint    ] Leaving safepoint region
[2019-06-24T10:11:19.093+0000][1][safepoint    ] Total time for which application threads were stopped: 0.0002064 seconds, Stopping threads took: 0.0000592 seconds
[2019-06-24T10:11:20.093+0000][1][safepoint    ] Application time: 1.0002514 seconds
[2019-06-24T10:11:20.093+0000][1][safepoint    ] Entering safepoint region: Cleanup
[2019-06-24T10:11:20.093+0000][1][safepoint    ] Leaving safepoint region
[2019-06-24T10:11:20.093+0000][1][safepoint    ] Total time for which application threads were stopped: 0.0002538 seconds, Stopping threads took: 0.0000932 seconds
[2019-06-24T10:11:21.094+0000][1][safepoint    ] Application time: 1.0002707 seconds
[2019-06-24T10:11:21.094+0000][1][safepoint    ] Entering safepoint region: Cleanup
[2019-06-24T10:11:21.094+0000][1][safepoint    ] Leaving safepoint region
[2019-06-24T10:11:21.094+0000][1][safepoint    ] Total time for which application threads were stopped: 0.0002324 seconds, Stopping threads took: 0.0000660 seconds
[2019-06-24T10:11:22.094+0000][1][safepoint    ] Application time: 1.0002427 seconds
[2019-06-24T10:11:22.095+0000][1][safepoint    ] Entering safepoint region: Cleanup
[2019-06-24T10:11:22.095+0000][1][safepoint    ] Leaving safepoint region
[2019-06-24T10:11:22.095+0000][1][safepoint    ] Total time for which application threads were stopped: 0.0003430 seconds, Stopping threads took: 0.0001431 seconds
[2019-06-24T10:11:23.095+0000][1][safepoint    ] Application time: 1.0002730 seconds
[2019-06-24T10:11:23.095+0000][1][safepoint    ] Entering safepoint region: Cleanup
[2019-06-24T10:11:23.095+0000][1][safepoint    ] Leaving safepoint region
[2019-06-24T10:11:23.095+0000][1][safepoint    ] Total time for which application threads were stopped: 0.0003060 seconds, Stopping threads took: 0.0000779 seconds
[2019-06-24T10:11:24.096+0000][1][safepoint    ] Application time: 1.0001515 seconds
[2019-06-24T10:11:24.096+0000][1][safepoint    ] Entering safepoint region: Cleanup
[2019-06-24T10:11:24.096+0000][1][safepoint    ] Leaving safepoint region
[2019-06-24T10:11:24.096+0000][1][safepoint    ] Total time for which application threads were stopped: 0.0002940 seconds, Stopping threads took: 0.0000888 seconds
[2019-06-24T10:11:25.096+0000][1][safepoint    ] Application time: 1.0002748 seconds
[2019-06-24T10:11:25.097+0000][1][safepoint    ] Entering safepoint region: Cleanup
[2019-06-24T10:11:25.097+0000][1][safepoint    ] Leaving safepoint region
[2019-06-24T10:11:25.097+0000][1][safepoint    ] Total time for which application threads were stopped: 0.0002976 seconds, Stopping threads took: 0.0000951 seconds
[2019-06-24T10:11:26.097+0000][1][safepoint    ] Application time: 1.0002015 seconds
[2019-06-24T10:11:26.097+0000][1][safepoint    ] Entering safepoint region: Cleanup
[2019-06-24T10:11:26.097+0000][1][safepoint    ] Leaving safepoint region
[2019-06-24T10:11:26.097+0000][1][safepoint    ] Total time for which application threads were stopped: 0.0002526 seconds, Stopping threads took: 0.0000681 seconds
[2019-06-24T10:11:27.098+0000][1][safepoint    ] Application time: 1.0001357 seconds
[2019-06-24T10:11:27.098+0000][1][safepoint    ] Entering safepoint region: Cleanup
[2019-06-24T10:11:27.098+0000][1][safepoint    ] Leaving safepoint region
[2019-06-24T10:11:27.098+0000][1][safepoint    ] Total time for which application threads were stopped: 0.0003108 seconds, Stopping threads took: 0.0000662 seconds
[2019-06-24T10:11:28.098+0000][1][safepoint    ] Application time: 1.0002712 seconds
[2019-06-24T10:11:28.098+0000][1][safepoint    ] Entering safepoint region: Cleanup
[2019-06-24T10:11:28.099+0000][1][safepoint    ] Leaving safepoint region
[2019-06-24T10:11:28.099+0000][1][safepoint    ] Total time for which application threads were stopped: 0.0003760 seconds, Stopping threads took: 0.0001378 seconds
[2019-06-24T10:11:29.099+0000][1][safepoint    ] Application time: 1.0002700 seconds
[2019-06-24T10:11:29.099+0000][1][safepoint    ] Entering safepoint region: Cleanup
[2019-06-24T10:11:29.099+0000][1][safepoint    ] Leaving safepoint region
[2019-06-24T10:11:29.100+0000][1][safepoint    ] Total time for which application threads were stopped: 0.0003166 seconds, Stopping threads took: 0.0000646 seconds
[2019-06-24T10:11:30.100+0000][1][safepoint    ] Application time: 1.0002685 seconds
[2019-06-24T10:11:30.100+0000][1][safepoint    ] Entering safepoint region: Cleanup
[2019-06-24T10:11:30.100+0000][1][safepoint    ] Leaving safepoint region
[2019-06-24T10:11:30.100+0000][1][safepoint    ] Total time for which application threads were stopped: 0.0002264 seconds, Stopping threads took: 0.0000781 seconds
[2019-06-24T10:11:31.100+0000][1][safepoint    ] Application time: 1.0002660 seconds
[2019-06-24T10:11:31.101+0000][1][safepoint    ] Entering safepoint region: Cleanup
[2019-06-24T10:11:31.101+0000][1][safepoint    ] Leaving safepoint region
[2019-06-24T10:11:31.101+0000][1][safepoint    ] Total time for which application threads were stopped: 0.0002380 seconds, Stopping threads took: 0.0000643 seconds
[2019-06-24T10:11:32.101+0000][1][safepoint    ] Application time: 1.0002663 seconds
[2019-06-24T10:11:32.101+0000][1][safepoint    ] Entering safepoint region: Cleanup
[2019-06-24T10:11:32.101+0000][1][safepoint    ] Leaving safepoint region
[2019-06-24T10:11:32.101+0000][1][safepoint    ] Total time for which application threads were stopped: 0.0002356 seconds, Stopping threads took: 0.0000652 seconds
[2019-06-24T10:11:33.102+0000][1][safepoint    ] Application time: 1.0002590 seconds
[2019-06-24T10:11:33.102+0000][1][safepoint    ] Entering safepoint region: Cleanup
[2019-06-24T10:11:33.102+0000][1][safepoint    ] Leaving safepoint region
[2019-06-24T10:11:33.102+0000][1][safepoint    ] Total time for which application threads were stopped: 0.0002394 seconds, Stopping threads took: 0.0000659 seconds
[2019-06-24T10:11:34.102+0000][1][safepoint    ] Application time: 1.0002642 seconds
[2019-06-24T10:11:34.103+0000][1][safepoint    ] Entering safepoint region: Cleanup
[2019-06-24T10:11:34.103+0000][1][safepoint    ] Leaving safepoint region
[2019-06-24T10:11:34.103+0000][1][safepoint    ] Total time for which application threads were stopped: 0.0002818 seconds, Stopping threads took: 0.0001078 seconds
[2019-06-24T10:11:35.103+0000][1][safepoint    ] Application time: 1.0002700 seconds
[2019-06-24T10:11:35.103+0000][1][safepoint    ] Entering safepoint region: Cleanup
[2019-06-24T10:11:35.103+0000][1][safepoint    ] Leaving safepoint region
[2019-06-24T10:11:35.104+0000][1][safepoint    ] Total time for which application threads were stopped: 0.0003572 seconds, Stopping threads took: 0.0000646 seconds
[2019-06-24T10:11:36.104+0000][1][safepoint    ] Application time: 1.0002782 seconds
[2019-06-24T10:11:36.104+0000][1][safepoint    ] Entering safepoint region: Cleanup
[2019-06-24T10:11:36.104+0000][1][safepoint    ] Leaving safepoint region
[2019-06-24T10:11:36.104+0000][1][safepoint    ] Total time for which application threads were stopped: 0.0002377 seconds, Stopping threads took: 0.0000633 seconds
[2019-06-24T10:11:37.105+0000][1][safepoint    ] Application time: 1.0001686 seconds
[2019-06-24T10:11:37.105+0000][1][safepoint    ] Entering safepoint region: Cleanup
[2019-06-24T10:11:37.105+0000][1][safepoint    ] Leaving safepoint region
[2019-06-24T10:11:37.105+0000][1][safepoint    ] Total time for which application threads were stopped: 0.0002387 seconds, Stopping threads took: 0.0000694 seconds
[2019-06-24T10:11:38.105+0000][1][safepoint    ] Application time: 1.0002662 seconds
[2019-06-24T10:11:38.105+0000][1][safepoint    ] Entering safepoint region: Cleanup
[2019-06-24T10:11:38.105+0000][1][safepoint    ] Leaving safepoint region
[2019-06-24T10:11:38.106+0000][1][safepoint    ] Total time for which application threads were stopped: 0.0002557 seconds, Stopping threads took: 0.0000629 seconds
[2019-06-24T10:11:39.106+0000][1][safepoint    ] Application time: 1.0002460 seconds
[2019-06-24T10:11:39.106+0000][1][safepoint    ] Entering safepoint region: Cleanup
[2019-06-24T10:11:39.106+0000][1][safepoint    ] Leaving safepoint region
[2019-06-24T10:11:39.106+0000][1][safepoint    ] Total time for which application threads were stopped: 0.0002321 seconds, Stopping threads took: 0.0000629 seconds
[2019-06-24T10:11:40.106+0000][1][safepoint    ] Application time: 1.0001353 seconds
[2019-06-24T10:11:40.106+0000][1][safepoint    ] Entering safepoint region: Cleanup
[2019-06-24T10:11:40.107+0000][1][safepoint    ] Leaving safepoint region
[2019-06-24T10:11:40.107+0000][1][safepoint    ] Total time for which application threads were stopped: 0.0003549 seconds, Stopping threads took: 0.0000560 seconds
[2019-06-24T10:11:41.107+0000][1][safepoint    ] Application time: 1.0002165 seconds
[2019-06-24T10:11:41.107+0000][1][safepoint    ] Entering safepoint region: Cleanup
[2019-06-24T10:11:41.107+0000][1][safepoint    ] Leaving safepoint region
[2019-06-24T10:11:41.107+0000][1][safepoint    ] Total time for which application threads were stopped: 0.0002586 seconds, Stopping threads took: 0.0000655 seconds
[2019-06-24T10:11:42.108+0000][1][safepoint    ] Application time: 1.0002659 seconds
[2019-06-24T10:11:42.108+0000][1][safepoint    ] Entering safepoint region: Cleanup
[2019-06-24T10:11:42.108+0000][1][safepoint    ] Leaving safepoint region
[2019-06-24T10:11:42.108+0000][1][safepoint    ] Total time for which application threads were stopped: 0.0002331 seconds, Stopping threads took: 0.0000625 seconds
[2019-06-24T10:11:43.108+0000][1][safepoint    ] Application time: 1.0002663 seconds
[2019-06-24T10:11:43.108+0000][1][safepoint    ] Entering safepoint region: Cleanup
[2019-06-24T10:11:43.109+0000][1][safepoint    ] Leaving safepoint region
[2019-06-24T10:11:43.109+0000][1][safepoint    ] Total time for which application threads were stopped: 0.0002518 seconds, Stopping threads took: 0.0000633 seconds
[2019-06-24T10:11:44.109+0000][1][safepoint    ] Application time: 1.0002635 seconds
[2019-06-24T10:11:44.109+0000][1][safepoint    ] Entering safepoint region: Cleanup
[2019-06-24T10:11:44.109+0000][1][safepoint    ] Leaving safepoint region
[2019-06-24T10:11:44.109+0000][1][safepoint    ] Total time for which application threads were stopped: 0.0002851 seconds, Stopping threads took: 0.0001095 seconds
[2019-06-24T10:11:45.110+0000][1][safepoint    ] Application time: 1.0002604 seconds
[2019-06-24T10:11:45.110+0000][1][safepoint    ] Entering safepoint region: Cleanup
[2019-06-24T10:11:45.110+0000][1][safepoint    ] Leaving safepoint region
[2019-06-24T10:11:45.110+0000][1][safepoint    ] Total time for which application threads were stopped: 0.0002668 seconds, Stopping threads took: 0.0000965 seconds
[2019-06-24T10:11:46.110+0000][1][safepoint    ] Application time: 1.0002658 seconds
[2019-06-24T10:11:46.110+0000][1][safepoint    ] Entering safepoint region: Cleanup
[2019-06-24T10:11:46.111+0000][1][safepoint    ] Leaving safepoint region
[2019-06-24T10:11:46.111+0000][1][safepoint    ] Total time for which application threads were stopped: 0.0003218 seconds, Stopping threads took: 0.0001346 seconds
[2019-06-24T10:11:47.111+0000][1][safepoint    ] Application time: 1.0001897 seconds
[2019-06-24T10:11:47.111+0000][1][safepoint    ] Entering safepoint region: Cleanup
[2019-06-24T10:11:47.111+0000][1][safepoint    ] Leaving safepoint region
[2019-06-24T10:11:47.111+0000][1][safepoint    ] Total time for which application threads were stopped: 0.0002243 seconds, Stopping threads took: 0.0000626 seconds
[2019-06-24T10:11:48.112+0000][1][safepoint    ] Application time: 1.0002661 seconds
[2019-06-24T10:11:48.112+0000][1][safepoint    ] Entering safepoint region: Cleanup
[2019-06-24T10:11:48.112+0000][1][safepoint    ] Leaving safepoint region
[2019-06-24T10:11:48.112+0000][1][safepoint    ] Total time for which application threads were stopped: 0.0002133 seconds, Stopping threads took: 0.0000587 seconds
[2019-06-24T10:11:49.112+0000][1][safepoint    ] Application time: 1.0002596 seconds
[2019-06-24T10:11:49.112+0000][1][safepoint    ] Entering safepoint region: Cleanup
[2019-06-24T10:11:49.112+0000][1][safepoint    ] Leaving safepoint region
[2019-06-24T10:11:49.112+0000][1][safepoint    ] Total time for which application threads were stopped: 0.0002114 seconds, Stopping threads took: 0.0000573 seconds
[2019-06-24T10:11:50.113+0000][1][safepoint    ] Application time: 1.0002684 seconds
[2019-06-24T10:11:50.113+0000][1][safepoint    ] Entering safepoint region: Cleanup
[2019-06-24T10:11:50.113+0000][1][safepoint    ] Leaving safepoint region
[2019-06-24T10:11:50.113+0000][1][safepoint    ] Total time for which application threads were stopped: 0.0002378 seconds, Stopping threads took: 0.0000652 seconds
[2019-06-24T10:11:51.113+0000][1][safepoint    ] Application time: 1.0002723 seconds
[2019-06-24T10:11:51.114+0000][1][safepoint    ] Entering safepoint region: Cleanup
[2019-06-24T10:11:51.114+0000][1][safepoint    ] Leaving safepoint region
[2019-06-24T10:11:51.114+0000][1][safepoint    ] Total time for which application threads were stopped: 0.0002797 seconds, Stopping threads took: 0.0000818 seconds
[2019-06-24T10:11:52.114+0000][1][safepoint    ] Application time: 1.0002603 seconds
[2019-06-24T10:11:52.114+0000][1][safepoint    ] Entering safepoint region: Cleanup
[2019-06-24T10:11:52.114+0000][1][safepoint    ] Leaving safepoint region
[2019-06-24T10:11:52.114+0000][1][safepoint    ] Total time for which application threads were stopped: 0.0002326 seconds, Stopping threads took: 0.0000584 seconds
[2019-06-24T10:11:53.115+0000][1][safepoint    ] Application time: 1.0002590 seconds
[2019-06-24T10:11:53.115+0000][1][safepoint    ] Entering safepoint region: Cleanup
[2019-06-24T10:11:53.115+0000][1][safepoint    ] Leaving safepoint region
[2019-06-24T10:11:53.115+0000][1][safepoint    ] Total time for which application threads were stopped: 0.0002270 seconds, Stopping threads took: 0.0000567 seconds
[2019-06-24T10:11:54.115+0000][1][safepoint    ] Application time: 1.0002287 seconds
[2019-06-24T10:11:54.116+0000][1][safepoint    ] Entering safepoint region: Cleanup
[2019-06-24T10:11:54.116+0000][1][safepoint    ] Leaving safepoint region
[2019-06-24T10:11:54.116+0000][1][safepoint    ] Total time for which application threads were stopped: 0.0002745 seconds, Stopping threads took: 0.0000651 seconds
[2019-06-24T10:11:55.116+0000][1][safepoint    ] Application time: 1.0001898 seconds
[2019-06-24T10:11:55.116+0000][1][safepoint    ] Entering safepoint region: Cleanup
[2019-06-24T10:11:55.116+0000][1][safepoint    ] Leaving safepoint region
[2019-06-24T10:11:55.116+0000][1][safepoint    ] Total time for which application threads were stopped: 0.0002114 seconds, Stopping threads took: 0.0000573 seconds
[2019-06-24T10:11:56.117+0000][1][safepoint    ] Application time: 1.0002207 seconds
[2019-06-24T10:11:56.117+0000][1][safepoint    ] Entering safepoint region: Cleanup
[2019-06-24T10:11:56.117+0000][1][safepoint    ] Leaving safepoint region
[2019-06-24T10:11:56.117+0000][1][safepoint    ] Total time for which application threads were stopped: 0.0001994 seconds, Stopping threads took: 0.0000551 seconds
[2019-06-24T10:11:57.117+0000][1][safepoint    ] Application time: 1.0001431 seconds
[2019-06-24T10:11:57.117+0000][1][safepoint    ] Entering safepoint region: Cleanup
[2019-06-24T10:11:57.117+0000][1][safepoint    ] Leaving safepoint region
[2019-06-24T10:11:57.117+0000][1][safepoint    ] Total time for which application threads were stopped: 0.0002350 seconds, Stopping threads took: 0.0000650 seconds
[2019-06-24T10:11:58.118+0000][1][safepoint    ] Application time: 1.0002175 seconds
[2019-06-24T10:11:58.118+0000][1][safepoint    ] Entering safepoint region: Cleanup
[2019-06-24T10:11:58.118+0000][1][safepoint    ] Leaving safepoint region
[2019-06-24T10:11:58.118+0000][1][safepoint    ] Total time for which application threads were stopped: 0.0002521 seconds, Stopping threads took: 0.0000637 seconds
[2019-06-24T10:11:59.118+0000][1][safepoint    ] Application time: 1.0002616 seconds
[2019-06-24T10:11:59.118+0000][1][safepoint    ] Entering safepoint region: Cleanup
[2019-06-24T10:11:59.119+0000][1][safepoint    ] Leaving safepoint region
[2019-06-24T10:11:59.119+0000][1][safepoint    ] Total time for which application threads were stopped: 0.0003933 seconds, Stopping threads took: 0.0000636 seconds
[2019-06-24T10:12:00.119+0000][1][safepoint    ] Application time: 1.0002749 seconds
[2019-06-24T10:12:00.119+0000][1][safepoint    ] Entering safepoint region: Cleanup
[2019-06-24T10:12:00.119+0000][1][safepoint    ] Leaving safepoint region
[2019-06-24T10:12:00.119+0000][1][safepoint    ] Total time for which application threads were stopped: 0.0002699 seconds, Stopping threads took: 0.0000649 seconds
[2019-06-24T10:12:01.120+0000][1][safepoint    ] Application time: 1.0002773 seconds
[2019-06-24T10:12:01.120+0000][1][safepoint    ] Entering safepoint region: Cleanup
[2019-06-24T10:12:01.120+0000][1][safepoint    ] Leaving safepoint region
[2019-06-24T10:12:01.120+0000][1][safepoint    ] Total time for which application threads were stopped: 0.0001011 seconds, Stopping threads took: 0.0000275 seconds
[2019-06-24T10:12:02.120+0000][1][safepoint    ] Application time: 1.0002513 seconds
[2019-06-24T10:12:02.120+0000][1][safepoint    ] Entering safepoint region: Cleanup
[2019-06-24T10:12:02.120+0000][1][safepoint    ] Leaving safepoint region
[2019-06-24T10:12:02.121+0000][1][safepoint    ] Total time for which application threads were stopped: 0.0002329 seconds, Stopping threads took: 0.0000635 seconds
[2019-06-24T10:12:03.121+0000][1][safepoint    ] Application time: 1.0002700 seconds
[2019-06-24T10:12:03.121+0000][1][safepoint    ] Entering safepoint region: Cleanup
[2019-06-24T10:12:03.121+0000][1][safepoint    ] Leaving safepoint region
[2019-06-24T10:12:03.121+0000][1][safepoint    ] Total time for which application threads were stopped: 0.0002358 seconds, Stopping threads took: 0.0000649 seconds
[2019-06-24T10:12:04.121+0000][1][safepoint    ] Application time: 1.0002485 seconds
[2019-06-24T10:12:04.122+0000][1][safepoint    ] Entering safepoint region: Cleanup
[2019-06-24T10:12:04.122+0000][1][safepoint    ] Leaving safepoint region
[2019-06-24T10:12:04.122+0000][1][safepoint    ] Total time for which application threads were stopped: 0.0002516 seconds, Stopping threads took: 0.0000563 seconds
[2019-06-24T10:12:05.122+0000][1][safepoint    ] Application time: 1.0002169 seconds
[2019-06-24T10:12:05.122+0000][1][safepoint    ] Entering safepoint region: Cleanup
[2019-06-24T10:12:05.122+0000][1][safepoint    ] Leaving safepoint region
[2019-06-24T10:12:05.122+0000][1][safepoint    ] Total time for which application threads were stopped: 0.0002415 seconds, Stopping threads took: 0.0000711 seconds
[2019-06-24T10:12:06.123+0000][1][safepoint    ] Application time: 1.0002348 seconds
[2019-06-24T10:12:06.123+0000][1][safepoint    ] Entering safepoint region: Cleanup
[2019-06-24T10:12:06.123+0000][1][safepoint    ] Leaving safepoint region
[2019-06-24T10:12:06.123+0000][1][safepoint    ] Total time for which application threads were stopped: 0.0002376 seconds, Stopping threads took: 0.0000559 seconds
[2019-06-24T10:12:07.123+0000][1][safepoint    ] Application time: 1.0001976 seconds
[2019-06-24T10:12:07.123+0000][1][safepoint    ] Entering safepoint region: Cleanup
[2019-06-24T10:12:07.124+0000][1][safepoint    ] Leaving safepoint region
[2019-06-24T10:12:07.124+0000][1][safepoint    ] Total time for which application threads were stopped: 0.0003131 seconds, Stopping threads took: 0.0000647 seconds
[2019-06-24T10:12:08.124+0000][1][safepoint    ] Application time: 1.0002126 seconds
[2019-06-24T10:12:08.124+0000][1][safepoint    ] Entering safepoint region: Cleanup
[2019-06-24T10:12:08.124+0000][1][safepoint    ] Leaving safepoint region
[2019-06-24T10:12:08.124+0000][1][safepoint    ] Total time for which application threads were stopped: 0.0002707 seconds, Stopping threads took: 0.0000642 seconds
[2019-06-24T10:12:09.125+0000][1][safepoint    ] Application time: 1.0002764 seconds
[2019-06-24T10:12:09.125+0000][1][safepoint    ] Entering safepoint region: Cleanup
[2019-06-24T10:12:09.125+0000][1][safepoint    ] Leaving safepoint region
[2019-06-24T10:12:09.125+0000][1][safepoint    ] Total time for which application threads were stopped: 0.0002317 seconds, Stopping threads took: 0.0000631 seconds
[2019-06-24T10:12:10.125+0000][1][safepoint    ] Application time: 1.0002525 seconds
[2019-06-24T10:12:10.125+0000][1][safepoint    ] Entering safepoint region: Cleanup
[2019-06-24T10:12:10.126+0000][1][safepoint    ] Leaving safepoint region
[2019-06-24T10:12:10.126+0000][1][safepoint    ] Total time for which application threads were stopped: 0.0002294 seconds, Stopping threads took: 0.0000628 seconds
[2019-06-24T10:12:11.913+0000][1][safepoint    ] Application time: 1.7876720 seconds
[2019-06-24T10:12:11.913+0000][1][safepoint    ] Entering safepoint region: Cleanup
[2019-06-24T10:12:11.914+0000][1][safepoint    ] Leaving safepoint region
[2019-06-24T10:12:11.914+0000][1][safepoint    ] Total time for which application threads were stopped: 0.0002552 seconds, Stopping threads took: 0.0000637 seconds
[2019-06-24T10:12:12.914+0000][1][safepoint    ] Application time: 1.0002536 seconds
[2019-06-24T10:12:12.914+0000][1][safepoint    ] Entering safepoint region: Cleanup
[2019-06-24T10:12:12.914+0000][1][safepoint    ] Leaving safepoint region
[2019-06-24T10:12:12.914+0000][1][safepoint    ] Total time for which application threads were stopped: 0.0002109 seconds, Stopping threads took: 0.0000581 seconds
[2019-06-24T10:12:13.915+0000][1][safepoint    ] Application time: 1.0002974 seconds
[2019-06-24T10:12:13.915+0000][1][safepoint    ] Entering safepoint region: Cleanup
[2019-06-24T10:12:13.915+0000][1][safepoint    ] Leaving safepoint region
[2019-06-24T10:12:13.915+0000][1][safepoint    ] Total time for which application threads were stopped: 0.0002008 seconds, Stopping threads took: 0.0000566 seconds
[2019-06-24T10:12:14.915+0000][1][safepoint    ] Application time: 1.0002068 seconds
[2019-06-24T10:12:14.915+0000][1][safepoint    ] Entering safepoint region: Cleanup
[2019-06-24T10:12:14.915+0000][1][safepoint    ] Leaving safepoint region
[2019-06-24T10:12:14.915+0000][1][safepoint    ] Total time for which application threads were stopped: 0.0002395 seconds, Stopping threads took: 0.0000559 seconds
[2019-06-24T10:12:15.916+0000][1][safepoint    ] Application time: 1.0002264 seconds
[2019-06-24T10:12:15.916+0000][1][safepoint    ] Entering safepoint region: Cleanup
[2019-06-24T10:12:15.916+0000][1][safepoint    ] Leaving safepoint region
[2019-06-24T10:12:15.916+0000][1][safepoint    ] Total time for which application threads were stopped: 0.0002112 seconds, Stopping threads took: 0.0000560 seconds
[2019-06-24T10:12:16.916+0000][1][safepoint    ] Application time: 1.0002488 seconds
[2019-06-24T10:12:16.916+0000][1][safepoint    ] Entering safepoint region: Cleanup
[2019-06-24T10:12:16.917+0000][1][safepoint    ] Leaving safepoint region
[2019-06-24T10:12:16.917+0000][1][safepoint    ] Total time for which application threads were stopped: 0.0003092 seconds, Stopping threads took: 0.0001086 seconds
[2019-06-24T10:12:17.917+0000][1][safepoint    ] Application time: 1.0001286 seconds
[2019-06-24T10:12:17.917+0000][1][safepoint    ] Entering safepoint region: Cleanup
[2019-06-24T10:12:17.917+0000][1][safepoint    ] Leaving safepoint region
[2019-06-24T10:12:17.917+0000][1][safepoint    ] Total time for which application threads were stopped: 0.0002603 seconds, Stopping threads took: 0.0000967 seconds
[2019-06-24T10:12:18.918+0000][1][safepoint    ] Application time: 1.0002113 seconds
[2019-06-24T10:12:18.918+0000][1][safepoint    ] Entering safepoint region: Cleanup
[2019-06-24T10:12:18.918+0000][1][safepoint    ] Leaving safepoint region
[2019-06-24T10:12:18.918+0000][1][safepoint    ] Total time for which application threads were stopped: 0.0003095 seconds, Stopping threads took: 0.0000650 seconds
[2019-06-24T10:12:19.918+0000][1][safepoint    ] Application time: 1.0001511 seconds
[2019-06-24T10:12:19.918+0000][1][safepoint    ] Entering safepoint region: Cleanup
[2019-06-24T10:12:19.919+0000][1][safepoint    ] Leaving safepoint region
[2019-06-24T10:12:19.919+0000][1][safepoint    ] Total time for which application threads were stopped: 0.0003893 seconds, Stopping threads took: 0.0000644 seconds
[2019-06-24T10:12:20.919+0000][1][safepoint    ] Application time: 1.0001438 seconds
[2019-06-24T10:12:20.919+0000][1][safepoint    ] Entering safepoint region: Cleanup
[2019-06-24T10:12:20.919+0000][1][safepoint    ] Leaving safepoint region
[2019-06-24T10:12:20.919+0000][1][safepoint    ] Total time for which application threads were stopped: 0.0003242 seconds, Stopping threads took: 0.0001000 seconds
[2019-06-24T10:12:21.920+0000][1][safepoint    ] Application time: 1.0002624 seconds
[2019-06-24T10:12:21.920+0000][1][safepoint    ] Entering safepoint region: Cleanup
[2019-06-24T10:12:21.920+0000][1][safepoint    ] Leaving safepoint region
[2019-06-24T10:12:21.920+0000][1][safepoint    ] Total time for which application threads were stopped: 0.0002766 seconds, Stopping threads took: 0.0000563 seconds
[2019-06-24T10:12:22.920+0000][1][safepoint    ] Application time: 1.0002431 seconds
[2019-06-24T10:12:22.920+0000][1][safepoint    ] Entering safepoint region: Cleanup
[2019-06-24T10:12:22.920+0000][1][safepoint    ] Leaving safepoint region
[2019-06-24T10:12:22.921+0000][1][safepoint    ] Total time for which application threads were stopped: 0.0002778 seconds, Stopping threads took: 0.0000559 seconds
[2019-06-24T10:12:23.921+0000][1][safepoint    ] Application time: 1.0002477 seconds
[2019-06-24T10:12:23.921+0000][1][safepoint    ] Entering safepoint region: Cleanup
[2019-06-24T10:12:23.921+0000][1][safepoint    ] Leaving safepoint region
[2019-06-24T10:12:23.921+0000][1][safepoint    ] Total time for which application threads were stopped: 0.0002805 seconds, Stopping threads took: 0.0001264 seconds
[2019-06-24T10:12:24.922+0000][1][safepoint    ] Application time: 1.0002452 seconds
[2019-06-24T10:12:24.922+0000][1][safepoint    ] Entering safepoint region: Cleanup
[2019-06-24T10:12:24.922+0000][1][safepoint    ] Leaving safepoint region
[2019-06-24T10:12:24.922+0000][1][safepoint    ] Total time for which application threads were stopped: 0.0002102 seconds, Stopping threads took: 0.0000574 seconds
[2019-06-24T10:12:25.922+0000][1][safepoint    ] Application time: 1.0002248 seconds
[2019-06-24T10:12:25.922+0000][1][safepoint    ] Entering safepoint region: Cleanup
[2019-06-24T10:12:25.922+0000][1][safepoint    ] Leaving safepoint region
[2019-06-24T10:12:25.922+0000][1][safepoint    ] Total time for which application threads were stopped: 0.0002082 seconds, Stopping threads took: 0.0000562 seconds
[2019-06-24T10:12:26.923+0000][1][safepoint    ] Application time: 1.0001962 seconds
[2019-06-24T10:12:26.923+0000][1][safepoint    ] Entering safepoint region: Cleanup
[2019-06-24T10:12:26.923+0000][1][safepoint    ] Leaving safepoint region
[2019-06-24T10:12:26.923+0000][1][safepoint    ] Total time for which application threads were stopped: 0.0002104 seconds, Stopping threads took: 0.0000615 seconds
[2019-06-24T10:12:27.923+0000][1][safepoint    ] Application time: 1.0002283 seconds
[2019-06-24T10:12:27.923+0000][1][safepoint    ] Entering safepoint region: Cleanup
[2019-06-24T10:12:27.923+0000][1][safepoint    ] Leaving safepoint region
[2019-06-24T10:12:27.923+0000][1][safepoint    ] Total time for which application threads were stopped: 0.0002173 seconds, Stopping threads took: 0.0000596 seconds
[2019-06-24T10:12:28.924+0000][1][safepoint    ] Application time: 1.0002336 seconds
[2019-06-24T10:12:28.924+0000][1][safepoint    ] Entering safepoint region: Cleanup
[2019-06-24T10:12:28.924+0000][1][safepoint    ] Leaving safepoint region
[2019-06-24T10:12:28.924+0000][1][safepoint    ] Total time for which application threads were stopped: 0.0002363 seconds, Stopping threads took: 0.0000614 seconds
[2019-06-24T10:12:29.924+0000][1][safepoint    ] Application time: 1.0002123 seconds
[2019-06-24T10:12:29.924+0000][1][safepoint    ] Entering safepoint region: Cleanup
[2019-06-24T10:12:29.925+0000][1][safepoint    ] Leaving safepoint region
[2019-06-24T10:12:29.925+0000][1][safepoint    ] Total time for which application threads were stopped: 0.0002016 seconds, Stopping threads took: 0.0000565 seconds
[2019-06-24T10:12:30.925+0000][1][safepoint    ] Application time: 1.0002388 seconds
[2019-06-24T10:12:30.925+0000][1][safepoint    ] Entering safepoint region: Cleanup
[2019-06-24T10:12:30.925+0000][1][safepoint    ] Leaving safepoint region
[2019-06-24T10:12:30.925+0000][1][safepoint    ] Total time for which application threads were stopped: 0.0002121 seconds, Stopping threads took: 0.0000579 seconds
[2019-06-24T10:12:31.925+0000][1][safepoint    ] Application time: 1.0002225 seconds
[2019-06-24T10:12:31.926+0000][1][safepoint    ] Entering safepoint region: Cleanup
[2019-06-24T10:12:31.926+0000][1][safepoint    ] Leaving safepoint region
[2019-06-24T10:12:31.926+0000][1][safepoint    ] Total time for which application threads were stopped: 0.0002722 seconds, Stopping threads took: 0.0001063 seconds
[2019-06-24T10:12:32.926+0000][1][safepoint    ] Application time: 1.0002520 seconds
[2019-06-24T10:12:32.926+0000][1][safepoint    ] Entering safepoint region: Cleanup
[2019-06-24T10:12:32.926+0000][1][safepoint    ] Leaving safepoint region
[2019-06-24T10:12:32.927+0000][1][safepoint    ] Total time for which application threads were stopped: 0.0003159 seconds, Stopping threads took: 0.0000905 seconds
[2019-06-24T10:12:33.927+0000][1][safepoint    ] Application time: 1.0002251 seconds
[2019-06-24T10:12:33.927+0000][1][safepoint    ] Entering safepoint region: Cleanup
[2019-06-24T10:12:33.927+0000][1][safepoint    ] Leaving safepoint region
[2019-06-24T10:12:33.927+0000][1][safepoint    ] Total time for which application threads were stopped: 0.0002386 seconds, Stopping threads took: 0.0000707 seconds
[2019-06-24T10:12:34.927+0000][1][safepoint    ] Application time: 1.0002016 seconds
[2019-06-24T10:12:34.927+0000][1][safepoint    ] Entering safepoint region: Cleanup
[2019-06-24T10:12:34.928+0000][1][safepoint    ] Leaving safepoint region
[2019-06-24T10:12:34.928+0000][1][safepoint    ] Total time for which application threads were stopped: 0.0002114 seconds, Stopping threads took: 0.0000578 seconds
[2019-06-24T10:12:35.928+0000][1][safepoint    ] Application time: 1.0002531 seconds
[2019-06-24T10:12:35.928+0000][1][safepoint    ] Entering safepoint region: Cleanup
[2019-06-24T10:12:35.928+0000][1][safepoint    ] Leaving safepoint region
[2019-06-24T10:12:35.928+0000][1][safepoint    ] Total time for which application threads were stopped: 0.0002104 seconds, Stopping threads took: 0.0000560 seconds
[2019-06-24T10:12:36.928+0000][1][safepoint    ] Application time: 1.0001359 seconds
[2019-06-24T10:12:36.929+0000][1][safepoint    ] Entering safepoint region: Cleanup
[2019-06-24T10:12:36.929+0000][1][safepoint    ] Leaving safepoint region
[2019-06-24T10:12:36.929+0000][1][safepoint    ] Total time for which application threads were stopped: 0.0001021 seconds, Stopping threads took: 0.0000320 seconds
[2019-06-24T10:12:37.929+0000][1][safepoint    ] Application time: 1.0001148 seconds
[2019-06-24T10:12:37.929+0000][1][safepoint    ] Entering safepoint region: Cleanup
[2019-06-24T10:12:37.929+0000][1][safepoint    ] Leaving safepoint region
[2019-06-24T10:12:37.929+0000][1][safepoint    ] Total time for which application threads were stopped: 0.0000807 seconds, Stopping threads took: 0.0000221 seconds
[2019-06-24T10:12:38.929+0000][1][safepoint    ] Application time: 1.0001162 seconds
[2019-06-24T10:12:38.929+0000][1][safepoint    ] Entering safepoint region: Cleanup
[2019-06-24T10:12:38.929+0000][1][safepoint    ] Leaving safepoint region
[2019-06-24T10:12:38.929+0000][1][safepoint    ] Total time for which application threads were stopped: 0.0000789 seconds, Stopping threads took: 0.0000221 seconds
[2019-06-24T10:12:39.929+0000][1][safepoint    ] Application time: 1.0000929 seconds
[2019-06-24T10:12:39.929+0000][1][safepoint    ] Entering safepoint region: Cleanup
[2019-06-24T10:12:39.929+0000][1][safepoint    ] Leaving safepoint region
[2019-06-24T10:12:39.929+0000][1][safepoint    ] Total time for which application threads were stopped: 0.0001439 seconds, Stopping threads took: 0.0000408 seconds
[2019-06-24T10:12:40.930+0000][1][safepoint    ] Application time: 1.0001174 seconds
[2019-06-24T10:12:40.930+0000][1][safepoint    ] Entering safepoint region: Cleanup
[2019-06-24T10:12:40.930+0000][1][safepoint    ] Leaving safepoint region
[2019-06-24T10:12:40.930+0000][1][safepoint    ] Total time for which application threads were stopped: 0.0002844 seconds, Stopping threads took: 0.0000806 seconds
[2019-06-24T10:12:41.930+0000][1][safepoint    ] Application time: 1.0001064 seconds
[2019-06-24T10:12:41.930+0000][1][safepoint    ] Entering safepoint region: Cleanup
[2019-06-24T10:12:41.930+0000][1][safepoint    ] Leaving safepoint region
[2019-06-24T10:12:41.930+0000][1][safepoint    ] Total time for which application threads were stopped: 0.0001289 seconds, Stopping threads took: 0.0000315 seconds
[2019-06-24T10:12:43.262+0000][1][safepoint    ] Application time: 1.3314129 seconds
[2019-06-24T10:12:43.262+0000][1][safepoint    ] Entering safepoint region: Cleanup
[2019-06-24T10:12:43.262+0000][1][safepoint    ] Leaving safepoint region
[2019-06-24T10:12:43.262+0000][1][safepoint    ] Total time for which application threads were stopped: 0.0002472 seconds, Stopping threads took: 0.0000701 seconds
[2019-06-24T10:12:44.262+0000][1][safepoint    ] Application time: 1.0003273 seconds
[2019-06-24T10:12:44.263+0000][1][safepoint    ] Entering safepoint region: Cleanup
[2019-06-24T10:12:44.263+0000][1][safepoint    ] Leaving safepoint region
[2019-06-24T10:12:44.263+0000][1][safepoint    ] Total time for which application threads were stopped: 0.0001532 seconds, Stopping threads took: 0.0000403 seconds
[2019-06-24T10:12:45.263+0000][1][safepoint    ] Application time: 1.0000890 seconds
[2019-06-24T10:12:45.263+0000][1][safepoint    ] Entering safepoint region: Cleanup
[2019-06-24T10:12:45.263+0000][1][safepoint    ] Leaving safepoint region
[2019-06-24T10:12:45.263+0000][1][safepoint    ] Total time for which application threads were stopped: 0.0001433 seconds, Stopping threads took: 0.0000379 seconds
[2019-06-24T10:12:46.263+0000][1][safepoint    ] Application time: 1.0001067 seconds
[2019-06-24T10:12:46.263+0000][1][safepoint    ] Entering safepoint region: Cleanup
[2019-06-24T10:12:46.263+0000][1][safepoint    ] Leaving safepoint region
[2019-06-24T10:12:46.263+0000][1][safepoint    ] Total time for which application threads were stopped: 0.0001724 seconds, Stopping threads took: 0.0000441 seconds
[2019-06-24T10:12:47.263+0000][1][safepoint    ] Application time: 1.0001183 seconds
[2019-06-24T10:12:47.264+0000][1][safepoint    ] Entering safepoint region: Cleanup
[2019-06-24T10:12:47.264+0000][1][safepoint    ] Leaving safepoint region
[2019-06-24T10:12:47.264+0000][1][safepoint    ] Total time for which application threads were stopped: 0.0002131 seconds, Stopping threads took: 0.0000672 seconds
[2019-06-24T10:12:48.264+0000][1][safepoint    ] Application time: 1.0001228 seconds
[2019-06-24T10:12:48.264+0000][1][safepoint    ] Entering safepoint region: Cleanup
[2019-06-24T10:12:48.264+0000][1][safepoint    ] Leaving safepoint region
[2019-06-24T10:12:48.264+0000][1][safepoint    ] Total time for which application threads were stopped: 0.0000817 seconds, Stopping threads took: 0.0000229 seconds
[2019-06-24T10:12:49.264+0000][1][safepoint    ] Application time: 1.0001230 seconds
[2019-06-24T10:12:49.264+0000][1][safepoint    ] Entering safepoint region: Cleanup
[2019-06-24T10:12:49.264+0000][1][safepoint    ] Leaving safepoint region
[2019-06-24T10:12:49.264+0000][1][safepoint    ] Total time for which application threads were stopped: 0.0002012 seconds, Stopping threads took: 0.0000564 seconds
[2019-06-24T10:12:49.341+0000][1][safepoint    ] Application time: 0.0766008 seconds
[2019-06-24T10:12:49.341+0000][1][safepoint    ] Entering safepoint region: RevokeBias
[2019-06-24T10:12:49.341+0000][1][safepoint    ] Leaving safepoint region
[2019-06-24T10:12:49.341+0000][1][safepoint    ] Total time for which application threads were stopped: 0.0001449 seconds, Stopping threads took: 0.0000318 seconds
[2019-06-24T10:12:49.588+0000][1][safepoint    ] Application time: 0.2466017 seconds
[2019-06-24T10:12:49.588+0000][1][safepoint    ] Entering safepoint region: GenCollectForAllocation
[2019-06-24T10:12:49.588+0000][1][gc,start     ] GC(25) Pause Young (Allocation Failure)
[2019-06-24T10:12:49.588+0000][1][gc,task      ] GC(25) Using 5 workers of 8 for evacuation
[2019-06-24T10:12:49.592+0000][1][gc,age       ] GC(25) Desired survivor size 4456448 bytes, new threshold 6 (max threshold 6)
[2019-06-24T10:12:49.592+0000][1][gc,age       ] GC(25) Age table with threshold 6 (max threshold 6)
[2019-06-24T10:12:49.592+0000][1][gc,age       ] GC(25) - age   1:      37392 bytes,      37392 total
[2019-06-24T10:12:49.592+0000][1][gc,age       ] GC(25) - age   2:       3240 bytes,      40632 total
[2019-06-24T10:12:49.593+0000][1][gc,age       ] GC(25) - age   3:       9304 bytes,      49936 total
[2019-06-24T10:12:49.593+0000][1][gc,age       ] GC(25) - age   4:    2345752 bytes,    2395688 total
[2019-06-24T10:12:49.593+0000][1][gc,heap      ] GC(25) ParNew: 73201K->3337K(78656K)
[2019-06-24T10:12:49.593+0000][1][gc,heap      ] GC(25) CMS: 67315K->67315K(174784K)
[2019-06-24T10:12:49.593+0000][1][gc,metaspace ] GC(25) Metaspace: 67848K->67848K(1112064K)
[2019-06-24T10:12:49.593+0000][1][gc           ] GC(25) Pause Young (Allocation Failure) 137M->68M(247M) 4.454ms
[2019-06-24T10:12:49.593+0000][1][gc,cpu       ] GC(25) User=0.02s Sys=0.00s Real=0.00s
[2019-06-24T10:12:49.593+0000][1][safepoint    ] Leaving safepoint region
[2019-06-24T10:12:49.593+0000][1][safepoint    ] Total time for which application threads were stopped: 0.0047991 seconds, Stopping threads took: 0.0000737 seconds
[2019-06-24T10:12:49.594+0000][1][safepoint    ] Application time: 0.0011039 seconds
[2019-06-24T10:12:49.594+0000][1][safepoint    ] Entering safepoint region: RevokeBias
[2019-06-24T10:12:49.594+0000][1][safepoint    ] Leaving safepoint region
[2019-06-24T10:12:49.594+0000][1][safepoint    ] Total time for which application threads were stopped: 0.0002183 seconds, Stopping threads took: 0.0000661 seconds
[2019-06-24T10:12:49.595+0000][1][safepoint    ] Application time: 0.0013175 seconds
[2019-06-24T10:12:49.596+0000][1][safepoint    ] Entering safepoint region: RevokeBias
[2019-06-24T10:12:49.596+0000][1][safepoint    ] Leaving safepoint region
[2019-06-24T10:12:49.596+0000][1][safepoint    ] Total time for which application threads were stopped: 0.0002310 seconds, Stopping threads took: 0.0000490 seconds
[2019-06-24T10:12:49.603+0000][1][safepoint    ] Application time: 0.0067914 seconds
[2019-06-24T10:12:49.603+0000][1][safepoint    ] Entering safepoint region: RevokeBias
[2019-06-24T10:12:49.604+0000][1][safepoint    ] Leaving safepoint region
[2019-06-24T10:12:49.604+0000][1][safepoint    ] Total time for which application threads were stopped: 0.0009799 seconds, Stopping threads took: 0.0007121 seconds
[2019-06-24T10:12:49.604+0000][1][safepoint    ] Application time: 0.0001554 seconds
[2019-06-24T10:12:49.610+0000][1][safepoint    ] Entering safepoint region: RevokeBias
[2019-06-24T10:12:49.610+0000][1][safepoint    ] Leaving safepoint region
[2019-06-24T10:12:49.610+0000][1][safepoint    ] Total time for which application threads were stopped: 0.0061842 seconds, Stopping threads took: 0.0060182 seconds
[2019-06-24T10:12:49.611+0000][1][safepoint    ] Application time: 0.0012197 seconds
[2019-06-24T10:12:49.611+0000][1][safepoint    ] Entering safepoint region: RevokeBias
[2019-06-24T10:12:49.611+0000][1][safepoint    ] Leaving safepoint region
[2019-06-24T10:12:49.611+0000][1][safepoint    ] Total time for which application threads were stopped: 0.0001800 seconds, Stopping threads took: 0.0000303 seconds
[2019-06-24T10:12:49.612+0000][1][safepoint    ] Application time: 0.0006815 seconds
[2019-06-24T10:12:49.612+0000][1][safepoint    ] Entering safepoint region: RevokeBias
[2019-06-24T10:12:49.612+0000][1][safepoint    ] Leaving safepoint region
[2019-06-24T10:12:49.612+0000][1][safepoint    ] Total time for which application threads were stopped: 0.0001170 seconds, Stopping threads took: 0.0000181 seconds
[2019-06-24T10:12:49.615+0000][1][safepoint    ] Application time: 0.0025101 seconds
[2019-06-24T10:12:49.615+0000][1][safepoint    ] Entering safepoint region: RevokeBias
[2019-06-24T10:12:49.615+0000][1][safepoint    ] Leaving safepoint region
[2019-06-24T10:12:49.615+0000][1][safepoint    ] Total time for which application threads were stopped: 0.0002183 seconds, Stopping threads took: 0.0000764 seconds
[2019-06-24T10:12:49.790+0000][1][safepoint    ] Application time: 0.1749249 seconds
[2019-06-24T10:12:49.790+0000][1][safepoint    ] Entering safepoint region: RevokeBias
[2019-06-24T10:12:49.790+0000][1][safepoint    ] Leaving safepoint region
[2019-06-24T10:12:49.790+0000][1][safepoint    ] Total time for which application threads were stopped: 0.0002658 seconds, Stopping threads took: 0.0000487 seconds
[2019-06-24T10:12:49.796+0000][1][safepoint    ] Application time: 0.0052024 seconds
[2019-06-24T10:12:49.796+0000][1][safepoint    ] Entering safepoint region: RevokeBias
[2019-06-24T10:12:49.796+0000][1][safepoint    ] Leaving safepoint region
[2019-06-24T10:12:49.796+0000][1][safepoint    ] Total time for which application threads were stopped: 0.0004964 seconds, Stopping threads took: 0.0000877 seconds
[2019-06-24T10:12:50.796+0000][1][safepoint    ] Application time: 1.0002147 seconds
[2019-06-24T10:12:50.796+0000][1][safepoint    ] Entering safepoint region: Cleanup
[2019-06-24T10:12:50.797+0000][1][safepoint    ] Leaving safepoint region
[2019-06-24T10:12:50.797+0000][1][safepoint    ] Total time for which application threads were stopped: 0.0002168 seconds, Stopping threads took: 0.0000658 seconds
[2019-06-24T10:12:51.797+0000][1][safepoint    ] Application time: 1.0001744 seconds
[2019-06-24T10:12:51.797+0000][1][safepoint    ] Entering safepoint region: Cleanup
[2019-06-24T10:12:51.797+0000][1][safepoint    ] Leaving safepoint region
[2019-06-24T10:12:51.797+0000][1][safepoint    ] Total time for which application threads were stopped: 0.0003457 seconds, Stopping threads took: 0.0000777 seconds
[2019-06-24T10:12:52.798+0000][1][safepoint    ] Application time: 1.0002418 seconds
[2019-06-24T10:12:52.798+0000][1][safepoint    ] Entering safepoint region: Cleanup
[2019-06-24T10:12:52.798+0000][1][safepoint    ] Leaving safepoint region
[2019-06-24T10:12:52.798+0000][1][safepoint    ] Total time for which application threads were stopped: 0.0002992 seconds, Stopping threads took: 0.0000791 seconds
[2019-06-24T10:12:53.798+0000][1][safepoint    ] Application time: 1.0001849 seconds
[2019-06-24T10:12:53.798+0000][1][safepoint    ] Entering safepoint region: Cleanup
[2019-06-24T10:12:53.799+0000][1][safepoint    ] Leaving safepoint region
[2019-06-24T10:12:53.799+0000][1][safepoint    ] Total time for which application threads were stopped: 0.0003058 seconds, Stopping threads took: 0.0000651 seconds
[2019-06-24T10:12:54.799+0000][1][safepoint    ] Application time: 1.0001593 seconds
[2019-06-24T10:12:54.799+0000][1][safepoint    ] Entering safepoint region: Cleanup
[2019-06-24T10:12:54.799+0000][1][safepoint    ] Leaving safepoint region
[2019-06-24T10:12:54.799+0000][1][safepoint    ] Total time for which application threads were stopped: 0.0003294 seconds, Stopping threads took: 0.0001070 seconds
[2019-06-24T10:12:55.800+0000][1][safepoint    ] Application time: 1.0001475 seconds
[2019-06-24T10:12:55.800+0000][1][safepoint    ] Entering safepoint region: Cleanup
[2019-06-24T10:12:55.800+0000][1][safepoint    ] Leaving safepoint region
[2019-06-24T10:12:55.800+0000][1][safepoint    ] Total time for which application threads were stopped: 0.0003566 seconds, Stopping threads took: 0.0000828 seconds
[2019-06-24T10:12:56.800+0000][1][safepoint    ] Application time: 1.0002025 seconds
[2019-06-24T10:12:56.800+0000][1][safepoint    ] Entering safepoint region: Cleanup
[2019-06-24T10:12:56.801+0000][1][safepoint    ] Leaving safepoint region
[2019-06-24T10:12:56.801+0000][1][safepoint    ] Total time for which application threads were stopped: 0.0002742 seconds, Stopping threads took: 0.0000805 seconds
[2019-06-24T10:12:57.801+0000][1][safepoint    ] Application time: 1.0002822 seconds
[2019-06-24T10:12:57.801+0000][1][safepoint    ] Entering safepoint region: Cleanup
[2019-06-24T10:12:57.801+0000][1][safepoint    ] Leaving safepoint region
[2019-06-24T10:12:57.801+0000][1][safepoint    ] Total time for which application threads were stopped: 0.0003321 seconds, Stopping threads took: 0.0001136 seconds
[2019-06-24T10:12:58.802+0000][1][safepoint    ] Application time: 1.0002711 seconds
[2019-06-24T10:12:58.802+0000][1][safepoint    ] Entering safepoint region: Cleanup
[2019-06-24T10:12:58.802+0000][1][safepoint    ] Leaving safepoint region
[2019-06-24T10:12:58.802+0000][1][safepoint    ] Total time for which application threads were stopped: 0.0002651 seconds, Stopping threads took: 0.0000683 seconds
[2019-06-24T10:12:59.802+0000][1][safepoint    ] Application time: 1.0001673 seconds
[2019-06-24T10:12:59.803+0000][1][safepoint    ] Entering safepoint region: Cleanup
[2019-06-24T10:12:59.803+0000][1][safepoint    ] Leaving safepoint region
[2019-06-24T10:12:59.803+0000][1][safepoint    ] Total time for which application threads were stopped: 0.0004184 seconds, Stopping threads took: 0.0002176 seconds
[2019-06-24T10:13:00.803+0000][1][safepoint    ] Application time: 1.0001811 seconds
[2019-06-24T10:13:00.803+0000][1][safepoint    ] Entering safepoint region: Cleanup
[2019-06-24T10:13:00.803+0000][1][safepoint    ] Leaving safepoint region
[2019-06-24T10:13:00.803+0000][1][safepoint    ] Total time for which application threads were stopped: 0.0002574 seconds, Stopping threads took: 0.0000669 seconds
[2019-06-24T10:13:01.804+0000][1][safepoint    ] Application time: 1.0001716 seconds
[2019-06-24T10:13:01.804+0000][1][safepoint    ] Entering safepoint region: Cleanup
[2019-06-24T10:13:01.804+0000][1][safepoint    ] Leaving safepoint region
[2019-06-24T10:13:01.804+0000][1][safepoint    ] Total time for which application threads were stopped: 0.0003381 seconds, Stopping threads took: 0.0001170 seconds
[2019-06-24T10:13:02.804+0000][1][safepoint    ] Application time: 1.0002740 seconds
[2019-06-24T10:13:02.805+0000][1][safepoint    ] Entering safepoint region: Cleanup
[2019-06-24T10:13:02.805+0000][1][safepoint    ] Leaving safepoint region
[2019-06-24T10:13:02.805+0000][1][safepoint    ] Total time for which application threads were stopped: 0.0002736 seconds, Stopping threads took: 0.0000641 seconds
[2019-06-24T10:13:03.805+0000][1][safepoint    ] Application time: 1.0002690 seconds
[2019-06-24T10:13:03.805+0000][1][safepoint    ] Entering safepoint region: Cleanup
[2019-06-24T10:13:03.805+0000][1][safepoint    ] Leaving safepoint region
[2019-06-24T10:13:03.806+0000][1][safepoint    ] Total time for which application threads were stopped: 0.0002813 seconds, Stopping threads took: 0.0000670 seconds
[2019-06-24T10:13:04.806+0000][1][safepoint    ] Application time: 1.0002705 seconds
[2019-06-24T10:13:04.806+0000][1][safepoint    ] Entering safepoint region: Cleanup
[2019-06-24T10:13:04.806+0000][1][safepoint    ] Leaving safepoint region
[2019-06-24T10:13:04.806+0000][1][safepoint    ] Total time for which application threads were stopped: 0.0002549 seconds, Stopping threads took: 0.0000642 seconds
[2019-06-24T10:13:05.807+0000][1][safepoint    ] Application time: 1.0003004 seconds
[2019-06-24T10:13:05.807+0000][1][safepoint    ] Entering safepoint region: Cleanup
[2019-06-24T10:13:05.807+0000][1][safepoint    ] Leaving safepoint region
[2019-06-24T10:13:05.807+0000][1][safepoint    ] Total time for which application threads were stopped: 0.0002769 seconds, Stopping threads took: 0.0000676 seconds
[2019-06-24T10:13:06.807+0000][1][safepoint    ] Application time: 1.0001824 seconds
[2019-06-24T10:13:06.807+0000][1][safepoint    ] Entering safepoint region: Cleanup
[2019-06-24T10:13:06.807+0000][1][safepoint    ] Leaving safepoint region
[2019-06-24T10:13:06.807+0000][1][safepoint    ] Total time for which application threads were stopped: 0.0002438 seconds, Stopping threads took: 0.0000613 seconds
[2019-06-24T10:13:07.808+0000][1][safepoint    ] Application time: 1.0001991 seconds
[2019-06-24T10:13:07.808+0000][1][safepoint    ] Entering safepoint region: Cleanup
[2019-06-24T10:13:07.808+0000][1][safepoint    ] Leaving safepoint region
[2019-06-24T10:13:07.808+0000][1][safepoint    ] Total time for which application threads were stopped: 0.0003264 seconds, Stopping threads took: 0.0000896 seconds
[2019-06-24T10:13:08.808+0000][1][safepoint    ] Application time: 1.0002289 seconds
[2019-06-24T10:13:08.809+0000][1][safepoint    ] Entering safepoint region: Cleanup
[2019-06-24T10:13:08.809+0000][1][safepoint    ] Leaving safepoint region
[2019-06-24T10:13:08.809+0000][1][safepoint    ] Total time for which application threads were stopped: 0.0002927 seconds, Stopping threads took: 0.0000745 seconds
[2019-06-24T10:13:09.809+0000][1][safepoint    ] Application time: 1.0001498 seconds
[2019-06-24T10:13:09.809+0000][1][safepoint    ] Entering safepoint region: Cleanup
[2019-06-24T10:13:09.810+0000][1][safepoint    ] Leaving safepoint region
[2019-06-24T10:13:09.810+0000][1][safepoint    ] Total time for which application threads were stopped: 0.0004996 seconds, Stopping threads took: 0.0000776 seconds
[2019-06-24T10:13:10.810+0000][1][safepoint    ] Application time: 1.0001385 seconds
[2019-06-24T10:13:10.810+0000][1][safepoint    ] Entering safepoint region: Cleanup
[2019-06-24T10:13:10.810+0000][1][safepoint    ] Leaving safepoint region
[2019-06-24T10:13:10.810+0000][1][safepoint    ] Total time for which application threads were stopped: 0.0001378 seconds, Stopping threads took: 0.0000332 seconds
[2019-06-24T10:13:11.810+0000][1][safepoint    ] Application time: 1.0001637 seconds
[2019-06-24T10:13:11.810+0000][1][safepoint    ] Entering safepoint region: Cleanup
[2019-06-24T10:13:11.811+0000][1][safepoint    ] Leaving safepoint region
[2019-06-24T10:13:11.811+0000][1][safepoint    ] Total time for which application threads were stopped: 0.0004031 seconds, Stopping threads took: 0.0001031 seconds
[2019-06-24T10:13:12.811+0000][1][safepoint    ] Application time: 1.0002339 seconds
[2019-06-24T10:13:12.812+0000][1][safepoint    ] Entering safepoint region: Cleanup
[2019-06-24T10:13:12.812+0000][1][safepoint    ] Leaving safepoint region
[2019-06-24T10:13:12.812+0000][1][safepoint    ] Total time for which application threads were stopped: 0.0008844 seconds, Stopping threads took: 0.0002804 seconds
[2019-06-24T10:13:13.813+0000][1][safepoint    ] Application time: 1.0003096 seconds
[2019-06-24T10:13:13.813+0000][1][safepoint    ] Entering safepoint region: Cleanup
[2019-06-24T10:13:13.813+0000][1][safepoint    ] Leaving safepoint region
[2019-06-24T10:13:13.813+0000][1][safepoint    ] Total time for which application threads were stopped: 0.0002618 seconds, Stopping threads took: 0.0000664 seconds
[2019-06-24T10:13:14.813+0000][1][safepoint    ] Application time: 1.0003001 seconds
[2019-06-24T10:13:14.813+0000][1][safepoint    ] Entering safepoint region: Cleanup
[2019-06-24T10:13:14.814+0000][1][safepoint    ] Leaving safepoint region
[2019-06-24T10:13:14.814+0000][1][safepoint    ] Total time for which application threads were stopped: 0.0002971 seconds, Stopping threads took: 0.0000763 seconds
[2019-06-24T10:13:15.814+0000][1][safepoint    ] Application time: 1.0001994 seconds
[2019-06-24T10:13:15.814+0000][1][safepoint    ] Entering safepoint region: Cleanup
[2019-06-24T10:13:15.814+0000][1][safepoint    ] Leaving safepoint region
[2019-06-24T10:13:15.814+0000][1][safepoint    ] Total time for which application threads were stopped: 0.0002782 seconds, Stopping threads took: 0.0000805 seconds
[2019-06-24T10:13:16.815+0000][1][safepoint    ] Application time: 1.0002128 seconds
[2019-06-24T10:13:16.815+0000][1][safepoint    ] Entering safepoint region: Cleanup
[2019-06-24T10:13:16.815+0000][1][safepoint    ] Leaving safepoint region
[2019-06-24T10:13:16.815+0000][1][safepoint    ] Total time for which application threads were stopped: 0.0002383 seconds, Stopping threads took: 0.0000638 seconds
[2019-06-24T10:13:17.815+0000][1][safepoint    ] Application time: 1.0001367 seconds
[2019-06-24T10:13:17.815+0000][1][safepoint    ] Entering safepoint region: Cleanup
[2019-06-24T10:13:17.815+0000][1][safepoint    ] Leaving safepoint region
[2019-06-24T10:13:17.815+0000][1][safepoint    ] Total time for which application threads were stopped: 0.0001085 seconds, Stopping threads took: 0.0000262 seconds
[2019-06-24T10:13:18.815+0000][1][safepoint    ] Application time: 1.0001585 seconds
[2019-06-24T10:13:18.816+0000][1][safepoint    ] Entering safepoint region: Cleanup
[2019-06-24T10:13:18.816+0000][1][safepoint    ] Leaving safepoint region
[2019-06-24T10:13:18.816+0000][1][safepoint    ] Total time for which application threads were stopped: 0.0002307 seconds, Stopping threads took: 0.0000591 seconds
[2019-06-24T10:13:19.816+0000][1][safepoint    ] Application time: 1.0001438 seconds
[2019-06-24T10:13:19.816+0000][1][safepoint    ] Entering safepoint region: Cleanup
[2019-06-24T10:13:19.816+0000][1][safepoint    ] Leaving safepoint region
[2019-06-24T10:13:19.816+0000][1][safepoint    ] Total time for which application threads were stopped: 0.0001238 seconds, Stopping threads took: 0.0000299 seconds
[2019-06-24T10:13:20.816+0000][1][safepoint    ] Application time: 1.0002169 seconds
[2019-06-24T10:13:20.817+0000][1][safepoint    ] Entering safepoint region: Cleanup
[2019-06-24T10:13:20.817+0000][1][safepoint    ] Leaving safepoint region
[2019-06-24T10:13:20.817+0000][1][safepoint    ] Total time for which application threads were stopped: 0.0004215 seconds, Stopping threads took: 0.0001080 seconds
[2019-06-24T10:13:21.817+0000][1][safepoint    ] Application time: 1.0002111 seconds
[2019-06-24T10:13:21.817+0000][1][safepoint    ] Entering safepoint region: Cleanup
[2019-06-24T10:13:21.817+0000][1][safepoint    ] Leaving safepoint region
[2019-06-24T10:13:21.817+0000][1][safepoint    ] Total time for which application threads were stopped: 0.0002751 seconds, Stopping threads took: 0.0000685 seconds
[2019-06-24T10:13:22.818+0000][1][safepoint    ] Application time: 1.0002544 seconds
[2019-06-24T10:13:22.818+0000][1][safepoint    ] Entering safepoint region: Cleanup
[2019-06-24T10:13:22.818+0000][1][safepoint    ] Leaving safepoint region
[2019-06-24T10:13:22.818+0000][1][safepoint    ] Total time for which application threads were stopped: 0.0002758 seconds, Stopping threads took: 0.0000910 seconds
[2019-06-24T10:13:23.819+0000][1][safepoint    ] Application time: 1.0003108 seconds
[2019-06-24T10:13:23.819+0000][1][safepoint    ] Entering safepoint region: Cleanup
[2019-06-24T10:13:23.819+0000][1][safepoint    ] Leaving safepoint region
[2019-06-24T10:13:23.819+0000][1][safepoint    ] Total time for which application threads were stopped: 0.0002959 seconds, Stopping threads took: 0.0000649 seconds
[2019-06-24T10:13:24.819+0000][1][safepoint    ] Application time: 1.0002325 seconds
[2019-06-24T10:13:24.819+0000][1][safepoint    ] Entering safepoint region: Cleanup
[2019-06-24T10:13:24.820+0000][1][safepoint    ] Leaving safepoint region
[2019-06-24T10:13:24.820+0000][1][safepoint    ] Total time for which application threads were stopped: 0.0003333 seconds, Stopping threads took: 0.0000860 seconds
[2019-06-24T10:13:25.820+0000][1][safepoint    ] Application time: 1.0002408 seconds
[2019-06-24T10:13:25.820+0000][1][safepoint    ] Entering safepoint region: Cleanup
[2019-06-24T10:13:25.821+0000][1][safepoint    ] Leaving safepoint region
[2019-06-24T10:13:25.821+0000][1][safepoint    ] Total time for which application threads were stopped: 0.0014101 seconds, Stopping threads took: 0.0011016 seconds
[2019-06-24T10:13:26.822+0000][1][safepoint    ] Application time: 1.0001820 seconds
[2019-06-24T10:13:26.822+0000][1][safepoint    ] Entering safepoint region: Cleanup
[2019-06-24T10:13:26.822+0000][1][safepoint    ] Leaving safepoint region
[2019-06-24T10:13:26.822+0000][1][safepoint    ] Total time for which application threads were stopped: 0.0002658 seconds, Stopping threads took: 0.0000697 seconds
[2019-06-24T10:13:27.822+0000][1][safepoint    ] Application time: 1.0002870 seconds
[2019-06-24T10:13:27.823+0000][1][safepoint    ] Entering safepoint region: Cleanup
[2019-06-24T10:13:27.823+0000][1][safepoint    ] Leaving safepoint region
[2019-06-24T10:13:27.823+0000][1][safepoint    ] Total time for which application threads were stopped: 0.0002349 seconds, Stopping threads took: 0.0001033 seconds
[2019-06-24T10:13:28.823+0000][1][safepoint    ] Application time: 1.0001297 seconds
[2019-06-24T10:13:28.823+0000][1][safepoint    ] Entering safepoint region: Cleanup
[2019-06-24T10:13:28.823+0000][1][safepoint    ] Leaving safepoint region
[2019-06-24T10:13:28.823+0000][1][safepoint    ] Total time for which application threads were stopped: 0.0003463 seconds, Stopping threads took: 0.0000854 seconds
[2019-06-24T10:13:29.824+0000][1][safepoint    ] Application time: 1.0001563 seconds
[2019-06-24T10:13:29.824+0000][1][safepoint    ] Entering safepoint region: Cleanup
[2019-06-24T10:13:29.824+0000][1][safepoint    ] Leaving safepoint region
[2019-06-24T10:13:29.824+0000][1][safepoint    ] Total time for which application threads were stopped: 0.0002892 seconds, Stopping threads took: 0.0000812 seconds
[2019-06-24T10:13:30.824+0000][1][safepoint    ] Application time: 1.0002589 seconds
[2019-06-24T10:13:30.824+0000][1][safepoint    ] Entering safepoint region: Cleanup
[2019-06-24T10:13:30.825+0000][1][safepoint    ] Leaving safepoint region
[2019-06-24T10:13:30.825+0000][1][safepoint    ] Total time for which application threads were stopped: 0.0002940 seconds, Stopping threads took: 0.0000802 seconds
[2019-06-24T10:13:31.825+0000][1][safepoint    ] Application time: 1.0002666 seconds
[2019-06-24T10:13:31.825+0000][1][safepoint    ] Entering safepoint region: Cleanup
[2019-06-24T10:13:31.825+0000][1][safepoint    ] Leaving safepoint region
[2019-06-24T10:13:31.825+0000][1][safepoint    ] Total time for which application threads were stopped: 0.0002926 seconds, Stopping threads took: 0.0000823 seconds
[2019-06-24T10:13:32.826+0000][1][safepoint    ] Application time: 1.0003032 seconds
[2019-06-24T10:13:32.826+0000][1][safepoint    ] Entering safepoint region: Cleanup
[2019-06-24T10:13:32.826+0000][1][safepoint    ] Leaving safepoint region
[2019-06-24T10:13:32.826+0000][1][safepoint    ] Total time for which application threads were stopped: 0.0002966 seconds, Stopping threads took: 0.0000812 seconds
[2019-06-24T10:13:33.826+0000][1][safepoint    ] Application time: 1.0002660 seconds
[2019-06-24T10:13:33.827+0000][1][safepoint    ] Entering safepoint region: Cleanup
[2019-06-24T10:13:33.827+0000][1][safepoint    ] Leaving safepoint region
[2019-06-24T10:13:33.827+0000][1][safepoint    ] Total time for which application threads were stopped: 0.0003455 seconds, Stopping threads took: 0.0001243 seconds
[2019-06-24T10:13:35.362+0000][1][safepoint    ] Application time: 1.5349086 seconds
[2019-06-24T10:13:35.362+0000][1][safepoint    ] Entering safepoint region: Cleanup
[2019-06-24T10:13:35.362+0000][1][safepoint    ] Leaving safepoint region
[2019-06-24T10:13:35.362+0000][1][safepoint    ] Total time for which application threads were stopped: 0.0004010 seconds, Stopping threads took: 0.0001962 seconds
[2019-06-24T10:13:36.363+0000][1][safepoint    ] Application time: 1.0001589 seconds
[2019-06-24T10:13:36.363+0000][1][safepoint    ] Entering safepoint region: Cleanup
[2019-06-24T10:13:36.363+0000][1][safepoint    ] Leaving safepoint region
[2019-06-24T10:13:36.363+0000][1][safepoint    ] Total time for which application threads were stopped: 0.0004473 seconds, Stopping threads took: 0.0001445 seconds
[2019-06-24T10:13:37.364+0000][1][safepoint    ] Application time: 1.0002916 seconds
[2019-06-24T10:13:37.364+0000][1][safepoint    ] Entering safepoint region: Cleanup
[2019-06-24T10:13:37.364+0000][1][safepoint    ] Leaving safepoint region
[2019-06-24T10:13:37.364+0000][1][safepoint    ] Total time for which application threads were stopped: 0.0002556 seconds, Stopping threads took: 0.0000663 seconds
[2019-06-24T10:13:38.364+0000][1][safepoint    ] Application time: 1.0002635 seconds
[2019-06-24T10:13:38.364+0000][1][safepoint    ] Entering safepoint region: Cleanup
[2019-06-24T10:13:38.365+0000][1][safepoint    ] Leaving safepoint region
[2019-06-24T10:13:38.365+0000][1][safepoint    ] Total time for which application threads were stopped: 0.0002722 seconds, Stopping threads took: 0.0000646 seconds
[2019-06-24T10:13:39.365+0000][1][safepoint    ] Application time: 1.0002417 seconds
[2019-06-24T10:13:39.365+0000][1][safepoint    ] Entering safepoint region: Cleanup
[2019-06-24T10:13:39.365+0000][1][safepoint    ] Leaving safepoint region
[2019-06-24T10:13:39.365+0000][1][safepoint    ] Total time for which application threads were stopped: 0.0002575 seconds, Stopping threads took: 0.0000646 seconds
[2019-06-24T10:13:40.366+0000][1][safepoint    ] Application time: 1.0002717 seconds
[2019-06-24T10:13:40.366+0000][1][safepoint    ] Entering safepoint region: Cleanup
[2019-06-24T10:13:40.366+0000][1][safepoint    ] Leaving safepoint region
[2019-06-24T10:13:40.366+0000][1][safepoint    ] Total time for which application threads were stopped: 0.0002557 seconds, Stopping threads took: 0.0000647 seconds
[2019-06-24T10:13:41.366+0000][1][safepoint    ] Application time: 1.0002765 seconds
[2019-06-24T10:13:41.366+0000][1][safepoint    ] Entering safepoint region: Cleanup
[2019-06-24T10:13:41.367+0000][1][safepoint    ] Leaving safepoint region
[2019-06-24T10:13:41.367+0000][1][safepoint    ] Total time for which application threads were stopped: 0.0003918 seconds, Stopping threads took: 0.0001376 seconds
[2019-06-24T10:13:42.367+0000][1][safepoint    ] Application time: 1.0001981 seconds
[2019-06-24T10:13:42.367+0000][1][safepoint    ] Entering safepoint region: Cleanup
[2019-06-24T10:13:42.367+0000][1][safepoint    ] Leaving safepoint region
[2019-06-24T10:13:42.368+0000][1][safepoint    ] Total time for which application threads were stopped: 0.0003443 seconds, Stopping threads took: 0.0000650 seconds
[2019-06-24T10:13:43.368+0000][1][safepoint    ] Application time: 1.0002700 seconds
[2019-06-24T10:13:43.368+0000][1][safepoint    ] Entering safepoint region: Cleanup
[2019-06-24T10:13:43.368+0000][1][safepoint    ] Leaving safepoint region
[2019-06-24T10:13:43.368+0000][1][safepoint    ] Total time for which application threads were stopped: 0.0003688 seconds, Stopping threads took: 0.0000973 seconds
[2019-06-24T10:13:44.369+0000][1][safepoint    ] Application time: 1.0002098 seconds
[2019-06-24T10:13:44.369+0000][1][safepoint    ] Entering safepoint region: Cleanup
[2019-06-24T10:13:44.369+0000][1][safepoint    ] Leaving safepoint region
[2019-06-24T10:13:44.369+0000][1][safepoint    ] Total time for which application threads were stopped: 0.0003648 seconds, Stopping threads took: 0.0000665 seconds
[2019-06-24T10:13:45.369+0000][1][safepoint    ] Application time: 1.0002732 seconds
[2019-06-24T10:13:45.370+0000][1][safepoint    ] Entering safepoint region: Cleanup
[2019-06-24T10:13:45.370+0000][1][safepoint    ] Leaving safepoint region
[2019-06-24T10:13:45.370+0000][1][safepoint    ] Total time for which application threads were stopped: 0.0003538 seconds, Stopping threads took: 0.0000653 seconds
[2019-06-24T10:13:46.370+0000][1][safepoint    ] Application time: 1.0002579 seconds
[2019-06-24T10:13:46.370+0000][1][safepoint    ] Entering safepoint region: Cleanup
[2019-06-24T10:13:46.371+0000][1][safepoint    ] Leaving safepoint region
[2019-06-24T10:13:46.371+0000][1][safepoint    ] Total time for which application threads were stopped: 0.0003405 seconds, Stopping threads took: 0.0000567 seconds
[2019-06-24T10:13:47.371+0000][1][safepoint    ] Application time: 1.0001462 seconds
[2019-06-24T10:13:47.371+0000][1][safepoint    ] Entering safepoint region: Cleanup
[2019-06-24T10:13:47.371+0000][1][safepoint    ] Leaving safepoint region
[2019-06-24T10:13:47.371+0000][1][safepoint    ] Total time for which application threads were stopped: 0.0003601 seconds, Stopping threads took: 0.0000655 seconds
[2019-06-24T10:13:48.371+0000][1][safepoint    ] Application time: 1.0001800 seconds
[2019-06-24T10:13:48.372+0000][1][safepoint    ] Entering safepoint region: Cleanup
[2019-06-24T10:13:48.372+0000][1][safepoint    ] Leaving safepoint region
[2019-06-24T10:13:48.372+0000][1][safepoint    ] Total time for which application threads were stopped: 0.0002960 seconds, Stopping threads took: 0.0000539 seconds
[2019-06-24T10:13:49.372+0000][1][safepoint    ] Application time: 1.0001837 seconds
[2019-06-24T10:13:49.372+0000][1][safepoint    ] Entering safepoint region: Cleanup
[2019-06-24T10:13:49.372+0000][1][safepoint    ] Leaving safepoint region
[2019-06-24T10:13:49.372+0000][1][safepoint    ] Total time for which application threads were stopped: 0.0002270 seconds, Stopping threads took: 0.0000588 seconds
[2019-06-24T10:13:50.373+0000][1][safepoint    ] Application time: 1.0002616 seconds
[2019-06-24T10:13:50.373+0000][1][safepoint    ] Entering safepoint region: Cleanup
[2019-06-24T10:13:50.373+0000][1][safepoint    ] Leaving safepoint region
[2019-06-24T10:13:50.373+0000][1][safepoint    ] Total time for which application threads were stopped: 0.0003318 seconds, Stopping threads took: 0.0001141 seconds
[2019-06-24T10:13:51.373+0000][1][safepoint    ] Application time: 1.0002695 seconds
[2019-06-24T10:13:51.374+0000][1][safepoint    ] Entering safepoint region: Cleanup
[2019-06-24T10:13:51.374+0000][1][safepoint    ] Leaving safepoint region
[2019-06-24T10:13:51.374+0000][1][safepoint    ] Total time for which application threads were stopped: 0.0003202 seconds, Stopping threads took: 0.0001010 seconds
[2019-06-24T10:13:52.374+0000][1][safepoint    ] Application time: 1.0002537 seconds
[2019-06-24T10:13:52.374+0000][1][safepoint    ] Entering safepoint region: Cleanup
[2019-06-24T10:13:52.375+0000][1][safepoint    ] Leaving safepoint region
[2019-06-24T10:13:52.375+0000][1][safepoint    ] Total time for which application threads were stopped: 0.0003885 seconds, Stopping threads took: 0.0000843 seconds
[2019-06-24T10:13:53.375+0000][1][safepoint    ] Application time: 1.0002252 seconds
[2019-06-24T10:13:53.375+0000][1][safepoint    ] Entering safepoint region: Cleanup
[2019-06-24T10:13:53.375+0000][1][safepoint    ] Leaving safepoint region
[2019-06-24T10:13:53.375+0000][1][safepoint    ] Total time for which application threads were stopped: 0.0003397 seconds, Stopping threads took: 0.0001291 seconds
[2019-06-24T10:13:54.376+0000][1][safepoint    ] Application time: 1.0002664 seconds
[2019-06-24T10:13:54.376+0000][1][safepoint    ] Entering safepoint region: Cleanup
[2019-06-24T10:13:54.376+0000][1][safepoint    ] Leaving safepoint region
[2019-06-24T10:13:54.376+0000][1][safepoint    ] Total time for which application threads were stopped: 0.0003015 seconds, Stopping threads took: 0.0000854 seconds
[2019-06-24T10:13:55.376+0000][1][safepoint    ] Application time: 1.0002698 seconds
[2019-06-24T10:13:55.377+0000][1][safepoint    ] Entering safepoint region: Cleanup
[2019-06-24T10:13:55.377+0000][1][safepoint    ] Leaving safepoint region
[2019-06-24T10:13:55.377+0000][1][safepoint    ] Total time for which application threads were stopped: 0.0003305 seconds, Stopping threads took: 0.0001130 seconds
[2019-06-24T10:13:56.377+0000][1][safepoint    ] Application time: 1.0001912 seconds
[2019-06-24T10:13:56.377+0000][1][safepoint    ] Entering safepoint region: Cleanup
[2019-06-24T10:13:56.378+0000][1][safepoint    ] Leaving safepoint region
[2019-06-24T10:13:56.378+0000][1][safepoint    ] Total time for which application threads were stopped: 0.0011382 seconds, Stopping threads took: 0.0009306 seconds
[2019-06-24T10:13:57.379+0000][1][safepoint    ] Application time: 1.0002765 seconds
[2019-06-24T10:13:57.379+0000][1][safepoint    ] Entering safepoint region: Cleanup
[2019-06-24T10:13:57.379+0000][1][safepoint    ] Leaving safepoint region
[2019-06-24T10:13:57.379+0000][1][safepoint    ] Total time for which application threads were stopped: 0.0003336 seconds, Stopping threads took: 0.0001110 seconds
[2019-06-24T10:13:58.379+0000][1][safepoint    ] Application time: 1.0002385 seconds
[2019-06-24T10:13:58.380+0000][1][safepoint    ] Entering safepoint region: Cleanup
[2019-06-24T10:13:58.380+0000][1][safepoint    ] Leaving safepoint region
[2019-06-24T10:13:58.380+0000][1][safepoint    ] Total time for which application threads were stopped: 0.0002677 seconds, Stopping threads took: 0.0000764 seconds
[2019-06-24T10:13:59.380+0000][1][safepoint    ] Application time: 1.0002679 seconds
[2019-06-24T10:13:59.380+0000][1][safepoint    ] Entering safepoint region: Cleanup
[2019-06-24T10:13:59.380+0000][1][safepoint    ] Leaving safepoint region
[2019-06-24T10:13:59.380+0000][1][safepoint    ] Total time for which application threads were stopped: 0.0002517 seconds, Stopping threads took: 0.0000778 seconds
[2019-06-24T10:14:00.381+0000][1][safepoint    ] Application time: 1.0002660 seconds
[2019-06-24T10:14:00.381+0000][1][safepoint    ] Entering safepoint region: Cleanup
[2019-06-24T10:14:00.381+0000][1][safepoint    ] Leaving safepoint region
[2019-06-24T10:14:00.381+0000][1][safepoint    ] Total time for which application threads were stopped: 0.0002526 seconds, Stopping threads took: 0.0000775 seconds
[2019-06-24T10:14:01.381+0000][1][safepoint    ] Application time: 1.0002660 seconds
[2019-06-24T10:14:01.382+0000][1][safepoint    ] Entering safepoint region: Cleanup
[2019-06-24T10:14:01.383+0000][1][safepoint    ] Leaving safepoint region
[2019-06-24T10:14:01.383+0000][1][safepoint    ] Total time for which application threads were stopped: 0.0013089 seconds, Stopping threads took: 0.0010837 seconds
[2019-06-24T10:14:02.383+0000][1][safepoint    ] Application time: 1.0002738 seconds
[2019-06-24T10:14:02.383+0000][1][safepoint    ] Entering safepoint region: Cleanup
[2019-06-24T10:14:02.383+0000][1][safepoint    ] Leaving safepoint region
[2019-06-24T10:14:02.384+0000][1][safepoint    ] Total time for which application threads were stopped: 0.0002551 seconds, Stopping threads took: 0.0000679 seconds
[2019-06-24T10:14:03.779+0000][1][safepoint    ] Application time: 1.3953272 seconds
[2019-06-24T10:14:03.779+0000][1][safepoint    ] Entering safepoint region: Cleanup
[2019-06-24T10:14:03.779+0000][1][safepoint    ] Leaving safepoint region
[2019-06-24T10:14:03.779+0000][1][safepoint    ] Total time for which application threads were stopped: 0.0002464 seconds, Stopping threads took: 0.0000853 seconds
[2019-06-24T10:14:04.780+0000][1][safepoint    ] Application time: 1.0002236 seconds
[2019-06-24T10:14:04.780+0000][1][safepoint    ] Entering safepoint region: Cleanup
[2019-06-24T10:14:04.780+0000][1][safepoint    ] Leaving safepoint region
[2019-06-24T10:14:04.780+0000][1][safepoint    ] Total time for which application threads were stopped: 0.0002573 seconds, Stopping threads took: 0.0000804 seconds
[2019-06-24T10:14:05.780+0000][1][safepoint    ] Application time: 1.0001236 seconds
[2019-06-24T10:14:05.780+0000][1][safepoint    ] Entering safepoint region: Cleanup
[2019-06-24T10:14:05.780+0000][1][safepoint    ] Leaving safepoint region
[2019-06-24T10:14:05.780+0000][1][safepoint    ] Total time for which application threads were stopped: 0.0002362 seconds, Stopping threads took: 0.0000627 seconds
[2019-06-24T10:14:06.781+0000][1][safepoint    ] Application time: 1.0002467 seconds
[2019-06-24T10:14:06.781+0000][1][safepoint    ] Entering safepoint region: Cleanup
[2019-06-24T10:14:06.781+0000][1][safepoint    ] Leaving safepoint region
[2019-06-24T10:14:06.781+0000][1][safepoint    ] Total time for which application threads were stopped: 0.0002438 seconds, Stopping threads took: 0.0000631 seconds
[2019-06-24T10:14:07.781+0000][1][safepoint    ] Application time: 1.0002458 seconds
[2019-06-24T10:14:07.781+0000][1][safepoint    ] Entering safepoint region: Cleanup
[2019-06-24T10:14:07.782+0000][1][safepoint    ] Leaving safepoint region
[2019-06-24T10:14:07.782+0000][1][safepoint    ] Total time for which application threads were stopped: 0.0002470 seconds, Stopping threads took: 0.0000652 seconds
[2019-06-24T10:14:08.782+0000][1][safepoint    ] Application time: 1.0002312 seconds
[2019-06-24T10:14:08.782+0000][1][safepoint    ] Entering safepoint region: Cleanup
[2019-06-24T10:14:08.782+0000][1][safepoint    ] Leaving safepoint region
[2019-06-24T10:14:08.782+0000][1][safepoint    ] Total time for which application threads were stopped: 0.0002325 seconds, Stopping threads took: 0.0000796 seconds
[2019-06-24T10:14:09.783+0000][1][safepoint    ] Application time: 1.0002828 seconds
[2019-06-24T10:14:09.783+0000][1][safepoint    ] Entering safepoint region: Cleanup
[2019-06-24T10:14:09.783+0000][1][safepoint    ] Leaving safepoint region
[2019-06-24T10:14:09.783+0000][1][safepoint    ] Total time for which application threads were stopped: 0.0002506 seconds, Stopping threads took: 0.0000688 seconds
[2019-06-24T10:14:10.783+0000][1][safepoint    ] Application time: 1.0001037 seconds
[2019-06-24T10:14:10.783+0000][1][safepoint    ] Entering safepoint region: Cleanup
[2019-06-24T10:14:10.783+0000][1][safepoint    ] Leaving safepoint region
[2019-06-24T10:14:10.783+0000][1][safepoint    ] Total time for which application threads were stopped: 0.0001365 seconds, Stopping threads took: 0.0000342 seconds
[2019-06-24T10:14:11.783+0000][1][safepoint    ] Application time: 1.0002276 seconds
[2019-06-24T10:14:11.784+0000][1][safepoint    ] Entering safepoint region: Cleanup
[2019-06-24T10:14:11.784+0000][1][safepoint    ] Leaving safepoint region
[2019-06-24T10:14:11.784+0000][1][safepoint    ] Total time for which application threads were stopped: 0.0002456 seconds, Stopping threads took: 0.0000645 seconds
[2019-06-24T10:14:12.784+0000][1][safepoint    ] Application time: 1.0002607 seconds
[2019-06-24T10:14:12.784+0000][1][safepoint    ] Entering safepoint region: Cleanup
[2019-06-24T10:14:12.785+0000][1][safepoint    ] Leaving safepoint region
[2019-06-24T10:14:12.785+0000][1][safepoint    ] Total time for which application threads were stopped: 0.0003228 seconds, Stopping threads took: 0.0001024 seconds
[2019-06-24T10:14:13.785+0000][1][safepoint    ] Application time: 1.0001968 seconds
[2019-06-24T10:14:13.785+0000][1][safepoint    ] Entering safepoint region: Cleanup
[2019-06-24T10:14:13.785+0000][1][safepoint    ] Leaving safepoint region
[2019-06-24T10:14:13.785+0000][1][safepoint    ] Total time for which application threads were stopped: 0.0002955 seconds, Stopping threads took: 0.0001024 seconds
[2019-06-24T10:14:14.785+0000][1][safepoint    ] Application time: 1.0001827 seconds
[2019-06-24T10:14:14.786+0000][1][safepoint    ] Entering safepoint region: Cleanup
[2019-06-24T10:14:14.786+0000][1][safepoint    ] Leaving safepoint region
[2019-06-24T10:14:14.786+0000][1][safepoint    ] Total time for which application threads were stopped: 0.0002502 seconds, Stopping threads took: 0.0000631 seconds
[2019-06-24T10:14:15.786+0000][1][safepoint    ] Application time: 1.0002473 seconds
[2019-06-24T10:14:15.786+0000][1][safepoint    ] Entering safepoint region: Cleanup
[2019-06-24T10:14:15.786+0000][1][safepoint    ] Leaving safepoint region
[2019-06-24T10:14:15.786+0000][1][safepoint    ] Total time for which application threads were stopped: 0.0002399 seconds, Stopping threads took: 0.0000632 seconds
[2019-06-24T10:14:16.787+0000][1][safepoint    ] Application time: 1.0002354 seconds
[2019-06-24T10:14:16.787+0000][1][safepoint    ] Entering safepoint region: Cleanup
[2019-06-24T10:14:16.787+0000][1][safepoint    ] Leaving safepoint region
[2019-06-24T10:14:16.787+0000][1][safepoint    ] Total time for which application threads were stopped: 0.0002470 seconds, Stopping threads took: 0.0000648 seconds
[2019-06-24T10:14:17.787+0000][1][safepoint    ] Application time: 1.0001289 seconds
[2019-06-24T10:14:17.787+0000][1][safepoint    ] Entering safepoint region: Cleanup
[2019-06-24T10:14:17.787+0000][1][safepoint    ] Leaving safepoint region
[2019-06-24T10:14:17.787+0000][1][safepoint    ] Total time for which application threads were stopped: 0.0000822 seconds, Stopping threads took: 0.0000209 seconds
[2019-06-24T10:14:18.788+0000][1][safepoint    ] Application time: 1.0001988 seconds
[2019-06-24T10:14:18.788+0000][1][safepoint    ] Entering safepoint region: Cleanup
[2019-06-24T10:14:18.788+0000][1][safepoint    ] Leaving safepoint region
[2019-06-24T10:14:18.788+0000][1][safepoint    ] Total time for which application threads were stopped: 0.0002371 seconds, Stopping threads took: 0.0000626 seconds
[2019-06-24T10:14:19.788+0000][1][safepoint    ] Application time: 1.0001369 seconds
[2019-06-24T10:14:19.788+0000][1][safepoint    ] Entering safepoint region: Cleanup
[2019-06-24T10:14:19.788+0000][1][safepoint    ] Leaving safepoint region
[2019-06-24T10:14:19.788+0000][1][safepoint    ] Total time for which application threads were stopped: 0.0000954 seconds, Stopping threads took: 0.0000315 seconds
[2019-06-24T10:14:20.788+0000][1][safepoint    ] Application time: 1.0001611 seconds
[2019-06-24T10:14:20.788+0000][1][safepoint    ] Entering safepoint region: Cleanup
[2019-06-24T10:14:20.789+0000][1][safepoint    ] Leaving safepoint region
[2019-06-24T10:14:20.789+0000][1][safepoint    ] Total time for which application threads were stopped: 0.0001850 seconds, Stopping threads took: 0.0000486 seconds
[2019-06-24T10:14:21.789+0000][1][safepoint    ] Application time: 1.0001310 seconds
[2019-06-24T10:14:21.789+0000][1][safepoint    ] Entering safepoint region: Cleanup
[2019-06-24T10:14:21.789+0000][1][safepoint    ] Leaving safepoint region
[2019-06-24T10:14:21.789+0000][1][safepoint    ] Total time for which application threads were stopped: 0.0003965 seconds, Stopping threads took: 0.0001041 seconds
[2019-06-24T10:14:22.790+0000][1][safepoint    ] Application time: 1.0002718 seconds
[2019-06-24T10:14:22.790+0000][1][safepoint    ] Entering safepoint region: Cleanup
[2019-06-24T10:14:22.790+0000][1][safepoint    ] Leaving safepoint region
[2019-06-24T10:14:22.790+0000][1][safepoint    ] Total time for which application threads were stopped: 0.0002488 seconds, Stopping threads took: 0.0000651 seconds
[2019-06-24T10:14:23.790+0000][1][safepoint    ] Application time: 1.0001444 seconds
[2019-06-24T10:14:23.790+0000][1][safepoint    ] Entering safepoint region: Cleanup
[2019-06-24T10:14:23.790+0000][1][safepoint    ] Leaving safepoint region
[2019-06-24T10:14:23.790+0000][1][safepoint    ] Total time for which application threads were stopped: 0.0000914 seconds, Stopping threads took: 0.0000275 seconds
[2019-06-24T10:14:24.791+0000][1][safepoint    ] Application time: 1.0002642 seconds
[2019-06-24T10:14:24.791+0000][1][safepoint    ] Entering safepoint region: Cleanup
[2019-06-24T10:14:24.791+0000][1][safepoint    ] Leaving safepoint region
[2019-06-24T10:14:24.791+0000][1][safepoint    ] Total time for which application threads were stopped: 0.0002619 seconds, Stopping threads took: 0.0000905 seconds
[2019-06-24T10:14:25.791+0000][1][safepoint    ] Application time: 1.0002239 seconds
[2019-06-24T10:14:25.791+0000][1][safepoint    ] Entering safepoint region: Cleanup
[2019-06-24T10:14:25.792+0000][1][safepoint    ] Leaving safepoint region
[2019-06-24T10:14:25.792+0000][1][safepoint    ] Total time for which application threads were stopped: 0.0002996 seconds, Stopping threads took: 0.0001137 seconds
[2019-06-24T10:14:26.792+0000][1][safepoint    ] Application time: 1.0002511 seconds
[2019-06-24T10:14:26.792+0000][1][safepoint    ] Entering safepoint region: Cleanup
[2019-06-24T10:14:26.792+0000][1][safepoint    ] Leaving safepoint region
[2019-06-24T10:14:26.792+0000][1][safepoint    ] Total time for which application threads were stopped: 0.0002394 seconds, Stopping threads took: 0.0000643 seconds
[2019-06-24T10:14:27.792+0000][1][safepoint    ] Application time: 1.0002003 seconds
[2019-06-24T10:14:27.793+0000][1][safepoint    ] Entering safepoint region: Cleanup
[2019-06-24T10:14:27.793+0000][1][safepoint    ] Leaving safepoint region
[2019-06-24T10:14:27.793+0000][1][safepoint    ] Total time for which application threads were stopped: 0.0003701 seconds, Stopping threads took: 0.0001085 seconds
[2019-06-24T10:14:28.793+0000][1][safepoint    ] Application time: 1.0002646 seconds
[2019-06-24T10:14:28.793+0000][1][safepoint    ] Entering safepoint region: Cleanup
[2019-06-24T10:14:28.794+0000][1][safepoint    ] Leaving safepoint region
[2019-06-24T10:14:28.794+0000][1][safepoint    ] Total time for which application threads were stopped: 0.0002365 seconds, Stopping threads took: 0.0000638 seconds
[2019-06-24T10:14:29.794+0000][1][safepoint    ] Application time: 1.0001519 seconds
[2019-06-24T10:14:29.794+0000][1][safepoint    ] Entering safepoint region: Cleanup
[2019-06-24T10:14:29.794+0000][1][safepoint    ] Leaving safepoint region
[2019-06-24T10:14:29.794+0000][1][safepoint    ] Total time for which application threads were stopped: 0.0002290 seconds, Stopping threads took: 0.0000619 seconds
[2019-06-24T10:14:30.794+0000][1][safepoint    ] Application time: 1.0001494 seconds
[2019-06-24T10:14:30.794+0000][1][safepoint    ] Entering safepoint region: Cleanup
[2019-06-24T10:14:30.794+0000][1][safepoint    ] Leaving safepoint region
[2019-06-24T10:14:30.794+0000][1][safepoint    ] Total time for which application threads were stopped: 0.0000834 seconds, Stopping threads took: 0.0000215 seconds
[2019-06-24T10:14:31.795+0000][1][safepoint    ] Application time: 1.0002011 seconds
[2019-06-24T10:14:31.795+0000][1][safepoint    ] Entering safepoint region: Cleanup
[2019-06-24T10:14:31.795+0000][1][safepoint    ] Leaving safepoint region
[2019-06-24T10:14:31.795+0000][1][safepoint    ] Total time for which application threads were stopped: 0.0002653 seconds, Stopping threads took: 0.0000782 seconds
[2019-06-24T10:14:32.795+0000][1][safepoint    ] Application time: 1.0001290 seconds
[2019-06-24T10:14:32.795+0000][1][safepoint    ] Entering safepoint region: Cleanup
[2019-06-24T10:14:32.795+0000][1][safepoint    ] Leaving safepoint region
[2019-06-24T10:14:32.796+0000][1][safepoint    ] Total time for which application threads were stopped: 0.0002374 seconds, Stopping threads took: 0.0000626 seconds
[2019-06-24T10:14:33.796+0000][1][safepoint    ] Application time: 1.0001220 seconds
[2019-06-24T10:14:33.796+0000][1][safepoint    ] Entering safepoint region: Cleanup
[2019-06-24T10:14:33.796+0000][1][safepoint    ] Leaving safepoint region
[2019-06-24T10:14:33.796+0000][1][safepoint    ] Total time for which application threads were stopped: 0.0002663 seconds, Stopping threads took: 0.0000945 seconds
[2019-06-24T10:14:34.796+0000][1][safepoint    ] Application time: 1.0002257 seconds
[2019-06-24T10:14:34.796+0000][1][safepoint    ] Entering safepoint region: Cleanup
[2019-06-24T10:14:34.797+0000][1][safepoint    ] Leaving safepoint region
[2019-06-24T10:14:34.797+0000][1][safepoint    ] Total time for which application threads were stopped: 0.0003244 seconds, Stopping threads took: 0.0000906 seconds
[2019-06-24T10:14:35.797+0000][1][safepoint    ] Application time: 1.0001578 seconds
[2019-06-24T10:14:35.797+0000][1][safepoint    ] Entering safepoint region: Cleanup
[2019-06-24T10:14:35.797+0000][1][safepoint    ] Leaving safepoint region
[2019-06-24T10:14:35.797+0000][1][safepoint    ] Total time for which application threads were stopped: 0.0000927 seconds, Stopping threads took: 0.0000227 seconds
[2019-06-24T10:14:36.797+0000][1][safepoint    ] Application time: 1.0001929 seconds
[2019-06-24T10:14:36.797+0000][1][safepoint    ] Entering safepoint region: Cleanup
[2019-06-24T10:14:36.798+0000][1][safepoint    ] Leaving safepoint region
[2019-06-24T10:14:36.798+0000][1][safepoint    ] Total time for which application threads were stopped: 0.0002442 seconds, Stopping threads took: 0.0000644 seconds
[2019-06-24T10:14:37.798+0000][1][safepoint    ] Application time: 1.0002487 seconds
[2019-06-24T10:14:37.798+0000][1][safepoint    ] Entering safepoint region: Cleanup
[2019-06-24T10:14:37.798+0000][1][safepoint    ] Leaving safepoint region
[2019-06-24T10:14:37.798+0000][1][safepoint    ] Total time for which application threads were stopped: 0.0002176 seconds, Stopping threads took: 0.0000575 seconds
[2019-06-24T10:14:38.799+0000][1][safepoint    ] Application time: 1.0003307 seconds
[2019-06-24T10:14:38.799+0000][1][safepoint    ] Entering safepoint region: Cleanup
[2019-06-24T10:14:38.799+0000][1][safepoint    ] Leaving safepoint region
[2019-06-24T10:14:38.799+0000][1][safepoint    ] Total time for which application threads were stopped: 0.0002710 seconds, Stopping threads took: 0.0000635 seconds
[2019-06-24T10:14:40.593+0000][1][safepoint    ] Application time: 1.7936269 seconds
[2019-06-24T10:14:40.593+0000][1][safepoint    ] Entering safepoint region: Cleanup
[2019-06-24T10:14:40.593+0000][1][safepoint    ] Leaving safepoint region
[2019-06-24T10:14:40.593+0000][1][safepoint    ] Total time for which application threads were stopped: 0.0000963 seconds, Stopping threads took: 0.0000324 seconds
[2019-06-24T10:14:41.593+0000][1][safepoint    ] Application time: 1.0002494 seconds
[2019-06-24T10:14:41.593+0000][1][safepoint    ] Entering safepoint region: Cleanup
[2019-06-24T10:14:41.593+0000][1][safepoint    ] Leaving safepoint region
[2019-06-24T10:14:41.593+0000][1][safepoint    ] Total time for which application threads were stopped: 0.0003448 seconds, Stopping threads took: 0.0001212 seconds
[2019-06-24T10:14:42.594+0000][1][safepoint    ] Application time: 1.0002018 seconds
[2019-06-24T10:14:42.594+0000][1][safepoint    ] Entering safepoint region: Cleanup
[2019-06-24T10:14:42.594+0000][1][safepoint    ] Leaving safepoint region
[2019-06-24T10:14:42.594+0000][1][safepoint    ] Total time for which application threads were stopped: 0.0002179 seconds, Stopping threads took: 0.0000560 seconds
[2019-06-24T10:14:42.754+0000][1][safepoint    ] Application time: 0.1596792 seconds
[2019-06-24T10:14:42.754+0000][1][safepoint    ] Entering safepoint region: GenCollectForAllocation
[2019-06-24T10:14:42.754+0000][1][gc,start     ] GC(26) Pause Young (Allocation Failure)
[2019-06-24T10:14:42.754+0000][1][gc,task      ] GC(26) Using 5 workers of 8 for evacuation
[2019-06-24T10:14:42.761+0000][1][gc,age       ] GC(26) Desired survivor size 4456448 bytes, new threshold 6 (max threshold 6)
[2019-06-24T10:14:42.761+0000][1][gc,age       ] GC(26) Age table with threshold 6 (max threshold 6)
[2019-06-24T10:14:42.761+0000][1][gc,age       ] GC(26) - age   1:      71968 bytes,      71968 total
[2019-06-24T10:14:42.761+0000][1][gc,age       ] GC(26) - age   2:      28480 bytes,     100448 total
[2019-06-24T10:14:42.761+0000][1][gc,age       ] GC(26) - age   3:       3176 bytes,     103624 total
[2019-06-24T10:14:42.761+0000][1][gc,age       ] GC(26) - age   4:       9304 bytes,     112928 total
[2019-06-24T10:14:42.761+0000][1][gc,age       ] GC(26) - age   5:    2340568 bytes,    2453496 total
[2019-06-24T10:14:42.761+0000][1][gc,heap      ] GC(26) ParNew: 73289K->3760K(78656K)
[2019-06-24T10:14:42.761+0000][1][gc,heap      ] GC(26) CMS: 67315K->67315K(174784K)
[2019-06-24T10:14:42.761+0000][1][gc,metaspace ] GC(26) Metaspace: 67936K->67936K(1112064K)
[2019-06-24T10:14:42.761+0000][1][gc           ] GC(26) Pause Young (Allocation Failure) 137M->69M(247M) 6.929ms
[2019-06-24T10:14:42.761+0000][1][gc,cpu       ] GC(26) User=0.03s Sys=0.00s Real=0.01s
[2019-06-24T10:14:42.761+0000][1][safepoint    ] Leaving safepoint region
[2019-06-24T10:14:42.761+0000][1][safepoint    ] Total time for which application threads were stopped: 0.0072652 seconds, Stopping threads took: 0.0000537 seconds
[2019-06-24T10:14:43.761+0000][1][safepoint    ] Application time: 1.0001471 seconds
[2019-06-24T10:14:43.761+0000][1][safepoint    ] Entering safepoint region: Cleanup
[2019-06-24T10:14:43.762+0000][1][safepoint    ] Leaving safepoint region
[2019-06-24T10:14:43.762+0000][1][safepoint    ] Total time for which application threads were stopped: 0.0002516 seconds, Stopping threads took: 0.0000660 seconds
[2019-06-24T10:14:44.762+0000][1][safepoint    ] Application time: 1.0002659 seconds
[2019-06-24T10:14:44.762+0000][1][safepoint    ] Entering safepoint region: Cleanup
[2019-06-24T10:14:44.762+0000][1][safepoint    ] Leaving safepoint region
[2019-06-24T10:14:44.762+0000][1][safepoint    ] Total time for which application threads were stopped: 0.0002755 seconds, Stopping threads took: 0.0000937 seconds
[2019-06-24T10:14:45.763+0000][1][safepoint    ] Application time: 1.0002177 seconds
[2019-06-24T10:14:45.763+0000][1][safepoint    ] Entering safepoint region: Cleanup
[2019-06-24T10:14:45.763+0000][1][safepoint    ] Leaving safepoint region
[2019-06-24T10:14:45.763+0000][1][safepoint    ] Total time for which application threads were stopped: 0.0002110 seconds, Stopping threads took: 0.0000543 seconds
[2019-06-24T10:14:46.763+0000][1][safepoint    ] Application time: 1.0001315 seconds
[2019-06-24T10:14:46.763+0000][1][safepoint    ] Entering safepoint region: Cleanup
[2019-06-24T10:14:46.763+0000][1][safepoint    ] Leaving safepoint region
[2019-06-24T10:14:46.763+0000][1][safepoint    ] Total time for which application threads were stopped: 0.0000824 seconds, Stopping threads took: 0.0000210 seconds
[2019-06-24T10:14:47.763+0000][1][safepoint    ] Application time: 1.0001886 seconds
[2019-06-24T10:14:47.763+0000][1][safepoint    ] Entering safepoint region: Cleanup
[2019-06-24T10:14:47.764+0000][1][safepoint    ] Leaving safepoint region
[2019-06-24T10:14:47.764+0000][1][safepoint    ] Total time for which application threads were stopped: 0.0002373 seconds, Stopping threads took: 0.0000623 seconds
[2019-06-24T10:14:48.764+0000][1][safepoint    ] Application time: 1.0002744 seconds
[2019-06-24T10:14:48.764+0000][1][safepoint    ] Entering safepoint region: Cleanup
[2019-06-24T10:14:48.764+0000][1][safepoint    ] Leaving safepoint region
[2019-06-24T10:14:48.764+0000][1][safepoint    ] Total time for which application threads were stopped: 0.0002546 seconds, Stopping threads took: 0.0000650 seconds
[2019-06-24T10:14:49.765+0000][1][safepoint    ] Application time: 1.0001937 seconds
[2019-06-24T10:14:49.765+0000][1][safepoint    ] Entering safepoint region: Cleanup
[2019-06-24T10:14:49.765+0000][1][safepoint    ] Leaving safepoint region
[2019-06-24T10:14:49.765+0000][1][safepoint    ] Total time for which application threads were stopped: 0.0002813 seconds, Stopping threads took: 0.0000633 seconds
[2019-06-24T10:14:50.765+0000][1][safepoint    ] Application time: 1.0002641 seconds
[2019-06-24T10:14:50.765+0000][1][safepoint    ] Entering safepoint region: Cleanup
[2019-06-24T10:14:50.766+0000][1][safepoint    ] Leaving safepoint region
[2019-06-24T10:14:50.766+0000][1][safepoint    ] Total time for which application threads were stopped: 0.0002844 seconds, Stopping threads took: 0.0000622 seconds
[2019-06-24T10:14:51.766+0000][1][safepoint    ] Application time: 1.0002698 seconds
[2019-06-24T10:14:51.766+0000][1][safepoint    ] Entering safepoint region: Cleanup
[2019-06-24T10:14:51.766+0000][1][safepoint    ] Leaving safepoint region
[2019-06-24T10:14:51.766+0000][1][safepoint    ] Total time for which application threads were stopped: 0.0002412 seconds, Stopping threads took: 0.0000652 seconds
[2019-06-24T10:14:52.766+0000][1][safepoint    ] Application time: 1.0001389 seconds
[2019-06-24T10:14:52.767+0000][1][safepoint    ] Entering safepoint region: Cleanup
[2019-06-24T10:14:52.767+0000][1][safepoint    ] Leaving safepoint region
[2019-06-24T10:14:52.767+0000][1][safepoint    ] Total time for which application threads were stopped: 0.0001229 seconds, Stopping threads took: 0.0000340 seconds
[2019-06-24T10:14:53.767+0000][1][safepoint    ] Application time: 1.0001996 seconds
[2019-06-24T10:14:53.767+0000][1][safepoint    ] Entering safepoint region: Cleanup
[2019-06-24T10:14:53.767+0000][1][safepoint    ] Leaving safepoint region
[2019-06-24T10:14:53.767+0000][1][safepoint    ] Total time for which application threads were stopped: 0.0002391 seconds, Stopping threads took: 0.0000636 seconds
[2019-06-24T10:14:54.767+0000][1][safepoint    ] Application time: 1.0001408 seconds
[2019-06-24T10:14:54.768+0000][1][safepoint    ] Entering safepoint region: Cleanup
[2019-06-24T10:14:54.768+0000][1][safepoint    ] Leaving safepoint region
[2019-06-24T10:14:54.768+0000][1][safepoint    ] Total time for which application threads were stopped: 0.0003348 seconds, Stopping threads took: 0.0000974 seconds
[2019-06-24T10:14:55.768+0000][1][safepoint    ] Application time: 1.0001330 seconds
[2019-06-24T10:14:55.768+0000][1][safepoint    ] Entering safepoint region: Cleanup
[2019-06-24T10:14:55.768+0000][1][safepoint    ] Leaving safepoint region
[2019-06-24T10:14:55.768+0000][1][safepoint    ] Total time for which application threads were stopped: 0.0002516 seconds, Stopping threads took: 0.0000575 seconds
[2019-06-24T10:14:56.769+0000][1][safepoint    ] Application time: 1.0002624 seconds
[2019-06-24T10:14:56.769+0000][1][safepoint    ] Entering safepoint region: Cleanup
[2019-06-24T10:14:56.769+0000][1][safepoint    ] Leaving safepoint region
[2019-06-24T10:14:56.769+0000][1][safepoint    ] Total time for which application threads were stopped: 0.0003221 seconds, Stopping threads took: 0.0000786 seconds
[2019-06-24T10:14:57.769+0000][1][safepoint    ] Application time: 1.0002544 seconds
[2019-06-24T10:14:57.769+0000][1][safepoint    ] Entering safepoint region: Cleanup
[2019-06-24T10:14:57.770+0000][1][safepoint    ] Leaving safepoint region
[2019-06-24T10:14:57.770+0000][1][safepoint    ] Total time for which application threads were stopped: 0.0002563 seconds, Stopping threads took: 0.0000581 seconds
[2019-06-24T10:14:58.770+0000][1][safepoint    ] Application time: 1.0002673 seconds
[2019-06-24T10:14:58.770+0000][1][safepoint    ] Entering safepoint region: Cleanup
[2019-06-24T10:14:58.771+0000][1][safepoint    ] Leaving safepoint region
[2019-06-24T10:14:58.771+0000][1][safepoint    ] Total time for which application threads were stopped: 0.0005200 seconds, Stopping threads took: 0.0002595 seconds
[2019-06-24T10:14:59.771+0000][1][safepoint    ] Application time: 1.0001580 seconds
[2019-06-24T10:14:59.771+0000][1][safepoint    ] Entering safepoint region: Cleanup
[2019-06-24T10:14:59.771+0000][1][safepoint    ] Leaving safepoint region
[2019-06-24T10:14:59.771+0000][1][safepoint    ] Total time for which application threads were stopped: 0.0000896 seconds, Stopping threads took: 0.0000217 seconds
[2019-06-24T10:15:00.771+0000][1][safepoint    ] Application time: 1.0002203 seconds
[2019-06-24T10:15:00.771+0000][1][safepoint    ] Entering safepoint region: Cleanup
[2019-06-24T10:15:00.772+0000][1][safepoint    ] Leaving safepoint region
[2019-06-24T10:15:00.772+0000][1][safepoint    ] Total time for which application threads were stopped: 0.0002977 seconds, Stopping threads took: 0.0000667 seconds
[2019-06-24T10:15:01.772+0000][1][safepoint    ] Application time: 1.0001884 seconds
[2019-06-24T10:15:01.772+0000][1][safepoint    ] Entering safepoint region: Cleanup
[2019-06-24T10:15:01.772+0000][1][safepoint    ] Leaving safepoint region
[2019-06-24T10:15:01.772+0000][1][safepoint    ] Total time for which application threads were stopped: 0.0002215 seconds, Stopping threads took: 0.0000577 seconds
[2019-06-24T10:15:02.772+0000][1][safepoint    ] Application time: 1.0002690 seconds
[2019-06-24T10:15:02.773+0000][1][safepoint    ] Entering safepoint region: Cleanup
[2019-06-24T10:15:02.773+0000][1][safepoint    ] Leaving safepoint region
[2019-06-24T10:15:02.773+0000][1][safepoint    ] Total time for which application threads were stopped: 0.0003383 seconds, Stopping threads took: 0.0000788 seconds
[2019-06-24T10:15:03.773+0000][1][safepoint    ] Application time: 1.0001838 seconds
[2019-06-24T10:15:03.773+0000][1][safepoint    ] Entering safepoint region: Cleanup
[2019-06-24T10:15:03.774+0000][1][safepoint    ] Leaving safepoint region
[2019-06-24T10:15:03.774+0000][1][safepoint    ] Total time for which application threads were stopped: 0.0003005 seconds, Stopping threads took: 0.0000697 seconds
[2019-06-24T10:15:04.774+0000][1][safepoint    ] Application time: 1.0002570 seconds
[2019-06-24T10:15:04.774+0000][1][safepoint    ] Entering safepoint region: Cleanup
[2019-06-24T10:15:04.774+0000][1][safepoint    ] Leaving safepoint region
[2019-06-24T10:15:04.774+0000][1][safepoint    ] Total time for which application threads were stopped: 0.0002194 seconds, Stopping threads took: 0.0000566 seconds
[2019-06-24T10:15:05.774+0000][1][safepoint    ] Application time: 1.0000986 seconds
[2019-06-24T10:15:05.774+0000][1][safepoint    ] Entering safepoint region: Cleanup
[2019-06-24T10:15:05.774+0000][1][safepoint    ] Leaving safepoint region
[2019-06-24T10:15:05.774+0000][1][safepoint    ] Total time for which application threads were stopped: 0.0001092 seconds, Stopping threads took: 0.0000269 seconds
[2019-06-24T10:15:06.775+0000][1][safepoint    ] Application time: 1.0002490 seconds
[2019-06-24T10:15:06.775+0000][1][safepoint    ] Entering safepoint region: Cleanup
[2019-06-24T10:15:06.775+0000][1][safepoint    ] Leaving safepoint region
[2019-06-24T10:15:06.775+0000][1][safepoint    ] Total time for which application threads were stopped: 0.0003071 seconds, Stopping threads took: 0.0000823 seconds
[2019-06-24T10:15:07.775+0000][1][safepoint    ] Application time: 1.0002630 seconds
[2019-06-24T10:15:07.776+0000][1][safepoint    ] Entering safepoint region: Cleanup
[2019-06-24T10:15:07.776+0000][1][safepoint    ] Leaving safepoint region
[2019-06-24T10:15:07.776+0000][1][safepoint    ] Total time for which application threads were stopped: 0.0002489 seconds, Stopping threads took: 0.0000633 seconds
[2019-06-24T10:15:08.776+0000][1][safepoint    ] Application time: 1.0002566 seconds
[2019-06-24T10:15:08.776+0000][1][safepoint    ] Entering safepoint region: Cleanup
[2019-06-24T10:15:08.776+0000][1][safepoint    ] Leaving safepoint region
[2019-06-24T10:15:08.776+0000][1][safepoint    ] Total time for which application threads were stopped: 0.0002172 seconds, Stopping threads took: 0.0000571 seconds
[2019-06-24T10:15:09.777+0000][1][safepoint    ] Application time: 1.0002639 seconds
[2019-06-24T10:15:09.777+0000][1][safepoint    ] Entering safepoint region: Cleanup
[2019-06-24T10:15:09.777+0000][1][safepoint    ] Leaving safepoint region
[2019-06-24T10:15:09.777+0000][1][safepoint    ] Total time for which application threads were stopped: 0.0002543 seconds, Stopping threads took: 0.0000645 seconds
[2019-06-24T10:15:10.777+0000][1][safepoint    ] Application time: 1.0002460 seconds
[2019-06-24T10:15:10.777+0000][1][safepoint    ] Entering safepoint region: Cleanup
[2019-06-24T10:15:10.778+0000][1][safepoint    ] Leaving safepoint region
[2019-06-24T10:15:10.778+0000][1][safepoint    ] Total time for which application threads were stopped: 0.0002486 seconds, Stopping threads took: 0.0000840 seconds
[2019-06-24T10:15:11.778+0000][1][safepoint    ] Application time: 1.0001814 seconds
[2019-06-24T10:15:11.778+0000][1][safepoint    ] Entering safepoint region: Cleanup
[2019-06-24T10:15:11.778+0000][1][safepoint    ] Leaving safepoint region
[2019-06-24T10:15:11.778+0000][1][safepoint    ] Total time for which application threads were stopped: 0.0002714 seconds, Stopping threads took: 0.0000692 seconds
[2019-06-24T10:15:12.779+0000][1][safepoint    ] Application time: 1.0002865 seconds
[2019-06-24T10:15:12.779+0000][1][safepoint    ] Entering safepoint region: Cleanup
[2019-06-24T10:15:12.779+0000][1][safepoint    ] Leaving safepoint region
[2019-06-24T10:15:12.779+0000][1][safepoint    ] Total time for which application threads were stopped: 0.0002801 seconds, Stopping threads took: 0.0001105 seconds
[2019-06-24T10:15:13.779+0000][1][safepoint    ] Application time: 1.0001260 seconds
[2019-06-24T10:15:13.779+0000][1][safepoint    ] Entering safepoint region: Cleanup
[2019-06-24T10:15:13.779+0000][1][safepoint    ] Leaving safepoint region
[2019-06-24T10:15:13.779+0000][1][safepoint    ] Total time for which application threads were stopped: 0.0001106 seconds, Stopping threads took: 0.0000272 seconds
[2019-06-24T10:15:14.780+0000][1][safepoint    ] Application time: 1.0002799 seconds
[2019-06-24T10:15:14.780+0000][1][safepoint    ] Entering safepoint region: Cleanup
[2019-06-24T10:15:14.780+0000][1][safepoint    ] Leaving safepoint region
[2019-06-24T10:15:14.780+0000][1][safepoint    ] Total time for which application threads were stopped: 0.0002481 seconds, Stopping threads took: 0.0000625 seconds
[2019-06-24T10:15:15.780+0000][1][safepoint    ] Application time: 1.0002579 seconds
[2019-06-24T10:15:15.780+0000][1][safepoint    ] Entering safepoint region: Cleanup
[2019-06-24T10:15:15.781+0000][1][safepoint    ] Leaving safepoint region
[2019-06-24T10:15:15.781+0000][1][safepoint    ] Total time for which application threads were stopped: 0.0002386 seconds, Stopping threads took: 0.0000615 seconds
[2019-06-24T10:15:16.781+0000][1][safepoint    ] Application time: 1.0002613 seconds
[2019-06-24T10:15:16.781+0000][1][safepoint    ] Entering safepoint region: Cleanup
[2019-06-24T10:15:16.781+0000][1][safepoint    ] Leaving safepoint region
[2019-06-24T10:15:16.781+0000][1][safepoint    ] Total time for which application threads were stopped: 0.0002122 seconds, Stopping threads took: 0.0000545 seconds
[2019-06-24T10:15:17.781+0000][1][safepoint    ] Application time: 1.0002575 seconds
[2019-06-24T10:15:17.782+0000][1][safepoint    ] Entering safepoint region: Cleanup
[2019-06-24T10:15:17.782+0000][1][safepoint    ] Leaving safepoint region
[2019-06-24T10:15:17.782+0000][1][safepoint    ] Total time for which application threads were stopped: 0.0002380 seconds, Stopping threads took: 0.0000612 seconds
[2019-06-24T10:15:18.782+0000][1][safepoint    ] Application time: 1.0000987 seconds
[2019-06-24T10:15:18.782+0000][1][safepoint    ] Entering safepoint region: Cleanup
[2019-06-24T10:15:18.782+0000][1][safepoint    ] Leaving safepoint region
[2019-06-24T10:15:18.782+0000][1][safepoint    ] Total time for which application threads were stopped: 0.0001069 seconds, Stopping threads took: 0.0000266 seconds
[2019-06-24T10:15:19.782+0000][1][safepoint    ] Application time: 1.0002316 seconds
[2019-06-24T10:15:19.782+0000][1][safepoint    ] Entering safepoint region: Cleanup
[2019-06-24T10:15:19.783+0000][1][safepoint    ] Leaving safepoint region
[2019-06-24T10:15:19.783+0000][1][safepoint    ] Total time for which application threads were stopped: 0.0003260 seconds, Stopping threads took: 0.0000875 seconds
[2019-06-24T10:15:20.783+0000][1][safepoint    ] Application time: 1.0002687 seconds
[2019-06-24T10:15:20.783+0000][1][safepoint    ] Entering safepoint region: Cleanup
[2019-06-24T10:15:20.784+0000][1][safepoint    ] Leaving safepoint region
[2019-06-24T10:15:20.784+0000][1][safepoint    ] Total time for which application threads were stopped: 0.0003721 seconds, Stopping threads took: 0.0001137 seconds
[2019-06-24T10:15:21.784+0000][1][safepoint    ] Application time: 1.0002784 seconds
[2019-06-24T10:15:21.784+0000][1][safepoint    ] Entering safepoint region: Cleanup
[2019-06-24T10:15:21.785+0000][1][safepoint    ] Leaving safepoint region
[2019-06-24T10:15:21.785+0000][1][safepoint    ] Total time for which application threads were stopped: 0.0012510 seconds, Stopping threads took: 0.0009882 seconds
[2019-06-24T10:15:22.785+0000][1][safepoint    ] Application time: 1.0001397 seconds
[2019-06-24T10:15:22.785+0000][1][safepoint    ] Entering safepoint region: Cleanup
[2019-06-24T10:15:22.786+0000][1][safepoint    ] Leaving safepoint region
[2019-06-24T10:15:22.786+0000][1][safepoint    ] Total time for which application threads were stopped: 0.0000879 seconds, Stopping threads took: 0.0000221 seconds
[2019-06-24T10:15:23.786+0000][1][safepoint    ] Application time: 1.0002526 seconds
[2019-06-24T10:15:23.786+0000][1][safepoint    ] Entering safepoint region: Cleanup
[2019-06-24T10:15:23.786+0000][1][safepoint    ] Leaving safepoint region
[2019-06-24T10:15:23.786+0000][1][safepoint    ] Total time for which application threads were stopped: 0.0003013 seconds, Stopping threads took: 0.0000626 seconds
[2019-06-24T10:15:24.787+0000][1][safepoint    ] Application time: 1.0002940 seconds
[2019-06-24T10:15:24.787+0000][1][safepoint    ] Entering safepoint region: Cleanup
[2019-06-24T10:15:24.787+0000][1][safepoint    ] Leaving safepoint region
[2019-06-24T10:15:24.787+0000][1][safepoint    ] Total time for which application threads were stopped: 0.0002209 seconds, Stopping threads took: 0.0000564 seconds
[2019-06-24T10:15:25.787+0000][1][safepoint    ] Application time: 1.0001521 seconds
[2019-06-24T10:15:25.787+0000][1][safepoint    ] Entering safepoint region: Cleanup
[2019-06-24T10:15:25.788+0000][1][safepoint    ] Leaving safepoint region
[2019-06-24T10:15:25.788+0000][1][safepoint    ] Total time for which application threads were stopped: 0.0004920 seconds, Stopping threads took: 0.0001369 seconds
[2019-06-24T10:15:26.788+0000][1][safepoint    ] Application time: 1.0002812 seconds
[2019-06-24T10:15:26.788+0000][1][safepoint    ] Entering safepoint region: Cleanup
[2019-06-24T10:15:26.789+0000][1][safepoint    ] Leaving safepoint region
[2019-06-24T10:15:26.789+0000][1][safepoint    ] Total time for which application threads were stopped: 0.0011257 seconds, Stopping threads took: 0.0009037 seconds
[2019-06-24T10:15:27.789+0000][1][safepoint    ] Application time: 1.0001476 seconds
[2019-06-24T10:15:27.790+0000][1][safepoint    ] Entering safepoint region: Cleanup
[2019-06-24T10:15:27.790+0000][1][safepoint    ] Leaving safepoint region
[2019-06-24T10:15:27.790+0000][1][safepoint    ] Total time for which application threads were stopped: 0.0003531 seconds, Stopping threads took: 0.0000891 seconds
[2019-06-24T10:15:28.790+0000][1][safepoint    ] Application time: 1.0002086 seconds
[2019-06-24T10:15:28.790+0000][1][safepoint    ] Entering safepoint region: Cleanup
[2019-06-24T10:15:28.791+0000][1][safepoint    ] Leaving safepoint region
[2019-06-24T10:15:28.791+0000][1][safepoint    ] Total time for which application threads were stopped: 0.0003222 seconds, Stopping threads took: 0.0000623 seconds
[2019-06-24T10:15:29.791+0000][1][safepoint    ] Application time: 1.0001994 seconds
[2019-06-24T10:15:29.791+0000][1][safepoint    ] Entering safepoint region: Cleanup
[2019-06-24T10:15:29.791+0000][1][safepoint    ] Leaving safepoint region
[2019-06-24T10:15:29.791+0000][1][safepoint    ] Total time for which application threads were stopped: 0.0002634 seconds, Stopping threads took: 0.0000635 seconds
[2019-06-24T10:15:30.791+0000][1][safepoint    ] Application time: 1.0001560 seconds
[2019-06-24T10:15:30.792+0000][1][safepoint    ] Entering safepoint region: Cleanup
[2019-06-24T10:15:30.792+0000][1][safepoint    ] Leaving safepoint region
[2019-06-24T10:15:30.792+0000][1][safepoint    ] Total time for which application threads were stopped: 0.0002527 seconds, Stopping threads took: 0.0000657 seconds
[2019-06-24T10:15:31.792+0000][1][safepoint    ] Application time: 1.0002558 seconds
[2019-06-24T10:15:31.792+0000][1][safepoint    ] Entering safepoint region: Cleanup
[2019-06-24T10:15:31.793+0000][1][safepoint    ] Leaving safepoint region
[2019-06-24T10:15:31.793+0000][1][safepoint    ] Total time for which application threads were stopped: 0.0012292 seconds, Stopping threads took: 0.0009444 seconds
[2019-06-24T10:15:32.794+0000][1][safepoint    ] Application time: 1.0002625 seconds
[2019-06-24T10:15:32.794+0000][1][safepoint    ] Entering safepoint region: Cleanup
[2019-06-24T10:15:32.794+0000][1][safepoint    ] Leaving safepoint region
[2019-06-24T10:15:32.794+0000][1][safepoint    ] Total time for which application threads were stopped: 0.0002524 seconds, Stopping threads took: 0.0000632 seconds
[2019-06-24T10:15:33.794+0000][1][safepoint    ] Application time: 1.0002483 seconds
[2019-06-24T10:15:33.795+0000][1][safepoint    ] Entering safepoint region: Cleanup
[2019-06-24T10:15:33.795+0000][1][safepoint    ] Leaving safepoint region
[2019-06-24T10:15:33.795+0000][1][safepoint    ] Total time for which application threads were stopped: 0.0002693 seconds, Stopping threads took: 0.0000809 seconds
[2019-06-24T10:15:34.795+0000][1][safepoint    ] Application time: 1.0002629 seconds
[2019-06-24T10:15:34.795+0000][1][safepoint    ] Entering safepoint region: Cleanup
[2019-06-24T10:15:34.795+0000][1][safepoint    ] Leaving safepoint region
[2019-06-24T10:15:34.795+0000][1][safepoint    ] Total time for which application threads were stopped: 0.0002492 seconds, Stopping threads took: 0.0000635 seconds
[2019-06-24T10:15:35.796+0000][1][safepoint    ] Application time: 1.0001371 seconds
[2019-06-24T10:15:35.796+0000][1][safepoint    ] Entering safepoint region: Cleanup
[2019-06-24T10:15:35.796+0000][1][safepoint    ] Leaving safepoint region
[2019-06-24T10:15:35.796+0000][1][safepoint    ] Total time for which application threads were stopped: 0.0001015 seconds, Stopping threads took: 0.0000343 seconds
[2019-06-24T10:15:36.796+0000][1][safepoint    ] Application time: 1.0002431 seconds
[2019-06-24T10:15:36.796+0000][1][safepoint    ] Entering safepoint region: Cleanup
[2019-06-24T10:15:36.798+0000][1][safepoint    ] Leaving safepoint region
[2019-06-24T10:15:36.798+0000][1][safepoint    ] Total time for which application threads were stopped: 0.0013019 seconds, Stopping threads took: 0.0010117 seconds
[2019-06-24T10:15:37.798+0000][1][safepoint    ] Application time: 1.0002588 seconds
[2019-06-24T10:15:37.798+0000][1][safepoint    ] Entering safepoint region: Cleanup
[2019-06-24T10:15:37.798+0000][1][safepoint    ] Leaving safepoint region
[2019-06-24T10:15:37.798+0000][1][safepoint    ] Total time for which application threads were stopped: 0.0002561 seconds, Stopping threads took: 0.0000660 seconds
[2019-06-24T10:15:38.799+0000][1][safepoint    ] Application time: 1.0002686 seconds
[2019-06-24T10:15:38.799+0000][1][safepoint    ] Entering safepoint region: Cleanup
[2019-06-24T10:15:38.799+0000][1][safepoint    ] Leaving safepoint region
[2019-06-24T10:15:38.799+0000][1][safepoint    ] Total time for which application threads were stopped: 0.0002512 seconds, Stopping threads took: 0.0000665 seconds
[2019-06-24T10:15:39.799+0000][1][safepoint    ] Application time: 1.0001731 seconds
[2019-06-24T10:15:39.799+0000][1][safepoint    ] Entering safepoint region: Cleanup
[2019-06-24T10:15:39.799+0000][1][safepoint    ] Leaving safepoint region
[2019-06-24T10:15:39.799+0000][1][safepoint    ] Total time for which application threads were stopped: 0.0002277 seconds, Stopping threads took: 0.0000577 seconds
[2019-06-24T10:15:40.800+0000][1][safepoint    ] Application time: 1.0002263 seconds
[2019-06-24T10:15:40.800+0000][1][safepoint    ] Entering safepoint region: Cleanup
[2019-06-24T10:15:40.800+0000][1][safepoint    ] Leaving safepoint region
[2019-06-24T10:15:40.800+0000][1][safepoint    ] Total time for which application threads were stopped: 0.0003030 seconds, Stopping threads took: 0.0001167 seconds
[2019-06-24T10:15:41.800+0000][1][safepoint    ] Application time: 1.0002588 seconds
[2019-06-24T10:15:41.801+0000][1][safepoint    ] Entering safepoint region: Cleanup
[2019-06-24T10:15:41.802+0000][1][safepoint    ] Leaving safepoint region
[2019-06-24T10:15:41.802+0000][1][safepoint    ] Total time for which application threads were stopped: 0.0012497 seconds, Stopping threads took: 0.0009530 seconds
[2019-06-24T10:15:42.802+0000][1][safepoint    ] Application time: 1.0003071 seconds
[2019-06-24T10:15:42.802+0000][1][safepoint    ] Entering safepoint region: Cleanup
[2019-06-24T10:15:42.802+0000][1][safepoint    ] Leaving safepoint region
[2019-06-24T10:15:42.802+0000][1][safepoint    ] Total time for which application threads were stopped: 0.0001115 seconds, Stopping threads took: 0.0000274 seconds
[2019-06-24T10:15:43.803+0000][1][safepoint    ] Application time: 1.0003030 seconds
[2019-06-24T10:15:43.803+0000][1][safepoint    ] Entering safepoint region: Cleanup
[2019-06-24T10:15:43.803+0000][1][safepoint    ] Leaving safepoint region
[2019-06-24T10:15:43.803+0000][1][safepoint    ] Total time for which application threads were stopped: 0.0002244 seconds, Stopping threads took: 0.0000569 seconds
[2019-06-24T10:15:44.803+0000][1][safepoint    ] Application time: 1.0002688 seconds
[2019-06-24T10:15:44.803+0000][1][safepoint    ] Entering safepoint region: Cleanup
[2019-06-24T10:15:44.804+0000][1][safepoint    ] Leaving safepoint region
[2019-06-24T10:15:44.804+0000][1][safepoint    ] Total time for which application threads were stopped: 0.0002481 seconds, Stopping threads took: 0.0000631 seconds
[2019-06-24T10:15:45.804+0000][1][safepoint    ] Application time: 1.0001867 seconds
[2019-06-24T10:15:45.804+0000][1][safepoint    ] Entering safepoint region: Cleanup
[2019-06-24T10:15:45.804+0000][1][safepoint    ] Leaving safepoint region
[2019-06-24T10:15:45.804+0000][1][safepoint    ] Total time for which application threads were stopped: 0.0003024 seconds, Stopping threads took: 0.0000608 seconds
[2019-06-24T10:15:46.804+0000][1][safepoint    ] Application time: 1.0002519 seconds
[2019-06-24T10:15:46.805+0000][1][safepoint    ] Entering safepoint region: Cleanup
[2019-06-24T10:15:46.805+0000][1][safepoint    ] Leaving safepoint region
[2019-06-24T10:15:46.805+0000][1][safepoint    ] Total time for which application threads were stopped: 0.0003194 seconds, Stopping threads took: 0.0000672 seconds
[2019-06-24T10:15:47.805+0000][1][safepoint    ] Application time: 1.0002563 seconds
[2019-06-24T10:15:47.805+0000][1][safepoint    ] Entering safepoint region: Cleanup
[2019-06-24T10:15:47.806+0000][1][safepoint    ] Leaving safepoint region
[2019-06-24T10:15:47.806+0000][1][safepoint    ] Total time for which application threads were stopped: 0.0002395 seconds, Stopping threads took: 0.0000631 seconds
[2019-06-24T10:15:48.806+0000][1][safepoint    ] Application time: 1.0000947 seconds
[2019-06-24T10:15:48.806+0000][1][safepoint    ] Entering safepoint region: Cleanup
[2019-06-24T10:15:48.806+0000][1][safepoint    ] Leaving safepoint region
[2019-06-24T10:15:48.806+0000][1][safepoint    ] Total time for which application threads were stopped: 0.0001024 seconds, Stopping threads took: 0.0000262 seconds
[2019-06-24T10:15:49.806+0000][1][safepoint    ] Application time: 1.0002430 seconds
[2019-06-24T10:15:49.806+0000][1][safepoint    ] Entering safepoint region: Cleanup
[2019-06-24T10:15:49.806+0000][1][safepoint    ] Leaving safepoint region
[2019-06-24T10:15:49.806+0000][1][safepoint    ] Total time for which application threads were stopped: 0.0002386 seconds, Stopping threads took: 0.0000622 seconds
[2019-06-24T10:15:50.807+0000][1][safepoint    ] Application time: 1.0003069 seconds
[2019-06-24T10:15:50.807+0000][1][safepoint    ] Entering safepoint region: Cleanup
[2019-06-24T10:15:50.807+0000][1][safepoint    ] Leaving safepoint region
[2019-06-24T10:15:50.807+0000][1][safepoint    ] Total time for which application threads were stopped: 0.0002870 seconds, Stopping threads took: 0.0000987 seconds
[2019-06-24T10:15:51.807+0000][1][safepoint    ] Application time: 1.0002689 seconds
[2019-06-24T10:15:51.808+0000][1][safepoint    ] Entering safepoint region: Cleanup
[2019-06-24T10:15:51.808+0000][1][safepoint    ] Leaving safepoint region
[2019-06-24T10:15:51.808+0000][1][safepoint    ] Total time for which application threads were stopped: 0.0002830 seconds, Stopping threads took: 0.0000739 seconds
[2019-06-24T10:15:52.808+0000][1][safepoint    ] Application time: 1.0001939 seconds
[2019-06-24T10:15:52.808+0000][1][safepoint    ] Entering safepoint region: Cleanup
[2019-06-24T10:15:52.808+0000][1][safepoint    ] Leaving safepoint region
[2019-06-24T10:15:52.808+0000][1][safepoint    ] Total time for which application threads were stopped: 0.0002484 seconds, Stopping threads took: 0.0000615 seconds
[2019-06-24T10:15:53.809+0000][1][safepoint    ] Application time: 1.0002532 seconds
[2019-06-24T10:15:53.809+0000][1][safepoint    ] Entering safepoint region: Cleanup
[2019-06-24T10:15:53.809+0000][1][safepoint    ] Leaving safepoint region
[2019-06-24T10:15:53.809+0000][1][safepoint    ] Total time for which application threads were stopped: 0.0002457 seconds, Stopping threads took: 0.0000607 seconds
[2019-06-24T10:15:54.809+0000][1][safepoint    ] Application time: 1.0002602 seconds
[2019-06-24T10:15:54.809+0000][1][safepoint    ] Entering safepoint region: Cleanup
[2019-06-24T10:15:54.810+0000][1][safepoint    ] Leaving safepoint region
[2019-06-24T10:15:54.810+0000][1][safepoint    ] Total time for which application threads were stopped: 0.0002515 seconds, Stopping threads took: 0.0000644 seconds
[2019-06-24T10:15:55.810+0000][1][safepoint    ] Application time: 1.0002759 seconds
[2019-06-24T10:15:55.810+0000][1][safepoint    ] Entering safepoint region: Cleanup
[2019-06-24T10:15:55.810+0000][1][safepoint    ] Leaving safepoint region
[2019-06-24T10:15:55.810+0000][1][safepoint    ] Total time for which application threads were stopped: 0.0002505 seconds, Stopping threads took: 0.0000622 seconds
[2019-06-24T10:15:56.811+0000][1][safepoint    ] Application time: 1.0003254 seconds
[2019-06-24T10:15:56.811+0000][1][safepoint    ] Entering safepoint region: Cleanup
[2019-06-24T10:15:56.812+0000][1][safepoint    ] Leaving safepoint region
[2019-06-24T10:15:56.812+0000][1][safepoint    ] Total time for which application threads were stopped: 0.0011970 seconds, Stopping threads took: 0.0009341 seconds
[2019-06-24T10:15:57.579+0000][1][safepoint    ] Application time: 0.7669503 seconds
[2019-06-24T10:15:57.579+0000][1][safepoint    ] Entering safepoint region: RevokeBias
[2019-06-24T10:15:57.579+0000][1][safepoint    ] Leaving safepoint region
[2019-06-24T10:15:57.579+0000][1][safepoint    ] Total time for which application threads were stopped: 0.0002513 seconds, Stopping threads took: 0.0000524 seconds
[2019-06-24T10:15:58.580+0000][1][safepoint    ] Application time: 1.0002860 seconds
[2019-06-24T10:15:58.580+0000][1][safepoint    ] Entering safepoint region: Cleanup
[2019-06-24T10:15:58.580+0000][1][safepoint    ] Leaving safepoint region
[2019-06-24T10:15:58.580+0000][1][safepoint    ] Total time for which application threads were stopped: 0.0002561 seconds, Stopping threads took: 0.0000633 seconds
[2019-06-24T10:15:59.580+0000][1][safepoint    ] Application time: 1.0002713 seconds
[2019-06-24T10:15:59.580+0000][1][safepoint    ] Entering safepoint region: Cleanup
[2019-06-24T10:15:59.581+0000][1][safepoint    ] Leaving safepoint region
[2019-06-24T10:15:59.581+0000][1][safepoint    ] Total time for which application threads were stopped: 0.0001445 seconds, Stopping threads took: 0.0000307 seconds
[2019-06-24T10:16:00.581+0000][1][safepoint    ] Application time: 1.0002634 seconds
[2019-06-24T10:16:00.581+0000][1][safepoint    ] Entering safepoint region: Cleanup
[2019-06-24T10:16:00.581+0000][1][safepoint    ] Leaving safepoint region
[2019-06-24T10:16:00.581+0000][1][safepoint    ] Total time for which application threads were stopped: 0.0003758 seconds, Stopping threads took: 0.0001563 seconds
[2019-06-24T10:16:01.582+0000][1][safepoint    ] Application time: 1.0001840 seconds
[2019-06-24T10:16:01.582+0000][1][safepoint    ] Entering safepoint region: Cleanup
[2019-06-24T10:16:01.582+0000][1][safepoint    ] Leaving safepoint region
[2019-06-24T10:16:01.582+0000][1][safepoint    ] Total time for which application threads were stopped: 0.0002494 seconds, Stopping threads took: 0.0000604 seconds
[2019-06-24T10:16:02.582+0000][1][safepoint    ] Application time: 1.0001097 seconds
[2019-06-24T10:16:02.582+0000][1][safepoint    ] Entering safepoint region: Cleanup
[2019-06-24T10:16:02.582+0000][1][safepoint    ] Leaving safepoint region
[2019-06-24T10:16:02.582+0000][1][safepoint    ] Total time for which application threads were stopped: 0.0001313 seconds, Stopping threads took: 0.0000329 seconds
[2019-06-24T10:16:03.582+0000][1][safepoint    ] Application time: 1.0002508 seconds
[2019-06-24T10:16:03.583+0000][1][safepoint    ] Entering safepoint region: Cleanup
[2019-06-24T10:16:03.583+0000][1][safepoint    ] Leaving safepoint region
[2019-06-24T10:16:03.583+0000][1][safepoint    ] Total time for which application threads were stopped: 0.0002615 seconds, Stopping threads took: 0.0000664 seconds
[2019-06-24T10:16:04.583+0000][1][safepoint    ] Application time: 1.0000956 seconds
[2019-06-24T10:16:04.583+0000][1][safepoint    ] Entering safepoint region: Cleanup
[2019-06-24T10:16:04.583+0000][1][safepoint    ] Leaving safepoint region
[2019-06-24T10:16:04.583+0000][1][safepoint    ] Total time for which application threads were stopped: 0.0000988 seconds, Stopping threads took: 0.0000234 seconds
[2019-06-24T10:16:05.583+0000][1][safepoint    ] Application time: 1.0001981 seconds
[2019-06-24T10:16:05.583+0000][1][safepoint    ] Entering safepoint region: Cleanup
[2019-06-24T10:16:05.584+0000][1][safepoint    ] Leaving safepoint region
[2019-06-24T10:16:05.584+0000][1][safepoint    ] Total time for which application threads were stopped: 0.0002202 seconds, Stopping threads took: 0.0000533 seconds
[2019-06-24T10:16:06.584+0000][1][safepoint    ] Application time: 1.0001441 seconds
[2019-06-24T10:16:06.584+0000][1][safepoint    ] Entering safepoint region: Cleanup
[2019-06-24T10:16:06.584+0000][1][safepoint    ] Leaving safepoint region
[2019-06-24T10:16:06.584+0000][1][safepoint    ] Total time for which application threads were stopped: 0.0003946 seconds, Stopping threads took: 0.0001222 seconds
[2019-06-24T10:16:07.585+0000][1][safepoint    ] Application time: 1.0002593 seconds
[2019-06-24T10:16:07.585+0000][1][safepoint    ] Entering safepoint region: Cleanup
[2019-06-24T10:16:07.585+0000][1][safepoint    ] Leaving safepoint region
[2019-06-24T10:16:07.585+0000][1][safepoint    ] Total time for which application threads were stopped: 0.0002603 seconds, Stopping threads took: 0.0000637 seconds
[2019-06-24T10:16:08.585+0000][1][safepoint    ] Application time: 1.0001044 seconds
[2019-06-24T10:16:08.585+0000][1][safepoint    ] Entering safepoint region: Cleanup
[2019-06-24T10:16:08.585+0000][1][safepoint    ] Leaving safepoint region
[2019-06-24T10:16:08.585+0000][1][safepoint    ] Total time for which application threads were stopped: 0.0001435 seconds, Stopping threads took: 0.0000347 seconds
[2019-06-24T10:16:09.586+0000][1][safepoint    ] Application time: 1.0002724 seconds
[2019-06-24T10:16:09.586+0000][1][safepoint    ] Entering safepoint region: Cleanup
[2019-06-24T10:16:09.586+0000][1][safepoint    ] Leaving safepoint region
[2019-06-24T10:16:09.586+0000][1][safepoint    ] Total time for which application threads were stopped: 0.0001206 seconds, Stopping threads took: 0.0000289 seconds
[2019-06-24T10:16:10.586+0000][1][safepoint    ] Application time: 1.0002415 seconds
[2019-06-24T10:16:10.586+0000][1][safepoint    ] Entering safepoint region: Cleanup
[2019-06-24T10:16:10.586+0000][1][safepoint    ] Leaving safepoint region
[2019-06-24T10:16:10.587+0000][1][safepoint    ] Total time for which application threads were stopped: 0.0004095 seconds, Stopping threads took: 0.0000778 seconds
[2019-06-24T10:16:11.587+0000][1][safepoint    ] Application time: 1.0001318 seconds
[2019-06-24T10:16:11.587+0000][1][safepoint    ] Entering safepoint region: Cleanup
[2019-06-24T10:16:11.587+0000][1][safepoint    ] Leaving safepoint region
[2019-06-24T10:16:11.587+0000][1][safepoint    ] Total time for which application threads were stopped: 0.0002569 seconds, Stopping threads took: 0.0000605 seconds
[2019-06-24T10:16:12.587+0000][1][safepoint    ] Application time: 1.0002047 seconds
[2019-06-24T10:16:12.588+0000][1][safepoint    ] Entering safepoint region: Cleanup
[2019-06-24T10:16:12.588+0000][1][safepoint    ] Leaving safepoint region
[2019-06-24T10:16:12.588+0000][1][safepoint    ] Total time for which application threads were stopped: 0.0003357 seconds, Stopping threads took: 0.0001073 seconds
[2019-06-24T10:16:13.588+0000][1][safepoint    ] Application time: 1.0002509 seconds
[2019-06-24T10:16:13.588+0000][1][safepoint    ] Entering safepoint region: Cleanup
[2019-06-24T10:16:13.588+0000][1][safepoint    ] Leaving safepoint region
[2019-06-24T10:16:13.589+0000][1][safepoint    ] Total time for which application threads were stopped: 0.0002946 seconds, Stopping threads took: 0.0000916 seconds
[2019-06-24T10:16:14.589+0000][1][safepoint    ] Application time: 1.0000973 seconds
[2019-06-24T10:16:14.589+0000][1][safepoint    ] Entering safepoint region: Cleanup
[2019-06-24T10:16:14.589+0000][1][safepoint    ] Leaving safepoint region
[2019-06-24T10:16:14.589+0000][1][safepoint    ] Total time for which application threads were stopped: 0.0001385 seconds, Stopping threads took: 0.0000300 seconds
[2019-06-24T10:16:15.589+0000][1][safepoint    ] Application time: 1.0001675 seconds
[2019-06-24T10:16:15.589+0000][1][safepoint    ] Entering safepoint region: Cleanup
[2019-06-24T10:16:15.589+0000][1][safepoint    ] Leaving safepoint region
[2019-06-24T10:16:15.589+0000][1][safepoint    ] Total time for which application threads were stopped: 0.0003332 seconds, Stopping threads took: 0.0000664 seconds
[2019-06-24T10:16:16.590+0000][1][safepoint    ] Application time: 1.0002739 seconds
[2019-06-24T10:16:16.590+0000][1][safepoint    ] Entering safepoint region: Cleanup
[2019-06-24T10:16:16.590+0000][1][safepoint    ] Leaving safepoint region
[2019-06-24T10:16:16.590+0000][1][safepoint    ] Total time for which application threads were stopped: 0.0003334 seconds, Stopping threads took: 0.0000615 seconds
[2019-06-24T10:16:17.591+0000][1][safepoint    ] Application time: 1.0002795 seconds
[2019-06-24T10:16:17.591+0000][1][safepoint    ] Entering safepoint region: Cleanup
[2019-06-24T10:16:17.591+0000][1][safepoint    ] Leaving safepoint region
[2019-06-24T10:16:17.591+0000][1][safepoint    ] Total time for which application threads were stopped: 0.0002990 seconds, Stopping threads took: 0.0000626 seconds
[2019-06-24T10:16:18.591+0000][1][safepoint    ] Application time: 1.0001990 seconds
[2019-06-24T10:16:18.591+0000][1][safepoint    ] Entering safepoint region: Cleanup
[2019-06-24T10:16:18.592+0000][1][safepoint    ] Leaving safepoint region
[2019-06-24T10:16:18.592+0000][1][safepoint    ] Total time for which application threads were stopped: 0.0003094 seconds, Stopping threads took: 0.0000538 seconds
[2019-06-24T10:16:19.592+0000][1][safepoint    ] Application time: 1.0001762 seconds
[2019-06-24T10:16:19.592+0000][1][safepoint    ] Entering safepoint region: Cleanup
[2019-06-24T10:16:19.592+0000][1][safepoint    ] Leaving safepoint region
[2019-06-24T10:16:19.592+0000][1][safepoint    ] Total time for which application threads were stopped: 0.0002553 seconds, Stopping threads took: 0.0000455 seconds
[2019-06-24T10:16:20.592+0000][1][safepoint    ] Application time: 1.0002291 seconds
[2019-06-24T10:16:20.593+0000][1][safepoint    ] Entering safepoint region: Cleanup
[2019-06-24T10:16:20.593+0000][1][safepoint    ] Leaving safepoint region
[2019-06-24T10:16:20.593+0000][1][safepoint    ] Total time for which application threads were stopped: 0.0002213 seconds, Stopping threads took: 0.0000547 seconds
[2019-06-24T10:16:21.593+0000][1][safepoint    ] Application time: 1.0001280 seconds
[2019-06-24T10:16:21.593+0000][1][safepoint    ] Entering safepoint region: Cleanup
[2019-06-24T10:16:21.593+0000][1][safepoint    ] Leaving safepoint region
[2019-06-24T10:16:21.593+0000][1][safepoint    ] Total time for which application threads were stopped: 0.0001028 seconds, Stopping threads took: 0.0000232 seconds
[2019-06-24T10:16:22.593+0000][1][safepoint    ] Application time: 1.0002092 seconds
[2019-06-24T10:16:22.593+0000][1][safepoint    ] Entering safepoint region: Cleanup
[2019-06-24T10:16:22.594+0000][1][safepoint    ] Leaving safepoint region
[2019-06-24T10:16:22.594+0000][1][safepoint    ] Total time for which application threads were stopped: 0.0002807 seconds, Stopping threads took: 0.0000887 seconds
[2019-06-24T10:16:23.594+0000][1][safepoint    ] Application time: 1.0002426 seconds
[2019-06-24T10:16:23.594+0000][1][safepoint    ] Entering safepoint region: Cleanup
[2019-06-24T10:16:23.594+0000][1][safepoint    ] Leaving safepoint region
[2019-06-24T10:16:23.594+0000][1][safepoint    ] Total time for which application threads were stopped: 0.0002855 seconds, Stopping threads took: 0.0000937 seconds
[2019-06-24T10:16:24.594+0000][1][safepoint    ] Application time: 1.0001365 seconds
[2019-06-24T10:16:24.595+0000][1][safepoint    ] Entering safepoint region: Cleanup
[2019-06-24T10:16:24.595+0000][1][safepoint    ] Leaving safepoint region
[2019-06-24T10:16:24.595+0000][1][safepoint    ] Total time for which application threads were stopped: 0.0001370 seconds, Stopping threads took: 0.0000398 seconds
[2019-06-24T10:16:25.595+0000][1][safepoint    ] Application time: 1.0001268 seconds
[2019-06-24T10:16:25.595+0000][1][safepoint    ] Entering safepoint region: Cleanup
[2019-06-24T10:16:25.596+0000][1][safepoint    ] Leaving safepoint region
[2019-06-24T10:16:25.596+0000][1][safepoint    ] Total time for which application threads were stopped: 0.0012434 seconds, Stopping threads took: 0.0009598 seconds
[2019-06-24T10:16:26.596+0000][1][safepoint    ] Application time: 1.0003113 seconds
[2019-06-24T10:16:26.597+0000][1][safepoint    ] Entering safepoint region: Cleanup
[2019-06-24T10:16:26.597+0000][1][safepoint    ] Leaving safepoint region
[2019-06-24T10:16:26.597+0000][1][safepoint    ] Total time for which application threads were stopped: 0.0001464 seconds, Stopping threads took: 0.0000486 seconds
[2019-06-24T10:16:27.597+0000][1][safepoint    ] Application time: 1.0002264 seconds
[2019-06-24T10:16:27.597+0000][1][safepoint    ] Entering safepoint region: Cleanup
[2019-06-24T10:16:27.597+0000][1][safepoint    ] Leaving safepoint region
[2019-06-24T10:16:27.597+0000][1][safepoint    ] Total time for which application threads were stopped: 0.0002880 seconds, Stopping threads took: 0.0000914 seconds
[2019-06-24T10:16:28.598+0000][1][safepoint    ] Application time: 1.0002415 seconds
[2019-06-24T10:16:28.598+0000][1][safepoint    ] Entering safepoint region: Cleanup
[2019-06-24T10:16:28.598+0000][1][safepoint    ] Leaving safepoint region
[2019-06-24T10:16:28.598+0000][1][safepoint    ] Total time for which application threads were stopped: 0.0002841 seconds, Stopping threads took: 0.0000929 seconds
[2019-06-24T10:16:29.598+0000][1][safepoint    ] Application time: 1.0001817 seconds
[2019-06-24T10:16:29.598+0000][1][safepoint    ] Entering safepoint region: Cleanup
[2019-06-24T10:16:29.598+0000][1][safepoint    ] Leaving safepoint region
[2019-06-24T10:16:29.598+0000][1][safepoint    ] Total time for which application threads were stopped: 0.0001346 seconds, Stopping threads took: 0.0000259 seconds
[2019-06-24T10:16:30.599+0000][1][safepoint    ] Application time: 1.0002510 seconds
[2019-06-24T10:16:30.599+0000][1][safepoint    ] Entering safepoint region: Cleanup
[2019-06-24T10:16:30.599+0000][1][safepoint    ] Leaving safepoint region
[2019-06-24T10:16:30.599+0000][1][safepoint    ] Total time for which application threads were stopped: 0.0003349 seconds, Stopping threads took: 0.0000725 seconds
[2019-06-24T10:16:31.599+0000][1][safepoint    ] Application time: 1.0001564 seconds
[2019-06-24T10:16:31.599+0000][1][safepoint    ] Entering safepoint region: Cleanup
[2019-06-24T10:16:31.600+0000][1][safepoint    ] Leaving safepoint region
[2019-06-24T10:16:31.600+0000][1][safepoint    ] Total time for which application threads were stopped: 0.0003454 seconds, Stopping threads took: 0.0000741 seconds
[2019-06-24T10:16:32.600+0000][1][safepoint    ] Application time: 1.0001466 seconds
[2019-06-24T10:16:32.600+0000][1][safepoint    ] Entering safepoint region: Cleanup
[2019-06-24T10:16:32.600+0000][1][safepoint    ] Leaving safepoint region
[2019-06-24T10:16:32.600+0000][1][safepoint    ] Total time for which application threads were stopped: 0.0001035 seconds, Stopping threads took: 0.0000233 seconds
[2019-06-24T10:16:33.600+0000][1][safepoint    ] Application time: 1.0001668 seconds
[2019-06-24T10:16:33.600+0000][1][safepoint    ] Entering safepoint region: Cleanup
[2019-06-24T10:16:33.601+0000][1][safepoint    ] Leaving safepoint region
[2019-06-24T10:16:33.601+0000][1][safepoint    ] Total time for which application threads were stopped: 0.0002481 seconds, Stopping threads took: 0.0000571 seconds
[2019-06-24T10:16:34.601+0000][1][safepoint    ] Application time: 1.0001740 seconds
[2019-06-24T10:16:34.601+0000][1][safepoint    ] Entering safepoint region: Cleanup
[2019-06-24T10:16:34.601+0000][1][safepoint    ] Leaving safepoint region
[2019-06-24T10:16:34.601+0000][1][safepoint    ] Total time for which application threads were stopped: 0.0002210 seconds, Stopping threads took: 0.0000535 seconds
[2019-06-24T10:16:35.601+0000][1][safepoint    ] Application time: 1.0002582 seconds
[2019-06-24T10:16:35.602+0000][1][safepoint    ] Entering safepoint region: Cleanup
[2019-06-24T10:16:35.603+0000][1][safepoint    ] Leaving safepoint region
[2019-06-24T10:16:35.603+0000][1][safepoint    ] Total time for which application threads were stopped: 0.0012762 seconds, Stopping threads took: 0.0010157 seconds
[2019-06-24T10:16:36.603+0000][1][safepoint    ] Application time: 1.0002639 seconds
[2019-06-24T10:16:36.603+0000][1][safepoint    ] Entering safepoint region: Cleanup
[2019-06-24T10:16:36.603+0000][1][safepoint    ] Leaving safepoint region
[2019-06-24T10:16:36.603+0000][1][safepoint    ] Total time for which application threads were stopped: 0.0002463 seconds, Stopping threads took: 0.0000584 seconds
[2019-06-24T10:16:37.604+0000][1][safepoint    ] Application time: 1.0002368 seconds
[2019-06-24T10:16:37.604+0000][1][safepoint    ] Entering safepoint region: Cleanup
[2019-06-24T10:16:37.604+0000][1][safepoint    ] Leaving safepoint region
[2019-06-24T10:16:37.604+0000][1][safepoint    ] Total time for which application threads were stopped: 0.0002602 seconds, Stopping threads took: 0.0000852 seconds
[2019-06-24T10:16:38.604+0000][1][safepoint    ] Application time: 1.0002459 seconds
[2019-06-24T10:16:38.604+0000][1][safepoint    ] Entering safepoint region: Cleanup
[2019-06-24T10:16:38.605+0000][1][safepoint    ] Leaving safepoint region
[2019-06-24T10:16:38.605+0000][1][safepoint    ] Total time for which application threads were stopped: 0.0002530 seconds, Stopping threads took: 0.0000629 seconds
[2019-06-24T10:16:39.605+0000][1][safepoint    ] Application time: 1.0001580 seconds
[2019-06-24T10:16:39.605+0000][1][safepoint    ] Entering safepoint region: Cleanup
[2019-06-24T10:16:39.605+0000][1][safepoint    ] Leaving safepoint region
[2019-06-24T10:16:39.605+0000][1][safepoint    ] Total time for which application threads were stopped: 0.0002957 seconds, Stopping threads took: 0.0000865 seconds
[2019-06-24T10:16:40.606+0000][1][safepoint    ] Application time: 1.0002566 seconds
[2019-06-24T10:16:40.606+0000][1][safepoint    ] Entering safepoint region: Cleanup
[2019-06-24T10:16:40.606+0000][1][safepoint    ] Leaving safepoint region
[2019-06-24T10:16:40.606+0000][1][safepoint    ] Total time for which application threads were stopped: 0.0002381 seconds, Stopping threads took: 0.0000570 seconds
[2019-06-24T10:16:41.606+0000][1][safepoint    ] Application time: 1.0002799 seconds
[2019-06-24T10:16:41.606+0000][1][safepoint    ] Entering safepoint region: Cleanup
[2019-06-24T10:16:41.607+0000][1][safepoint    ] Leaving safepoint region
[2019-06-24T10:16:41.607+0000][1][safepoint    ] Total time for which application threads were stopped: 0.0004452 seconds, Stopping threads took: 0.0000709 seconds
[2019-06-24T10:16:42.607+0000][1][safepoint    ] Application time: 1.0002188 seconds
[2019-06-24T10:16:42.607+0000][1][safepoint    ] Entering safepoint region: Cleanup
[2019-06-24T10:16:42.607+0000][1][safepoint    ] Leaving safepoint region
[2019-06-24T10:16:42.607+0000][1][safepoint    ] Total time for which application threads were stopped: 0.0003037 seconds, Stopping threads took: 0.0000579 seconds
[2019-06-24T10:16:42.891+0000][1][safepoint    ] Application time: 0.2833818 seconds
[2019-06-24T10:16:42.891+0000][1][safepoint    ] Entering safepoint region: GenCollectForAllocation
[2019-06-24T10:16:42.891+0000][1][gc,start     ] GC(27) Pause Young (Allocation Failure)
[2019-06-24T10:16:42.891+0000][1][gc,task      ] GC(27) Using 5 workers of 8 for evacuation
[2019-06-24T10:16:42.895+0000][1][gc,age       ] GC(27) Desired survivor size 4456448 bytes, new threshold 6 (max threshold 6)
[2019-06-24T10:16:42.895+0000][1][gc,age       ] GC(27) Age table with threshold 6 (max threshold 6)
[2019-06-24T10:16:42.895+0000][1][gc,age       ] GC(27) - age   1:       5672 bytes,       5672 total
[2019-06-24T10:16:42.895+0000][1][gc,age       ] GC(27) - age   2:      67360 bytes,      73032 total
[2019-06-24T10:16:42.895+0000][1][gc,age       ] GC(27) - age   3:      26912 bytes,      99944 total
[2019-06-24T10:16:42.895+0000][1][gc,age       ] GC(27) - age   4:       3176 bytes,     103120 total
[2019-06-24T10:16:42.895+0000][1][gc,age       ] GC(27) - age   5:       9304 bytes,     112424 total
[2019-06-24T10:16:42.895+0000][1][gc,age       ] GC(27) - age   6:    2340672 bytes,    2453096 total
[2019-06-24T10:16:42.895+0000][1][gc,heap      ] GC(27) ParNew: 73712K->4292K(78656K)
[2019-06-24T10:16:42.895+0000][1][gc,heap      ] GC(27) CMS: 67315K->67315K(174784K)
[2019-06-24T10:16:42.895+0000][1][gc,metaspace ] GC(27) Metaspace: 67962K->67962K(1112064K)
[2019-06-24T10:16:42.895+0000][1][gc           ] GC(27) Pause Young (Allocation Failure) 137M->69M(247M) 4.007ms
[2019-06-24T10:16:42.895+0000][1][gc,cpu       ] GC(27) User=0.01s Sys=0.00s Real=0.01s
[2019-06-24T10:16:42.895+0000][1][safepoint    ] Leaving safepoint region
[2019-06-24T10:16:42.895+0000][1][safepoint    ] Total time for which application threads were stopped: 0.0042221 seconds, Stopping threads took: 0.0000221 seconds
[2019-06-24T10:16:43.895+0000][1][safepoint    ] Application time: 1.0002375 seconds
[2019-06-24T10:16:43.896+0000][1][safepoint    ] Entering safepoint region: Cleanup
[2019-06-24T10:16:43.896+0000][1][safepoint    ] Leaving safepoint region
[2019-06-24T10:16:43.896+0000][1][safepoint    ] Total time for which application threads were stopped: 0.0003311 seconds, Stopping threads took: 0.0000613 seconds
[2019-06-24T10:16:44.896+0000][1][safepoint    ] Application time: 1.0002592 seconds
[2019-06-24T10:16:44.896+0000][1][safepoint    ] Entering safepoint region: Cleanup
[2019-06-24T10:16:44.896+0000][1][safepoint    ] Leaving safepoint region
[2019-06-24T10:16:44.897+0000][1][safepoint    ] Total time for which application threads were stopped: 0.0002972 seconds, Stopping threads took: 0.0000570 seconds
[2019-06-24T10:16:45.897+0000][1][safepoint    ] Application time: 1.0001517 seconds
[2019-06-24T10:16:45.897+0000][1][safepoint    ] Entering safepoint region: Cleanup
[2019-06-24T10:16:45.897+0000][1][safepoint    ] Leaving safepoint region
[2019-06-24T10:16:45.897+0000][1][safepoint    ] Total time for which application threads were stopped: 0.0003524 seconds, Stopping threads took: 0.0000640 seconds
[2019-06-24T10:16:46.898+0000][1][safepoint    ] Application time: 1.0002580 seconds
[2019-06-24T10:16:46.898+0000][1][safepoint    ] Entering safepoint region: Cleanup
[2019-06-24T10:16:46.898+0000][1][safepoint    ] Leaving safepoint region
[2019-06-24T10:16:46.898+0000][1][safepoint    ] Total time for which application threads were stopped: 0.0002734 seconds, Stopping threads took: 0.0000572 seconds
[2019-06-24T10:16:47.898+0000][1][safepoint    ] Application time: 1.0002222 seconds
[2019-06-24T10:16:47.898+0000][1][safepoint    ] Entering safepoint region: Cleanup
[2019-06-24T10:16:47.899+0000][1][safepoint    ] Leaving safepoint region
[2019-06-24T10:16:47.899+0000][1][safepoint    ] Total time for which application threads were stopped: 0.0004121 seconds, Stopping threads took: 0.0001092 seconds
[2019-06-24T10:16:48.899+0000][1][safepoint    ] Application time: 1.0001506 seconds
[2019-06-24T10:16:48.899+0000][1][safepoint    ] Entering safepoint region: Cleanup
[2019-06-24T10:16:48.899+0000][1][safepoint    ] Leaving safepoint region
[2019-06-24T10:16:48.899+0000][1][safepoint    ] Total time for which application threads were stopped: 0.0002335 seconds, Stopping threads took: 0.0000551 seconds
[2019-06-24T10:16:49.899+0000][1][safepoint    ] Application time: 1.0002381 seconds
[2019-06-24T10:16:49.900+0000][1][safepoint    ] Entering safepoint region: Cleanup
[2019-06-24T10:16:49.900+0000][1][safepoint    ] Leaving safepoint region
[2019-06-24T10:16:49.900+0000][1][safepoint    ] Total time for which application threads were stopped: 0.0003159 seconds, Stopping threads took: 0.0000635 seconds
[2019-06-24T10:16:50.900+0000][1][safepoint    ] Application time: 1.0002509 seconds
[2019-06-24T10:16:50.900+0000][1][safepoint    ] Entering safepoint region: Cleanup
[2019-06-24T10:16:50.900+0000][1][safepoint    ] Leaving safepoint region
[2019-06-24T10:16:50.901+0000][1][safepoint    ] Total time for which application threads were stopped: 0.0002288 seconds, Stopping threads took: 0.0000552 seconds
[2019-06-24T10:16:51.901+0000][1][safepoint    ] Application time: 1.0002497 seconds
[2019-06-24T10:16:51.901+0000][1][safepoint    ] Entering safepoint region: Cleanup
[2019-06-24T10:16:51.901+0000][1][safepoint    ] Leaving safepoint region
[2019-06-24T10:16:51.901+0000][1][safepoint    ] Total time for which application threads were stopped: 0.0002276 seconds, Stopping threads took: 0.0000551 seconds
[2019-06-24T10:16:52.901+0000][1][safepoint    ] Application time: 1.0001963 seconds
[2019-06-24T10:16:52.901+0000][1][safepoint    ] Entering safepoint region: Cleanup
[2019-06-24T10:16:52.902+0000][1][safepoint    ] Leaving safepoint region
[2019-06-24T10:16:52.902+0000][1][safepoint    ] Total time for which application threads were stopped: 0.0002293 seconds, Stopping threads took: 0.0000557 seconds
[2019-06-24T10:16:53.902+0000][1][safepoint    ] Application time: 1.0002602 seconds
[2019-06-24T10:16:53.902+0000][1][safepoint    ] Entering safepoint region: Cleanup
[2019-06-24T10:16:53.902+0000][1][safepoint    ] Leaving safepoint region
[2019-06-24T10:16:53.902+0000][1][safepoint    ] Total time for which application threads were stopped: 0.0002226 seconds, Stopping threads took: 0.0000560 seconds
[2019-06-24T10:16:54.903+0000][1][safepoint    ] Application time: 1.0002699 seconds
[2019-06-24T10:16:54.903+0000][1][safepoint    ] Entering safepoint region: Cleanup
[2019-06-24T10:16:54.903+0000][1][safepoint    ] Leaving safepoint region
[2019-06-24T10:16:54.903+0000][1][safepoint    ] Total time for which application threads were stopped: 0.0002479 seconds, Stopping threads took: 0.0000626 seconds
[2019-06-24T10:16:55.903+0000][1][safepoint    ] Application time: 1.0002550 seconds
[2019-06-24T10:16:55.903+0000][1][safepoint    ] Entering safepoint region: Cleanup
[2019-06-24T10:16:55.904+0000][1][safepoint    ] Leaving safepoint region
[2019-06-24T10:16:55.904+0000][1][safepoint    ] Total time for which application threads were stopped: 0.0002241 seconds, Stopping threads took: 0.0000558 seconds
[2019-06-24T10:16:56.904+0000][1][safepoint    ] Application time: 1.0002498 seconds
[2019-06-24T10:16:56.904+0000][1][safepoint    ] Entering safepoint region: Cleanup
[2019-06-24T10:16:56.904+0000][1][safepoint    ] Leaving safepoint region
[2019-06-24T10:16:56.904+0000][1][safepoint    ] Total time for which application threads were stopped: 0.0002338 seconds, Stopping threads took: 0.0000578 seconds
[2019-06-24T10:16:57.904+0000][1][safepoint    ] Application time: 1.0002444 seconds
[2019-06-24T10:16:57.905+0000][1][safepoint    ] Entering safepoint region: Cleanup
[2019-06-24T10:16:57.905+0000][1][safepoint    ] Leaving safepoint region
[2019-06-24T10:16:57.905+0000][1][safepoint    ] Total time for which application threads were stopped: 0.0002613 seconds, Stopping threads took: 0.0000679 seconds
[2019-06-24T10:16:58.905+0000][1][safepoint    ] Application time: 1.0002337 seconds
[2019-06-24T10:16:58.905+0000][1][safepoint    ] Entering safepoint region: Cleanup
[2019-06-24T10:16:58.905+0000][1][safepoint    ] Leaving safepoint region
[2019-06-24T10:16:58.905+0000][1][safepoint    ] Total time for which application threads were stopped: 0.0002235 seconds, Stopping threads took: 0.0000545 seconds
[2019-06-24T10:16:59.906+0000][1][safepoint    ] Application time: 1.0002640 seconds
[2019-06-24T10:16:59.906+0000][1][safepoint    ] Entering safepoint region: Cleanup
[2019-06-24T10:16:59.906+0000][1][safepoint    ] Leaving safepoint region
[2019-06-24T10:16:59.906+0000][1][safepoint    ] Total time for which application threads were stopped: 0.0002591 seconds, Stopping threads took: 0.0000617 seconds
[2019-06-24T10:17:00.906+0000][1][safepoint    ] Application time: 1.0002437 seconds
[2019-06-24T10:17:00.906+0000][1][safepoint    ] Entering safepoint region: Cleanup
[2019-06-24T10:17:00.907+0000][1][safepoint    ] Leaving safepoint region
[2019-06-24T10:17:00.907+0000][1][safepoint    ] Total time for which application threads were stopped: 0.0003016 seconds, Stopping threads took: 0.0001274 seconds
[2019-06-24T10:17:01.907+0000][1][safepoint    ] Application time: 1.0001430 seconds
[2019-06-24T10:17:01.907+0000][1][safepoint    ] Entering safepoint region: Cleanup
[2019-06-24T10:17:01.907+0000][1][safepoint    ] Leaving safepoint region
[2019-06-24T10:17:01.907+0000][1][safepoint    ] Total time for which application threads were stopped: 0.0002652 seconds, Stopping threads took: 0.0000633 seconds
[2019-06-24T10:17:02.908+0000][1][safepoint    ] Application time: 1.0002389 seconds
[2019-06-24T10:17:02.908+0000][1][safepoint    ] Entering safepoint region: Cleanup
[2019-06-24T10:17:02.908+0000][1][safepoint    ] Leaving safepoint region
[2019-06-24T10:17:02.908+0000][1][safepoint    ] Total time for which application threads were stopped: 0.0002560 seconds, Stopping threads took: 0.0000623 seconds
[2019-06-24T10:17:03.908+0000][1][safepoint    ] Application time: 1.0002401 seconds
[2019-06-24T10:17:03.908+0000][1][safepoint    ] Entering safepoint region: Cleanup
[2019-06-24T10:17:03.909+0000][1][safepoint    ] Leaving safepoint region
[2019-06-24T10:17:03.909+0000][1][safepoint    ] Total time for which application threads were stopped: 0.0002755 seconds, Stopping threads took: 0.0000675 seconds
[2019-06-24T10:17:04.909+0000][1][safepoint    ] Application time: 1.0002553 seconds
[2019-06-24T10:17:04.909+0000][1][safepoint    ] Entering safepoint region: Cleanup
[2019-06-24T10:17:04.909+0000][1][safepoint    ] Leaving safepoint region
[2019-06-24T10:17:04.909+0000][1][safepoint    ] Total time for which application threads were stopped: 0.0003169 seconds, Stopping threads took: 0.0000786 seconds
[2019-06-24T10:17:05.910+0000][1][safepoint    ] Application time: 1.0002447 seconds
[2019-06-24T10:17:05.910+0000][1][safepoint    ] Entering safepoint region: Cleanup
[2019-06-24T10:17:05.910+0000][1][safepoint    ] Leaving safepoint region
[2019-06-24T10:17:05.910+0000][1][safepoint    ] Total time for which application threads were stopped: 0.0002655 seconds, Stopping threads took: 0.0000691 seconds
[2019-06-24T10:17:06.910+0000][1][safepoint    ] Application time: 1.0002489 seconds
[2019-06-24T10:17:06.910+0000][1][safepoint    ] Entering safepoint region: Cleanup
[2019-06-24T10:17:06.911+0000][1][safepoint    ] Leaving safepoint region
[2019-06-24T10:17:06.911+0000][1][safepoint    ] Total time for which application threads were stopped: 0.0003170 seconds, Stopping threads took: 0.0000708 seconds
[2019-06-24T10:17:07.911+0000][1][safepoint    ] Application time: 1.0001407 seconds
[2019-06-24T10:17:07.911+0000][1][safepoint    ] Entering safepoint region: Cleanup
[2019-06-24T10:17:07.911+0000][1][safepoint    ] Leaving safepoint region
[2019-06-24T10:17:07.911+0000][1][safepoint    ] Total time for which application threads were stopped: 0.0003352 seconds, Stopping threads took: 0.0001269 seconds
[2019-06-24T10:17:08.912+0000][1][safepoint    ] Application time: 1.0002215 seconds
[2019-06-24T10:17:08.912+0000][1][safepoint    ] Entering safepoint region: Cleanup
[2019-06-24T10:17:08.912+0000][1][safepoint    ] Leaving safepoint region
[2019-06-24T10:17:08.912+0000][1][safepoint    ] Total time for which application threads were stopped: 0.0002666 seconds, Stopping threads took: 0.0000695 seconds
[2019-06-24T10:17:09.912+0000][1][safepoint    ] Application time: 1.0002529 seconds
[2019-06-24T10:17:09.912+0000][1][safepoint    ] Entering safepoint region: Cleanup
[2019-06-24T10:17:09.913+0000][1][safepoint    ] Leaving safepoint region
[2019-06-24T10:17:09.913+0000][1][safepoint    ] Total time for which application threads were stopped: 0.0003062 seconds, Stopping threads took: 0.0000802 seconds
[2019-06-24T10:17:10.913+0000][1][safepoint    ] Application time: 1.0002634 seconds
[2019-06-24T10:17:10.913+0000][1][safepoint    ] Entering safepoint region: Cleanup
[2019-06-24T10:17:10.913+0000][1][safepoint    ] Leaving safepoint region
[2019-06-24T10:17:10.913+0000][1][safepoint    ] Total time for which application threads were stopped: 0.0003012 seconds, Stopping threads took: 0.0000792 seconds
[2019-06-24T10:17:11.914+0000][1][safepoint    ] Application time: 1.0002232 seconds
[2019-06-24T10:17:11.914+0000][1][safepoint    ] Entering safepoint region: Cleanup
[2019-06-24T10:17:11.914+0000][1][safepoint    ] Leaving safepoint region
[2019-06-24T10:17:11.914+0000][1][safepoint    ] Total time for which application threads were stopped: 0.0002964 seconds, Stopping threads took: 0.0000779 seconds
[2019-06-24T10:17:12.914+0000][1][safepoint    ] Application time: 1.0002520 seconds
[2019-06-24T10:17:12.914+0000][1][safepoint    ] Entering safepoint region: Cleanup
[2019-06-24T10:17:12.915+0000][1][safepoint    ] Leaving safepoint region
[2019-06-24T10:17:12.915+0000][1][safepoint    ] Total time for which application threads were stopped: 0.0003610 seconds, Stopping threads took: 0.0001328 seconds
[2019-06-24T10:17:13.915+0000][1][safepoint    ] Application time: 1.0002512 seconds
[2019-06-24T10:17:13.915+0000][1][safepoint    ] Entering safepoint region: Cleanup
[2019-06-24T10:17:13.915+0000][1][safepoint    ] Leaving safepoint region
[2019-06-24T10:17:13.915+0000][1][safepoint    ] Total time for which application threads were stopped: 0.0002822 seconds, Stopping threads took: 0.0000819 seconds
[2019-06-24T10:17:14.916+0000][1][safepoint    ] Application time: 1.0002634 seconds
[2019-06-24T10:17:14.916+0000][1][safepoint    ] Entering safepoint region: Cleanup
[2019-06-24T10:17:14.916+0000][1][safepoint    ] Leaving safepoint region
[2019-06-24T10:17:14.916+0000][1][safepoint    ] Total time for which application threads were stopped: 0.0002594 seconds, Stopping threads took: 0.0000642 seconds
[2019-06-24T10:17:15.916+0000][1][safepoint    ] Application time: 1.0002670 seconds
[2019-06-24T10:17:15.917+0000][1][safepoint    ] Entering safepoint region: Cleanup
[2019-06-24T10:17:15.917+0000][1][safepoint    ] Leaving safepoint region
[2019-06-24T10:17:15.917+0000][1][safepoint    ] Total time for which application threads were stopped: 0.0002292 seconds, Stopping threads took: 0.0000570 seconds
[2019-06-24T10:17:16.917+0000][1][safepoint    ] Application time: 1.0001941 seconds
[2019-06-24T10:17:16.917+0000][1][safepoint    ] Entering safepoint region: Cleanup
[2019-06-24T10:17:16.917+0000][1][safepoint    ] Leaving safepoint region
[2019-06-24T10:17:16.917+0000][1][safepoint    ] Total time for which application threads were stopped: 0.0002342 seconds, Stopping threads took: 0.0000650 seconds
[2019-06-24T10:17:17.918+0000][1][safepoint    ] Application time: 1.0002430 seconds
[2019-06-24T10:17:17.918+0000][1][safepoint    ] Entering safepoint region: Cleanup
[2019-06-24T10:17:17.918+0000][1][safepoint    ] Leaving safepoint region
[2019-06-24T10:17:17.918+0000][1][safepoint    ] Total time for which application threads were stopped: 0.0002317 seconds, Stopping threads took: 0.0000627 seconds
[2019-06-24T10:17:18.918+0000][1][safepoint    ] Application time: 1.0002476 seconds
[2019-06-24T10:17:18.918+0000][1][safepoint    ] Entering safepoint region: Cleanup
[2019-06-24T10:17:18.919+0000][1][safepoint    ] Leaving safepoint region
[2019-06-24T10:17:18.919+0000][1][safepoint    ] Total time for which application threads were stopped: 0.0002946 seconds, Stopping threads took: 0.0000556 seconds
[2019-06-24T10:17:19.919+0000][1][safepoint    ] Application time: 1.0002020 seconds
[2019-06-24T10:17:19.919+0000][1][safepoint    ] Entering safepoint region: Cleanup
[2019-06-24T10:17:19.919+0000][1][safepoint    ] Leaving safepoint region
[2019-06-24T10:17:19.919+0000][1][safepoint    ] Total time for which application threads were stopped: 0.0002415 seconds, Stopping threads took: 0.0000631 seconds
[2019-06-24T10:17:20.919+0000][1][safepoint    ] Application time: 1.0001330 seconds
[2019-06-24T10:17:20.919+0000][1][safepoint    ] Entering safepoint region: Cleanup
[2019-06-24T10:17:20.920+0000][1][safepoint    ] Leaving safepoint region
[2019-06-24T10:17:20.920+0000][1][safepoint    ] Total time for which application threads were stopped: 0.0002049 seconds, Stopping threads took: 0.0000557 seconds
[2019-06-24T10:17:21.920+0000][1][safepoint    ] Application time: 1.0002378 seconds
[2019-06-24T10:17:21.920+0000][1][safepoint    ] Entering safepoint region: Cleanup
[2019-06-24T10:17:21.920+0000][1][safepoint    ] Leaving safepoint region
[2019-06-24T10:17:21.920+0000][1][safepoint    ] Total time for which application threads were stopped: 0.0002071 seconds, Stopping threads took: 0.0000557 seconds
[2019-06-24T10:17:22.921+0000][1][safepoint    ] Application time: 1.0002586 seconds
[2019-06-24T10:17:22.921+0000][1][safepoint    ] Entering safepoint region: Cleanup
[2019-06-24T10:17:22.921+0000][1][safepoint    ] Leaving safepoint region
[2019-06-24T10:17:22.921+0000][1][safepoint    ] Total time for which application threads were stopped: 0.0002381 seconds, Stopping threads took: 0.0000639 seconds
[2019-06-24T10:17:23.921+0000][1][safepoint    ] Application time: 1.0002551 seconds
[2019-06-24T10:17:23.921+0000][1][safepoint    ] Entering safepoint region: Cleanup
[2019-06-24T10:17:23.921+0000][1][safepoint    ] Leaving safepoint region
[2019-06-24T10:17:23.922+0000][1][safepoint    ] Total time for which application threads were stopped: 0.0002848 seconds, Stopping threads took: 0.0000562 seconds
[2019-06-24T10:17:24.922+0000][1][safepoint    ] Application time: 1.0002616 seconds
[2019-06-24T10:17:24.922+0000][1][safepoint    ] Entering safepoint region: Cleanup
[2019-06-24T10:17:24.922+0000][1][safepoint    ] Leaving safepoint region
[2019-06-24T10:17:24.922+0000][1][safepoint    ] Total time for which application threads were stopped: 0.0002347 seconds, Stopping threads took: 0.0000630 seconds
[2019-06-24T10:17:25.922+0000][1][safepoint    ] Application time: 1.0002462 seconds
[2019-06-24T10:17:25.923+0000][1][safepoint    ] Entering safepoint region: Cleanup
[2019-06-24T10:17:25.923+0000][1][safepoint    ] Leaving safepoint region
[2019-06-24T10:17:25.923+0000][1][safepoint    ] Total time for which application threads were stopped: 0.0002167 seconds, Stopping threads took: 0.0000622 seconds
[2019-06-24T10:17:26.923+0000][1][safepoint    ] Application time: 1.0002365 seconds
[2019-06-24T10:17:26.923+0000][1][safepoint    ] Entering safepoint region: Cleanup
[2019-06-24T10:17:26.923+0000][1][safepoint    ] Leaving safepoint region
[2019-06-24T10:17:26.923+0000][1][safepoint    ] Total time for which application threads were stopped: 0.0002427 seconds, Stopping threads took: 0.0000872 seconds
[2019-06-24T10:17:27.924+0000][1][safepoint    ] Application time: 1.0002398 seconds
[2019-06-24T10:17:27.924+0000][1][safepoint    ] Entering safepoint region: Cleanup
[2019-06-24T10:17:27.924+0000][1][safepoint    ] Leaving safepoint region
[2019-06-24T10:17:27.924+0000][1][safepoint    ] Total time for which application threads were stopped: 0.0002365 seconds, Stopping threads took: 0.0000632 seconds
[2019-06-24T10:17:28.924+0000][1][safepoint    ] Application time: 1.0002375 seconds
[2019-06-24T10:17:28.924+0000][1][safepoint    ] Entering safepoint region: Cleanup
[2019-06-24T10:17:28.925+0000][1][safepoint    ] Leaving safepoint region
[2019-06-24T10:17:28.925+0000][1][safepoint    ] Total time for which application threads were stopped: 0.0002518 seconds, Stopping threads took: 0.0000624 seconds
[2019-06-24T10:17:29.925+0000][1][safepoint    ] Application time: 1.0001694 seconds
[2019-06-24T10:17:29.925+0000][1][safepoint    ] Entering safepoint region: Cleanup
[2019-06-24T10:17:29.925+0000][1][safepoint    ] Leaving safepoint region
[2019-06-24T10:17:29.925+0000][1][safepoint    ] Total time for which application threads were stopped: 0.0002350 seconds, Stopping threads took: 0.0000704 seconds
[2019-06-24T10:17:30.925+0000][1][safepoint    ] Application time: 1.0002480 seconds
[2019-06-24T10:17:30.926+0000][1][safepoint    ] Entering safepoint region: Cleanup
[2019-06-24T10:17:30.926+0000][1][safepoint    ] Leaving safepoint region
[2019-06-24T10:17:30.926+0000][1][safepoint    ] Total time for which application threads were stopped: 0.0002748 seconds, Stopping threads took: 0.0000774 seconds
[2019-06-24T10:17:31.926+0000][1][safepoint    ] Application time: 1.0002539 seconds
[2019-06-24T10:17:31.926+0000][1][safepoint    ] Entering safepoint region: Cleanup
[2019-06-24T10:17:31.927+0000][1][safepoint    ] Leaving safepoint region
[2019-06-24T10:17:31.927+0000][1][safepoint    ] Total time for which application threads were stopped: 0.0003533 seconds, Stopping threads took: 0.0000776 seconds
[2019-06-24T10:17:32.927+0000][1][safepoint    ] Application time: 1.0001294 seconds
[2019-06-24T10:17:32.927+0000][1][safepoint    ] Entering safepoint region: Cleanup
[2019-06-24T10:17:32.927+0000][1][safepoint    ] Leaving safepoint region
[2019-06-24T10:17:32.927+0000][1][safepoint    ] Total time for which application threads were stopped: 0.0002401 seconds, Stopping threads took: 0.0000698 seconds
[2019-06-24T10:17:33.927+0000][1][safepoint    ] Application time: 1.0002199 seconds
[2019-06-24T10:17:33.928+0000][1][safepoint    ] Entering safepoint region: Cleanup
[2019-06-24T10:17:33.928+0000][1][safepoint    ] Leaving safepoint region
[2019-06-24T10:17:33.928+0000][1][safepoint    ] Total time for which application threads were stopped: 0.0002908 seconds, Stopping threads took: 0.0000931 seconds
[2019-06-24T10:17:34.928+0000][1][safepoint    ] Application time: 1.0002452 seconds
[2019-06-24T10:17:34.928+0000][1][safepoint    ] Entering safepoint region: Cleanup
[2019-06-24T10:17:34.928+0000][1][safepoint    ] Leaving safepoint region
[2019-06-24T10:17:34.928+0000][1][safepoint    ] Total time for which application threads were stopped: 0.0002767 seconds, Stopping threads took: 0.0000783 seconds
[2019-06-24T10:17:35.929+0000][1][safepoint    ] Application time: 1.0002588 seconds
[2019-06-24T10:17:35.929+0000][1][safepoint    ] Entering safepoint region: Cleanup
[2019-06-24T10:17:35.929+0000][1][safepoint    ] Leaving safepoint region
[2019-06-24T10:17:35.929+0000][1][safepoint    ] Total time for which application threads were stopped: 0.0003067 seconds, Stopping threads took: 0.0001055 seconds
[2019-06-24T10:17:36.929+0000][1][safepoint    ] Application time: 1.0002602 seconds
[2019-06-24T10:17:36.930+0000][1][safepoint    ] Entering safepoint region: Cleanup
[2019-06-24T10:17:36.930+0000][1][safepoint    ] Leaving safepoint region
[2019-06-24T10:17:36.930+0000][1][safepoint    ] Total time for which application threads were stopped: 0.0002744 seconds, Stopping threads took: 0.0000974 seconds
[2019-06-24T10:17:37.930+0000][1][safepoint    ] Application time: 1.0002550 seconds
[2019-06-24T10:17:37.930+0000][1][safepoint    ] Entering safepoint region: Cleanup
[2019-06-24T10:17:37.930+0000][1][safepoint    ] Leaving safepoint region
[2019-06-24T10:17:37.931+0000][1][safepoint    ] Total time for which application threads were stopped: 0.0002622 seconds, Stopping threads took: 0.0000619 seconds
[2019-06-24T10:17:38.931+0000][1][safepoint    ] Application time: 1.0001478 seconds
[2019-06-24T10:17:38.931+0000][1][safepoint    ] Entering safepoint region: Cleanup
[2019-06-24T10:17:38.931+0000][1][safepoint    ] Leaving safepoint region
[2019-06-24T10:17:38.931+0000][1][safepoint    ] Total time for which application threads were stopped: 0.0002011 seconds, Stopping threads took: 0.0000638 seconds
[2019-06-24T10:17:39.931+0000][1][safepoint    ] Application time: 1.0002248 seconds
[2019-06-24T10:17:39.931+0000][1][safepoint    ] Entering safepoint region: Cleanup
[2019-06-24T10:17:39.932+0000][1][safepoint    ] Leaving safepoint region
[2019-06-24T10:17:39.932+0000][1][safepoint    ] Total time for which application threads were stopped: 0.0002342 seconds, Stopping threads took: 0.0000646 seconds
[2019-06-24T10:17:40.932+0000][1][safepoint    ] Application time: 1.0002348 seconds
[2019-06-24T10:17:40.932+0000][1][safepoint    ] Entering safepoint region: Cleanup
[2019-06-24T10:17:40.932+0000][1][safepoint    ] Leaving safepoint region
[2019-06-24T10:17:40.932+0000][1][safepoint    ] Total time for which application threads were stopped: 0.0002354 seconds, Stopping threads took: 0.0000617 seconds
[2019-06-24T10:17:41.932+0000][1][safepoint    ] Application time: 1.0002483 seconds
[2019-06-24T10:17:41.933+0000][1][safepoint    ] Entering safepoint region: Cleanup
[2019-06-24T10:17:41.933+0000][1][safepoint    ] Leaving safepoint region
[2019-06-24T10:17:41.933+0000][1][safepoint    ] Total time for which application threads were stopped: 0.0002628 seconds, Stopping threads took: 0.0000553 seconds
[2019-06-24T10:17:42.933+0000][1][safepoint    ] Application time: 1.0002622 seconds
[2019-06-24T10:17:42.933+0000][1][safepoint    ] Entering safepoint region: Cleanup
[2019-06-24T10:17:42.933+0000][1][safepoint    ] Leaving safepoint region
[2019-06-24T10:17:42.933+0000][1][safepoint    ] Total time for which application threads were stopped: 0.0002587 seconds, Stopping threads took: 0.0000608 seconds
[2019-06-24T10:17:43.934+0000][1][safepoint    ] Application time: 1.0002589 seconds
[2019-06-24T10:17:43.934+0000][1][safepoint    ] Entering safepoint region: Cleanup
[2019-06-24T10:17:43.934+0000][1][safepoint    ] Leaving safepoint region
[2019-06-24T10:17:43.934+0000][1][safepoint    ] Total time for which application threads were stopped: 0.0002287 seconds, Stopping threads took: 0.0000817 seconds
[2019-06-24T10:17:44.934+0000][1][safepoint    ] Application time: 1.0002393 seconds
[2019-06-24T10:17:44.935+0000][1][safepoint    ] Entering safepoint region: Cleanup
[2019-06-24T10:17:44.935+0000][1][safepoint    ] Leaving safepoint region
[2019-06-24T10:17:44.935+0000][1][safepoint    ] Total time for which application threads were stopped: 0.0002055 seconds, Stopping threads took: 0.0000596 seconds
[2019-06-24T10:17:45.935+0000][1][safepoint    ] Application time: 1.0002225 seconds
[2019-06-24T10:17:45.935+0000][1][safepoint    ] Entering safepoint region: Cleanup
[2019-06-24T10:17:45.935+0000][1][safepoint    ] Leaving safepoint region
[2019-06-24T10:17:45.935+0000][1][safepoint    ] Total time for which application threads were stopped: 0.0002013 seconds, Stopping threads took: 0.0000550 seconds
[2019-06-24T10:17:46.936+0000][1][safepoint    ] Application time: 1.0002206 seconds
[2019-06-24T10:17:46.936+0000][1][safepoint    ] Entering safepoint region: Cleanup
[2019-06-24T10:17:46.936+0000][1][safepoint    ] Leaving safepoint region
[2019-06-24T10:17:46.936+0000][1][safepoint    ] Total time for which application threads were stopped: 0.0002641 seconds, Stopping threads took: 0.0000945 seconds
[2019-06-24T10:17:47.936+0000][1][safepoint    ] Application time: 1.0002536 seconds
[2019-06-24T10:17:47.936+0000][1][safepoint    ] Entering safepoint region: Cleanup
[2019-06-24T10:17:47.937+0000][1][safepoint    ] Leaving safepoint region
[2019-06-24T10:17:47.937+0000][1][safepoint    ] Total time for which application threads were stopped: 0.0002255 seconds, Stopping threads took: 0.0000628 seconds
[2019-06-24T10:17:48.937+0000][1][safepoint    ] Application time: 1.0002039 seconds
[2019-06-24T10:17:48.937+0000][1][safepoint    ] Entering safepoint region: Cleanup
[2019-06-24T10:17:48.937+0000][1][safepoint    ] Leaving safepoint region
[2019-06-24T10:17:48.937+0000][1][safepoint    ] Total time for which application threads were stopped: 0.0002328 seconds, Stopping threads took: 0.0000641 seconds
[2019-06-24T10:17:49.937+0000][1][safepoint    ] Application time: 1.0001933 seconds
[2019-06-24T10:17:49.937+0000][1][safepoint    ] Entering safepoint region: Cleanup
[2019-06-24T10:17:49.938+0000][1][safepoint    ] Leaving safepoint region
[2019-06-24T10:17:49.938+0000][1][safepoint    ] Total time for which application threads were stopped: 0.0002491 seconds, Stopping threads took: 0.0000716 seconds
[2019-06-24T10:17:50.938+0000][1][safepoint    ] Application time: 1.0001885 seconds
[2019-06-24T10:17:50.938+0000][1][safepoint    ] Entering safepoint region: Cleanup
[2019-06-24T10:17:50.938+0000][1][safepoint    ] Leaving safepoint region
[2019-06-24T10:17:50.938+0000][1][safepoint    ] Total time for which application threads were stopped: 0.0002852 seconds, Stopping threads took: 0.0000705 seconds
[2019-06-24T10:17:51.939+0000][1][safepoint    ] Application time: 1.0002925 seconds
[2019-06-24T10:17:51.939+0000][1][safepoint    ] Entering safepoint region: Cleanup
[2019-06-24T10:17:51.939+0000][1][safepoint    ] Leaving safepoint region
[2019-06-24T10:17:51.939+0000][1][safepoint    ] Total time for which application threads were stopped: 0.0002240 seconds, Stopping threads took: 0.0000550 seconds
[2019-06-24T10:17:52.939+0000][1][safepoint    ] Application time: 1.0002412 seconds
[2019-06-24T10:17:52.939+0000][1][safepoint    ] Entering safepoint region: Cleanup
[2019-06-24T10:17:52.940+0000][1][safepoint    ] Leaving safepoint region
[2019-06-24T10:17:52.940+0000][1][safepoint    ] Total time for which application threads were stopped: 0.0002983 seconds, Stopping threads took: 0.0000623 seconds
[2019-06-24T10:17:53.974+0000][1][safepoint    ] Application time: 1.0345382 seconds
[2019-06-24T10:17:53.974+0000][1][safepoint    ] Entering safepoint region: Cleanup
[2019-06-24T10:17:53.975+0000][1][safepoint    ] Leaving safepoint region
[2019-06-24T10:17:53.975+0000][1][safepoint    ] Total time for which application threads were stopped: 0.0003221 seconds, Stopping threads took: 0.0000637 seconds
[2019-06-24T10:17:54.975+0000][1][safepoint    ] Application time: 1.0001492 seconds
[2019-06-24T10:17:54.975+0000][1][safepoint    ] Entering safepoint region: Cleanup
[2019-06-24T10:17:54.975+0000][1][safepoint    ] Leaving safepoint region
[2019-06-24T10:17:54.975+0000][1][safepoint    ] Total time for which application threads were stopped: 0.0002086 seconds, Stopping threads took: 0.0000569 seconds
[2019-06-24T10:17:55.975+0000][1][safepoint    ] Application time: 1.0002148 seconds
[2019-06-24T10:17:55.976+0000][1][safepoint    ] Entering safepoint region: Cleanup
[2019-06-24T10:17:55.976+0000][1][safepoint    ] Leaving safepoint region
[2019-06-24T10:17:55.976+0000][1][safepoint    ] Total time for which application threads were stopped: 0.0002386 seconds, Stopping threads took: 0.0000650 seconds
[2019-06-24T10:17:56.976+0000][1][safepoint    ] Application time: 1.0002754 seconds
[2019-06-24T10:17:56.976+0000][1][safepoint    ] Entering safepoint region: Cleanup
[2019-06-24T10:17:56.976+0000][1][safepoint    ] Leaving safepoint region
[2019-06-24T10:17:56.976+0000][1][safepoint    ] Total time for which application threads were stopped: 0.0002887 seconds, Stopping threads took: 0.0000643 seconds
[2019-06-24T10:17:57.977+0000][1][safepoint    ] Application time: 1.0002074 seconds
[2019-06-24T10:17:57.977+0000][1][safepoint    ] Entering safepoint region: Cleanup
[2019-06-24T10:17:57.977+0000][1][safepoint    ] Leaving safepoint region
[2019-06-24T10:17:57.977+0000][1][safepoint    ] Total time for which application threads were stopped: 0.0003024 seconds, Stopping threads took: 0.0001189 seconds
[2019-06-24T10:17:58.977+0000][1][safepoint    ] Application time: 1.0002380 seconds
[2019-06-24T10:17:58.978+0000][1][safepoint    ] Entering safepoint region: Cleanup
[2019-06-24T10:17:58.978+0000][1][safepoint    ] Leaving safepoint region
[2019-06-24T10:17:58.978+0000][1][safepoint    ] Total time for which application threads were stopped: 0.0002310 seconds, Stopping threads took: 0.0000638 seconds
[2019-06-24T10:17:59.978+0000][1][safepoint    ] Application time: 1.0002535 seconds
[2019-06-24T10:17:59.978+0000][1][safepoint    ] Entering safepoint region: Cleanup
[2019-06-24T10:17:59.978+0000][1][safepoint    ] Leaving safepoint region
[2019-06-24T10:17:59.978+0000][1][safepoint    ] Total time for which application threads were stopped: 0.0002023 seconds, Stopping threads took: 0.0000548 seconds
[2019-06-24T10:18:00.979+0000][1][safepoint    ] Application time: 1.0002648 seconds
[2019-06-24T10:18:00.979+0000][1][safepoint    ] Entering safepoint region: Cleanup
[2019-06-24T10:18:00.979+0000][1][safepoint    ] Leaving safepoint region
[2019-06-24T10:18:00.979+0000][1][safepoint    ] Total time for which application threads were stopped: 0.0001992 seconds, Stopping threads took: 0.0000550 seconds
[2019-06-24T10:18:01.979+0000][1][safepoint    ] Application time: 1.0002352 seconds
[2019-06-24T10:18:01.979+0000][1][safepoint    ] Entering safepoint region: Cleanup
[2019-06-24T10:18:01.979+0000][1][safepoint    ] Leaving safepoint region
[2019-06-24T10:18:01.979+0000][1][safepoint    ] Total time for which application threads were stopped: 0.0002038 seconds, Stopping threads took: 0.0000550 seconds
[2019-06-24T10:18:02.980+0000][1][safepoint    ] Application time: 1.0002389 seconds
[2019-06-24T10:18:02.980+0000][1][safepoint    ] Entering safepoint region: Cleanup
[2019-06-24T10:18:02.980+0000][1][safepoint    ] Leaving safepoint region
[2019-06-24T10:18:02.980+0000][1][safepoint    ] Total time for which application threads were stopped: 0.0002484 seconds, Stopping threads took: 0.0000635 seconds
[2019-06-24T10:18:03.980+0000][1][safepoint    ] Application time: 1.0002504 seconds
[2019-06-24T10:18:03.980+0000][1][safepoint    ] Entering safepoint region: Cleanup
[2019-06-24T10:18:03.981+0000][1][safepoint    ] Leaving safepoint region
[2019-06-24T10:18:03.981+0000][1][safepoint    ] Total time for which application threads were stopped: 0.0002645 seconds, Stopping threads took: 0.0000562 seconds
[2019-06-24T10:18:04.981+0000][1][safepoint    ] Application time: 1.0002571 seconds
[2019-06-24T10:18:04.981+0000][1][safepoint    ] Entering safepoint region: Cleanup
[2019-06-24T10:18:04.981+0000][1][safepoint    ] Leaving safepoint region
[2019-06-24T10:18:04.981+0000][1][safepoint    ] Total time for which application threads were stopped: 0.0002071 seconds, Stopping threads took: 0.0000550 seconds
[2019-06-24T10:18:05.982+0000][1][safepoint    ] Application time: 1.0001982 seconds
[2019-06-24T10:18:05.982+0000][1][safepoint    ] Entering safepoint region: Cleanup
[2019-06-24T10:18:05.982+0000][1][safepoint    ] Leaving safepoint region
[2019-06-24T10:18:05.982+0000][1][safepoint    ] Total time for which application threads were stopped: 0.0002348 seconds, Stopping threads took: 0.0000624 seconds
[2019-06-24T10:18:06.982+0000][1][safepoint    ] Application time: 1.0002643 seconds
[2019-06-24T10:18:06.982+0000][1][safepoint    ] Entering safepoint region: Cleanup
[2019-06-24T10:18:06.983+0000][1][safepoint    ] Leaving safepoint region
[2019-06-24T10:18:06.983+0000][1][safepoint    ] Total time for which application threads were stopped: 0.0003498 seconds, Stopping threads took: 0.0000626 seconds
[2019-06-24T10:18:07.983+0000][1][safepoint    ] Application time: 1.0002417 seconds
[2019-06-24T10:18:07.983+0000][1][safepoint    ] Entering safepoint region: Cleanup
[2019-06-24T10:18:07.983+0000][1][safepoint    ] Leaving safepoint region
[2019-06-24T10:18:07.983+0000][1][safepoint    ] Total time for which application threads were stopped: 0.0002398 seconds, Stopping threads took: 0.0000622 seconds
[2019-06-24T10:18:08.984+0000][1][safepoint    ] Application time: 1.0002562 seconds
[2019-06-24T10:18:08.984+0000][1][safepoint    ] Entering safepoint region: Cleanup
[2019-06-24T10:18:08.984+0000][1][safepoint    ] Leaving safepoint region
[2019-06-24T10:18:08.984+0000][1][safepoint    ] Total time for which application threads were stopped: 0.0002336 seconds, Stopping threads took: 0.0000621 seconds
[2019-06-24T10:18:09.984+0000][1][safepoint    ] Application time: 1.0002661 seconds
[2019-06-24T10:18:09.984+0000][1][safepoint    ] Entering safepoint region: Cleanup
[2019-06-24T10:18:09.984+0000][1][safepoint    ] Leaving safepoint region
[2019-06-24T10:18:09.985+0000][1][safepoint    ] Total time for which application threads were stopped: 0.0002327 seconds, Stopping threads took: 0.0000625 seconds
[2019-06-24T10:18:10.985+0000][1][safepoint    ] Application time: 1.0002456 seconds
[2019-06-24T10:18:10.985+0000][1][safepoint    ] Entering safepoint region: Cleanup
[2019-06-24T10:18:10.985+0000][1][safepoint    ] Leaving safepoint region
[2019-06-24T10:18:10.985+0000][1][safepoint    ] Total time for which application threads were stopped: 0.0002320 seconds, Stopping threads took: 0.0000676 seconds
[2019-06-24T10:18:11.985+0000][1][safepoint    ] Application time: 1.0002448 seconds
[2019-06-24T10:18:11.986+0000][1][safepoint    ] Entering safepoint region: Cleanup
[2019-06-24T10:18:11.986+0000][1][safepoint    ] Leaving safepoint region
[2019-06-24T10:18:11.986+0000][1][safepoint    ] Total time for which application threads were stopped: 0.0002092 seconds, Stopping threads took: 0.0000556 seconds
[2019-06-24T10:18:12.986+0000][1][safepoint    ] Application time: 1.0002626 seconds
[2019-06-24T10:18:12.986+0000][1][safepoint    ] Entering safepoint region: Cleanup
[2019-06-24T10:18:12.986+0000][1][safepoint    ] Leaving safepoint region
[2019-06-24T10:18:12.986+0000][1][safepoint    ] Total time for which application threads were stopped: 0.0002370 seconds, Stopping threads took: 0.0000661 seconds
[2019-06-24T10:18:13.987+0000][1][safepoint    ] Application time: 1.0002128 seconds
[2019-06-24T10:18:13.987+0000][1][safepoint    ] Entering safepoint region: Cleanup
[2019-06-24T10:18:13.987+0000][1][safepoint    ] Leaving safepoint region
[2019-06-24T10:18:13.987+0000][1][safepoint    ] Total time for which application threads were stopped: 0.0002283 seconds, Stopping threads took: 0.0000630 seconds
[2019-06-24T10:18:14.987+0000][1][safepoint    ] Application time: 1.0002596 seconds
[2019-06-24T10:18:14.987+0000][1][safepoint    ] Entering safepoint region: Cleanup
[2019-06-24T10:18:14.988+0000][1][safepoint    ] Leaving safepoint region
[2019-06-24T10:18:14.988+0000][1][safepoint    ] Total time for which application threads were stopped: 0.0002792 seconds, Stopping threads took: 0.0001009 seconds
[2019-06-24T10:18:15.988+0000][1][safepoint    ] Application time: 1.0002666 seconds
[2019-06-24T10:18:15.988+0000][1][safepoint    ] Entering safepoint region: Cleanup
[2019-06-24T10:18:15.988+0000][1][safepoint    ] Leaving safepoint region
[2019-06-24T10:18:15.988+0000][1][safepoint    ] Total time for which application threads were stopped: 0.0002253 seconds, Stopping threads took: 0.0000604 seconds
[2019-06-24T10:18:16.989+0000][1][safepoint    ] Application time: 1.0002476 seconds
[2019-06-24T10:18:16.989+0000][1][safepoint    ] Entering safepoint region: Cleanup
[2019-06-24T10:18:16.989+0000][1][safepoint    ] Leaving safepoint region
[2019-06-24T10:18:16.989+0000][1][safepoint    ] Total time for which application threads were stopped: 0.0002327 seconds, Stopping threads took: 0.0000559 seconds
[2019-06-24T10:18:17.989+0000][1][safepoint    ] Application time: 1.0002159 seconds
[2019-06-24T10:18:17.989+0000][1][safepoint    ] Entering safepoint region: Cleanup
[2019-06-24T10:18:17.989+0000][1][safepoint    ] Leaving safepoint region
[2019-06-24T10:18:17.989+0000][1][safepoint    ] Total time for which application threads were stopped: 0.0002058 seconds, Stopping threads took: 0.0000547 seconds
[2019-06-24T10:18:18.990+0000][1][safepoint    ] Application time: 1.0002601 seconds
[2019-06-24T10:18:18.990+0000][1][safepoint    ] Entering safepoint region: Cleanup
[2019-06-24T10:18:18.990+0000][1][safepoint    ] Leaving safepoint region
[2019-06-24T10:18:18.990+0000][1][safepoint    ] Total time for which application threads were stopped: 0.0002309 seconds, Stopping threads took: 0.0000623 seconds
[2019-06-24T10:18:19.990+0000][1][safepoint    ] Application time: 1.0002543 seconds
[2019-06-24T10:18:19.990+0000][1][safepoint    ] Entering safepoint region: Cleanup
[2019-06-24T10:18:19.991+0000][1][safepoint    ] Leaving safepoint region
[2019-06-24T10:18:19.991+0000][1][safepoint    ] Total time for which application threads were stopped: 0.0002805 seconds, Stopping threads took: 0.0000925 seconds
[2019-06-24T10:18:20.991+0000][1][safepoint    ] Application time: 1.0002098 seconds
[2019-06-24T10:18:20.991+0000][1][safepoint    ] Entering safepoint region: Cleanup
[2019-06-24T10:18:20.991+0000][1][safepoint    ] Leaving safepoint region
[2019-06-24T10:18:20.991+0000][1][safepoint    ] Total time for which application threads were stopped: 0.0002033 seconds, Stopping threads took: 0.0000562 seconds
[2019-06-24T10:18:21.992+0000][1][safepoint    ] Application time: 1.0002400 seconds
[2019-06-24T10:18:21.992+0000][1][safepoint    ] Entering safepoint region: Cleanup
[2019-06-24T10:18:21.992+0000][1][safepoint    ] Leaving safepoint region
[2019-06-24T10:18:21.992+0000][1][safepoint    ] Total time for which application threads were stopped: 0.0002340 seconds, Stopping threads took: 0.0000640 seconds
[2019-06-24T10:18:22.992+0000][1][safepoint    ] Application time: 1.0002421 seconds
[2019-06-24T10:18:22.992+0000][1][safepoint    ] Entering safepoint region: Cleanup
[2019-06-24T10:18:22.992+0000][1][safepoint    ] Leaving safepoint region
[2019-06-24T10:18:22.993+0000][1][safepoint    ] Total time for which application threads were stopped: 0.0003046 seconds, Stopping threads took: 0.0000568 seconds
[2019-06-24T10:18:23.993+0000][1][safepoint    ] Application time: 1.0002407 seconds
[2019-06-24T10:18:23.993+0000][1][safepoint    ] Entering safepoint region: Cleanup
[2019-06-24T10:18:23.993+0000][1][safepoint    ] Leaving safepoint region
[2019-06-24T10:18:23.993+0000][1][safepoint    ] Total time for which application threads were stopped: 0.0002038 seconds, Stopping threads took: 0.0000553 seconds
[2019-06-24T10:18:24.993+0000][1][safepoint    ] Application time: 1.0002272 seconds
[2019-06-24T10:18:24.993+0000][1][safepoint    ] Entering safepoint region: Cleanup
[2019-06-24T10:18:24.994+0000][1][safepoint    ] Leaving safepoint region
[2019-06-24T10:18:24.994+0000][1][safepoint    ] Total time for which application threads were stopped: 0.0002229 seconds, Stopping threads took: 0.0000606 seconds
[2019-06-24T10:18:25.994+0000][1][safepoint    ] Application time: 1.0002539 seconds
[2019-06-24T10:18:25.994+0000][1][safepoint    ] Entering safepoint region: Cleanup
[2019-06-24T10:18:25.994+0000][1][safepoint    ] Leaving safepoint region
[2019-06-24T10:18:25.994+0000][1][safepoint    ] Total time for which application threads were stopped: 0.0002257 seconds, Stopping threads took: 0.0000622 seconds
[2019-06-24T10:18:26.995+0000][1][safepoint    ] Application time: 1.0003055 seconds
[2019-06-24T10:18:26.995+0000][1][safepoint    ] Entering safepoint region: Cleanup
[2019-06-24T10:18:26.995+0000][1][safepoint    ] Leaving safepoint region
[2019-06-24T10:18:26.995+0000][1][safepoint    ] Total time for which application threads were stopped: 0.0002269 seconds, Stopping threads took: 0.0000616 seconds
[2019-06-24T10:18:27.995+0000][1][safepoint    ] Application time: 1.0002453 seconds
[2019-06-24T10:18:27.995+0000][1][safepoint    ] Entering safepoint region: Cleanup
[2019-06-24T10:18:27.996+0000][1][safepoint    ] Leaving safepoint region
[2019-06-24T10:18:27.996+0000][1][safepoint    ] Total time for which application threads were stopped: 0.0002248 seconds, Stopping threads took: 0.0000604 seconds
[2019-06-24T10:18:29.925+0000][1][safepoint    ] Application time: 1.9294134 seconds
[2019-06-24T10:18:29.925+0000][1][safepoint    ] Entering safepoint region: Cleanup
[2019-06-24T10:18:29.925+0000][1][safepoint    ] Leaving safepoint region
[2019-06-24T10:18:29.926+0000][1][safepoint    ] Total time for which application threads were stopped: 0.0003193 seconds, Stopping threads took: 0.0000619 seconds
[2019-06-24T10:18:30.926+0000][1][safepoint    ] Application time: 1.0001992 seconds
[2019-06-24T10:18:30.926+0000][1][safepoint    ] Entering safepoint region: Cleanup
[2019-06-24T10:18:30.926+0000][1][safepoint    ] Leaving safepoint region
[2019-06-24T10:18:30.926+0000][1][safepoint    ] Total time for which application threads were stopped: 0.0002821 seconds, Stopping threads took: 0.0000618 seconds
[2019-06-24T10:18:31.926+0000][1][safepoint    ] Application time: 1.0002465 seconds
[2019-06-24T10:18:31.927+0000][1][safepoint    ] Entering safepoint region: Cleanup
[2019-06-24T10:18:31.927+0000][1][safepoint    ] Leaving safepoint region
[2019-06-24T10:18:31.927+0000][1][safepoint    ] Total time for which application threads were stopped: 0.0002893 seconds, Stopping threads took: 0.0000658 seconds
[2019-06-24T10:18:32.927+0000][1][safepoint    ] Application time: 1.0002454 seconds
[2019-06-24T10:18:32.927+0000][1][safepoint    ] Entering safepoint region: Cleanup
[2019-06-24T10:18:32.928+0000][1][safepoint    ] Leaving safepoint region
[2019-06-24T10:18:32.928+0000][1][safepoint    ] Total time for which application threads were stopped: 0.0002946 seconds, Stopping threads took: 0.0000627 seconds
[2019-06-24T10:18:33.928+0000][1][safepoint    ] Application time: 1.0002685 seconds
[2019-06-24T10:18:33.928+0000][1][safepoint    ] Entering safepoint region: Cleanup
[2019-06-24T10:18:33.928+0000][1][safepoint    ] Leaving safepoint region
[2019-06-24T10:18:33.928+0000][1][safepoint    ] Total time for which application threads were stopped: 0.0002945 seconds, Stopping threads took: 0.0000612 seconds
[2019-06-24T10:18:34.929+0000][1][safepoint    ] Application time: 1.0002743 seconds
[2019-06-24T10:18:34.929+0000][1][safepoint    ] Entering safepoint region: Cleanup
[2019-06-24T10:18:34.929+0000][1][safepoint    ] Leaving safepoint region
[2019-06-24T10:18:34.929+0000][1][safepoint    ] Total time for which application threads were stopped: 0.0003005 seconds, Stopping threads took: 0.0000617 seconds
[2019-06-24T10:18:35.929+0000][1][safepoint    ] Application time: 1.0002584 seconds
[2019-06-24T10:18:35.929+0000][1][safepoint    ] Entering safepoint region: Cleanup
[2019-06-24T10:18:35.930+0000][1][safepoint    ] Leaving safepoint region
[2019-06-24T10:18:35.930+0000][1][safepoint    ] Total time for which application threads were stopped: 0.0002956 seconds, Stopping threads took: 0.0000616 seconds
[2019-06-24T10:18:36.930+0000][1][safepoint    ] Application time: 1.0001995 seconds
[2019-06-24T10:18:36.930+0000][1][safepoint    ] Entering safepoint region: Cleanup
[2019-06-24T10:18:36.930+0000][1][safepoint    ] Leaving safepoint region
[2019-06-24T10:18:36.930+0000][1][safepoint    ] Total time for which application threads were stopped: 0.0002595 seconds, Stopping threads took: 0.0000619 seconds
[2019-06-24T10:18:37.931+0000][1][safepoint    ] Application time: 1.0003194 seconds
[2019-06-24T10:18:37.931+0000][1][safepoint    ] Entering safepoint region: Cleanup
[2019-06-24T10:18:37.931+0000][1][safepoint    ] Leaving safepoint region
[2019-06-24T10:18:37.931+0000][1][safepoint    ] Total time for which application threads were stopped: 0.0002706 seconds, Stopping threads took: 0.0000645 seconds
[2019-06-24T10:18:38.931+0000][1][safepoint    ] Application time: 1.0002230 seconds
[2019-06-24T10:18:38.932+0000][1][safepoint    ] Entering safepoint region: Cleanup
[2019-06-24T10:18:38.932+0000][1][safepoint    ] Leaving safepoint region
[2019-06-24T10:18:38.932+0000][1][safepoint    ] Total time for which application threads were stopped: 0.0002318 seconds, Stopping threads took: 0.0000616 seconds
[2019-06-24T10:18:39.932+0000][1][safepoint    ] Application time: 1.0001546 seconds
[2019-06-24T10:18:39.932+0000][1][safepoint    ] Entering safepoint region: Cleanup
[2019-06-24T10:18:39.932+0000][1][safepoint    ] Leaving safepoint region
[2019-06-24T10:18:39.932+0000][1][safepoint    ] Total time for which application threads were stopped: 0.0002606 seconds, Stopping threads took: 0.0000783 seconds
[2019-06-24T10:18:40.933+0000][1][safepoint    ] Application time: 1.0002347 seconds
[2019-06-24T10:18:40.933+0000][1][safepoint    ] Entering safepoint region: Cleanup
[2019-06-24T10:18:40.933+0000][1][safepoint    ] Leaving safepoint region
[2019-06-24T10:18:40.933+0000][1][safepoint    ] Total time for which application threads were stopped: 0.0001148 seconds, Stopping threads took: 0.0000254 seconds
[2019-06-24T10:18:42.802+0000][1][safepoint    ] Application time: 1.8689960 seconds
[2019-06-24T10:18:42.802+0000][1][safepoint    ] Entering safepoint region: Cleanup
[2019-06-24T10:18:42.802+0000][1][safepoint    ] Leaving safepoint region
[2019-06-24T10:18:42.802+0000][1][safepoint    ] Total time for which application threads were stopped: 0.0001165 seconds, Stopping threads took: 0.0000323 seconds
[2019-06-24T10:18:43.802+0000][1][safepoint    ] Application time: 1.0002480 seconds
[2019-06-24T10:18:43.802+0000][1][safepoint    ] Entering safepoint region: Cleanup
[2019-06-24T10:18:43.803+0000][1][safepoint    ] Leaving safepoint region
[2019-06-24T10:18:43.803+0000][1][safepoint    ] Total time for which application threads were stopped: 0.0003359 seconds, Stopping threads took: 0.0000615 seconds
[2019-06-24T10:18:44.803+0000][1][safepoint    ] Application time: 1.0001197 seconds
[2019-06-24T10:18:44.803+0000][1][safepoint    ] Entering safepoint region: Cleanup
[2019-06-24T10:18:44.803+0000][1][safepoint    ] Leaving safepoint region
[2019-06-24T10:18:44.803+0000][1][safepoint    ] Total time for which application threads were stopped: 0.0001506 seconds, Stopping threads took: 0.0000418 seconds
[2019-06-24T10:18:45.803+0000][1][safepoint    ] Application time: 1.0001211 seconds
[2019-06-24T10:18:45.803+0000][1][safepoint    ] Entering safepoint region: Cleanup
[2019-06-24T10:18:45.803+0000][1][safepoint    ] Leaving safepoint region
[2019-06-24T10:18:45.803+0000][1][safepoint    ] Total time for which application threads were stopped: 0.0000939 seconds, Stopping threads took: 0.0000340 seconds
[2019-06-24T10:18:46.802+0000][1][safepoint    ] Application time: 0.9986733 seconds
[2019-06-24T10:18:46.802+0000][1][safepoint    ] Entering safepoint region: GenCollectForAllocation
[2019-06-24T10:18:46.802+0000][1][gc,start     ] GC(28) Pause Young (Allocation Failure)
[2019-06-24T10:18:46.803+0000][1][gc,task      ] GC(28) Using 5 workers of 8 for evacuation
[2019-06-24T10:18:46.813+0000][1][gc,age       ] GC(28) Desired survivor size 4456448 bytes, new threshold 6 (max threshold 6)
[2019-06-24T10:18:46.813+0000][1][gc,age       ] GC(28) Age table with threshold 6 (max threshold 6)
[2019-06-24T10:18:46.813+0000][1][gc,age       ] GC(28) - age   1:       5280 bytes,       5280 total
[2019-06-24T10:18:46.813+0000][1][gc,age       ] GC(28) - age   2:       1120 bytes,       6400 total
[2019-06-24T10:18:46.813+0000][1][gc,age       ] GC(28) - age   3:      58800 bytes,      65200 total
[2019-06-24T10:18:46.813+0000][1][gc,age       ] GC(28) - age   4:      26912 bytes,      92112 total
[2019-06-24T10:18:46.813+0000][1][gc,age       ] GC(28) - age   5:       3176 bytes,      95288 total
[2019-06-24T10:18:46.813+0000][1][gc,age       ] GC(28) - age   6:       9304 bytes,     104592 total
[2019-06-24T10:18:46.813+0000][1][gc,heap      ] GC(28) ParNew: 74216K->1494K(78656K)
[2019-06-24T10:18:46.813+0000][1][gc,heap      ] GC(28) CMS: 67315K->69653K(174784K)
[2019-06-24T10:18:46.813+0000][1][gc,metaspace ] GC(28) Metaspace: 67975K->67975K(1112064K)
[2019-06-24T10:18:46.813+0000][1][gc           ] GC(28) Pause Young (Allocation Failure) 138M->69M(247M) 10.586ms
[2019-06-24T10:18:46.813+0000][1][gc,cpu       ] GC(28) User=0.04s Sys=0.00s Real=0.01s
[2019-06-24T10:18:46.813+0000][1][safepoint    ] Leaving safepoint region
[2019-06-24T10:18:46.813+0000][1][safepoint    ] Total time for which application threads were stopped: 0.0110622 seconds, Stopping threads took: 0.0000572 seconds
[2019-06-24T10:18:47.813+0000][1][safepoint    ] Application time: 1.0002172 seconds
[2019-06-24T10:18:47.814+0000][1][safepoint    ] Entering safepoint region: Cleanup
[2019-06-24T10:18:47.814+0000][1][safepoint    ] Leaving safepoint region
[2019-06-24T10:18:47.814+0000][1][safepoint    ] Total time for which application threads were stopped: 0.0002986 seconds, Stopping threads took: 0.0000882 seconds
[2019-06-24T10:18:48.814+0000][1][safepoint    ] Application time: 1.0001898 seconds
[2019-06-24T10:18:48.814+0000][1][safepoint    ] Entering safepoint region: Cleanup
[2019-06-24T10:18:48.814+0000][1][safepoint    ] Leaving safepoint region
[2019-06-24T10:18:48.814+0000][1][safepoint    ] Total time for which application threads were stopped: 0.0002308 seconds, Stopping threads took: 0.0000645 seconds
[2019-06-24T10:18:49.815+0000][1][safepoint    ] Application time: 1.0002255 seconds
[2019-06-24T10:18:49.815+0000][1][safepoint    ] Entering safepoint region: Cleanup
[2019-06-24T10:18:49.815+0000][1][safepoint    ] Leaving safepoint region
[2019-06-24T10:18:49.815+0000][1][safepoint    ] Total time for which application threads were stopped: 0.0002332 seconds, Stopping threads took: 0.0000652 seconds
[2019-06-24T10:18:50.815+0000][1][safepoint    ] Application time: 1.0001226 seconds
[2019-06-24T10:18:50.815+0000][1][safepoint    ] Entering safepoint region: Cleanup
[2019-06-24T10:18:50.816+0000][1][safepoint    ] Leaving safepoint region
[2019-06-24T10:18:50.816+0000][1][safepoint    ] Total time for which application threads were stopped: 0.0003602 seconds, Stopping threads took: 0.0001163 seconds
[2019-06-24T10:18:51.816+0000][1][safepoint    ] Application time: 1.0001748 seconds
[2019-06-24T10:18:51.816+0000][1][safepoint    ] Entering safepoint region: Cleanup
[2019-06-24T10:18:51.816+0000][1][safepoint    ] Leaving safepoint region
[2019-06-24T10:18:51.816+0000][1][safepoint    ] Total time for which application threads were stopped: 0.0001678 seconds, Stopping threads took: 0.0000442 seconds
[2019-06-24T10:18:52.816+0000][1][safepoint    ] Application time: 1.0001312 seconds
[2019-06-24T10:18:52.816+0000][1][safepoint    ] Entering safepoint region: Cleanup
[2019-06-24T10:18:52.816+0000][1][safepoint    ] Leaving safepoint region
[2019-06-24T10:18:52.816+0000][1][safepoint    ] Total time for which application threads were stopped: 0.0002329 seconds, Stopping threads took: 0.0000666 seconds
[2019-06-24T10:18:53.817+0000][1][safepoint    ] Application time: 1.0001892 seconds
[2019-06-24T10:18:53.817+0000][1][safepoint    ] Entering safepoint region: Cleanup
[2019-06-24T10:18:53.817+0000][1][safepoint    ] Leaving safepoint region
[2019-06-24T10:18:53.817+0000][1][safepoint    ] Total time for which application threads were stopped: 0.0002489 seconds, Stopping threads took: 0.0000694 seconds
[2019-06-24T10:18:54.817+0000][1][safepoint    ] Application time: 1.0001777 seconds
[2019-06-24T10:18:54.817+0000][1][safepoint    ] Entering safepoint region: Cleanup
[2019-06-24T10:18:54.818+0000][1][safepoint    ] Leaving safepoint region
[2019-06-24T10:18:54.818+0000][1][safepoint    ] Total time for which application threads were stopped: 0.0002071 seconds, Stopping threads took: 0.0000581 seconds
[2019-06-24T10:18:55.818+0000][1][safepoint    ] Application time: 1.0001797 seconds
[2019-06-24T10:18:55.818+0000][1][safepoint    ] Entering safepoint region: Cleanup
[2019-06-24T10:18:55.818+0000][1][safepoint    ] Leaving safepoint region
[2019-06-24T10:18:55.818+0000][1][safepoint    ] Total time for which application threads were stopped: 0.0001665 seconds, Stopping threads took: 0.0000557 seconds
[2019-06-24T10:18:56.818+0000][1][safepoint    ] Application time: 1.0001754 seconds
[2019-06-24T10:18:56.818+0000][1][safepoint    ] Entering safepoint region: Cleanup
[2019-06-24T10:18:56.819+0000][1][safepoint    ] Leaving safepoint region
[2019-06-24T10:18:56.819+0000][1][safepoint    ] Total time for which application threads were stopped: 0.0002941 seconds, Stopping threads took: 0.0000627 seconds
[2019-06-24T10:18:57.819+0000][1][safepoint    ] Application time: 1.0001213 seconds
[2019-06-24T10:18:57.819+0000][1][safepoint    ] Entering safepoint region: Cleanup
[2019-06-24T10:18:57.819+0000][1][safepoint    ] Leaving safepoint region
[2019-06-24T10:18:57.819+0000][1][safepoint    ] Total time for which application threads were stopped: 0.0001989 seconds, Stopping threads took: 0.0000540 seconds
[2019-06-24T10:18:58.819+0000][1][safepoint    ] Application time: 1.0001621 seconds
[2019-06-24T10:18:58.819+0000][1][safepoint    ] Entering safepoint region: Cleanup
[2019-06-24T10:18:58.820+0000][1][safepoint    ] Leaving safepoint region
[2019-06-24T10:18:58.820+0000][1][safepoint    ] Total time for which application threads were stopped: 0.0002197 seconds, Stopping threads took: 0.0000594 seconds
[2019-06-24T10:18:59.820+0000][1][safepoint    ] Application time: 1.0001862 seconds
[2019-06-24T10:18:59.820+0000][1][safepoint    ] Entering safepoint region: Cleanup
[2019-06-24T10:18:59.820+0000][1][safepoint    ] Leaving safepoint region
[2019-06-24T10:18:59.820+0000][1][safepoint    ] Total time for which application threads were stopped: 0.0001116 seconds, Stopping threads took: 0.0000310 seconds
[2019-06-24T10:19:00.820+0000][1][safepoint    ] Application time: 1.0001118 seconds
[2019-06-24T10:19:00.820+0000][1][safepoint    ] Entering safepoint region: Cleanup
[2019-06-24T10:19:00.820+0000][1][safepoint    ] Leaving safepoint region
[2019-06-24T10:19:00.820+0000][1][safepoint    ] Total time for which application threads were stopped: 0.0002172 seconds, Stopping threads took: 0.0000587 seconds
[2019-06-24T10:19:01.821+0000][1][safepoint    ] Application time: 1.0002559 seconds
[2019-06-24T10:19:01.821+0000][1][safepoint    ] Entering safepoint region: Cleanup
[2019-06-24T10:19:01.821+0000][1][safepoint    ] Leaving safepoint region
[2019-06-24T10:19:01.821+0000][1][safepoint    ] Total time for which application threads were stopped: 0.0003076 seconds, Stopping threads took: 0.0000640 seconds
[2019-06-24T10:19:02.821+0000][1][safepoint    ] Application time: 1.0002430 seconds
[2019-06-24T10:19:02.822+0000][1][safepoint    ] Entering safepoint region: Cleanup
[2019-06-24T10:19:02.822+0000][1][safepoint    ] Leaving safepoint region
[2019-06-24T10:19:02.822+0000][1][safepoint    ] Total time for which application threads were stopped: 0.0002683 seconds, Stopping threads took: 0.0000625 seconds
[2019-06-24T10:19:03.822+0000][1][safepoint    ] Application time: 1.0002315 seconds
[2019-06-24T10:19:03.822+0000][1][safepoint    ] Entering safepoint region: Cleanup
[2019-06-24T10:19:03.822+0000][1][safepoint    ] Leaving safepoint region
[2019-06-24T10:19:03.822+0000][1][safepoint    ] Total time for which application threads were stopped: 0.0002594 seconds, Stopping threads took: 0.0000621 seconds
[2019-06-24T10:19:04.823+0000][1][safepoint    ] Application time: 1.0002118 seconds
[2019-06-24T10:19:04.823+0000][1][safepoint    ] Entering safepoint region: Cleanup
[2019-06-24T10:19:04.823+0000][1][safepoint    ] Leaving safepoint region
[2019-06-24T10:19:04.824+0000][1][safepoint    ] Total time for which application threads were stopped: 0.0006404 seconds, Stopping threads took: 0.0001627 seconds
[2019-06-24T10:19:05.824+0000][1][safepoint    ] Application time: 1.0001350 seconds
[2019-06-24T10:19:05.824+0000][1][safepoint    ] Entering safepoint region: Cleanup
[2019-06-24T10:19:05.824+0000][1][safepoint    ] Leaving safepoint region
[2019-06-24T10:19:05.824+0000][1][safepoint    ] Total time for which application threads were stopped: 0.0000982 seconds, Stopping threads took: 0.0000396 seconds
[2019-06-24T10:19:06.824+0000][1][safepoint    ] Application time: 1.0001656 seconds
[2019-06-24T10:19:06.824+0000][1][safepoint    ] Entering safepoint region: Cleanup
[2019-06-24T10:19:06.824+0000][1][safepoint    ] Leaving safepoint region
[2019-06-24T10:19:06.824+0000][1][safepoint    ] Total time for which application threads were stopped: 0.0001330 seconds, Stopping threads took: 0.0000260 seconds
[2019-06-24T10:19:07.824+0000][1][safepoint    ] Application time: 1.0002009 seconds
[2019-06-24T10:19:07.825+0000][1][safepoint    ] Entering safepoint region: Cleanup
[2019-06-24T10:19:07.825+0000][1][safepoint    ] Leaving safepoint region
[2019-06-24T10:19:07.825+0000][1][safepoint    ] Total time for which application threads were stopped: 0.0002955 seconds, Stopping threads took: 0.0000801 seconds
[2019-06-24T10:19:08.825+0000][1][safepoint    ] Application time: 1.0001987 seconds
[2019-06-24T10:19:08.825+0000][1][safepoint    ] Entering safepoint region: Cleanup
[2019-06-24T10:19:08.825+0000][1][safepoint    ] Leaving safepoint region
[2019-06-24T10:19:08.825+0000][1][safepoint    ] Total time for which application threads were stopped: 0.0002831 seconds, Stopping threads took: 0.0000662 seconds
[2019-06-24T10:19:09.826+0000][1][safepoint    ] Application time: 1.0002563 seconds
[2019-06-24T10:19:09.826+0000][1][safepoint    ] Entering safepoint region: Cleanup
[2019-06-24T10:19:09.826+0000][1][safepoint    ] Leaving safepoint region
[2019-06-24T10:19:09.826+0000][1][safepoint    ] Total time for which application threads were stopped: 0.0002630 seconds, Stopping threads took: 0.0000422 seconds
[2019-06-24T10:19:10.826+0000][1][safepoint    ] Application time: 1.0002767 seconds
[2019-06-24T10:19:10.827+0000][1][safepoint    ] Entering safepoint region: Cleanup
[2019-06-24T10:19:10.827+0000][1][safepoint    ] Leaving safepoint region
[2019-06-24T10:19:10.827+0000][1][safepoint    ] Total time for which application threads were stopped: 0.0002470 seconds, Stopping threads took: 0.0000688 seconds
[2019-06-24T10:19:11.827+0000][1][safepoint    ] Application time: 1.0001993 seconds
[2019-06-24T10:19:11.827+0000][1][safepoint    ] Entering safepoint region: Cleanup
[2019-06-24T10:19:11.827+0000][1][safepoint    ] Leaving safepoint region
[2019-06-24T10:19:11.827+0000][1][safepoint    ] Total time for which application threads were stopped: 0.0002375 seconds, Stopping threads took: 0.0000633 seconds
[2019-06-24T10:19:12.828+0000][1][safepoint    ] Application time: 1.0002396 seconds
[2019-06-24T10:19:12.828+0000][1][safepoint    ] Entering safepoint region: Cleanup
[2019-06-24T10:19:12.828+0000][1][safepoint    ] Leaving safepoint region
[2019-06-24T10:19:12.828+0000][1][safepoint    ] Total time for which application threads were stopped: 0.0002359 seconds, Stopping threads took: 0.0000638 seconds
[2019-06-24T10:19:13.828+0000][1][safepoint    ] Application time: 1.0002571 seconds
[2019-06-24T10:19:13.828+0000][1][safepoint    ] Entering safepoint region: Cleanup
[2019-06-24T10:19:13.829+0000][1][safepoint    ] Leaving safepoint region
[2019-06-24T10:19:13.829+0000][1][safepoint    ] Total time for which application threads were stopped: 0.0002316 seconds, Stopping threads took: 0.0000635 seconds
[2019-06-24T10:19:14.829+0000][1][safepoint    ] Application time: 1.0002552 seconds
[2019-06-24T10:19:14.829+0000][1][safepoint    ] Entering safepoint region: Cleanup
[2019-06-24T10:19:14.829+0000][1][safepoint    ] Leaving safepoint region
[2019-06-24T10:19:14.829+0000][1][safepoint    ] Total time for which application threads were stopped: 0.0002065 seconds, Stopping threads took: 0.0000550 seconds
[2019-06-24T10:19:15.887+0000][1][safepoint    ] Application time: 1.0579605 seconds
[2019-06-24T10:19:15.887+0000][1][safepoint    ] Entering safepoint region: Cleanup
[2019-06-24T10:19:15.888+0000][1][safepoint    ] Leaving safepoint region
[2019-06-24T10:19:15.888+0000][1][safepoint    ] Total time for which application threads were stopped: 0.0002657 seconds, Stopping threads took: 0.0000970 seconds
[2019-06-24T10:19:16.888+0000][1][safepoint    ] Application time: 1.0001639 seconds
[2019-06-24T10:19:16.888+0000][1][safepoint    ] Entering safepoint region: Cleanup
[2019-06-24T10:19:16.888+0000][1][safepoint    ] Leaving safepoint region
[2019-06-24T10:19:16.888+0000][1][safepoint    ] Total time for which application threads were stopped: 0.0002235 seconds, Stopping threads took: 0.0000635 seconds
[2019-06-24T10:19:17.888+0000][1][safepoint    ] Application time: 1.0002617 seconds
[2019-06-24T10:19:17.889+0000][1][safepoint    ] Entering safepoint region: Cleanup
[2019-06-24T10:19:17.889+0000][1][safepoint    ] Leaving safepoint region
[2019-06-24T10:19:17.889+0000][1][safepoint    ] Total time for which application threads were stopped: 0.0002194 seconds, Stopping threads took: 0.0000631 seconds
[2019-06-24T10:19:18.889+0000][1][safepoint    ] Application time: 1.0002406 seconds
[2019-06-24T10:19:18.889+0000][1][safepoint    ] Entering safepoint region: Cleanup
[2019-06-24T10:19:18.889+0000][1][safepoint    ] Leaving safepoint region
[2019-06-24T10:19:18.889+0000][1][safepoint    ] Total time for which application threads were stopped: 0.0002250 seconds, Stopping threads took: 0.0000634 seconds
[2019-06-24T10:19:19.890+0000][1][safepoint    ] Application time: 1.0002412 seconds
[2019-06-24T10:19:19.890+0000][1][safepoint    ] Entering safepoint region: Cleanup
[2019-06-24T10:19:19.890+0000][1][safepoint    ] Leaving safepoint region
[2019-06-24T10:19:19.890+0000][1][safepoint    ] Total time for which application threads were stopped: 0.0002591 seconds, Stopping threads took: 0.0001008 seconds
[2019-06-24T10:19:20.890+0000][1][safepoint    ] Application time: 1.0002572 seconds
[2019-06-24T10:19:20.890+0000][1][safepoint    ] Entering safepoint region: Cleanup
[2019-06-24T10:19:20.891+0000][1][safepoint    ] Leaving safepoint region
[2019-06-24T10:19:20.891+0000][1][safepoint    ] Total time for which application threads were stopped: 0.0002877 seconds, Stopping threads took: 0.0000992 seconds
[2019-06-24T10:19:21.891+0000][1][safepoint    ] Application time: 1.0001569 seconds
[2019-06-24T10:19:21.891+0000][1][safepoint    ] Entering safepoint region: Cleanup
[2019-06-24T10:19:21.891+0000][1][safepoint    ] Leaving safepoint region
[2019-06-24T10:19:21.891+0000][1][safepoint    ] Total time for which application threads were stopped: 0.0002243 seconds, Stopping threads took: 0.0000636 seconds
[2019-06-24T10:19:22.891+0000][1][safepoint    ] Application time: 1.0001698 seconds
[2019-06-24T10:19:22.892+0000][1][safepoint    ] Entering safepoint region: Cleanup
[2019-06-24T10:19:22.892+0000][1][safepoint    ] Leaving safepoint region
[2019-06-24T10:19:22.892+0000][1][safepoint    ] Total time for which application threads were stopped: 0.0002255 seconds, Stopping threads took: 0.0000627 seconds
[2019-06-24T10:19:23.892+0000][1][safepoint    ] Application time: 1.0002576 seconds
[2019-06-24T10:19:23.892+0000][1][safepoint    ] Entering safepoint region: Cleanup
[2019-06-24T10:19:23.892+0000][1][safepoint    ] Leaving safepoint region
[2019-06-24T10:19:23.892+0000][1][safepoint    ] Total time for which application threads were stopped: 0.0002271 seconds, Stopping threads took: 0.0000641 seconds
[2019-06-24T10:19:24.893+0000][1][safepoint    ] Application time: 1.0002690 seconds
[2019-06-24T10:19:24.893+0000][1][safepoint    ] Entering safepoint region: Cleanup
[2019-06-24T10:19:24.893+0000][1][safepoint    ] Leaving safepoint region
[2019-06-24T10:19:24.893+0000][1][safepoint    ] Total time for which application threads were stopped: 0.0002612 seconds, Stopping threads took: 0.0000738 seconds
[2019-06-24T10:19:25.893+0000][1][safepoint    ] Application time: 1.0002820 seconds
[2019-06-24T10:19:25.893+0000][1][safepoint    ] Entering safepoint region: Cleanup
[2019-06-24T10:19:25.894+0000][1][safepoint    ] Leaving safepoint region
[2019-06-24T10:19:25.894+0000][1][safepoint    ] Total time for which application threads were stopped: 0.0002569 seconds, Stopping threads took: 0.0000961 seconds
[2019-06-24T10:19:26.894+0000][1][safepoint    ] Application time: 1.0001667 seconds
[2019-06-24T10:19:26.894+0000][1][safepoint    ] Entering safepoint region: Cleanup
[2019-06-24T10:19:26.894+0000][1][safepoint    ] Leaving safepoint region
[2019-06-24T10:19:26.894+0000][1][safepoint    ] Total time for which application threads were stopped: 0.0001682 seconds, Stopping threads took: 0.0000516 seconds
[2019-06-24T10:19:27.894+0000][1][safepoint    ] Application time: 1.0001543 seconds
[2019-06-24T10:19:27.894+0000][1][safepoint    ] Entering safepoint region: Cleanup
[2019-06-24T10:19:27.895+0000][1][safepoint    ] Leaving safepoint region
[2019-06-24T10:19:27.895+0000][1][safepoint    ] Total time for which application threads were stopped: 0.0002031 seconds, Stopping threads took: 0.0000425 seconds
[2019-06-24T10:19:28.895+0000][1][safepoint    ] Application time: 1.0001352 seconds
[2019-06-24T10:19:28.895+0000][1][safepoint    ] Entering safepoint region: Cleanup
[2019-06-24T10:19:28.895+0000][1][safepoint    ] Leaving safepoint region
[2019-06-24T10:19:28.895+0000][1][safepoint    ] Total time for which application threads were stopped: 0.0002279 seconds, Stopping threads took: 0.0000644 seconds
[2019-06-24T10:19:29.895+0000][1][safepoint    ] Application time: 1.0002409 seconds
[2019-06-24T10:19:29.896+0000][1][safepoint    ] Entering safepoint region: Cleanup
[2019-06-24T10:19:29.896+0000][1][safepoint    ] Leaving safepoint region
[2019-06-24T10:19:29.896+0000][1][safepoint    ] Total time for which application threads were stopped: 0.0002235 seconds, Stopping threads took: 0.0000624 seconds
[2019-06-24T10:19:30.896+0000][1][safepoint    ] Application time: 1.0001339 seconds
[2019-06-24T10:19:30.896+0000][1][safepoint    ] Entering safepoint region: Cleanup
[2019-06-24T10:19:30.896+0000][1][safepoint    ] Leaving safepoint region
[2019-06-24T10:19:30.896+0000][1][safepoint    ] Total time for which application threads were stopped: 0.0002193 seconds, Stopping threads took: 0.0000612 seconds
[2019-06-24T10:19:31.896+0000][1][safepoint    ] Application time: 1.0001616 seconds
[2019-06-24T10:19:31.897+0000][1][safepoint    ] Entering safepoint region: Cleanup
[2019-06-24T10:19:31.897+0000][1][safepoint    ] Leaving safepoint region
[2019-06-24T10:19:31.897+0000][1][safepoint    ] Total time for which application threads were stopped: 0.0003619 seconds, Stopping threads took: 0.0001758 seconds
[2019-06-24T10:19:32.897+0000][1][safepoint    ] Application time: 1.0001721 seconds
[2019-06-24T10:19:32.897+0000][1][safepoint    ] Entering safepoint region: Cleanup
[2019-06-24T10:19:32.897+0000][1][safepoint    ] Leaving safepoint region
[2019-06-24T10:19:32.898+0000][1][safepoint    ] Total time for which application threads were stopped: 0.0003281 seconds, Stopping threads took: 0.0000965 seconds
[2019-06-24T10:19:33.898+0000][1][safepoint    ] Application time: 1.0002683 seconds
[2019-06-24T10:19:33.898+0000][1][safepoint    ] Entering safepoint region: Cleanup
[2019-06-24T10:19:33.898+0000][1][safepoint    ] Leaving safepoint region
[2019-06-24T10:19:33.898+0000][1][safepoint    ] Total time for which application threads were stopped: 0.0002264 seconds, Stopping threads took: 0.0000624 seconds
[2019-06-24T10:19:34.898+0000][1][safepoint    ] Application time: 1.0002620 seconds
[2019-06-24T10:19:34.899+0000][1][safepoint    ] Entering safepoint region: Cleanup
[2019-06-24T10:19:34.899+0000][1][safepoint    ] Leaving safepoint region
[2019-06-24T10:19:34.899+0000][1][safepoint    ] Total time for which application threads were stopped: 0.0002168 seconds, Stopping threads took: 0.0000622 seconds
[2019-06-24T10:19:35.899+0000][1][safepoint    ] Application time: 1.0001839 seconds
[2019-06-24T10:19:35.899+0000][1][safepoint    ] Entering safepoint region: Cleanup
[2019-06-24T10:19:35.899+0000][1][safepoint    ] Leaving safepoint region
[2019-06-24T10:19:35.899+0000][1][safepoint    ] Total time for which application threads were stopped: 0.0002575 seconds, Stopping threads took: 0.0000940 seconds
[2019-06-24T10:19:36.900+0000][1][safepoint    ] Application time: 1.0001875 seconds
[2019-06-24T10:19:36.900+0000][1][safepoint    ] Entering safepoint region: Cleanup
[2019-06-24T10:19:36.900+0000][1][safepoint    ] Leaving safepoint region
[2019-06-24T10:19:36.900+0000][1][safepoint    ] Total time for which application threads were stopped: 0.0002362 seconds, Stopping threads took: 0.0000863 seconds
[2019-06-24T10:19:37.900+0000][1][safepoint    ] Application time: 1.0001304 seconds
[2019-06-24T10:19:37.900+0000][1][safepoint    ] Entering safepoint region: Cleanup
[2019-06-24T10:19:37.901+0000][1][safepoint    ] Leaving safepoint region
[2019-06-24T10:19:37.901+0000][1][safepoint    ] Total time for which application threads were stopped: 0.0003225 seconds, Stopping threads took: 0.0000904 seconds
[2019-06-24T10:19:38.901+0000][1][safepoint    ] Application time: 1.0002698 seconds
[2019-06-24T10:19:38.901+0000][1][safepoint    ] Entering safepoint region: Cleanup
[2019-06-24T10:19:38.901+0000][1][safepoint    ] Leaving safepoint region
[2019-06-24T10:19:38.901+0000][1][safepoint    ] Total time for which application threads were stopped: 0.0002264 seconds, Stopping threads took: 0.0000631 seconds
[2019-06-24T10:19:39.901+0000][1][safepoint    ] Application time: 1.0002615 seconds
[2019-06-24T10:19:39.902+0000][1][safepoint    ] Entering safepoint region: Cleanup
[2019-06-24T10:19:39.902+0000][1][safepoint    ] Leaving safepoint region
[2019-06-24T10:19:39.902+0000][1][safepoint    ] Total time for which application threads were stopped: 0.0002253 seconds, Stopping threads took: 0.0000641 seconds
[2019-06-24T10:19:40.933+0000][1][safepoint    ] Application time: 1.0310266 seconds
[2019-06-24T10:19:40.933+0000][1][safepoint    ] Entering safepoint region: Cleanup
[2019-06-24T10:19:40.933+0000][1][safepoint    ] Leaving safepoint region
[2019-06-24T10:19:40.933+0000][1][safepoint    ] Total time for which application threads were stopped: 0.0002663 seconds, Stopping threads took: 0.0000641 seconds
[2019-06-24T10:19:41.934+0000][1][safepoint    ] Application time: 1.0002754 seconds
[2019-06-24T10:19:41.934+0000][1][safepoint    ] Entering safepoint region: Cleanup
[2019-06-24T10:19:41.934+0000][1][safepoint    ] Leaving safepoint region
[2019-06-24T10:19:41.934+0000][1][safepoint    ] Total time for which application threads were stopped: 0.0002653 seconds, Stopping threads took: 0.0000651 seconds
[2019-06-24T10:19:42.934+0000][1][safepoint    ] Application time: 1.0001875 seconds
[2019-06-24T10:19:42.934+0000][1][safepoint    ] Entering safepoint region: Cleanup
[2019-06-24T10:19:42.935+0000][1][safepoint    ] Leaving safepoint region
[2019-06-24T10:19:42.935+0000][1][safepoint    ] Total time for which application threads were stopped: 0.0003676 seconds, Stopping threads took: 0.0000642 seconds
[2019-06-24T10:19:43.935+0000][1][safepoint    ] Application time: 1.0001504 seconds
[2019-06-24T10:19:43.935+0000][1][safepoint    ] Entering safepoint region: Cleanup
[2019-06-24T10:19:43.935+0000][1][safepoint    ] Leaving safepoint region
[2019-06-24T10:19:43.935+0000][1][safepoint    ] Total time for which application threads were stopped: 0.0003310 seconds, Stopping threads took: 0.0000884 seconds
[2019-06-24T10:19:44.936+0000][1][safepoint    ] Application time: 1.0002353 seconds
[2019-06-24T10:19:44.936+0000][1][safepoint    ] Entering safepoint region: Cleanup
[2019-06-24T10:19:44.936+0000][1][safepoint    ] Leaving safepoint region
[2019-06-24T10:19:44.936+0000][1][safepoint    ] Total time for which application threads were stopped: 0.0002297 seconds, Stopping threads took: 0.0000638 seconds
[2019-06-24T10:19:45.936+0000][1][safepoint    ] Application time: 1.0002705 seconds
[2019-06-24T10:19:45.936+0000][1][safepoint    ] Entering safepoint region: Cleanup
[2019-06-24T10:19:45.937+0000][1][safepoint    ] Leaving safepoint region
[2019-06-24T10:19:45.937+0000][1][safepoint    ] Total time for which application threads were stopped: 0.0003038 seconds, Stopping threads took: 0.0000717 seconds
[2019-06-24T10:19:46.937+0000][1][safepoint    ] Application time: 1.0001410 seconds
[2019-06-24T10:19:46.937+0000][1][safepoint    ] Entering safepoint region: Cleanup
[2019-06-24T10:19:46.937+0000][1][safepoint    ] Leaving safepoint region
[2019-06-24T10:19:46.937+0000][1][safepoint    ] Total time for which application threads were stopped: 0.0000771 seconds, Stopping threads took: 0.0000208 seconds
[2019-06-24T10:19:47.937+0000][1][safepoint    ] Application time: 1.0002397 seconds
[2019-06-24T10:19:47.937+0000][1][safepoint    ] Entering safepoint region: Cleanup
[2019-06-24T10:19:47.938+0000][1][safepoint    ] Leaving safepoint region
[2019-06-24T10:19:47.938+0000][1][safepoint    ] Total time for which application threads were stopped: 0.0002624 seconds, Stopping threads took: 0.0000712 seconds
[2019-06-24T10:19:48.938+0000][1][safepoint    ] Application time: 1.0002551 seconds
[2019-06-24T10:19:48.938+0000][1][safepoint    ] Entering safepoint region: Cleanup
[2019-06-24T10:19:48.938+0000][1][safepoint    ] Leaving safepoint region
[2019-06-24T10:19:48.938+0000][1][safepoint    ] Total time for which application threads were stopped: 0.0002309 seconds, Stopping threads took: 0.0000628 seconds
[2019-06-24T10:19:49.939+0000][1][safepoint    ] Application time: 1.0002783 seconds
[2019-06-24T10:19:49.939+0000][1][safepoint    ] Entering safepoint region: Cleanup
[2019-06-24T10:19:49.939+0000][1][safepoint    ] Leaving safepoint region
[2019-06-24T10:19:49.939+0000][1][safepoint    ] Total time for which application threads were stopped: 0.0001001 seconds, Stopping threads took: 0.0000272 seconds
[2019-06-24T10:19:50.939+0000][1][safepoint    ] Application time: 1.0000934 seconds
[2019-06-24T10:19:50.939+0000][1][safepoint    ] Entering safepoint region: Cleanup
[2019-06-24T10:19:50.939+0000][1][safepoint    ] Leaving safepoint region
[2019-06-24T10:19:50.939+0000][1][safepoint    ] Total time for which application threads were stopped: 0.0002276 seconds, Stopping threads took: 0.0000535 seconds
[2019-06-24T10:19:51.939+0000][1][safepoint    ] Application time: 1.0002485 seconds
[2019-06-24T10:19:51.939+0000][1][safepoint    ] Entering safepoint region: Cleanup
[2019-06-24T10:19:51.940+0000][1][safepoint    ] Leaving safepoint region
[2019-06-24T10:19:51.940+0000][1][safepoint    ] Total time for which application threads were stopped: 0.0000910 seconds, Stopping threads took: 0.0000249 seconds
[2019-06-24T10:19:52.940+0000][1][safepoint    ] Application time: 1.0002174 seconds
[2019-06-24T10:19:52.940+0000][1][safepoint    ] Entering safepoint region: Cleanup
[2019-06-24T10:19:52.940+0000][1][safepoint    ] Leaving safepoint region
[2019-06-24T10:19:52.940+0000][1][safepoint    ] Total time for which application threads were stopped: 0.0002424 seconds, Stopping threads took: 0.0000619 seconds
[2019-06-24T10:19:53.940+0000][1][safepoint    ] Application time: 1.0001975 seconds
[2019-06-24T10:19:53.940+0000][1][safepoint    ] Entering safepoint region: Cleanup
[2019-06-24T10:19:53.941+0000][1][safepoint    ] Leaving safepoint region
[2019-06-24T10:19:53.941+0000][1][safepoint    ] Total time for which application threads were stopped: 0.0002257 seconds, Stopping threads took: 0.0000670 seconds
[2019-06-24T10:19:54.941+0000][1][safepoint    ] Application time: 1.0002488 seconds
[2019-06-24T10:19:54.941+0000][1][safepoint    ] Entering safepoint region: Cleanup
[2019-06-24T10:19:54.941+0000][1][safepoint    ] Leaving safepoint region
[2019-06-24T10:19:54.941+0000][1][safepoint    ] Total time for which application threads were stopped: 0.0002196 seconds, Stopping threads took: 0.0000617 seconds
[2019-06-24T10:19:55.942+0000][1][safepoint    ] Application time: 1.0002554 seconds
[2019-06-24T10:19:55.942+0000][1][safepoint    ] Entering safepoint region: Cleanup
[2019-06-24T10:19:55.942+0000][1][safepoint    ] Leaving safepoint region
[2019-06-24T10:19:55.942+0000][1][safepoint    ] Total time for which application threads were stopped: 0.0002612 seconds, Stopping threads took: 0.0000630 seconds
[2019-06-24T10:19:56.942+0000][1][safepoint    ] Application time: 1.0002462 seconds
[2019-06-24T10:19:56.942+0000][1][safepoint    ] Entering safepoint region: Cleanup
[2019-06-24T10:19:56.943+0000][1][safepoint    ] Leaving safepoint region
[2019-06-24T10:19:56.943+0000][1][safepoint    ] Total time for which application threads were stopped: 0.0003040 seconds, Stopping threads took: 0.0000621 seconds
[2019-06-24T10:19:57.943+0000][1][safepoint    ] Application time: 1.0001305 seconds
[2019-06-24T10:19:57.943+0000][1][safepoint    ] Entering safepoint region: Cleanup
[2019-06-24T10:19:57.943+0000][1][safepoint    ] Leaving safepoint region
[2019-06-24T10:19:57.943+0000][1][safepoint    ] Total time for which application threads were stopped: 0.0002103 seconds, Stopping threads took: 0.0000612 seconds
[2019-06-24T10:19:58.943+0000][1][safepoint    ] Application time: 1.0001272 seconds
[2019-06-24T10:19:58.943+0000][1][safepoint    ] Entering safepoint region: Cleanup
[2019-06-24T10:19:58.944+0000][1][safepoint    ] Leaving safepoint region
[2019-06-24T10:19:58.944+0000][1][safepoint    ] Total time for which application threads were stopped: 0.0003269 seconds, Stopping threads took: 0.0000828 seconds
[2019-06-24T10:19:59.944+0000][1][safepoint    ] Application time: 1.0002116 seconds
[2019-06-24T10:19:59.944+0000][1][safepoint    ] Entering safepoint region: Cleanup
[2019-06-24T10:19:59.944+0000][1][safepoint    ] Leaving safepoint region
[2019-06-24T10:19:59.944+0000][1][safepoint    ] Total time for which application threads were stopped: 0.0002117 seconds, Stopping threads took: 0.0000593 seconds
[2019-06-24T10:20:00.944+0000][1][safepoint    ] Application time: 1.0001687 seconds
[2019-06-24T10:20:00.945+0000][1][safepoint    ] Entering safepoint region: Cleanup
[2019-06-24T10:20:00.945+0000][1][safepoint    ] Leaving safepoint region
[2019-06-24T10:20:00.945+0000][1][safepoint    ] Total time for which application threads were stopped: 0.0002048 seconds, Stopping threads took: 0.0000637 seconds
[2019-06-24T10:20:01.945+0000][1][safepoint    ] Application time: 1.0001814 seconds
[2019-06-24T10:20:01.945+0000][1][safepoint    ] Entering safepoint region: Cleanup
[2019-06-24T10:20:01.946+0000][1][safepoint    ] Leaving safepoint region
[2019-06-24T10:20:01.946+0000][1][safepoint    ] Total time for which application threads were stopped: 0.0002353 seconds, Stopping threads took: 0.0000904 seconds
[2019-06-24T10:20:02.946+0000][1][safepoint    ] Application time: 1.0001361 seconds
[2019-06-24T10:20:02.946+0000][1][safepoint    ] Entering safepoint region: Cleanup
[2019-06-24T10:20:02.946+0000][1][safepoint    ] Leaving safepoint region
[2019-06-24T10:20:02.946+0000][1][safepoint    ] Total time for which application threads were stopped: 0.0002124 seconds, Stopping threads took: 0.0000618 seconds
[2019-06-24T10:20:03.946+0000][1][safepoint    ] Application time: 1.0002287 seconds
[2019-06-24T10:20:03.946+0000][1][safepoint    ] Entering safepoint region: Cleanup
[2019-06-24T10:20:03.947+0000][1][safepoint    ] Leaving safepoint region
[2019-06-24T10:20:03.947+0000][1][safepoint    ] Total time for which application threads were stopped: 0.0003714 seconds, Stopping threads took: 0.0001908 seconds
[2019-06-24T10:20:04.947+0000][1][safepoint    ] Application time: 1.0002221 seconds
[2019-06-24T10:20:04.947+0000][1][safepoint    ] Entering safepoint region: Cleanup
[2019-06-24T10:20:04.947+0000][1][safepoint    ] Leaving safepoint region
[2019-06-24T10:20:04.947+0000][1][safepoint    ] Total time for which application threads were stopped: 0.0002456 seconds, Stopping threads took: 0.0000630 seconds
[2019-06-24T10:20:05.948+0000][1][safepoint    ] Application time: 1.0001719 seconds
[2019-06-24T10:20:05.948+0000][1][safepoint    ] Entering safepoint region: Cleanup
[2019-06-24T10:20:05.948+0000][1][safepoint    ] Leaving safepoint region
[2019-06-24T10:20:05.948+0000][1][safepoint    ] Total time for which application threads were stopped: 0.0002111 seconds, Stopping threads took: 0.0000619 seconds
[2019-06-24T10:20:06.948+0000][1][safepoint    ] Application time: 1.0001626 seconds
[2019-06-24T10:20:06.948+0000][1][safepoint    ] Entering safepoint region: Cleanup
[2019-06-24T10:20:06.949+0000][1][safepoint    ] Leaving safepoint region
[2019-06-24T10:20:06.949+0000][1][safepoint    ] Total time for which application threads were stopped: 0.0010191 seconds, Stopping threads took: 0.0008355 seconds
[2019-06-24T10:20:07.950+0000][1][safepoint    ] Application time: 1.0001869 seconds
[2019-06-24T10:20:07.950+0000][1][safepoint    ] Entering safepoint region: Cleanup
[2019-06-24T10:20:07.950+0000][1][safepoint    ] Leaving safepoint region
[2019-06-24T10:20:07.950+0000][1][safepoint    ] Total time for which application threads were stopped: 0.0004099 seconds, Stopping threads took: 0.0002100 seconds
[2019-06-24T10:20:08.950+0000][1][safepoint    ] Application time: 1.0002196 seconds
[2019-06-24T10:20:08.951+0000][1][safepoint    ] Entering safepoint region: Cleanup
[2019-06-24T10:20:08.951+0000][1][safepoint    ] Leaving safepoint region
[2019-06-24T10:20:08.951+0000][1][safepoint    ] Total time for which application threads were stopped: 0.0005672 seconds, Stopping threads took: 0.0002308 seconds
[2019-06-24T10:20:09.951+0000][1][safepoint    ] Application time: 1.0001697 seconds
[2019-06-24T10:20:09.951+0000][1][safepoint    ] Entering safepoint region: Cleanup
[2019-06-24T10:20:09.951+0000][1][safepoint    ] Leaving safepoint region
[2019-06-24T10:20:09.951+0000][1][safepoint    ] Total time for which application threads were stopped: 0.0002224 seconds, Stopping threads took: 0.0000664 seconds
[2019-06-24T10:20:10.952+0000][1][safepoint    ] Application time: 1.0001460 seconds
[2019-06-24T10:20:10.952+0000][1][safepoint    ] Entering safepoint region: Cleanup
[2019-06-24T10:20:10.952+0000][1][safepoint    ] Leaving safepoint region
[2019-06-24T10:20:10.952+0000][1][safepoint    ] Total time for which application threads were stopped: 0.0002154 seconds, Stopping threads took: 0.0000645 seconds
[2019-06-24T10:20:11.952+0000][1][safepoint    ] Application time: 1.0001284 seconds
[2019-06-24T10:20:11.953+0000][1][safepoint    ] Entering safepoint region: Cleanup
[2019-06-24T10:20:11.953+0000][1][safepoint    ] Leaving safepoint region
[2019-06-24T10:20:11.953+0000][1][safepoint    ] Total time for which application threads were stopped: 0.0001324 seconds, Stopping threads took: 0.0000415 seconds
[2019-06-24T10:20:12.953+0000][1][safepoint    ] Application time: 1.0002532 seconds
[2019-06-24T10:20:12.953+0000][1][safepoint    ] Entering safepoint region: Cleanup
[2019-06-24T10:20:12.953+0000][1][safepoint    ] Leaving safepoint region
[2019-06-24T10:20:12.953+0000][1][safepoint    ] Total time for which application threads were stopped: 0.0003455 seconds, Stopping threads took: 0.0001012 seconds
[2019-06-24T10:20:13.954+0000][1][safepoint    ] Application time: 1.0001348 seconds
[2019-06-24T10:20:13.954+0000][1][safepoint    ] Entering safepoint region: Cleanup
[2019-06-24T10:20:13.954+0000][1][safepoint    ] Leaving safepoint region
[2019-06-24T10:20:13.954+0000][1][safepoint    ] Total time for which application threads were stopped: 0.0002161 seconds, Stopping threads took: 0.0000600 seconds
[2019-06-24T10:20:14.954+0000][1][safepoint    ] Application time: 1.0002621 seconds
[2019-06-24T10:20:14.954+0000][1][safepoint    ] Entering safepoint region: Cleanup
[2019-06-24T10:20:14.955+0000][1][safepoint    ] Leaving safepoint region
[2019-06-24T10:20:14.955+0000][1][safepoint    ] Total time for which application threads were stopped: 0.0003174 seconds, Stopping threads took: 0.0000639 seconds
[2019-06-24T10:20:15.955+0000][1][safepoint    ] Application time: 1.0001361 seconds
[2019-06-24T10:20:15.955+0000][1][safepoint    ] Entering safepoint region: Cleanup
[2019-06-24T10:20:15.955+0000][1][safepoint    ] Leaving safepoint region
[2019-06-24T10:20:15.955+0000][1][safepoint    ] Total time for which application threads were stopped: 0.0002228 seconds, Stopping threads took: 0.0000656 seconds
[2019-06-24T10:20:16.955+0000][1][safepoint    ] Application time: 1.0002037 seconds
[2019-06-24T10:20:16.956+0000][1][safepoint    ] Entering safepoint region: Cleanup
[2019-06-24T10:20:16.956+0000][1][safepoint    ] Leaving safepoint region
[2019-06-24T10:20:16.956+0000][1][safepoint    ] Total time for which application threads were stopped: 0.0002347 seconds, Stopping threads took: 0.0000762 seconds
[2019-06-24T10:20:17.956+0000][1][safepoint    ] Application time: 1.0002663 seconds
[2019-06-24T10:20:17.956+0000][1][safepoint    ] Entering safepoint region: Cleanup
[2019-06-24T10:20:17.956+0000][1][safepoint    ] Leaving safepoint region
[2019-06-24T10:20:17.956+0000][1][safepoint    ] Total time for which application threads were stopped: 0.0002765 seconds, Stopping threads took: 0.0000633 seconds
[2019-06-24T10:20:18.957+0000][1][safepoint    ] Application time: 1.0001767 seconds
[2019-06-24T10:20:18.957+0000][1][safepoint    ] Entering safepoint region: Cleanup
[2019-06-24T10:20:18.957+0000][1][safepoint    ] Leaving safepoint region
[2019-06-24T10:20:18.957+0000][1][safepoint    ] Total time for which application threads were stopped: 0.0000980 seconds, Stopping threads took: 0.0000281 seconds
[2019-06-24T10:20:19.957+0000][1][safepoint    ] Application time: 1.0002437 seconds
[2019-06-24T10:20:19.957+0000][1][safepoint    ] Entering safepoint region: Cleanup
[2019-06-24T10:20:19.957+0000][1][safepoint    ] Leaving safepoint region
[2019-06-24T10:20:19.957+0000][1][safepoint    ] Total time for which application threads were stopped: 0.0002351 seconds, Stopping threads took: 0.0000631 seconds
[2019-06-24T10:20:20.958+0000][1][safepoint    ] Application time: 1.0003162 seconds
[2019-06-24T10:20:20.958+0000][1][safepoint    ] Entering safepoint region: Cleanup
[2019-06-24T10:20:20.958+0000][1][safepoint    ] Leaving safepoint region
[2019-06-24T10:20:20.958+0000][1][safepoint    ] Total time for which application threads were stopped: 0.0001250 seconds, Stopping threads took: 0.0000376 seconds
[2019-06-24T10:20:21.958+0000][1][safepoint    ] Application time: 1.0002403 seconds
[2019-06-24T10:20:21.958+0000][1][safepoint    ] Entering safepoint region: Cleanup
[2019-06-24T10:20:21.959+0000][1][safepoint    ] Leaving safepoint region
[2019-06-24T10:20:21.959+0000][1][safepoint    ] Total time for which application threads were stopped: 0.0003298 seconds, Stopping threads took: 0.0000739 seconds
[2019-06-24T10:20:22.959+0000][1][safepoint    ] Application time: 1.0001384 seconds
[2019-06-24T10:20:22.959+0000][1][safepoint    ] Entering safepoint region: Cleanup
[2019-06-24T10:20:22.959+0000][1][safepoint    ] Leaving safepoint region
[2019-06-24T10:20:22.959+0000][1][safepoint    ] Total time for which application threads were stopped: 0.0000968 seconds, Stopping threads took: 0.0000271 seconds
[2019-06-24T10:20:23.959+0000][1][safepoint    ] Application time: 1.0001717 seconds
[2019-06-24T10:20:23.959+0000][1][safepoint    ] Entering safepoint region: Cleanup
[2019-06-24T10:20:23.959+0000][1][safepoint    ] Leaving safepoint region
[2019-06-24T10:20:23.959+0000][1][safepoint    ] Total time for which application threads were stopped: 0.0002286 seconds, Stopping threads took: 0.0000637 seconds
[2019-06-24T10:20:24.960+0000][1][safepoint    ] Application time: 1.0001354 seconds
[2019-06-24T10:20:24.960+0000][1][safepoint    ] Entering safepoint region: Cleanup
[2019-06-24T10:20:24.960+0000][1][safepoint    ] Leaving safepoint region
[2019-06-24T10:20:24.960+0000][1][safepoint    ] Total time for which application threads were stopped: 0.0002526 seconds, Stopping threads took: 0.0000744 seconds
[2019-06-24T10:20:25.960+0000][1][safepoint    ] Application time: 1.0001500 seconds
[2019-06-24T10:20:25.960+0000][1][safepoint    ] Entering safepoint region: Cleanup
[2019-06-24T10:20:25.960+0000][1][safepoint    ] Leaving safepoint region
[2019-06-24T10:20:25.961+0000][1][safepoint    ] Total time for which application threads were stopped: 0.0002278 seconds, Stopping threads took: 0.0000811 seconds
[2019-06-24T10:20:26.961+0000][1][safepoint    ] Application time: 1.0001126 seconds
[2019-06-24T10:20:26.961+0000][1][safepoint    ] Entering safepoint region: Cleanup
[2019-06-24T10:20:26.962+0000][1][safepoint    ] Leaving safepoint region
[2019-06-24T10:20:26.963+0000][1][safepoint    ] Total time for which application threads were stopped: 0.0020302 seconds, Stopping threads took: 0.0010173 seconds
[2019-06-24T10:20:27.963+0000][1][safepoint    ] Application time: 1.0002799 seconds
[2019-06-24T10:20:27.963+0000][1][safepoint    ] Entering safepoint region: Cleanup
[2019-06-24T10:20:27.964+0000][1][safepoint    ] Leaving safepoint region
[2019-06-24T10:20:27.964+0000][1][safepoint    ] Total time for which application threads were stopped: 0.0003138 seconds, Stopping threads took: 0.0001265 seconds
[2019-06-24T10:20:28.964+0000][1][safepoint    ] Application time: 1.0002677 seconds
[2019-06-24T10:20:28.964+0000][1][safepoint    ] Entering safepoint region: Cleanup
[2019-06-24T10:20:28.964+0000][1][safepoint    ] Leaving safepoint region
[2019-06-24T10:20:28.964+0000][1][safepoint    ] Total time for which application threads were stopped: 0.0002028 seconds, Stopping threads took: 0.0000623 seconds
[2019-06-24T10:20:29.964+0000][1][safepoint    ] Application time: 1.0002768 seconds
[2019-06-24T10:20:29.965+0000][1][safepoint    ] Entering safepoint region: Cleanup
[2019-06-24T10:20:29.965+0000][1][safepoint    ] Leaving safepoint region
[2019-06-24T10:20:29.965+0000][1][safepoint    ] Total time for which application threads were stopped: 0.0002419 seconds, Stopping threads took: 0.0000720 seconds
[2019-06-24T10:20:30.965+0000][1][safepoint    ] Application time: 1.0002425 seconds
[2019-06-24T10:20:30.965+0000][1][safepoint    ] Entering safepoint region: Cleanup
[2019-06-24T10:20:30.965+0000][1][safepoint    ] Leaving safepoint region
[2019-06-24T10:20:30.965+0000][1][safepoint    ] Total time for which application threads were stopped: 0.0002111 seconds, Stopping threads took: 0.0000731 seconds
[2019-06-24T10:20:31.966+0000][1][safepoint    ] Application time: 1.0001837 seconds
[2019-06-24T10:20:31.966+0000][1][safepoint    ] Entering safepoint region: Cleanup
[2019-06-24T10:20:31.967+0000][1][safepoint    ] Leaving safepoint region
[2019-06-24T10:20:31.967+0000][1][safepoint    ] Total time for which application threads were stopped: 0.0010160 seconds, Stopping threads took: 0.0008659 seconds
[2019-06-24T10:20:32.967+0000][1][safepoint    ] Application time: 1.0001282 seconds
[2019-06-24T10:20:32.967+0000][1][safepoint    ] Entering safepoint region: Cleanup
[2019-06-24T10:20:32.967+0000][1][safepoint    ] Leaving safepoint region
[2019-06-24T10:20:32.967+0000][1][safepoint    ] Total time for which application threads were stopped: 0.0002242 seconds, Stopping threads took: 0.0000543 seconds
[2019-06-24T10:20:33.968+0000][1][safepoint    ] Application time: 1.0002559 seconds
[2019-06-24T10:20:33.968+0000][1][safepoint    ] Entering safepoint region: Cleanup
[2019-06-24T10:20:33.968+0000][1][safepoint    ] Leaving safepoint region
[2019-06-24T10:20:33.968+0000][1][safepoint    ] Total time for which application threads were stopped: 0.0002128 seconds, Stopping threads took: 0.0000657 seconds
[2019-06-24T10:20:34.968+0000][1][safepoint    ] Application time: 1.0001955 seconds
[2019-06-24T10:20:34.968+0000][1][safepoint    ] Entering safepoint region: Cleanup
[2019-06-24T10:20:34.968+0000][1][safepoint    ] Leaving safepoint region
[2019-06-24T10:20:34.968+0000][1][safepoint    ] Total time for which application threads were stopped: 0.0002124 seconds, Stopping threads took: 0.0000638 seconds
[2019-06-24T10:20:35.969+0000][1][safepoint    ] Application time: 1.0002718 seconds
[2019-06-24T10:20:35.969+0000][1][safepoint    ] Entering safepoint region: Cleanup
[2019-06-24T10:20:35.969+0000][1][safepoint    ] Leaving safepoint region
[2019-06-24T10:20:35.969+0000][1][safepoint    ] Total time for which application threads were stopped: 0.0002141 seconds, Stopping threads took: 0.0000644 seconds
[2019-06-24T10:20:36.969+0000][1][safepoint    ] Application time: 1.0001186 seconds
[2019-06-24T10:20:36.969+0000][1][safepoint    ] Entering safepoint region: Cleanup
[2019-06-24T10:20:36.969+0000][1][safepoint    ] Leaving safepoint region
[2019-06-24T10:20:36.969+0000][1][safepoint    ] Total time for which application threads were stopped: 0.0001552 seconds, Stopping threads took: 0.0000466 seconds
[2019-06-24T10:20:37.970+0000][1][safepoint    ] Application time: 1.0002564 seconds
[2019-06-24T10:20:37.970+0000][1][safepoint    ] Entering safepoint region: Cleanup
[2019-06-24T10:20:37.970+0000][1][safepoint    ] Leaving safepoint region
[2019-06-24T10:20:37.970+0000][1][safepoint    ] Total time for which application threads were stopped: 0.0002842 seconds, Stopping threads took: 0.0001159 seconds
[2019-06-24T10:20:38.970+0000][1][safepoint    ] Application time: 1.0001813 seconds
[2019-06-24T10:20:38.970+0000][1][safepoint    ] Entering safepoint region: Cleanup
[2019-06-24T10:20:38.971+0000][1][safepoint    ] Leaving safepoint region
[2019-06-24T10:20:38.971+0000][1][safepoint    ] Total time for which application threads were stopped: 0.0002166 seconds, Stopping threads took: 0.0000452 seconds
[2019-06-24T10:20:39.971+0000][1][safepoint    ] Application time: 1.0001224 seconds
[2019-06-24T10:20:39.971+0000][1][safepoint    ] Entering safepoint region: Cleanup
[2019-06-24T10:20:39.971+0000][1][safepoint    ] Leaving safepoint region
[2019-06-24T10:20:39.971+0000][1][safepoint    ] Total time for which application threads were stopped: 0.0001999 seconds, Stopping threads took: 0.0000604 seconds
[2019-06-24T10:20:40.971+0000][1][safepoint    ] Application time: 1.0002390 seconds
[2019-06-24T10:20:40.971+0000][1][safepoint    ] Entering safepoint region: Cleanup
[2019-06-24T10:20:40.971+0000][1][safepoint    ] Leaving safepoint region
[2019-06-24T10:20:40.971+0000][1][safepoint    ] Total time for which application threads were stopped: 0.0000810 seconds, Stopping threads took: 0.0000239 seconds
[2019-06-24T10:20:41.972+0000][1][safepoint    ] Application time: 1.0001362 seconds
[2019-06-24T10:20:41.972+0000][1][safepoint    ] Entering safepoint region: Cleanup
[2019-06-24T10:20:41.972+0000][1][safepoint    ] Leaving safepoint region
[2019-06-24T10:20:41.972+0000][1][safepoint    ] Total time for which application threads were stopped: 0.0003154 seconds, Stopping threads took: 0.0000945 seconds
[2019-06-24T10:20:42.972+0000][1][safepoint    ] Application time: 1.0001368 seconds
[2019-06-24T10:20:42.972+0000][1][safepoint    ] Entering safepoint region: Cleanup
[2019-06-24T10:20:42.972+0000][1][safepoint    ] Leaving safepoint region
[2019-06-24T10:20:42.972+0000][1][safepoint    ] Total time for which application threads were stopped: 0.0000927 seconds, Stopping threads took: 0.0000289 seconds
[2019-06-24T10:20:43.973+0000][1][safepoint    ] Application time: 1.0002386 seconds
[2019-06-24T10:20:43.973+0000][1][safepoint    ] Entering safepoint region: Cleanup
[2019-06-24T10:20:43.973+0000][1][safepoint    ] Leaving safepoint region
[2019-06-24T10:20:43.973+0000][1][safepoint    ] Total time for which application threads were stopped: 0.0002361 seconds, Stopping threads took: 0.0000733 seconds
[2019-06-24T10:20:44.973+0000][1][safepoint    ] Application time: 1.0003973 seconds
[2019-06-24T10:20:44.973+0000][1][safepoint    ] Entering safepoint region: Cleanup
[2019-06-24T10:20:44.974+0000][1][safepoint    ] Leaving safepoint region
[2019-06-24T10:20:44.974+0000][1][safepoint    ] Total time for which application threads were stopped: 0.0000894 seconds, Stopping threads took: 0.0000226 seconds
[2019-06-24T10:20:45.974+0000][1][safepoint    ] Application time: 1.0002506 seconds
[2019-06-24T10:20:45.974+0000][1][safepoint    ] Entering safepoint region: Cleanup
[2019-06-24T10:20:45.974+0000][1][safepoint    ] Leaving safepoint region
[2019-06-24T10:20:45.974+0000][1][safepoint    ] Total time for which application threads were stopped: 0.0002093 seconds, Stopping threads took: 0.0000644 seconds
[2019-06-24T10:20:46.974+0000][1][safepoint    ] Application time: 1.0002515 seconds
[2019-06-24T10:20:46.975+0000][1][safepoint    ] Entering safepoint region: Cleanup
[2019-06-24T10:20:46.975+0000][1][safepoint    ] Leaving safepoint region
[2019-06-24T10:20:46.975+0000][1][safepoint    ] Total time for which application threads were stopped: 0.0001522 seconds, Stopping threads took: 0.0000502 seconds
[2019-06-24T10:20:47.975+0000][1][safepoint    ] Application time: 1.0002199 seconds
[2019-06-24T10:20:47.975+0000][1][safepoint    ] Entering safepoint region: Cleanup
[2019-06-24T10:20:47.975+0000][1][safepoint    ] Leaving safepoint region
[2019-06-24T10:20:47.975+0000][1][safepoint    ] Total time for which application threads were stopped: 0.0002094 seconds, Stopping threads took: 0.0000639 seconds
[2019-06-24T10:20:48.172+0000][1][safepoint    ] Application time: 0.1968796 seconds
[2019-06-24T10:20:48.172+0000][1][safepoint    ] Entering safepoint region: GenCollectForAllocation
[2019-06-24T10:20:48.172+0000][1][gc,start     ] GC(29) Pause Young (Allocation Failure)
[2019-06-24T10:20:48.173+0000][1][gc,task      ] GC(29) Using 5 workers of 8 for evacuation
[2019-06-24T10:20:48.175+0000][1][gc,age       ] GC(29) Desired survivor size 4456448 bytes, new threshold 6 (max threshold 6)
[2019-06-24T10:20:48.175+0000][1][gc,age       ] GC(29) Age table with threshold 6 (max threshold 6)
[2019-06-24T10:20:48.175+0000][1][gc,age       ] GC(29) - age   1:       9056 bytes,       9056 total
[2019-06-24T10:20:48.175+0000][1][gc,age       ] GC(29) - age   2:       1504 bytes,      10560 total
[2019-06-24T10:20:48.175+0000][1][gc,age       ] GC(29) - age   3:       1120 bytes,      11680 total
[2019-06-24T10:20:48.175+0000][1][gc,age       ] GC(29) - age   4:      58808 bytes,      70488 total
[2019-06-24T10:20:48.175+0000][1][gc,age       ] GC(29) - age   5:      26912 bytes,      97400 total
[2019-06-24T10:20:48.175+0000][1][gc,age       ] GC(29) - age   6:       3176 bytes,     100576 total
[2019-06-24T10:20:48.175+0000][1][gc,heap      ] GC(29) ParNew: 71446K->392K(78656K)
[2019-06-24T10:20:48.175+0000][1][gc,heap      ] GC(29) CMS: 69653K->69662K(174784K)
[2019-06-24T10:20:48.175+0000][1][gc,metaspace ] GC(29) Metaspace: 67982K->67982K(1112064K)
[2019-06-24T10:20:48.175+0000][1][gc           ] GC(29) Pause Young (Allocation Failure) 137M->68M(247M) 2.699ms
[2019-06-24T10:20:48.175+0000][1][gc,cpu       ] GC(29) User=0.01s Sys=0.00s Real=0.01s
[2019-06-24T10:20:48.175+0000][1][safepoint    ] Leaving safepoint region
[2019-06-24T10:20:48.175+0000][1][safepoint    ] Total time for which application threads were stopped: 0.0029789 seconds, Stopping threads took: 0.0000281 seconds
[2019-06-24T10:20:49.175+0000][1][safepoint    ] Application time: 1.0001982 seconds
[2019-06-24T10:20:49.176+0000][1][safepoint    ] Entering safepoint region: Cleanup
[2019-06-24T10:20:49.176+0000][1][safepoint    ] Leaving safepoint region
[2019-06-24T10:20:49.176+0000][1][safepoint    ] Total time for which application threads were stopped: 0.0002377 seconds, Stopping threads took: 0.0000633 seconds
[2019-06-24T10:20:50.176+0000][1][safepoint    ] Application time: 1.0002277 seconds
[2019-06-24T10:20:50.176+0000][1][safepoint    ] Entering safepoint region: Cleanup
[2019-06-24T10:20:50.176+0000][1][safepoint    ] Leaving safepoint region
[2019-06-24T10:20:50.176+0000][1][safepoint    ] Total time for which application threads were stopped: 0.0001119 seconds, Stopping threads took: 0.0000286 seconds
[2019-06-24T10:20:51.176+0000][1][safepoint    ] Application time: 1.0002561 seconds
[2019-06-24T10:20:51.177+0000][1][safepoint    ] Entering safepoint region: Cleanup
[2019-06-24T10:20:51.177+0000][1][safepoint    ] Leaving safepoint region
[2019-06-24T10:20:51.177+0000][1][safepoint    ] Total time for which application threads were stopped: 0.0002546 seconds, Stopping threads took: 0.0000754 seconds
[2019-06-24T10:20:52.177+0000][1][safepoint    ] Application time: 1.0001941 seconds
[2019-06-24T10:20:52.177+0000][1][safepoint    ] Entering safepoint region: Cleanup
[2019-06-24T10:20:52.177+0000][1][safepoint    ] Leaving safepoint region
[2019-06-24T10:20:52.177+0000][1][safepoint    ] Total time for which application threads were stopped: 0.0002728 seconds, Stopping threads took: 0.0000927 seconds
[2019-06-24T10:20:53.178+0000][1][safepoint    ] Application time: 1.0001407 seconds
[2019-06-24T10:20:53.178+0000][1][safepoint    ] Entering safepoint region: Cleanup
[2019-06-24T10:20:53.178+0000][1][safepoint    ] Leaving safepoint region
[2019-06-24T10:20:53.178+0000][1][safepoint    ] Total time for which application threads were stopped: 0.0001147 seconds, Stopping threads took: 0.0000351 seconds
[2019-06-24T10:20:54.178+0000][1][safepoint    ] Application time: 1.0002225 seconds
[2019-06-24T10:20:54.178+0000][1][safepoint    ] Entering safepoint region: Cleanup
[2019-06-24T10:20:54.178+0000][1][safepoint    ] Leaving safepoint region
[2019-06-24T10:20:54.178+0000][1][safepoint    ] Total time for which application threads were stopped: 0.0003107 seconds, Stopping threads took: 0.0001110 seconds
[2019-06-24T10:20:55.179+0000][1][safepoint    ] Application time: 1.0001676 seconds
[2019-06-24T10:20:55.179+0000][1][safepoint    ] Entering safepoint region: Cleanup
[2019-06-24T10:20:55.179+0000][1][safepoint    ] Leaving safepoint region
[2019-06-24T10:20:55.179+0000][1][safepoint    ] Total time for which application threads were stopped: 0.0002584 seconds, Stopping threads took: 0.0000809 seconds
[2019-06-24T10:20:56.179+0000][1][safepoint    ] Application time: 1.0002620 seconds
[2019-06-24T10:20:56.180+0000][1][safepoint    ] Entering safepoint region: Cleanup
[2019-06-24T10:20:56.180+0000][1][safepoint    ] Leaving safepoint region
[2019-06-24T10:20:56.180+0000][1][safepoint    ] Total time for which application threads were stopped: 0.0002248 seconds, Stopping threads took: 0.0000644 seconds
[2019-06-24T10:20:57.180+0000][1][safepoint    ] Application time: 1.0001852 seconds
[2019-06-24T10:20:57.180+0000][1][safepoint    ] Entering safepoint region: Cleanup
[2019-06-24T10:20:57.180+0000][1][safepoint    ] Leaving safepoint region
[2019-06-24T10:20:57.180+0000][1][safepoint    ] Total time for which application threads were stopped: 0.0002243 seconds, Stopping threads took: 0.0000654 seconds
[2019-06-24T10:20:58.180+0000][1][safepoint    ] Application time: 1.0001873 seconds
[2019-06-24T10:20:58.181+0000][1][safepoint    ] Entering safepoint region: Cleanup
[2019-06-24T10:20:58.181+0000][1][safepoint    ] Leaving safepoint region
[2019-06-24T10:20:58.181+0000][1][safepoint    ] Total time for which application threads were stopped: 0.0002999 seconds, Stopping threads took: 0.0001252 seconds
[2019-06-24T10:20:59.181+0000][1][safepoint    ] Application time: 1.0001667 seconds
[2019-06-24T10:20:59.181+0000][1][safepoint    ] Entering safepoint region: Cleanup
[2019-06-24T10:20:59.181+0000][1][safepoint    ] Leaving safepoint region
[2019-06-24T10:20:59.181+0000][1][safepoint    ] Total time for which application threads were stopped: 0.0002232 seconds, Stopping threads took: 0.0000624 seconds
[2019-06-24T10:21:00.182+0000][1][safepoint    ] Application time: 1.0003190 seconds
[2019-06-24T10:21:00.182+0000][1][safepoint    ] Entering safepoint region: Cleanup
[2019-06-24T10:21:00.182+0000][1][safepoint    ] Leaving safepoint region
[2019-06-24T10:21:00.182+0000][1][safepoint    ] Total time for which application threads were stopped: 0.0000945 seconds, Stopping threads took: 0.0000282 seconds
[2019-06-24T10:21:01.182+0000][1][safepoint    ] Application time: 1.0002606 seconds
[2019-06-24T10:21:01.182+0000][1][safepoint    ] Entering safepoint region: Cleanup
[2019-06-24T10:21:01.183+0000][1][safepoint    ] Leaving safepoint region
[2019-06-24T10:21:01.183+0000][1][safepoint    ] Total time for which application threads were stopped: 0.0003262 seconds, Stopping threads took: 0.0000674 seconds
[2019-06-24T10:21:02.183+0000][1][safepoint    ] Application time: 1.0001382 seconds
[2019-06-24T10:21:02.183+0000][1][safepoint    ] Entering safepoint region: Cleanup
[2019-06-24T10:21:02.183+0000][1][safepoint    ] Leaving safepoint region
[2019-06-24T10:21:02.183+0000][1][safepoint    ] Total time for which application threads were stopped: 0.0004706 seconds, Stopping threads took: 0.0002837 seconds
[2019-06-24T10:21:03.184+0000][1][safepoint    ] Application time: 1.0001477 seconds
[2019-06-24T10:21:03.184+0000][1][safepoint    ] Entering safepoint region: Cleanup
[2019-06-24T10:21:03.184+0000][1][safepoint    ] Leaving safepoint region
[2019-06-24T10:21:03.184+0000][1][safepoint    ] Total time for which application threads were stopped: 0.0002881 seconds, Stopping threads took: 0.0000843 seconds
[2019-06-24T10:21:04.184+0000][1][safepoint    ] Application time: 1.0002131 seconds
[2019-06-24T10:21:04.184+0000][1][safepoint    ] Entering safepoint region: Cleanup
[2019-06-24T10:21:04.184+0000][1][safepoint    ] Leaving safepoint region
[2019-06-24T10:21:04.184+0000][1][safepoint    ] Total time for which application threads were stopped: 0.0001638 seconds, Stopping threads took: 0.0000403 seconds
[2019-06-24T10:21:05.185+0000][1][safepoint    ] Application time: 1.0002652 seconds
[2019-06-24T10:21:05.185+0000][1][safepoint    ] Entering safepoint region: Cleanup
[2019-06-24T10:21:05.185+0000][1][safepoint    ] Leaving safepoint region
[2019-06-24T10:21:05.185+0000][1][safepoint    ] Total time for which application threads were stopped: 0.0002198 seconds, Stopping threads took: 0.0000649 seconds
[2019-06-24T10:21:06.185+0000][1][safepoint    ] Application time: 1.0002713 seconds
[2019-06-24T10:21:06.186+0000][1][safepoint    ] Entering safepoint region: Cleanup
[2019-06-24T10:21:06.186+0000][1][safepoint    ] Leaving safepoint region
[2019-06-24T10:21:06.186+0000][1][safepoint    ] Total time for which application threads were stopped: 0.0002196 seconds, Stopping threads took: 0.0000638 seconds
[2019-06-24T10:21:07.186+0000][1][safepoint    ] Application time: 1.0002684 seconds
[2019-06-24T10:21:07.187+0000][1][safepoint    ] Entering safepoint region: Cleanup
[2019-06-24T10:21:07.187+0000][1][safepoint    ] Leaving safepoint region
[2019-06-24T10:21:07.187+0000][1][safepoint    ] Total time for which application threads were stopped: 0.0007912 seconds, Stopping threads took: 0.0005814 seconds
[2019-06-24T10:21:08.187+0000][1][safepoint    ] Application time: 1.0002363 seconds
[2019-06-24T10:21:08.188+0000][1][safepoint    ] Entering safepoint region: Cleanup
[2019-06-24T10:21:08.188+0000][1][safepoint    ] Leaving safepoint region
[2019-06-24T10:21:08.188+0000][1][safepoint    ] Total time for which application threads were stopped: 0.0002103 seconds, Stopping threads took: 0.0000626 seconds
[2019-06-24T10:21:09.188+0000][1][safepoint    ] Application time: 1.0001301 seconds
[2019-06-24T10:21:09.188+0000][1][safepoint    ] Entering safepoint region: Cleanup
[2019-06-24T10:21:09.188+0000][1][safepoint    ] Leaving safepoint region
[2019-06-24T10:21:09.188+0000][1][safepoint    ] Total time for which application threads were stopped: 0.0002122 seconds, Stopping threads took: 0.0000621 seconds
[2019-06-24T10:21:10.188+0000][1][safepoint    ] Application time: 1.0002575 seconds
[2019-06-24T10:21:10.189+0000][1][safepoint    ] Entering safepoint region: Cleanup
[2019-06-24T10:21:10.189+0000][1][safepoint    ] Leaving safepoint region
[2019-06-24T10:21:10.189+0000][1][safepoint    ] Total time for which application threads were stopped: 0.0002072 seconds, Stopping threads took: 0.0000626 seconds
[2019-06-24T10:21:11.189+0000][1][safepoint    ] Application time: 1.0002648 seconds
[2019-06-24T10:21:11.189+0000][1][safepoint    ] Entering safepoint region: Cleanup
[2019-06-24T10:21:11.189+0000][1][safepoint    ] Leaving safepoint region
[2019-06-24T10:21:11.189+0000][1][safepoint    ] Total time for which application threads were stopped: 0.0002178 seconds, Stopping threads took: 0.0000631 seconds
[2019-06-24T10:21:12.190+0000][1][safepoint    ] Application time: 1.0002619 seconds
[2019-06-24T10:21:12.190+0000][1][safepoint    ] Entering safepoint region: Cleanup
[2019-06-24T10:21:12.190+0000][1][safepoint    ] Leaving safepoint region
[2019-06-24T10:21:12.190+0000][1][safepoint    ] Total time for which application threads were stopped: 0.0002561 seconds, Stopping threads took: 0.0001000 seconds
[2019-06-24T10:21:13.190+0000][1][safepoint    ] Application time: 1.0002603 seconds
[2019-06-24T10:21:13.191+0000][1][safepoint    ] Entering safepoint region: Cleanup
[2019-06-24T10:21:13.191+0000][1][safepoint    ] Leaving safepoint region
[2019-06-24T10:21:13.191+0000][1][safepoint    ] Total time for which application threads were stopped: 0.0004081 seconds, Stopping threads took: 0.0001971 seconds
[2019-06-24T10:21:14.191+0000][1][safepoint    ] Application time: 1.0002690 seconds
[2019-06-24T10:21:14.191+0000][1][safepoint    ] Entering safepoint region: Cleanup
[2019-06-24T10:21:14.191+0000][1][safepoint    ] Leaving safepoint region
[2019-06-24T10:21:14.192+0000][1][safepoint    ] Total time for which application threads were stopped: 0.0002180 seconds, Stopping threads took: 0.0000641 seconds
[2019-06-24T10:21:15.192+0000][1][safepoint    ] Application time: 1.0002603 seconds
[2019-06-24T10:21:15.192+0000][1][safepoint    ] Entering safepoint region: Cleanup
[2019-06-24T10:21:15.192+0000][1][safepoint    ] Leaving safepoint region
[2019-06-24T10:21:15.192+0000][1][safepoint    ] Total time for which application threads were stopped: 0.0002413 seconds, Stopping threads took: 0.0000934 seconds
[2019-06-24T10:21:16.192+0000][1][safepoint    ] Application time: 1.0001097 seconds
[2019-06-24T10:21:16.192+0000][1][safepoint    ] Entering safepoint region: Cleanup
[2019-06-24T10:21:16.192+0000][1][safepoint    ] Leaving safepoint region
[2019-06-24T10:21:16.192+0000][1][safepoint    ] Total time for which application threads were stopped: 0.0001215 seconds, Stopping threads took: 0.0000341 seconds
[2019-06-24T10:21:17.193+0000][1][safepoint    ] Application time: 1.0001680 seconds
[2019-06-24T10:21:17.193+0000][1][safepoint    ] Entering safepoint region: Cleanup
[2019-06-24T10:21:17.193+0000][1][safepoint    ] Leaving safepoint region
[2019-06-24T10:21:17.193+0000][1][safepoint    ] Total time for which application threads were stopped: 0.0001865 seconds, Stopping threads took: 0.0000460 seconds
[2019-06-24T10:21:18.193+0000][1][safepoint    ] Application time: 1.0002882 seconds
[2019-06-24T10:21:18.193+0000][1][safepoint    ] Entering safepoint region: Cleanup
[2019-06-24T10:21:18.194+0000][1][safepoint    ] Leaving safepoint region
[2019-06-24T10:21:18.194+0000][1][safepoint    ] Total time for which application threads were stopped: 0.0003546 seconds, Stopping threads took: 0.0001241 seconds
[2019-06-24T10:21:19.194+0000][1][safepoint    ] Application time: 1.0003016 seconds
[2019-06-24T10:21:19.194+0000][1][safepoint    ] Entering safepoint region: Cleanup
[2019-06-24T10:21:19.194+0000][1][safepoint    ] Leaving safepoint region
[2019-06-24T10:21:19.194+0000][1][safepoint    ] Total time for which application threads were stopped: 0.0001522 seconds, Stopping threads took: 0.0000510 seconds
[2019-06-24T10:21:20.195+0000][1][safepoint    ] Application time: 1.0002721 seconds
[2019-06-24T10:21:20.195+0000][1][safepoint    ] Entering safepoint region: Cleanup
[2019-06-24T10:21:20.195+0000][1][safepoint    ] Leaving safepoint region
[2019-06-24T10:21:20.195+0000][1][safepoint    ] Total time for which application threads were stopped: 0.0002914 seconds, Stopping threads took: 0.0001059 seconds
[2019-06-24T10:21:21.195+0000][1][safepoint    ] Application time: 1.0001922 seconds
[2019-06-24T10:21:21.195+0000][1][safepoint    ] Entering safepoint region: Cleanup
[2019-06-24T10:21:21.195+0000][1][safepoint    ] Leaving safepoint region
[2019-06-24T10:21:21.195+0000][1][safepoint    ] Total time for which application threads were stopped: 0.0001105 seconds, Stopping threads took: 0.0000323 seconds
[2019-06-24T10:21:22.196+0000][1][safepoint    ] Application time: 1.0002827 seconds
[2019-06-24T10:21:22.196+0000][1][safepoint    ] Entering safepoint region: Cleanup
[2019-06-24T10:21:22.196+0000][1][safepoint    ] Leaving safepoint region
[2019-06-24T10:21:22.196+0000][1][safepoint    ] Total time for which application threads were stopped: 0.0000971 seconds, Stopping threads took: 0.0000246 seconds
[2019-06-24T10:21:23.196+0000][1][safepoint    ] Application time: 1.0002713 seconds
[2019-06-24T10:21:23.196+0000][1][safepoint    ] Entering safepoint region: Cleanup
[2019-06-24T10:21:23.196+0000][1][safepoint    ] Leaving safepoint region
[2019-06-24T10:21:23.196+0000][1][safepoint    ] Total time for which application threads were stopped: 0.0002411 seconds, Stopping threads took: 0.0000725 seconds
[2019-06-24T10:21:24.197+0000][1][safepoint    ] Application time: 1.0002147 seconds
[2019-06-24T10:21:24.197+0000][1][safepoint    ] Entering safepoint region: Cleanup
[2019-06-24T10:21:24.197+0000][1][safepoint    ] Leaving safepoint region
[2019-06-24T10:21:24.197+0000][1][safepoint    ] Total time for which application threads were stopped: 0.0002633 seconds, Stopping threads took: 0.0001115 seconds
[2019-06-24T10:21:25.197+0000][1][safepoint    ] Application time: 1.0002408 seconds
[2019-06-24T10:21:25.197+0000][1][safepoint    ] Entering safepoint region: Cleanup
[2019-06-24T10:21:25.198+0000][1][safepoint    ] Leaving safepoint region
[2019-06-24T10:21:25.198+0000][1][safepoint    ] Total time for which application threads were stopped: 0.0001079 seconds, Stopping threads took: 0.0000320 seconds
[2019-06-24T10:21:26.198+0000][1][safepoint    ] Application time: 1.0001447 seconds
[2019-06-24T10:21:26.198+0000][1][safepoint    ] Entering safepoint region: Cleanup
[2019-06-24T10:21:26.198+0000][1][safepoint    ] Leaving safepoint region
[2019-06-24T10:21:26.198+0000][1][safepoint    ] Total time for which application threads were stopped: 0.0002303 seconds, Stopping threads took: 0.0000658 seconds
[2019-06-24T10:21:27.198+0000][1][safepoint    ] Application time: 1.0002785 seconds
[2019-06-24T10:21:27.198+0000][1][safepoint    ] Entering safepoint region: Cleanup
[2019-06-24T10:21:27.199+0000][1][safepoint    ] Leaving safepoint region
[2019-06-24T10:21:27.199+0000][1][safepoint    ] Total time for which application threads were stopped: 0.0001148 seconds, Stopping threads took: 0.0000246 seconds
[2019-06-24T10:21:28.199+0000][1][safepoint    ] Application time: 1.0001935 seconds
[2019-06-24T10:21:28.199+0000][1][safepoint    ] Entering safepoint region: Cleanup
[2019-06-24T10:21:28.199+0000][1][safepoint    ] Leaving safepoint region
[2019-06-24T10:21:28.199+0000][1][safepoint    ] Total time for which application threads were stopped: 0.0003022 seconds, Stopping threads took: 0.0000638 seconds
[2019-06-24T10:21:29.199+0000][1][safepoint    ] Application time: 1.0001770 seconds
[2019-06-24T10:21:29.199+0000][1][safepoint    ] Entering safepoint region: Cleanup
[2019-06-24T10:21:29.200+0000][1][safepoint    ] Leaving safepoint region
[2019-06-24T10:21:29.200+0000][1][safepoint    ] Total time for which application threads were stopped: 0.0002103 seconds, Stopping threads took: 0.0000565 seconds
[2019-06-24T10:21:30.200+0000][1][safepoint    ] Application time: 1.0001744 seconds
[2019-06-24T10:21:30.200+0000][1][safepoint    ] Entering safepoint region: Cleanup
[2019-06-24T10:21:30.200+0000][1][safepoint    ] Leaving safepoint region
[2019-06-24T10:21:30.200+0000][1][safepoint    ] Total time for which application threads were stopped: 0.0001065 seconds, Stopping threads took: 0.0000302 seconds
[2019-06-24T10:21:31.200+0000][1][safepoint    ] Application time: 1.0002520 seconds
[2019-06-24T10:21:31.200+0000][1][safepoint    ] Entering safepoint region: Cleanup
[2019-06-24T10:21:31.201+0000][1][safepoint    ] Leaving safepoint region
[2019-06-24T10:21:31.201+0000][1][safepoint    ] Total time for which application threads were stopped: 0.0002179 seconds, Stopping threads took: 0.0000644 seconds
[2019-06-24T10:21:32.201+0000][1][safepoint    ] Application time: 1.0002643 seconds
[2019-06-24T10:21:32.201+0000][1][safepoint    ] Entering safepoint region: Cleanup
[2019-06-24T10:21:32.201+0000][1][safepoint    ] Leaving safepoint region
[2019-06-24T10:21:32.201+0000][1][safepoint    ] Total time for which application threads were stopped: 0.0002488 seconds, Stopping threads took: 0.0000636 seconds
[2019-06-24T10:21:33.202+0000][1][safepoint    ] Application time: 1.0002625 seconds
[2019-06-24T10:21:33.202+0000][1][safepoint    ] Entering safepoint region: Cleanup
[2019-06-24T10:21:33.202+0000][1][safepoint    ] Leaving safepoint region
[2019-06-24T10:21:33.202+0000][1][safepoint    ] Total time for which application threads were stopped: 0.0002090 seconds, Stopping threads took: 0.0000612 seconds
[2019-06-24T10:21:34.202+0000][1][safepoint    ] Application time: 1.0001066 seconds
[2019-06-24T10:21:34.202+0000][1][safepoint    ] Entering safepoint region: Cleanup
[2019-06-24T10:21:34.202+0000][1][safepoint    ] Leaving safepoint region
[2019-06-24T10:21:34.202+0000][1][safepoint    ] Total time for which application threads were stopped: 0.0001024 seconds, Stopping threads took: 0.0000256 seconds
[2019-06-24T10:21:35.202+0000][1][safepoint    ] Application time: 1.0000908 seconds
[2019-06-24T10:21:35.202+0000][1][safepoint    ] Entering safepoint region: Cleanup
[2019-06-24T10:21:35.202+0000][1][safepoint    ] Leaving safepoint region
[2019-06-24T10:21:35.202+0000][1][safepoint    ] Total time for which application threads were stopped: 0.0001115 seconds, Stopping threads took: 0.0000324 seconds
[2019-06-24T10:21:36.203+0000][1][safepoint    ] Application time: 1.0001826 seconds
[2019-06-24T10:21:36.203+0000][1][safepoint    ] Entering safepoint region: Cleanup
[2019-06-24T10:21:36.203+0000][1][safepoint    ] Leaving safepoint region
[2019-06-24T10:21:36.203+0000][1][safepoint    ] Total time for which application threads were stopped: 0.0002106 seconds, Stopping threads took: 0.0000643 seconds
[2019-06-24T10:21:37.203+0000][1][safepoint    ] Application time: 1.0002737 seconds
[2019-06-24T10:21:37.203+0000][1][safepoint    ] Entering safepoint region: Cleanup
[2019-06-24T10:21:37.204+0000][1][safepoint    ] Leaving safepoint region
[2019-06-24T10:21:37.204+0000][1][safepoint    ] Total time for which application threads were stopped: 0.0002171 seconds, Stopping threads took: 0.0000630 seconds
[2019-06-24T10:21:38.204+0000][1][safepoint    ] Application time: 1.0001339 seconds
[2019-06-24T10:21:38.204+0000][1][safepoint    ] Entering safepoint region: Cleanup
[2019-06-24T10:21:38.204+0000][1][safepoint    ] Leaving safepoint region
[2019-06-24T10:21:38.204+0000][1][safepoint    ] Total time for which application threads were stopped: 0.0003010 seconds, Stopping threads took: 0.0000864 seconds
[2019-06-24T10:21:39.204+0000][1][safepoint    ] Application time: 1.0001670 seconds
[2019-06-24T10:21:39.205+0000][1][safepoint    ] Entering safepoint region: Cleanup
[2019-06-24T10:21:39.205+0000][1][safepoint    ] Leaving safepoint region
[2019-06-24T10:21:39.205+0000][1][safepoint    ] Total time for which application threads were stopped: 0.0002493 seconds, Stopping threads took: 0.0000733 seconds
[2019-06-24T10:21:40.205+0000][1][safepoint    ] Application time: 1.0001346 seconds
[2019-06-24T10:21:40.205+0000][1][safepoint    ] Entering safepoint region: Cleanup
[2019-06-24T10:21:40.205+0000][1][safepoint    ] Leaving safepoint region
[2019-06-24T10:21:40.205+0000][1][safepoint    ] Total time for which application threads were stopped: 0.0001867 seconds, Stopping threads took: 0.0000546 seconds
[2019-06-24T10:21:41.205+0000][1][safepoint    ] Application time: 1.0002557 seconds
[2019-06-24T10:21:41.206+0000][1][safepoint    ] Entering safepoint region: Cleanup
[2019-06-24T10:21:41.206+0000][1][safepoint    ] Leaving safepoint region
[2019-06-24T10:21:41.206+0000][1][safepoint    ] Total time for which application threads were stopped: 0.0002322 seconds, Stopping threads took: 0.0000642 seconds
[2019-06-24T10:21:42.206+0000][1][safepoint    ] Application time: 1.0002683 seconds
[2019-06-24T10:21:42.206+0000][1][safepoint    ] Entering safepoint region: Cleanup
[2019-06-24T10:21:42.206+0000][1][safepoint    ] Leaving safepoint region
[2019-06-24T10:21:42.207+0000][1][safepoint    ] Total time for which application threads were stopped: 0.0003247 seconds, Stopping threads took: 0.0000641 seconds
[2019-06-24T10:21:43.207+0000][1][safepoint    ] Application time: 1.0001582 seconds
[2019-06-24T10:21:43.207+0000][1][safepoint    ] Entering safepoint region: Cleanup
[2019-06-24T10:21:43.207+0000][1][safepoint    ] Leaving safepoint region
[2019-06-24T10:21:43.207+0000][1][safepoint    ] Total time for which application threads were stopped: 0.0002141 seconds, Stopping threads took: 0.0000648 seconds
[2019-06-24T10:21:44.207+0000][1][safepoint    ] Application time: 1.0001913 seconds
[2019-06-24T10:21:44.207+0000][1][safepoint    ] Entering safepoint region: Cleanup
[2019-06-24T10:21:44.208+0000][1][safepoint    ] Leaving safepoint region
[2019-06-24T10:21:44.208+0000][1][safepoint    ] Total time for which application threads were stopped: 0.0002653 seconds, Stopping threads took: 0.0000757 seconds
[2019-06-24T10:21:45.208+0000][1][safepoint    ] Application time: 1.0001600 seconds
[2019-06-24T10:21:45.208+0000][1][safepoint    ] Entering safepoint region: Cleanup
[2019-06-24T10:21:45.208+0000][1][safepoint    ] Leaving safepoint region
[2019-06-24T10:21:45.208+0000][1][safepoint    ] Total time for which application threads were stopped: 0.0001564 seconds, Stopping threads took: 0.0000455 seconds
[2019-06-24T10:21:46.208+0000][1][safepoint    ] Application time: 1.0002178 seconds
[2019-06-24T10:21:46.208+0000][1][safepoint    ] Entering safepoint region: Cleanup
[2019-06-24T10:21:46.208+0000][1][safepoint    ] Leaving safepoint region
[2019-06-24T10:21:46.208+0000][1][safepoint    ] Total time for which application threads were stopped: 0.0000913 seconds, Stopping threads took: 0.0000255 seconds
[2019-06-24T10:21:47.209+0000][1][safepoint    ] Application time: 1.0001202 seconds
[2019-06-24T10:21:47.209+0000][1][safepoint    ] Entering safepoint region: Cleanup
[2019-06-24T10:21:47.209+0000][1][safepoint    ] Leaving safepoint region
[2019-06-24T10:21:47.209+0000][1][safepoint    ] Total time for which application threads were stopped: 0.0000796 seconds, Stopping threads took: 0.0000232 seconds
[2019-06-24T10:21:48.209+0000][1][safepoint    ] Application time: 1.0002452 seconds
[2019-06-24T10:21:48.209+0000][1][safepoint    ] Entering safepoint region: Cleanup
[2019-06-24T10:21:48.209+0000][1][safepoint    ] Leaving safepoint region
[2019-06-24T10:21:48.210+0000][1][safepoint    ] Total time for which application threads were stopped: 0.0002547 seconds, Stopping threads took: 0.0000686 seconds
[2019-06-24T10:21:49.210+0000][1][safepoint    ] Application time: 1.0002614 seconds
[2019-06-24T10:21:49.210+0000][1][safepoint    ] Entering safepoint region: Cleanup
[2019-06-24T10:21:49.210+0000][1][safepoint    ] Leaving safepoint region
[2019-06-24T10:21:49.210+0000][1][safepoint    ] Total time for which application threads were stopped: 0.0002518 seconds, Stopping threads took: 0.0000726 seconds
[2019-06-24T10:21:50.210+0000][1][safepoint    ] Application time: 1.0001435 seconds
[2019-06-24T10:21:50.211+0000][1][safepoint    ] Entering safepoint region: Cleanup
[2019-06-24T10:21:50.211+0000][1][safepoint    ] Leaving safepoint region
[2019-06-24T10:21:50.211+0000][1][safepoint    ] Total time for which application threads were stopped: 0.0002875 seconds, Stopping threads took: 0.0000822 seconds
[2019-06-24T10:21:51.211+0000][1][safepoint    ] Application time: 1.0002400 seconds
[2019-06-24T10:21:51.211+0000][1][safepoint    ] Entering safepoint region: Cleanup
[2019-06-24T10:21:51.211+0000][1][safepoint    ] Leaving safepoint region
[2019-06-24T10:21:51.211+0000][1][safepoint    ] Total time for which application threads were stopped: 0.0002149 seconds, Stopping threads took: 0.0000643 seconds
[2019-06-24T10:21:52.212+0000][1][safepoint    ] Application time: 1.0001329 seconds
[2019-06-24T10:21:52.212+0000][1][safepoint    ] Entering safepoint region: Cleanup
[2019-06-24T10:21:52.212+0000][1][safepoint    ] Leaving safepoint region
[2019-06-24T10:21:52.212+0000][1][safepoint    ] Total time for which application threads were stopped: 0.0002177 seconds, Stopping threads took: 0.0000638 seconds
[2019-06-24T10:21:53.212+0000][1][safepoint    ] Application time: 1.0002818 seconds
[2019-06-24T10:21:53.212+0000][1][safepoint    ] Entering safepoint region: Cleanup
[2019-06-24T10:21:53.213+0000][1][safepoint    ] Leaving safepoint region
[2019-06-24T10:21:53.213+0000][1][safepoint    ] Total time for which application threads were stopped: 0.0002689 seconds, Stopping threads took: 0.0000789 seconds
[2019-06-24T10:21:54.213+0000][1][safepoint    ] Application time: 1.0002891 seconds
[2019-06-24T10:21:54.213+0000][1][safepoint    ] Entering safepoint region: Cleanup
[2019-06-24T10:21:54.213+0000][1][safepoint    ] Leaving safepoint region
[2019-06-24T10:21:54.213+0000][1][safepoint    ] Total time for which application threads were stopped: 0.0001062 seconds, Stopping threads took: 0.0000291 seconds
[2019-06-24T10:21:55.213+0000][1][safepoint    ] Application time: 1.0001250 seconds
[2019-06-24T10:21:55.213+0000][1][safepoint    ] Entering safepoint region: Cleanup
[2019-06-24T10:21:55.213+0000][1][safepoint    ] Leaving safepoint region
[2019-06-24T10:21:55.213+0000][1][safepoint    ] Total time for which application threads were stopped: 0.0001103 seconds, Stopping threads took: 0.0000397 seconds
[2019-06-24T10:21:56.214+0000][1][safepoint    ] Application time: 1.0002265 seconds
[2019-06-24T10:21:56.214+0000][1][safepoint    ] Entering safepoint region: Cleanup
[2019-06-24T10:21:56.214+0000][1][safepoint    ] Leaving safepoint region
[2019-06-24T10:21:56.214+0000][1][safepoint    ] Total time for which application threads were stopped: 0.0002608 seconds, Stopping threads took: 0.0000749 seconds
[2019-06-24T10:21:57.214+0000][1][safepoint    ] Application time: 1.0001217 seconds
[2019-06-24T10:21:57.214+0000][1][safepoint    ] Entering safepoint region: Cleanup
[2019-06-24T10:21:57.215+0000][1][safepoint    ] Leaving safepoint region
[2019-06-24T10:21:57.215+0000][1][safepoint    ] Total time for which application threads were stopped: 0.0003154 seconds, Stopping threads took: 0.0000637 seconds
[2019-06-24T10:21:58.215+0000][1][safepoint    ] Application time: 1.0002750 seconds
[2019-06-24T10:21:58.215+0000][1][safepoint    ] Entering safepoint region: Cleanup
[2019-06-24T10:21:58.215+0000][1][safepoint    ] Leaving safepoint region
[2019-06-24T10:21:58.215+0000][1][safepoint    ] Total time for which application threads were stopped: 0.0003127 seconds, Stopping threads took: 0.0000673 seconds
[2019-06-24T10:21:59.216+0000][1][safepoint    ] Application time: 1.0002686 seconds
[2019-06-24T10:21:59.216+0000][1][safepoint    ] Entering safepoint region: Cleanup
[2019-06-24T10:21:59.216+0000][1][safepoint    ] Leaving safepoint region
[2019-06-24T10:21:59.216+0000][1][safepoint    ] Total time for which application threads were stopped: 0.0003216 seconds, Stopping threads took: 0.0000649 seconds
[2019-06-24T10:22:00.217+0000][1][safepoint    ] Application time: 1.0002759 seconds
[2019-06-24T10:22:00.217+0000][1][safepoint    ] Entering safepoint region: Cleanup
[2019-06-24T10:22:00.217+0000][1][safepoint    ] Leaving safepoint region
[2019-06-24T10:22:00.217+0000][1][safepoint    ] Total time for which application threads were stopped: 0.0002352 seconds, Stopping threads took: 0.0000651 seconds
[2019-06-24T10:22:02.077+0000][1][safepoint    ] Application time: 1.8599757 seconds
[2019-06-24T10:22:02.077+0000][1][safepoint    ] Entering safepoint region: Cleanup
[2019-06-24T10:22:02.077+0000][1][safepoint    ] Leaving safepoint region
[2019-06-24T10:22:02.077+0000][1][safepoint    ] Total time for which application threads were stopped: 0.0001429 seconds, Stopping threads took: 0.0000329 seconds
[2019-06-24T10:22:03.077+0000][1][safepoint    ] Application time: 1.0002724 seconds
[2019-06-24T10:22:03.078+0000][1][safepoint    ] Entering safepoint region: Cleanup
[2019-06-24T10:22:03.078+0000][1][safepoint    ] Leaving safepoint region
[2019-06-24T10:22:03.078+0000][1][safepoint    ] Total time for which application threads were stopped: 0.0003073 seconds, Stopping threads took: 0.0000750 seconds
[2019-06-24T10:22:04.078+0000][1][safepoint    ] Application time: 1.0002764 seconds
[2019-06-24T10:22:04.078+0000][1][safepoint    ] Entering safepoint region: Cleanup
[2019-06-24T10:22:04.079+0000][1][safepoint    ] Leaving safepoint region
[2019-06-24T10:22:04.079+0000][1][safepoint    ] Total time for which application threads were stopped: 0.0003314 seconds, Stopping threads took: 0.0000639 seconds
[2019-06-24T10:22:05.079+0000][1][safepoint    ] Application time: 1.0001483 seconds
[2019-06-24T10:22:05.079+0000][1][safepoint    ] Entering safepoint region: Cleanup
[2019-06-24T10:22:05.079+0000][1][safepoint    ] Leaving safepoint region
[2019-06-24T10:22:05.079+0000][1][safepoint    ] Total time for which application threads were stopped: 0.0002490 seconds, Stopping threads took: 0.0000631 seconds
[2019-06-24T10:22:06.079+0000][1][safepoint    ] Application time: 1.0002591 seconds
[2019-06-24T10:22:06.080+0000][1][safepoint    ] Entering safepoint region: Cleanup
[2019-06-24T10:22:06.080+0000][1][safepoint    ] Leaving safepoint region
[2019-06-24T10:22:06.080+0000][1][safepoint    ] Total time for which application threads were stopped: 0.0002271 seconds, Stopping threads took: 0.0000627 seconds
[2019-06-24T10:22:07.080+0000][1][safepoint    ] Application time: 1.0001396 seconds
[2019-06-24T10:22:07.080+0000][1][safepoint    ] Entering safepoint region: Cleanup
[2019-06-24T10:22:07.080+0000][1][safepoint    ] Leaving safepoint region
[2019-06-24T10:22:07.080+0000][1][safepoint    ] Total time for which application threads were stopped: 0.0000836 seconds, Stopping threads took: 0.0000238 seconds
[2019-06-24T10:22:08.080+0000][1][safepoint    ] Application time: 1.0002436 seconds
[2019-06-24T10:22:08.080+0000][1][safepoint    ] Entering safepoint region: Cleanup
[2019-06-24T10:22:08.081+0000][1][safepoint    ] Leaving safepoint region
[2019-06-24T10:22:08.081+0000][1][safepoint    ] Total time for which application threads were stopped: 0.0003428 seconds, Stopping threads took: 0.0000769 seconds
[2019-06-24T10:22:09.081+0000][1][safepoint    ] Application time: 1.0001631 seconds
[2019-06-24T10:22:09.081+0000][1][safepoint    ] Entering safepoint region: Cleanup
[2019-06-24T10:22:09.081+0000][1][safepoint    ] Leaving safepoint region
[2019-06-24T10:22:09.081+0000][1][safepoint    ] Total time for which application threads were stopped: 0.0001480 seconds, Stopping threads took: 0.0000457 seconds
[2019-06-24T10:22:10.082+0000][1][safepoint    ] Application time: 1.0002630 seconds
[2019-06-24T10:22:10.082+0000][1][safepoint    ] Entering safepoint region: Cleanup
[2019-06-24T10:22:10.082+0000][1][safepoint    ] Leaving safepoint region
[2019-06-24T10:22:10.082+0000][1][safepoint    ] Total time for which application threads were stopped: 0.0002693 seconds, Stopping threads took: 0.0000730 seconds
[2019-06-24T10:22:11.082+0000][1][safepoint    ] Application time: 1.0001890 seconds
[2019-06-24T10:22:11.082+0000][1][safepoint    ] Entering safepoint region: Cleanup
[2019-06-24T10:22:11.082+0000][1][safepoint    ] Leaving safepoint region
[2019-06-24T10:22:11.082+0000][1][safepoint    ] Total time for which application threads were stopped: 0.0002177 seconds, Stopping threads took: 0.0000603 seconds
[2019-06-24T10:22:12.083+0000][1][safepoint    ] Application time: 1.0001789 seconds
[2019-06-24T10:22:12.083+0000][1][safepoint    ] Entering safepoint region: Cleanup
[2019-06-24T10:22:12.083+0000][1][safepoint    ] Leaving safepoint region
[2019-06-24T10:22:12.083+0000][1][safepoint    ] Total time for which application threads were stopped: 0.0003314 seconds, Stopping threads took: 0.0000941 seconds
[2019-06-24T10:22:13.083+0000][1][safepoint    ] Application time: 1.0001777 seconds
[2019-06-24T10:22:13.084+0000][1][safepoint    ] Entering safepoint region: Cleanup
[2019-06-24T10:22:13.084+0000][1][safepoint    ] Leaving safepoint region
[2019-06-24T10:22:13.084+0000][1][safepoint    ] Total time for which application threads were stopped: 0.0002317 seconds, Stopping threads took: 0.0000887 seconds
[2019-06-24T10:22:14.084+0000][1][safepoint    ] Application time: 1.0002560 seconds
[2019-06-24T10:22:14.084+0000][1][safepoint    ] Entering safepoint region: Cleanup
[2019-06-24T10:22:14.084+0000][1][safepoint    ] Leaving safepoint region
[2019-06-24T10:22:14.084+0000][1][safepoint    ] Total time for which application threads were stopped: 0.0002622 seconds, Stopping threads took: 0.0000874 seconds
[2019-06-24T10:22:15.085+0000][1][safepoint    ] Application time: 1.0002713 seconds
[2019-06-24T10:22:15.085+0000][1][safepoint    ] Entering safepoint region: Cleanup
[2019-06-24T10:22:15.085+0000][1][safepoint    ] Leaving safepoint region
[2019-06-24T10:22:15.085+0000][1][safepoint    ] Total time for which application threads were stopped: 0.0002672 seconds, Stopping threads took: 0.0000895 seconds
[2019-06-24T10:22:16.085+0000][1][safepoint    ] Application time: 1.0001584 seconds
[2019-06-24T10:22:16.086+0000][1][safepoint    ] Entering safepoint region: Cleanup
[2019-06-24T10:22:16.086+0000][1][safepoint    ] Leaving safepoint region
[2019-06-24T10:22:16.086+0000][1][safepoint    ] Total time for which application threads were stopped: 0.0003184 seconds, Stopping threads took: 0.0000885 seconds
[2019-06-24T10:22:17.086+0000][1][safepoint    ] Application time: 1.0002235 seconds
[2019-06-24T10:22:17.086+0000][1][safepoint    ] Entering safepoint region: Cleanup
[2019-06-24T10:22:17.086+0000][1][safepoint    ] Leaving safepoint region
[2019-06-24T10:22:17.086+0000][1][safepoint    ] Total time for which application threads were stopped: 0.0002660 seconds, Stopping threads took: 0.0000869 seconds
[2019-06-24T10:22:18.087+0000][1][safepoint    ] Application time: 1.0002392 seconds
[2019-06-24T10:22:18.087+0000][1][safepoint    ] Entering safepoint region: Cleanup
[2019-06-24T10:22:18.087+0000][1][safepoint    ] Leaving safepoint region
[2019-06-24T10:22:18.087+0000][1][safepoint    ] Total time for which application threads were stopped: 0.0002281 seconds, Stopping threads took: 0.0000616 seconds
[2019-06-24T10:22:19.087+0000][1][safepoint    ] Application time: 1.0001270 seconds
[2019-06-24T10:22:19.087+0000][1][safepoint    ] Entering safepoint region: Cleanup
[2019-06-24T10:22:19.087+0000][1][safepoint    ] Leaving safepoint region
[2019-06-24T10:22:19.088+0000][1][safepoint    ] Total time for which application threads were stopped: 0.0002153 seconds, Stopping threads took: 0.0000585 seconds
[2019-06-24T10:22:20.088+0000][1][safepoint    ] Application time: 1.0002220 seconds
[2019-06-24T10:22:20.088+0000][1][safepoint    ] Entering safepoint region: Cleanup
[2019-06-24T10:22:20.088+0000][1][safepoint    ] Leaving safepoint region
[2019-06-24T10:22:20.088+0000][1][safepoint    ] Total time for which application threads were stopped: 0.0002497 seconds, Stopping threads took: 0.0000719 seconds
[2019-06-24T10:22:21.088+0000][1][safepoint    ] Application time: 1.0002589 seconds
[2019-06-24T10:22:21.089+0000][1][safepoint    ] Entering safepoint region: Cleanup
[2019-06-24T10:22:21.089+0000][1][safepoint    ] Leaving safepoint region
[2019-06-24T10:22:21.089+0000][1][safepoint    ] Total time for which application threads were stopped: 0.0002300 seconds, Stopping threads took: 0.0000622 seconds
[2019-06-24T10:22:22.089+0000][1][safepoint    ] Application time: 1.0002467 seconds
[2019-06-24T10:22:22.089+0000][1][safepoint    ] Entering safepoint region: Cleanup
[2019-06-24T10:22:22.089+0000][1][safepoint    ] Leaving safepoint region
[2019-06-24T10:22:22.089+0000][1][safepoint    ] Total time for which application threads were stopped: 0.0001583 seconds, Stopping threads took: 0.0000418 seconds
[2019-06-24T10:22:23.090+0000][1][safepoint    ] Application time: 1.0002441 seconds
[2019-06-24T10:22:23.090+0000][1][safepoint    ] Entering safepoint region: Cleanup
[2019-06-24T10:22:23.090+0000][1][safepoint    ] Leaving safepoint region
[2019-06-24T10:22:23.090+0000][1][safepoint    ] Total time for which application threads were stopped: 0.0002270 seconds, Stopping threads took: 0.0000621 seconds
[2019-06-24T10:22:24.090+0000][1][safepoint    ] Application time: 1.0001810 seconds
[2019-06-24T10:22:24.090+0000][1][safepoint    ] Entering safepoint region: Cleanup
[2019-06-24T10:22:24.090+0000][1][safepoint    ] Leaving safepoint region
[2019-06-24T10:22:24.090+0000][1][safepoint    ] Total time for which application threads were stopped: 0.0002398 seconds, Stopping threads took: 0.0000616 seconds
[2019-06-24T10:22:25.091+0000][1][safepoint    ] Application time: 1.0001430 seconds
[2019-06-24T10:22:25.091+0000][1][safepoint    ] Entering safepoint region: Cleanup
[2019-06-24T10:22:25.091+0000][1][safepoint    ] Leaving safepoint region
[2019-06-24T10:22:25.091+0000][1][safepoint    ] Total time for which application threads were stopped: 0.0003041 seconds, Stopping threads took: 0.0000880 seconds
[2019-06-24T10:22:26.091+0000][1][safepoint    ] Application time: 1.0002547 seconds
[2019-06-24T10:22:26.092+0000][1][safepoint    ] Entering safepoint region: Cleanup
[2019-06-24T10:22:26.092+0000][1][safepoint    ] Leaving safepoint region
[2019-06-24T10:22:26.092+0000][1][safepoint    ] Total time for which application threads were stopped: 0.0003842 seconds, Stopping threads took: 0.0002095 seconds
[2019-06-24T10:22:27.092+0000][1][safepoint    ] Application time: 1.0003302 seconds
[2019-06-24T10:22:27.092+0000][1][safepoint    ] Entering safepoint region: Cleanup
[2019-06-24T10:22:27.092+0000][1][safepoint    ] Leaving safepoint region
[2019-06-24T10:22:27.092+0000][1][safepoint    ] Total time for which application threads were stopped: 0.0000975 seconds, Stopping threads took: 0.0000250 seconds
[2019-06-24T10:22:28.093+0000][1][safepoint    ] Application time: 1.0002558 seconds
[2019-06-24T10:22:28.093+0000][1][safepoint    ] Entering safepoint region: Cleanup
[2019-06-24T10:22:28.093+0000][1][safepoint    ] Leaving safepoint region
[2019-06-24T10:22:28.093+0000][1][safepoint    ] Total time for which application threads were stopped: 0.0002342 seconds, Stopping threads took: 0.0000646 seconds
[2019-06-24T10:22:29.093+0000][1][safepoint    ] Application time: 1.0002902 seconds
[2019-06-24T10:22:29.093+0000][1][safepoint    ] Entering safepoint region: Cleanup
[2019-06-24T10:22:29.093+0000][1][safepoint    ] Leaving safepoint region
[2019-06-24T10:22:29.093+0000][1][safepoint    ] Total time for which application threads were stopped: 0.0000892 seconds, Stopping threads took: 0.0000242 seconds
[2019-06-24T10:22:30.094+0000][1][safepoint    ] Application time: 1.0001370 seconds
[2019-06-24T10:22:30.094+0000][1][safepoint    ] Entering safepoint region: Cleanup
[2019-06-24T10:22:30.095+0000][1][safepoint    ] Leaving safepoint region
[2019-06-24T10:22:30.095+0000][1][safepoint    ] Total time for which application threads were stopped: 0.0012889 seconds, Stopping threads took: 0.0009853 seconds
[2019-06-24T10:22:31.095+0000][1][safepoint    ] Application time: 1.0002785 seconds
[2019-06-24T10:22:31.096+0000][1][safepoint    ] Entering safepoint region: Cleanup
[2019-06-24T10:22:31.096+0000][1][safepoint    ] Leaving safepoint region
[2019-06-24T10:22:31.096+0000][1][safepoint    ] Total time for which application threads were stopped: 0.0002348 seconds, Stopping threads took: 0.0000644 seconds
[2019-06-24T10:22:32.096+0000][1][safepoint    ] Application time: 1.0002960 seconds
[2019-06-24T10:22:32.096+0000][1][safepoint    ] Entering safepoint region: Cleanup
[2019-06-24T10:22:32.096+0000][1][safepoint    ] Leaving safepoint region
[2019-06-24T10:22:32.096+0000][1][safepoint    ] Total time for which application threads were stopped: 0.0000902 seconds, Stopping threads took: 0.0000242 seconds
[2019-06-24T10:22:33.097+0000][1][safepoint    ] Application time: 1.0002718 seconds
[2019-06-24T10:22:33.097+0000][1][safepoint    ] Entering safepoint region: Cleanup
[2019-06-24T10:22:33.097+0000][1][safepoint    ] Leaving safepoint region
[2019-06-24T10:22:33.097+0000][1][safepoint    ] Total time for which application threads were stopped: 0.0002740 seconds, Stopping threads took: 0.0000761 seconds
[2019-06-24T10:22:34.097+0000][1][safepoint    ] Application time: 1.0002104 seconds
[2019-06-24T10:22:34.097+0000][1][safepoint    ] Entering safepoint region: Cleanup
[2019-06-24T10:22:34.097+0000][1][safepoint    ] Leaving safepoint region
[2019-06-24T10:22:34.098+0000][1][safepoint    ] Total time for which application threads were stopped: 0.0002327 seconds, Stopping threads took: 0.0000629 seconds
[2019-06-24T10:22:35.098+0000][1][safepoint    ] Application time: 1.0002353 seconds
[2019-06-24T10:22:35.098+0000][1][safepoint    ] Entering safepoint region: Cleanup
[2019-06-24T10:22:35.098+0000][1][safepoint    ] Leaving safepoint region
[2019-06-24T10:22:35.098+0000][1][safepoint    ] Total time for which application threads were stopped: 0.0001106 seconds, Stopping threads took: 0.0000286 seconds
[2019-06-24T10:22:36.098+0000][1][safepoint    ] Application time: 1.0002490 seconds
[2019-06-24T10:22:36.098+0000][1][safepoint    ] Entering safepoint region: Cleanup
[2019-06-24T10:22:36.098+0000][1][safepoint    ] Leaving safepoint region
[2019-06-24T10:22:36.098+0000][1][safepoint    ] Total time for which application threads were stopped: 0.0001248 seconds, Stopping threads took: 0.0000311 seconds
[2019-06-24T10:22:37.099+0000][1][safepoint    ] Application time: 1.0002957 seconds
[2019-06-24T10:22:37.099+0000][1][safepoint    ] Entering safepoint region: Cleanup
[2019-06-24T10:22:37.099+0000][1][safepoint    ] Leaving safepoint region
[2019-06-24T10:22:37.099+0000][1][safepoint    ] Total time for which application threads were stopped: 0.0001208 seconds, Stopping threads took: 0.0000321 seconds
[2019-06-24T10:22:38.099+0000][1][safepoint    ] Application time: 1.0002503 seconds
[2019-06-24T10:22:38.099+0000][1][safepoint    ] Entering safepoint region: Cleanup
[2019-06-24T10:22:38.099+0000][1][safepoint    ] Leaving safepoint region
[2019-06-24T10:22:38.100+0000][1][safepoint    ] Total time for which application threads were stopped: 0.0002348 seconds, Stopping threads took: 0.0000645 seconds
[2019-06-24T10:22:38.292+0000][1][safepoint    ] Application time: 0.1920981 seconds
[2019-06-24T10:22:38.292+0000][1][safepoint    ] Entering safepoint region: RevokeBias
[2019-06-24T10:22:38.292+0000][1][safepoint    ] Leaving safepoint region
[2019-06-24T10:22:38.292+0000][1][safepoint    ] Total time for which application threads were stopped: 0.0003951 seconds, Stopping threads took: 0.0000587 seconds
[2019-06-24T10:22:39.292+0000][1][safepoint    ] Application time: 1.0002843 seconds
[2019-06-24T10:22:39.293+0000][1][safepoint    ] Entering safepoint region: Cleanup
[2019-06-24T10:22:39.293+0000][1][safepoint    ] Leaving safepoint region
[2019-06-24T10:22:39.293+0000][1][safepoint    ] Total time for which application threads were stopped: 0.0002393 seconds, Stopping threads took: 0.0000634 seconds
[2019-06-24T10:22:40.293+0000][1][safepoint    ] Application time: 1.0002815 seconds
[2019-06-24T10:22:40.293+0000][1][safepoint    ] Entering safepoint region: Cleanup
[2019-06-24T10:22:40.293+0000][1][safepoint    ] Leaving safepoint region
[2019-06-24T10:22:40.294+0000][1][safepoint    ] Total time for which application threads were stopped: 0.0003593 seconds, Stopping threads took: 0.0000626 seconds
[2019-06-24T10:22:41.294+0000][1][safepoint    ] Application time: 1.0002684 seconds
[2019-06-24T10:22:41.294+0000][1][safepoint    ] Entering safepoint region: Cleanup
[2019-06-24T10:22:41.294+0000][1][safepoint    ] Leaving safepoint region
[2019-06-24T10:22:41.294+0000][1][safepoint    ] Total time for which application threads were stopped: 0.0002741 seconds, Stopping threads took: 0.0000983 seconds
[2019-06-24T10:22:42.295+0000][1][safepoint    ] Application time: 1.0003246 seconds
[2019-06-24T10:22:42.295+0000][1][safepoint    ] Entering safepoint region: Cleanup
[2019-06-24T10:22:42.295+0000][1][safepoint    ] Leaving safepoint region
[2019-06-24T10:22:42.295+0000][1][safepoint    ] Total time for which application threads were stopped: 0.0002436 seconds, Stopping threads took: 0.0000662 seconds
[2019-06-24T10:22:43.295+0000][1][safepoint    ] Application time: 1.0001644 seconds
[2019-06-24T10:22:43.295+0000][1][safepoint    ] Entering safepoint region: Cleanup
[2019-06-24T10:22:43.296+0000][1][safepoint    ] Leaving safepoint region
[2019-06-24T10:22:43.296+0000][1][safepoint    ] Total time for which application threads were stopped: 0.0002884 seconds, Stopping threads took: 0.0000804 seconds
[2019-06-24T10:22:44.296+0000][1][safepoint    ] Application time: 1.0002776 seconds
[2019-06-24T10:22:44.296+0000][1][safepoint    ] Entering safepoint region: Cleanup
[2019-06-24T10:22:44.296+0000][1][safepoint    ] Leaving safepoint region
[2019-06-24T10:22:44.296+0000][1][safepoint    ] Total time for which application threads were stopped: 0.0002325 seconds, Stopping threads took: 0.0000633 seconds
[2019-06-24T10:22:45.297+0000][1][safepoint    ] Application time: 1.0002569 seconds
[2019-06-24T10:22:45.297+0000][1][safepoint    ] Entering safepoint region: Cleanup
[2019-06-24T10:22:45.297+0000][1][safepoint    ] Leaving safepoint region
[2019-06-24T10:22:45.297+0000][1][safepoint    ] Total time for which application threads were stopped: 0.0001329 seconds, Stopping threads took: 0.0000358 seconds
[2019-06-24T10:22:46.297+0000][1][safepoint    ] Application time: 1.0002430 seconds
[2019-06-24T10:22:46.297+0000][1][safepoint    ] Entering safepoint region: Cleanup
[2019-06-24T10:22:46.297+0000][1][safepoint    ] Leaving safepoint region
[2019-06-24T10:22:46.297+0000][1][safepoint    ] Total time for which application threads were stopped: 0.0002456 seconds, Stopping threads took: 0.0000627 seconds
[2019-06-24T10:22:47.298+0000][1][safepoint    ] Application time: 1.0002563 seconds
[2019-06-24T10:22:47.298+0000][1][safepoint    ] Entering safepoint region: Cleanup
[2019-06-24T10:22:47.298+0000][1][safepoint    ] Leaving safepoint region
[2019-06-24T10:22:47.298+0000][1][safepoint    ] Total time for which application threads were stopped: 0.0002714 seconds, Stopping threads took: 0.0000637 seconds
[2019-06-24T10:22:48.298+0000][1][safepoint    ] Application time: 1.0002731 seconds
[2019-06-24T10:22:48.299+0000][1][safepoint    ] Entering safepoint region: Cleanup
[2019-06-24T10:22:48.299+0000][1][safepoint    ] Leaving safepoint region
[2019-06-24T10:22:48.299+0000][1][safepoint    ] Total time for which application threads were stopped: 0.0003147 seconds, Stopping threads took: 0.0000690 seconds
[2019-06-24T10:22:49.121+0000][1][safepoint    ] Application time: 0.8223916 seconds
[2019-06-24T10:22:49.121+0000][1][safepoint    ] Entering safepoint region: GenCollectForAllocation
[2019-06-24T10:22:49.122+0000][1][gc,start     ] GC(30) Pause Young (Allocation Failure)
[2019-06-24T10:22:49.122+0000][1][gc,task      ] GC(30) Using 5 workers of 8 for evacuation
[2019-06-24T10:22:49.125+0000][1][gc,age       ] GC(30) Desired survivor size 4456448 bytes, new threshold 6 (max threshold 6)
[2019-06-24T10:22:49.125+0000][1][gc,age       ] GC(30) Age table with threshold 6 (max threshold 6)
[2019-06-24T10:22:49.125+0000][1][gc,age       ] GC(30) - age   1:       6800 bytes,       6800 total
[2019-06-24T10:22:49.125+0000][1][gc,age       ] GC(30) - age   2:       4432 bytes,      11232 total
[2019-06-24T10:22:49.125+0000][1][gc,age       ] GC(30) - age   3:       1472 bytes,      12704 total
[2019-06-24T10:22:49.125+0000][1][gc,age       ] GC(30) - age   4:       1088 bytes,      13792 total
[2019-06-24T10:22:49.125+0000][1][gc,age       ] GC(30) - age   5:      58768 bytes,      72560 total
[2019-06-24T10:22:49.125+0000][1][gc,age       ] GC(30) - age   6:      26912 bytes,      99472 total
[2019-06-24T10:22:49.126+0000][1][gc,heap      ] GC(30) ParNew: 70344K->147K(78656K)
[2019-06-24T10:22:49.126+0000][1][gc,heap      ] GC(30) CMS: 69662K->69665K(174784K)
[2019-06-24T10:22:49.126+0000][1][gc,metaspace ] GC(30) Metaspace: 67990K->67990K(1112064K)
[2019-06-24T10:22:49.126+0000][1][gc           ] GC(30) Pause Young (Allocation Failure) 136M->68M(247M) 3.865ms
[2019-06-24T10:22:49.126+0000][1][gc,cpu       ] GC(30) User=0.01s Sys=0.00s Real=0.01s
[2019-06-24T10:22:49.126+0000][1][safepoint    ] Leaving safepoint region
[2019-06-24T10:22:49.126+0000][1][safepoint    ] Total time for which application threads were stopped: 0.0044117 seconds, Stopping threads took: 0.0000640 seconds
[2019-06-24T10:22:50.126+0000][1][safepoint    ] Application time: 1.0002872 seconds
[2019-06-24T10:22:50.126+0000][1][safepoint    ] Entering safepoint region: Cleanup
[2019-06-24T10:22:50.127+0000][1][safepoint    ] Leaving safepoint region
[2019-06-24T10:22:50.127+0000][1][safepoint    ] Total time for which application threads were stopped: 0.0003750 seconds, Stopping threads took: 0.0000639 seconds
[2019-06-24T10:22:51.127+0000][1][safepoint    ] Application time: 1.0002042 seconds
[2019-06-24T10:22:51.127+0000][1][safepoint    ] Entering safepoint region: Cleanup
[2019-06-24T10:22:51.127+0000][1][safepoint    ] Leaving safepoint region
[2019-06-24T10:22:51.127+0000][1][safepoint    ] Total time for which application threads were stopped: 0.0003206 seconds, Stopping threads took: 0.0000657 seconds
[2019-06-24T10:22:52.128+0000][1][safepoint    ] Application time: 1.0001903 seconds
[2019-06-24T10:22:52.128+0000][1][safepoint    ] Entering safepoint region: Cleanup
[2019-06-24T10:22:52.128+0000][1][safepoint    ] Leaving safepoint region
[2019-06-24T10:22:52.128+0000][1][safepoint    ] Total time for which application threads were stopped: 0.0003075 seconds, Stopping threads took: 0.0000628 seconds
[2019-06-24T10:22:53.128+0000][1][safepoint    ] Application time: 1.0001916 seconds
[2019-06-24T10:22:53.128+0000][1][safepoint    ] Entering safepoint region: Cleanup
[2019-06-24T10:22:53.128+0000][1][safepoint    ] Leaving safepoint region
[2019-06-24T10:22:53.129+0000][1][safepoint    ] Total time for which application threads were stopped: 0.0002338 seconds, Stopping threads took: 0.0000629 seconds
[2019-06-24T10:22:54.129+0000][1][safepoint    ] Application time: 1.0002663 seconds
[2019-06-24T10:22:54.129+0000][1][safepoint    ] Entering safepoint region: Cleanup
[2019-06-24T10:22:54.129+0000][1][safepoint    ] Leaving safepoint region
[2019-06-24T10:22:54.129+0000][1][safepoint    ] Total time for which application threads were stopped: 0.0002277 seconds, Stopping threads took: 0.0000627 seconds
[2019-06-24T10:22:55.129+0000][1][safepoint    ] Application time: 1.0001928 seconds
[2019-06-24T10:22:55.130+0000][1][safepoint    ] Entering safepoint region: Cleanup
[2019-06-24T10:22:55.130+0000][1][safepoint    ] Leaving safepoint region
[2019-06-24T10:22:55.130+0000][1][safepoint    ] Total time for which application threads were stopped: 0.0002398 seconds, Stopping threads took: 0.0000652 seconds
[2019-06-24T10:22:56.130+0000][1][safepoint    ] Application time: 1.0002649 seconds
[2019-06-24T10:22:56.130+0000][1][safepoint    ] Entering safepoint region: Cleanup
[2019-06-24T10:22:56.130+0000][1][safepoint    ] Leaving safepoint region
[2019-06-24T10:22:56.130+0000][1][safepoint    ] Total time for which application threads were stopped: 0.0002320 seconds, Stopping threads took: 0.0000623 seconds
[2019-06-24T10:22:57.131+0000][1][safepoint    ] Application time: 1.0001700 seconds
[2019-06-24T10:22:57.131+0000][1][safepoint    ] Entering safepoint region: Cleanup
[2019-06-24T10:22:57.131+0000][1][safepoint    ] Leaving safepoint region
[2019-06-24T10:22:57.131+0000][1][safepoint    ] Total time for which application threads were stopped: 0.0002316 seconds, Stopping threads took: 0.0000631 seconds
[2019-06-24T10:22:58.131+0000][1][safepoint    ] Application time: 1.0001321 seconds
[2019-06-24T10:22:58.131+0000][1][safepoint    ] Entering safepoint region: Cleanup
[2019-06-24T10:22:58.131+0000][1][safepoint    ] Leaving safepoint region
[2019-06-24T10:22:58.131+0000][1][safepoint    ] Total time for which application threads were stopped: 0.0002293 seconds, Stopping threads took: 0.0000617 seconds
[2019-06-24T10:22:59.132+0000][1][safepoint    ] Application time: 1.0001419 seconds
[2019-06-24T10:22:59.132+0000][1][safepoint    ] Entering safepoint region: Cleanup
[2019-06-24T10:22:59.132+0000][1][safepoint    ] Leaving safepoint region
[2019-06-24T10:22:59.132+0000][1][safepoint    ] Total time for which application threads were stopped: 0.0002393 seconds, Stopping threads took: 0.0000848 seconds
[2019-06-24T10:23:00.132+0000][1][safepoint    ] Application time: 1.0002057 seconds
[2019-06-24T10:23:00.132+0000][1][safepoint    ] Entering safepoint region: Cleanup
[2019-06-24T10:23:00.133+0000][1][safepoint    ] Leaving safepoint region
[2019-06-24T10:23:00.133+0000][1][safepoint    ] Total time for which application threads were stopped: 0.0003392 seconds, Stopping threads took: 0.0000744 seconds
[2019-06-24T10:23:01.133+0000][1][safepoint    ] Application time: 1.0002797 seconds
[2019-06-24T10:23:01.133+0000][1][safepoint    ] Entering safepoint region: Cleanup
[2019-06-24T10:23:01.133+0000][1][safepoint    ] Leaving safepoint region
[2019-06-24T10:23:01.133+0000][1][safepoint    ] Total time for which application threads were stopped: 0.0002351 seconds, Stopping threads took: 0.0000638 seconds
[2019-06-24T10:23:02.133+0000][1][safepoint    ] Application time: 1.0001597 seconds
[2019-06-24T10:23:02.134+0000][1][safepoint    ] Entering safepoint region: Cleanup
[2019-06-24T10:23:02.134+0000][1][safepoint    ] Leaving safepoint region
[2019-06-24T10:23:02.134+0000][1][safepoint    ] Total time for which application threads were stopped: 0.0001104 seconds, Stopping threads took: 0.0000284 seconds
[2019-06-24T10:23:03.134+0000][1][safepoint    ] Application time: 1.0002492 seconds
[2019-06-24T10:23:03.134+0000][1][safepoint    ] Entering safepoint region: Cleanup
[2019-06-24T10:23:03.134+0000][1][safepoint    ] Leaving safepoint region
[2019-06-24T10:23:03.134+0000][1][safepoint    ] Total time for which application threads were stopped: 0.0002354 seconds, Stopping threads took: 0.0000642 seconds
[2019-06-24T10:23:04.135+0000][1][safepoint    ] Application time: 1.0003005 seconds
[2019-06-24T10:23:04.135+0000][1][safepoint    ] Entering safepoint region: Cleanup
[2019-06-24T10:23:04.135+0000][1][safepoint    ] Leaving safepoint region
[2019-06-24T10:23:04.135+0000][1][safepoint    ] Total time for which application threads were stopped: 0.0003011 seconds, Stopping threads took: 0.0000797 seconds
[2019-06-24T10:23:05.135+0000][1][safepoint    ] Application time: 1.0001459 seconds
[2019-06-24T10:23:05.135+0000][1][safepoint    ] Entering safepoint region: Cleanup
[2019-06-24T10:23:05.135+0000][1][safepoint    ] Leaving safepoint region
[2019-06-24T10:23:05.135+0000][1][safepoint    ] Total time for which application threads were stopped: 0.0001229 seconds, Stopping threads took: 0.0000273 seconds
[2019-06-24T10:23:06.136+0000][1][safepoint    ] Application time: 1.0001736 seconds
[2019-06-24T10:23:06.136+0000][1][safepoint    ] Entering safepoint region: Cleanup
[2019-06-24T10:23:06.136+0000][1][safepoint    ] Leaving safepoint region
[2019-06-24T10:23:06.136+0000][1][safepoint    ] Total time for which application threads were stopped: 0.0002837 seconds, Stopping threads took: 0.0000631 seconds
[2019-06-24T10:23:07.136+0000][1][safepoint    ] Application time: 1.0002739 seconds
[2019-06-24T10:23:07.136+0000][1][safepoint    ] Entering safepoint region: Cleanup
[2019-06-24T10:23:07.137+0000][1][safepoint    ] Leaving safepoint region
[2019-06-24T10:23:07.137+0000][1][safepoint    ] Total time for which application threads were stopped: 0.0002807 seconds, Stopping threads took: 0.0000749 seconds
[2019-06-24T10:23:08.137+0000][1][safepoint    ] Application time: 1.0002982 seconds
[2019-06-24T10:23:08.137+0000][1][safepoint    ] Entering safepoint region: Cleanup
[2019-06-24T10:23:08.137+0000][1][safepoint    ] Leaving safepoint region
[2019-06-24T10:23:08.137+0000][1][safepoint    ] Total time for which application threads were stopped: 0.0003083 seconds, Stopping threads took: 0.0000820 seconds
[2019-06-24T10:23:09.138+0000][1][safepoint    ] Application time: 1.0003625 seconds
[2019-06-24T10:23:09.138+0000][1][safepoint    ] Entering safepoint region: Cleanup
[2019-06-24T10:23:09.138+0000][1][safepoint    ] Leaving safepoint region
[2019-06-24T10:23:09.138+0000][1][safepoint    ] Total time for which application threads were stopped: 0.0001502 seconds, Stopping threads took: 0.0000451 seconds
[2019-06-24T10:23:10.138+0000][1][safepoint    ] Application time: 1.0001217 seconds
[2019-06-24T10:23:10.138+0000][1][safepoint    ] Entering safepoint region: Cleanup
[2019-06-24T10:23:10.139+0000][1][safepoint    ] Leaving safepoint region
[2019-06-24T10:23:10.139+0000][1][safepoint    ] Total time for which application threads were stopped: 0.0002994 seconds, Stopping threads took: 0.0000665 seconds
[2019-06-24T10:23:11.139+0000][1][safepoint    ] Application time: 1.0001230 seconds
[2019-06-24T10:23:11.139+0000][1][safepoint    ] Entering safepoint region: Cleanup
[2019-06-24T10:23:11.139+0000][1][safepoint    ] Leaving safepoint region
[2019-06-24T10:23:11.139+0000][1][safepoint    ] Total time for which application threads were stopped: 0.0002595 seconds, Stopping threads took: 0.0000632 seconds
[2019-06-24T10:23:12.139+0000][1][safepoint    ] Application time: 1.0002107 seconds
[2019-06-24T10:23:12.139+0000][1][safepoint    ] Entering safepoint region: Cleanup
[2019-06-24T10:23:12.140+0000][1][safepoint    ] Leaving safepoint region
[2019-06-24T10:23:12.140+0000][1][safepoint    ] Total time for which application threads were stopped: 0.0001802 seconds, Stopping threads took: 0.0000652 seconds
[2019-06-24T10:23:13.140+0000][1][safepoint    ] Application time: 1.0001868 seconds
[2019-06-24T10:23:13.140+0000][1][safepoint    ] Entering safepoint region: Cleanup
[2019-06-24T10:23:13.140+0000][1][safepoint    ] Leaving safepoint region
[2019-06-24T10:23:13.140+0000][1][safepoint    ] Total time for which application threads were stopped: 0.0002270 seconds, Stopping threads took: 0.0000643 seconds
[2019-06-24T10:23:14.396+0000][1][safepoint    ] Application time: 1.2561330 seconds
[2019-06-24T10:23:14.396+0000][1][safepoint    ] Entering safepoint region: Cleanup
[2019-06-24T10:23:14.397+0000][1][safepoint    ] Leaving safepoint region
[2019-06-24T10:23:14.397+0000][1][safepoint    ] Total time for which application threads were stopped: 0.0002493 seconds, Stopping threads took: 0.0000655 seconds
[2019-06-24T10:23:15.397+0000][1][safepoint    ] Application time: 1.0001593 seconds
[2019-06-24T10:23:15.397+0000][1][safepoint    ] Entering safepoint region: Cleanup
[2019-06-24T10:23:15.397+0000][1][safepoint    ] Leaving safepoint region
[2019-06-24T10:23:15.397+0000][1][safepoint    ] Total time for which application threads were stopped: 0.0002337 seconds, Stopping threads took: 0.0000643 seconds
[2019-06-24T10:23:16.398+0000][1][safepoint    ] Application time: 1.0002259 seconds
[2019-06-24T10:23:16.398+0000][1][safepoint    ] Entering safepoint region: Cleanup
[2019-06-24T10:23:16.398+0000][1][safepoint    ] Leaving safepoint region
[2019-06-24T10:23:16.398+0000][1][safepoint    ] Total time for which application threads were stopped: 0.0002384 seconds, Stopping threads took: 0.0000644 seconds
[2019-06-24T10:23:17.398+0000][1][safepoint    ] Application time: 1.0002623 seconds
[2019-06-24T10:23:17.398+0000][1][safepoint    ] Entering safepoint region: Cleanup
[2019-06-24T10:23:17.399+0000][1][safepoint    ] Leaving safepoint region
[2019-06-24T10:23:17.399+0000][1][safepoint    ] Total time for which application threads were stopped: 0.0004032 seconds, Stopping threads took: 0.0001086 seconds
[2019-06-24T10:23:18.399+0000][1][safepoint    ] Application time: 1.0001506 seconds
[2019-06-24T10:23:18.399+0000][1][safepoint    ] Entering safepoint region: Cleanup
[2019-06-24T10:23:18.399+0000][1][safepoint    ] Leaving safepoint region
[2019-06-24T10:23:18.399+0000][1][safepoint    ] Total time for which application threads were stopped: 0.0003107 seconds, Stopping threads took: 0.0001071 seconds
[2019-06-24T10:23:19.400+0000][1][safepoint    ] Application time: 1.0002382 seconds
[2019-06-24T10:23:19.400+0000][1][safepoint    ] Entering safepoint region: Cleanup
[2019-06-24T10:23:19.400+0000][1][safepoint    ] Leaving safepoint region
[2019-06-24T10:23:19.400+0000][1][safepoint    ] Total time for which application threads were stopped: 0.0003036 seconds, Stopping threads took: 0.0000814 seconds
[2019-06-24T10:23:20.400+0000][1][safepoint    ] Application time: 1.0001832 seconds
[2019-06-24T10:23:20.400+0000][1][safepoint    ] Entering safepoint region: Cleanup
[2019-06-24T10:23:20.401+0000][1][safepoint    ] Leaving safepoint region
[2019-06-24T10:23:20.401+0000][1][safepoint    ] Total time for which application threads were stopped: 0.0002630 seconds, Stopping threads took: 0.0000787 seconds
[2019-06-24T10:23:21.401+0000][1][safepoint    ] Application time: 1.0002740 seconds
[2019-06-24T10:23:21.401+0000][1][safepoint    ] Entering safepoint region: Cleanup
[2019-06-24T10:23:21.401+0000][1][safepoint    ] Leaving safepoint region
[2019-06-24T10:23:21.401+0000][1][safepoint    ] Total time for which application threads were stopped: 0.0003648 seconds, Stopping threads took: 0.0001222 seconds
[2019-06-24T10:23:22.402+0000][1][safepoint    ] Application time: 1.0002654 seconds
[2019-06-24T10:23:22.402+0000][1][safepoint    ] Entering safepoint region: Cleanup
[2019-06-24T10:23:22.402+0000][1][safepoint    ] Leaving safepoint region
[2019-06-24T10:23:22.403+0000][1][safepoint    ] Total time for which application threads were stopped: 0.0006831 seconds, Stopping threads took: 0.0001535 seconds
[2019-06-24T10:23:23.403+0000][1][safepoint    ] Application time: 1.0001965 seconds
[2019-06-24T10:23:23.403+0000][1][safepoint    ] Entering safepoint region: Cleanup
[2019-06-24T10:23:23.403+0000][1][safepoint    ] Leaving safepoint region
[2019-06-24T10:23:23.403+0000][1][safepoint    ] Total time for which application threads were stopped: 0.0001648 seconds, Stopping threads took: 0.0000425 seconds
[2019-06-24T10:23:24.403+0000][1][safepoint    ] Application time: 1.0002226 seconds
[2019-06-24T10:23:24.403+0000][1][safepoint    ] Entering safepoint region: Cleanup
[2019-06-24T10:23:24.404+0000][1][safepoint    ] Leaving safepoint region
[2019-06-24T10:23:24.404+0000][1][safepoint    ] Total time for which application threads were stopped: 0.0002383 seconds, Stopping threads took: 0.0000637 seconds
[2019-06-24T10:23:25.404+0000][1][safepoint    ] Application time: 1.0001985 seconds
[2019-06-24T10:23:25.404+0000][1][safepoint    ] Entering safepoint region: Cleanup
[2019-06-24T10:23:25.404+0000][1][safepoint    ] Leaving safepoint region
[2019-06-24T10:23:25.404+0000][1][safepoint    ] Total time for which application threads were stopped: 0.0002365 seconds, Stopping threads took: 0.0000627 seconds
[2019-06-24T10:23:26.404+0000][1][safepoint    ] Application time: 1.0002008 seconds
[2019-06-24T10:23:26.405+0000][1][safepoint    ] Entering safepoint region: Cleanup
[2019-06-24T10:23:26.405+0000][1][safepoint    ] Leaving safepoint region
[2019-06-24T10:23:26.405+0000][1][safepoint    ] Total time for which application threads were stopped: 0.0002405 seconds, Stopping threads took: 0.0000636 seconds
[2019-06-24T10:23:27.405+0000][1][safepoint    ] Application time: 1.0002229 seconds
[2019-06-24T10:23:27.405+0000][1][safepoint    ] Entering safepoint region: Cleanup
[2019-06-24T10:23:27.405+0000][1][safepoint    ] Leaving safepoint region
[2019-06-24T10:23:27.406+0000][1][safepoint    ] Total time for which application threads were stopped: 0.0003168 seconds, Stopping threads took: 0.0000907 seconds
[2019-06-24T10:23:28.406+0000][1][safepoint    ] Application time: 1.0001557 seconds
[2019-06-24T10:23:28.406+0000][1][safepoint    ] Entering safepoint region: Cleanup
[2019-06-24T10:23:28.406+0000][1][safepoint    ] Leaving safepoint region
[2019-06-24T10:23:28.406+0000][1][safepoint    ] Total time for which application threads were stopped: 0.0000965 seconds, Stopping threads took: 0.0000234 seconds
[2019-06-24T10:23:29.406+0000][1][safepoint    ] Application time: 1.0001641 seconds
[2019-06-24T10:23:29.406+0000][1][safepoint    ] Entering safepoint region: Cleanup
[2019-06-24T10:23:29.406+0000][1][safepoint    ] Leaving safepoint region
[2019-06-24T10:23:29.406+0000][1][safepoint    ] Total time for which application threads were stopped: 0.0002793 seconds, Stopping threads took: 0.0000633 seconds
[2019-06-24T10:23:30.407+0000][1][safepoint    ] Application time: 1.0001427 seconds
[2019-06-24T10:23:30.407+0000][1][safepoint    ] Entering safepoint region: Cleanup
[2019-06-24T10:23:30.407+0000][1][safepoint    ] Leaving safepoint region
[2019-06-24T10:23:30.407+0000][1][safepoint    ] Total time for which application threads were stopped: 0.0002341 seconds, Stopping threads took: 0.0000638 seconds
[2019-06-24T10:23:31.407+0000][1][safepoint    ] Application time: 1.0002102 seconds
[2019-06-24T10:23:31.407+0000][1][safepoint    ] Entering safepoint region: Cleanup
[2019-06-24T10:23:31.408+0000][1][safepoint    ] Leaving safepoint region
[2019-06-24T10:23:31.408+0000][1][safepoint    ] Total time for which application threads were stopped: 0.0002642 seconds, Stopping threads took: 0.0000751 seconds
[2019-06-24T10:23:32.408+0000][1][safepoint    ] Application time: 1.0002853 seconds
[2019-06-24T10:23:32.408+0000][1][safepoint    ] Entering safepoint region: Cleanup
[2019-06-24T10:23:32.408+0000][1][safepoint    ] Leaving safepoint region
[2019-06-24T10:23:32.408+0000][1][safepoint    ] Total time for which application threads were stopped: 0.0003449 seconds, Stopping threads took: 0.0000729 seconds
[2019-06-24T10:23:33.409+0000][1][safepoint    ] Application time: 1.0002809 seconds
[2019-06-24T10:23:33.409+0000][1][safepoint    ] Entering safepoint region: Cleanup
[2019-06-24T10:23:33.409+0000][1][safepoint    ] Leaving safepoint region
[2019-06-24T10:23:33.409+0000][1][safepoint    ] Total time for which application threads were stopped: 0.0002344 seconds, Stopping threads took: 0.0000636 seconds
[2019-06-24T10:23:34.409+0000][1][safepoint    ] Application time: 1.0002848 seconds
[2019-06-24T10:23:34.410+0000][1][safepoint    ] Entering safepoint region: Cleanup
[2019-06-24T10:23:34.410+0000][1][safepoint    ] Leaving safepoint region
[2019-06-24T10:23:34.410+0000][1][safepoint    ] Total time for which application threads were stopped: 0.0000971 seconds, Stopping threads took: 0.0000256 seconds
[2019-06-24T10:23:35.410+0000][1][safepoint    ] Application time: 1.0002221 seconds
[2019-06-24T10:23:35.410+0000][1][safepoint    ] Entering safepoint region: Cleanup
[2019-06-24T10:23:35.410+0000][1][safepoint    ] Leaving safepoint region
[2019-06-24T10:23:35.410+0000][1][safepoint    ] Total time for which application threads were stopped: 0.0001609 seconds, Stopping threads took: 0.0000428 seconds
[2019-06-24T10:23:36.410+0000][1][safepoint    ] Application time: 1.0002516 seconds
[2019-06-24T10:23:36.411+0000][1][safepoint    ] Entering safepoint region: Cleanup
[2019-06-24T10:23:36.411+0000][1][safepoint    ] Leaving safepoint region
[2019-06-24T10:23:36.411+0000][1][safepoint    ] Total time for which application threads were stopped: 0.0003672 seconds, Stopping threads took: 0.0001711 seconds
[2019-06-24T10:23:37.411+0000][1][safepoint    ] Application time: 1.0002178 seconds
[2019-06-24T10:23:37.411+0000][1][safepoint    ] Entering safepoint region: Cleanup
[2019-06-24T10:23:37.411+0000][1][safepoint    ] Leaving safepoint region
[2019-06-24T10:23:37.411+0000][1][safepoint    ] Total time for which application threads were stopped: 0.0001984 seconds, Stopping threads took: 0.0000636 seconds
[2019-06-24T10:23:38.412+0000][1][safepoint    ] Application time: 1.0002630 seconds
[2019-06-24T10:23:38.412+0000][1][safepoint    ] Entering safepoint region: Cleanup
[2019-06-24T10:23:38.412+0000][1][safepoint    ] Leaving safepoint region
[2019-06-24T10:23:38.412+0000][1][safepoint    ] Total time for which application threads were stopped: 0.0002305 seconds, Stopping threads took: 0.0000622 seconds
[2019-06-24T10:23:39.412+0000][1][safepoint    ] Application time: 1.0002718 seconds
[2019-06-24T10:23:39.412+0000][1][safepoint    ] Entering safepoint region: Cleanup
[2019-06-24T10:23:39.413+0000][1][safepoint    ] Leaving safepoint region
[2019-06-24T10:23:39.413+0000][1][safepoint    ] Total time for which application threads were stopped: 0.0002678 seconds, Stopping threads took: 0.0000722 seconds
[2019-06-24T10:23:40.413+0000][1][safepoint    ] Application time: 1.0001736 seconds
[2019-06-24T10:23:40.413+0000][1][safepoint    ] Entering safepoint region: Cleanup
[2019-06-24T10:23:40.413+0000][1][safepoint    ] Leaving safepoint region
[2019-06-24T10:23:40.413+0000][1][safepoint    ] Total time for which application threads were stopped: 0.0001635 seconds, Stopping threads took: 0.0000427 seconds
[2019-06-24T10:23:41.413+0000][1][safepoint    ] Application time: 1.0002854 seconds
[2019-06-24T10:23:41.414+0000][1][safepoint    ] Entering safepoint region: Cleanup
[2019-06-24T10:23:41.414+0000][1][safepoint    ] Leaving safepoint region
[2019-06-24T10:23:41.414+0000][1][safepoint    ] Total time for which application threads were stopped: 0.0002939 seconds, Stopping threads took: 0.0000795 seconds
[2019-06-24T10:23:42.414+0000][1][safepoint    ] Application time: 1.0002465 seconds
[2019-06-24T10:23:42.414+0000][1][safepoint    ] Entering safepoint region: Cleanup
[2019-06-24T10:23:42.415+0000][1][safepoint    ] Leaving safepoint region
[2019-06-24T10:23:42.415+0000][1][safepoint    ] Total time for which application threads were stopped: 0.0004473 seconds, Stopping threads took: 0.0000952 seconds
[2019-06-24T10:23:43.415+0000][1][safepoint    ] Application time: 1.0002128 seconds
[2019-06-24T10:23:43.415+0000][1][safepoint    ] Entering safepoint region: Cleanup
[2019-06-24T10:23:43.415+0000][1][safepoint    ] Leaving safepoint region
[2019-06-24T10:23:43.415+0000][1][safepoint    ] Total time for which application threads were stopped: 0.0002876 seconds, Stopping threads took: 0.0000645 seconds
[2019-06-24T10:23:44.416+0000][1][safepoint    ] Application time: 1.0002310 seconds
[2019-06-24T10:23:44.416+0000][1][safepoint    ] Entering safepoint region: Cleanup
[2019-06-24T10:23:44.416+0000][1][safepoint    ] Leaving safepoint region
[2019-06-24T10:23:44.416+0000][1][safepoint    ] Total time for which application threads were stopped: 0.0002318 seconds, Stopping threads took: 0.0000624 seconds
[2019-06-24T10:23:45.416+0000][1][safepoint    ] Application time: 1.0002363 seconds
[2019-06-24T10:23:45.416+0000][1][safepoint    ] Entering safepoint region: Cleanup
[2019-06-24T10:23:45.417+0000][1][safepoint    ] Leaving safepoint region
[2019-06-24T10:23:45.417+0000][1][safepoint    ] Total time for which application threads were stopped: 0.0002356 seconds, Stopping threads took: 0.0000638 seconds
[2019-06-24T10:23:46.417+0000][1][safepoint    ] Application time: 1.0001850 seconds
[2019-06-24T10:23:46.417+0000][1][safepoint    ] Entering safepoint region: Cleanup
[2019-06-24T10:23:46.417+0000][1][safepoint    ] Leaving safepoint region
[2019-06-24T10:23:46.417+0000][1][safepoint    ] Total time for which application threads were stopped: 0.0004042 seconds, Stopping threads took: 0.0000980 seconds
[2019-06-24T10:23:47.418+0000][1][safepoint    ] Application time: 1.0002689 seconds
[2019-06-24T10:23:47.418+0000][1][safepoint    ] Entering safepoint region: Cleanup
[2019-06-24T10:23:47.418+0000][1][safepoint    ] Leaving safepoint region
[2019-06-24T10:23:47.418+0000][1][safepoint    ] Total time for which application threads were stopped: 0.0003198 seconds, Stopping threads took: 0.0000653 seconds
[2019-06-24T10:23:48.419+0000][1][safepoint    ] Application time: 1.0003427 seconds
[2019-06-24T10:23:48.419+0000][1][safepoint    ] Entering safepoint region: Cleanup
[2019-06-24T10:23:48.419+0000][1][safepoint    ] Leaving safepoint region
[2019-06-24T10:23:48.419+0000][1][safepoint    ] Total time for which application threads were stopped: 0.0002739 seconds, Stopping threads took: 0.0000635 seconds
[2019-06-24T10:23:49.419+0000][1][safepoint    ] Application time: 1.0002791 seconds
[2019-06-24T10:23:49.419+0000][1][safepoint    ] Entering safepoint region: Cleanup
[2019-06-24T10:23:49.420+0000][1][safepoint    ] Leaving safepoint region
[2019-06-24T10:23:49.420+0000][1][safepoint    ] Total time for which application threads were stopped: 0.0002691 seconds, Stopping threads took: 0.0000638 seconds
[2019-06-24T10:23:50.420+0000][1][safepoint    ] Application time: 1.0002710 seconds
[2019-06-24T10:23:50.420+0000][1][safepoint    ] Entering safepoint region: Cleanup
[2019-06-24T10:23:50.420+0000][1][safepoint    ] Leaving safepoint region
[2019-06-24T10:23:50.420+0000][1][safepoint    ] Total time for which application threads were stopped: 0.0003085 seconds, Stopping threads took: 0.0000640 seconds
[2019-06-24T10:23:51.421+0000][1][safepoint    ] Application time: 1.0002724 seconds
[2019-06-24T10:23:51.421+0000][1][safepoint    ] Entering safepoint region: Cleanup
[2019-06-24T10:23:51.421+0000][1][safepoint    ] Leaving safepoint region
[2019-06-24T10:23:51.421+0000][1][safepoint    ] Total time for which application threads were stopped: 0.0003050 seconds, Stopping threads took: 0.0000634 seconds
[2019-06-24T10:23:52.421+0000][1][safepoint    ] Application time: 1.0002757 seconds
[2019-06-24T10:23:52.422+0000][1][safepoint    ] Entering safepoint region: Cleanup
[2019-06-24T10:23:52.422+0000][1][safepoint    ] Leaving safepoint region
[2019-06-24T10:23:52.422+0000][1][safepoint    ] Total time for which application threads were stopped: 0.0002352 seconds, Stopping threads took: 0.0000631 seconds
[2019-06-24T10:23:53.422+0000][1][safepoint    ] Application time: 1.0002556 seconds
[2019-06-24T10:23:53.422+0000][1][safepoint    ] Entering safepoint region: Cleanup
[2019-06-24T10:23:53.422+0000][1][safepoint    ] Leaving safepoint region
[2019-06-24T10:23:53.422+0000][1][safepoint    ] Total time for which application threads were stopped: 0.0002500 seconds, Stopping threads took: 0.0000644 seconds
[2019-06-24T10:23:54.423+0000][1][safepoint    ] Application time: 1.0001674 seconds
[2019-06-24T10:23:54.423+0000][1][safepoint    ] Entering safepoint region: Cleanup
[2019-06-24T10:23:54.423+0000][1][safepoint    ] Leaving safepoint region
[2019-06-24T10:23:54.423+0000][1][safepoint    ] Total time for which application threads were stopped: 0.0002321 seconds, Stopping threads took: 0.0000616 seconds
[2019-06-24T10:23:55.423+0000][1][safepoint    ] Application time: 1.0002484 seconds
[2019-06-24T10:23:55.424+0000][1][safepoint    ] Entering safepoint region: Cleanup
[2019-06-24T10:23:55.424+0000][1][safepoint    ] Leaving safepoint region
[2019-06-24T10:23:55.424+0000][1][safepoint    ] Total time for which application threads were stopped: 0.0002780 seconds, Stopping threads took: 0.0000640 seconds
[2019-06-24T10:23:56.424+0000][1][safepoint    ] Application time: 1.0002761 seconds
[2019-06-24T10:23:56.424+0000][1][safepoint    ] Entering safepoint region: Cleanup
[2019-06-24T10:23:56.424+0000][1][safepoint    ] Leaving safepoint region
[2019-06-24T10:23:56.424+0000][1][safepoint    ] Total time for which application threads were stopped: 0.0002394 seconds, Stopping threads took: 0.0000649 seconds
[2019-06-24T10:23:57.425+0000][1][safepoint    ] Application time: 1.0002774 seconds
[2019-06-24T10:23:57.425+0000][1][safepoint    ] Entering safepoint region: Cleanup
[2019-06-24T10:23:57.425+0000][1][safepoint    ] Leaving safepoint region
[2019-06-24T10:23:57.425+0000][1][safepoint    ] Total time for which application threads were stopped: 0.0002330 seconds, Stopping threads took: 0.0000638 seconds
[2019-06-24T10:23:58.425+0000][1][safepoint    ] Application time: 1.0001886 seconds
[2019-06-24T10:23:58.425+0000][1][safepoint    ] Entering safepoint region: Cleanup
[2019-06-24T10:23:58.426+0000][1][safepoint    ] Leaving safepoint region
[2019-06-24T10:23:58.426+0000][1][safepoint    ] Total time for which application threads were stopped: 0.0002557 seconds, Stopping threads took: 0.0000788 seconds
[2019-06-24T10:23:59.840+0000][1][safepoint    ] Application time: 1.4145881 seconds
[2019-06-24T10:23:59.840+0000][1][safepoint    ] Entering safepoint region: Cleanup
[2019-06-24T10:23:59.841+0000][1][safepoint    ] Leaving safepoint region
[2019-06-24T10:23:59.841+0000][1][safepoint    ] Total time for which application threads were stopped: 0.0002447 seconds, Stopping threads took: 0.0000644 seconds
[2019-06-24T10:24:00.841+0000][1][safepoint    ] Application time: 1.0002673 seconds
[2019-06-24T10:24:00.841+0000][1][safepoint    ] Entering safepoint region: Cleanup
[2019-06-24T10:24:00.841+0000][1][safepoint    ] Leaving safepoint region
[2019-06-24T10:24:00.841+0000][1][safepoint    ] Total time for which application threads were stopped: 0.0002258 seconds, Stopping threads took: 0.0000635 seconds
[2019-06-24T10:24:01.842+0000][1][safepoint    ] Application time: 1.0002444 seconds
[2019-06-24T10:24:01.842+0000][1][safepoint    ] Entering safepoint region: Cleanup
[2019-06-24T10:24:01.842+0000][1][safepoint    ] Leaving safepoint region
[2019-06-24T10:24:01.842+0000][1][safepoint    ] Total time for which application threads were stopped: 0.0001548 seconds, Stopping threads took: 0.0000420 seconds
[2019-06-24T10:24:02.842+0000][1][safepoint    ] Application time: 1.0001344 seconds
[2019-06-24T10:24:02.842+0000][1][safepoint    ] Entering safepoint region: Cleanup
[2019-06-24T10:24:02.842+0000][1][safepoint    ] Leaving safepoint region
[2019-06-24T10:24:02.842+0000][1][safepoint    ] Total time for which application threads were stopped: 0.0000849 seconds, Stopping threads took: 0.0000223 seconds
[2019-06-24T10:24:03.842+0000][1][safepoint    ] Application time: 1.0001097 seconds
[2019-06-24T10:24:03.842+0000][1][safepoint    ] Entering safepoint region: Cleanup
[2019-06-24T10:24:03.843+0000][1][safepoint    ] Leaving safepoint region
[2019-06-24T10:24:03.843+0000][1][safepoint    ] Total time for which application threads were stopped: 0.0002802 seconds, Stopping threads took: 0.0000610 seconds
[2019-06-24T10:24:04.843+0000][1][safepoint    ] Application time: 1.0001364 seconds
[2019-06-24T10:24:04.843+0000][1][safepoint    ] Entering safepoint region: Cleanup
[2019-06-24T10:24:04.843+0000][1][safepoint    ] Leaving safepoint region
[2019-06-24T10:24:04.843+0000][1][safepoint    ] Total time for which application threads were stopped: 0.0000981 seconds, Stopping threads took: 0.0000278 seconds
[2019-06-24T10:24:05.843+0000][1][safepoint    ] Application time: 1.0002074 seconds
[2019-06-24T10:24:05.843+0000][1][safepoint    ] Entering safepoint region: Cleanup
[2019-06-24T10:24:05.844+0000][1][safepoint    ] Leaving safepoint region
[2019-06-24T10:24:05.844+0000][1][safepoint    ] Total time for which application threads were stopped: 0.0004081 seconds, Stopping threads took: 0.0001304 seconds
[2019-06-24T10:24:06.844+0000][1][safepoint    ] Application time: 1.0002374 seconds
[2019-06-24T10:24:06.844+0000][1][safepoint    ] Entering safepoint region: Cleanup
[2019-06-24T10:24:06.844+0000][1][safepoint    ] Leaving safepoint region
[2019-06-24T10:24:06.844+0000][1][safepoint    ] Total time for which application threads were stopped: 0.0002048 seconds, Stopping threads took: 0.0000675 seconds
[2019-06-24T10:24:07.845+0000][1][safepoint    ] Application time: 1.0002593 seconds
[2019-06-24T10:24:07.845+0000][1][safepoint    ] Entering safepoint region: Cleanup
[2019-06-24T10:24:07.845+0000][1][safepoint    ] Leaving safepoint region
[2019-06-24T10:24:07.845+0000][1][safepoint    ] Total time for which application threads were stopped: 0.0002288 seconds, Stopping threads took: 0.0000631 seconds
[2019-06-24T10:24:08.845+0000][1][safepoint    ] Application time: 1.0002656 seconds
[2019-06-24T10:24:08.845+0000][1][safepoint    ] Entering safepoint region: Cleanup
[2019-06-24T10:24:08.845+0000][1][safepoint    ] Leaving safepoint region
[2019-06-24T10:24:08.845+0000][1][safepoint    ] Total time for which application threads were stopped: 0.0002264 seconds, Stopping threads took: 0.0000624 seconds
[2019-06-24T10:24:09.846+0000][1][safepoint    ] Application time: 1.0002601 seconds
[2019-06-24T10:24:09.846+0000][1][safepoint    ] Entering safepoint region: Cleanup
[2019-06-24T10:24:09.846+0000][1][safepoint    ] Leaving safepoint region
[2019-06-24T10:24:09.846+0000][1][safepoint    ] Total time for which application threads were stopped: 0.0002248 seconds, Stopping threads took: 0.0000634 seconds
[2019-06-24T10:24:10.846+0000][1][safepoint    ] Application time: 1.0001838 seconds
[2019-06-24T10:24:10.846+0000][1][safepoint    ] Entering safepoint region: Cleanup
[2019-06-24T10:24:10.847+0000][1][safepoint    ] Leaving safepoint region
[2019-06-24T10:24:10.847+0000][1][safepoint    ] Total time for which application threads were stopped: 0.0002583 seconds, Stopping threads took: 0.0000882 seconds
[2019-06-24T10:24:11.847+0000][1][safepoint    ] Application time: 1.0001337 seconds
[2019-06-24T10:24:11.847+0000][1][safepoint    ] Entering safepoint region: Cleanup
[2019-06-24T10:24:11.847+0000][1][safepoint    ] Leaving safepoint region
[2019-06-24T10:24:11.847+0000][1][safepoint    ] Total time for which application threads were stopped: 0.0002163 seconds, Stopping threads took: 0.0000615 seconds
[2019-06-24T10:24:12.847+0000][1][safepoint    ] Application time: 1.0002303 seconds
[2019-06-24T10:24:12.848+0000][1][safepoint    ] Entering safepoint region: Cleanup
[2019-06-24T10:24:12.848+0000][1][safepoint    ] Leaving safepoint region
[2019-06-24T10:24:12.848+0000][1][safepoint    ] Total time for which application threads were stopped: 0.0002425 seconds, Stopping threads took: 0.0000879 seconds
[2019-06-24T10:24:13.848+0000][1][safepoint    ] Application time: 1.0001800 seconds
[2019-06-24T10:24:13.848+0000][1][safepoint    ] Entering safepoint region: Cleanup
[2019-06-24T10:24:13.848+0000][1][safepoint    ] Leaving safepoint region
[2019-06-24T10:24:13.848+0000][1][safepoint    ] Total time for which application threads were stopped: 0.0002513 seconds, Stopping threads took: 0.0000708 seconds
[2019-06-24T10:24:14.849+0000][1][safepoint    ] Application time: 1.0002012 seconds
[2019-06-24T10:24:14.849+0000][1][safepoint    ] Entering safepoint region: Cleanup
[2019-06-24T10:24:14.849+0000][1][safepoint    ] Leaving safepoint region
[2019-06-24T10:24:14.849+0000][1][safepoint    ] Total time for which application threads were stopped: 0.0003180 seconds, Stopping threads took: 0.0001384 seconds
[2019-06-24T10:24:15.849+0000][1][safepoint    ] Application time: 1.0002807 seconds
[2019-06-24T10:24:15.850+0000][1][safepoint    ] Entering safepoint region: Cleanup
[2019-06-24T10:24:15.850+0000][1][safepoint    ] Leaving safepoint region
[2019-06-24T10:24:15.850+0000][1][safepoint    ] Total time for which application threads were stopped: 0.0003070 seconds, Stopping threads took: 0.0000951 seconds
[2019-06-24T10:24:16.850+0000][1][safepoint    ] Application time: 1.0002908 seconds
[2019-06-24T10:24:16.850+0000][1][safepoint    ] Entering safepoint region: Cleanup
[2019-06-24T10:24:16.851+0000][1][safepoint    ] Leaving safepoint region
[2019-06-24T10:24:16.851+0000][1][safepoint    ] Total time for which application threads were stopped: 0.0003656 seconds, Stopping threads took: 0.0000718 seconds
[2019-06-24T10:24:17.851+0000][1][safepoint    ] Application time: 1.0001716 seconds
[2019-06-24T10:24:17.851+0000][1][safepoint    ] Entering safepoint region: Cleanup
[2019-06-24T10:24:17.851+0000][1][safepoint    ] Leaving safepoint region
[2019-06-24T10:24:17.851+0000][1][safepoint    ] Total time for which application threads were stopped: 0.0002156 seconds, Stopping threads took: 0.0000587 seconds
[2019-06-24T10:24:18.851+0000][1][safepoint    ] Application time: 1.0001850 seconds
[2019-06-24T10:24:18.852+0000][1][safepoint    ] Entering safepoint region: Cleanup
[2019-06-24T10:24:18.852+0000][1][safepoint    ] Leaving safepoint region
[2019-06-24T10:24:18.852+0000][1][safepoint    ] Total time for which application threads were stopped: 0.0002245 seconds, Stopping threads took: 0.0000701 seconds
[2019-06-24T10:24:19.852+0000][1][safepoint    ] Application time: 1.0001220 seconds
[2019-06-24T10:24:19.852+0000][1][safepoint    ] Entering safepoint region: Cleanup
[2019-06-24T10:24:19.852+0000][1][safepoint    ] Leaving safepoint region
[2019-06-24T10:24:19.852+0000][1][safepoint    ] Total time for which application threads were stopped: 0.0002271 seconds, Stopping threads took: 0.0000620 seconds
[2019-06-24T10:24:21.853+0000][1][safepoint    ] Application time: 2.0005042 seconds
[2019-06-24T10:24:21.853+0000][1][safepoint    ] Entering safepoint region: Cleanup
[2019-06-24T10:24:21.853+0000][1][safepoint    ] Leaving safepoint region
[2019-06-24T10:24:21.853+0000][1][safepoint    ] Total time for which application threads were stopped: 0.0002410 seconds, Stopping threads took: 0.0000627 seconds
[2019-06-24T10:24:22.853+0000][1][safepoint    ] Application time: 1.0002562 seconds
[2019-06-24T10:24:22.854+0000][1][safepoint    ] Entering safepoint region: Cleanup
[2019-06-24T10:24:22.854+0000][1][safepoint    ] Leaving safepoint region
[2019-06-24T10:24:22.854+0000][1][safepoint    ] Total time for which application threads were stopped: 0.0002268 seconds, Stopping threads took: 0.0000617 seconds
[2019-06-24T10:24:23.854+0000][1][safepoint    ] Application time: 1.0002274 seconds
[2019-06-24T10:24:23.854+0000][1][safepoint    ] Entering safepoint region: Cleanup
[2019-06-24T10:24:23.854+0000][1][safepoint    ] Leaving safepoint region
[2019-06-24T10:24:23.854+0000][1][safepoint    ] Total time for which application threads were stopped: 0.0001789 seconds, Stopping threads took: 0.0000647 seconds
[2019-06-24T10:24:24.855+0000][1][safepoint    ] Application time: 1.0003107 seconds
[2019-06-24T10:24:24.855+0000][1][safepoint    ] Entering safepoint region: Cleanup
[2019-06-24T10:24:24.855+0000][1][safepoint    ] Leaving safepoint region
[2019-06-24T10:24:24.855+0000][1][safepoint    ] Total time for which application threads were stopped: 0.0002282 seconds, Stopping threads took: 0.0000638 seconds
[2019-06-24T10:24:25.855+0000][1][safepoint    ] Application time: 1.0002882 seconds
[2019-06-24T10:24:25.855+0000][1][safepoint    ] Entering safepoint region: Cleanup
[2019-06-24T10:24:25.856+0000][1][safepoint    ] Leaving safepoint region
[2019-06-24T10:24:25.856+0000][1][safepoint    ] Total time for which application threads were stopped: 0.0002671 seconds, Stopping threads took: 0.0000754 seconds
[2019-06-24T10:24:26.856+0000][1][safepoint    ] Application time: 1.0002753 seconds
[2019-06-24T10:24:26.856+0000][1][safepoint    ] Entering safepoint region: Cleanup
[2019-06-24T10:24:26.857+0000][1][safepoint    ] Leaving safepoint region
[2019-06-24T10:24:26.857+0000][1][safepoint    ] Total time for which application threads were stopped: 0.0005287 seconds, Stopping threads took: 0.0000695 seconds
[2019-06-24T10:24:27.857+0000][1][safepoint    ] Application time: 1.0001371 seconds
[2019-06-24T10:24:27.857+0000][1][safepoint    ] Entering safepoint region: Cleanup
[2019-06-24T10:24:27.857+0000][1][safepoint    ] Leaving safepoint region
[2019-06-24T10:24:27.857+0000][1][safepoint    ] Total time for which application threads were stopped: 0.0001375 seconds, Stopping threads took: 0.0000250 seconds
[2019-06-24T10:24:28.857+0000][1][safepoint    ] Application time: 1.0002724 seconds
[2019-06-24T10:24:28.857+0000][1][safepoint    ] Entering safepoint region: Cleanup
[2019-06-24T10:24:28.858+0000][1][safepoint    ] Leaving safepoint region
[2019-06-24T10:24:28.858+0000][1][safepoint    ] Total time for which application threads were stopped: 0.0002692 seconds, Stopping threads took: 0.0000766 seconds
[2019-06-24T10:24:29.858+0000][1][safepoint    ] Application time: 1.0002866 seconds
[2019-06-24T10:24:29.858+0000][1][safepoint    ] Entering safepoint region: Cleanup
[2019-06-24T10:24:29.858+0000][1][safepoint    ] Leaving safepoint region
[2019-06-24T10:24:29.858+0000][1][safepoint    ] Total time for which application threads were stopped: 0.0002627 seconds, Stopping threads took: 0.0000759 seconds
[2019-06-24T10:24:30.859+0000][1][safepoint    ] Application time: 1.0002813 seconds
[2019-06-24T10:24:30.859+0000][1][safepoint    ] Entering safepoint region: Cleanup
[2019-06-24T10:24:30.859+0000][1][safepoint    ] Leaving safepoint region
[2019-06-24T10:24:30.859+0000][1][safepoint    ] Total time for which application threads were stopped: 0.0002315 seconds, Stopping threads took: 0.0000658 seconds
[2019-06-24T10:24:31.859+0000][1][safepoint    ] Application time: 1.0002564 seconds
[2019-06-24T10:24:31.859+0000][1][safepoint    ] Entering safepoint region: Cleanup
[2019-06-24T10:24:31.860+0000][1][safepoint    ] Leaving safepoint region
[2019-06-24T10:24:31.860+0000][1][safepoint    ] Total time for which application threads were stopped: 0.0002319 seconds, Stopping threads took: 0.0000668 seconds
[2019-06-24T10:24:32.860+0000][1][safepoint    ] Application time: 1.0002641 seconds
[2019-06-24T10:24:32.860+0000][1][safepoint    ] Entering safepoint region: Cleanup
[2019-06-24T10:24:32.860+0000][1][safepoint    ] Leaving safepoint region
[2019-06-24T10:24:32.860+0000][1][safepoint    ] Total time for which application threads were stopped: 0.0002278 seconds, Stopping threads took: 0.0000635 seconds
[2019-06-24T10:24:33.861+0000][1][safepoint    ] Application time: 1.0002643 seconds
[2019-06-24T10:24:33.861+0000][1][safepoint    ] Entering safepoint region: Cleanup
[2019-06-24T10:24:33.861+0000][1][safepoint    ] Leaving safepoint region
[2019-06-24T10:24:33.861+0000][1][safepoint    ] Total time for which application threads were stopped: 0.0002293 seconds, Stopping threads took: 0.0000646 seconds
[2019-06-24T10:24:34.861+0000][1][safepoint    ] Application time: 1.0002515 seconds
[2019-06-24T10:24:34.861+0000][1][safepoint    ] Entering safepoint region: Cleanup
[2019-06-24T10:24:34.861+0000][1][safepoint    ] Leaving safepoint region
[2019-06-24T10:24:34.861+0000][1][safepoint    ] Total time for which application threads were stopped: 0.0000824 seconds, Stopping threads took: 0.0000221 seconds
[2019-06-24T10:24:35.862+0000][1][safepoint    ] Application time: 1.0001839 seconds
[2019-06-24T10:24:35.862+0000][1][safepoint    ] Entering safepoint region: Cleanup
[2019-06-24T10:24:35.862+0000][1][safepoint    ] Leaving safepoint region
[2019-06-24T10:24:35.862+0000][1][safepoint    ] Total time for which application threads were stopped: 0.0002259 seconds, Stopping threads took: 0.0000637 seconds
[2019-06-24T10:24:36.862+0000][1][safepoint    ] Application time: 1.0002635 seconds
[2019-06-24T10:24:36.862+0000][1][safepoint    ] Entering safepoint region: Cleanup
[2019-06-24T10:24:36.862+0000][1][safepoint    ] Leaving safepoint region
[2019-06-24T10:24:36.863+0000][1][safepoint    ] Total time for which application threads were stopped: 0.0003037 seconds, Stopping threads took: 0.0000632 seconds
[2019-06-24T10:24:37.863+0000][1][safepoint    ] Application time: 1.0002130 seconds
[2019-06-24T10:24:37.863+0000][1][safepoint    ] Entering safepoint region: Cleanup
[2019-06-24T10:24:37.863+0000][1][safepoint    ] Leaving safepoint region
[2019-06-24T10:24:37.863+0000][1][safepoint    ] Total time for which application threads were stopped: 0.0002579 seconds, Stopping threads took: 0.0000726 seconds
[2019-06-24T10:24:38.863+0000][1][safepoint    ] Application time: 1.0002706 seconds
[2019-06-24T10:24:38.864+0000][1][safepoint    ] Entering safepoint region: Cleanup
[2019-06-24T10:24:38.864+0000][1][safepoint    ] Leaving safepoint region
[2019-06-24T10:24:38.864+0000][1][safepoint    ] Total time for which application threads were stopped: 0.0002241 seconds, Stopping threads took: 0.0000626 seconds
[2019-06-24T10:24:39.864+0000][1][safepoint    ] Application time: 1.0001621 seconds
[2019-06-24T10:24:39.864+0000][1][safepoint    ] Entering safepoint region: Cleanup
[2019-06-24T10:24:39.864+0000][1][safepoint    ] Leaving safepoint region
[2019-06-24T10:24:39.864+0000][1][safepoint    ] Total time for which application threads were stopped: 0.0001580 seconds, Stopping threads took: 0.0000455 seconds
[2019-06-24T10:24:40.865+0000][1][safepoint    ] Application time: 1.0002614 seconds
[2019-06-24T10:24:40.865+0000][1][safepoint    ] Entering safepoint region: Cleanup
[2019-06-24T10:24:40.865+0000][1][safepoint    ] Leaving safepoint region
[2019-06-24T10:24:40.865+0000][1][safepoint    ] Total time for which application threads were stopped: 0.0000976 seconds, Stopping threads took: 0.0000269 seconds
[2019-06-24T10:24:41.865+0000][1][safepoint    ] Application time: 1.0002468 seconds
[2019-06-24T10:24:41.865+0000][1][safepoint    ] Entering safepoint region: Cleanup
[2019-06-24T10:24:41.865+0000][1][safepoint    ] Leaving safepoint region
[2019-06-24T10:24:41.865+0000][1][safepoint    ] Total time for which application threads were stopped: 0.0002329 seconds, Stopping threads took: 0.0000657 seconds
[2019-06-24T10:24:42.866+0000][1][safepoint    ] Application time: 1.0002871 seconds
[2019-06-24T10:24:42.866+0000][1][safepoint    ] Entering safepoint region: Cleanup
[2019-06-24T10:24:42.866+0000][1][safepoint    ] Leaving safepoint region
[2019-06-24T10:24:42.866+0000][1][safepoint    ] Total time for which application threads were stopped: 0.0002636 seconds, Stopping threads took: 0.0000755 seconds
[2019-06-24T10:24:44.451+0000][1][safepoint    ] Application time: 1.5852507 seconds
[2019-06-24T10:24:44.451+0000][1][safepoint    ] Entering safepoint region: Cleanup
[2019-06-24T10:24:44.452+0000][1][safepoint    ] Leaving safepoint region
[2019-06-24T10:24:44.452+0000][1][safepoint    ] Total time for which application threads were stopped: 0.0003309 seconds, Stopping threads took: 0.0001242 seconds
[2019-06-24T10:24:45.452+0000][1][safepoint    ] Application time: 1.0001606 seconds
[2019-06-24T10:24:45.452+0000][1][safepoint    ] Entering safepoint region: Cleanup
[2019-06-24T10:24:45.452+0000][1][safepoint    ] Leaving safepoint region
[2019-06-24T10:24:45.452+0000][1][safepoint    ] Total time for which application threads were stopped: 0.0001335 seconds, Stopping threads took: 0.0000376 seconds
[2019-06-24T10:24:46.452+0000][1][safepoint    ] Application time: 1.0002186 seconds
[2019-06-24T10:24:46.453+0000][1][safepoint    ] Entering safepoint region: Cleanup
[2019-06-24T10:24:46.453+0000][1][safepoint    ] Leaving safepoint region
[2019-06-24T10:24:46.453+0000][1][safepoint    ] Total time for which application threads were stopped: 0.0002223 seconds, Stopping threads took: 0.0000597 seconds
[2019-06-24T10:24:47.453+0000][1][safepoint    ] Application time: 1.0002771 seconds
[2019-06-24T10:24:47.453+0000][1][safepoint    ] Entering safepoint region: Cleanup
[2019-06-24T10:24:47.453+0000][1][safepoint    ] Leaving safepoint region
[2019-06-24T10:24:47.453+0000][1][safepoint    ] Total time for which application threads were stopped: 0.0002733 seconds, Stopping threads took: 0.0000725 seconds
[2019-06-24T10:24:48.454+0000][1][safepoint    ] Application time: 1.0001807 seconds
[2019-06-24T10:24:48.454+0000][1][safepoint    ] Entering safepoint region: Cleanup
[2019-06-24T10:24:48.454+0000][1][safepoint    ] Leaving safepoint region
[2019-06-24T10:24:48.454+0000][1][safepoint    ] Total time for which application threads were stopped: 0.0004691 seconds, Stopping threads took: 0.0001819 seconds
[2019-06-24T10:24:49.455+0000][1][safepoint    ] Application time: 1.0003310 seconds
[2019-06-24T10:24:49.455+0000][1][safepoint    ] Entering safepoint region: Cleanup
[2019-06-24T10:24:49.455+0000][1][safepoint    ] Leaving safepoint region
[2019-06-24T10:24:49.455+0000][1][safepoint    ] Total time for which application threads were stopped: 0.0002749 seconds, Stopping threads took: 0.0000747 seconds
[2019-06-24T10:24:50.455+0000][1][safepoint    ] Application time: 1.0002671 seconds
[2019-06-24T10:24:50.455+0000][1][safepoint    ] Entering safepoint region: Cleanup
[2019-06-24T10:24:50.456+0000][1][safepoint    ] Leaving safepoint region
[2019-06-24T10:24:50.456+0000][1][safepoint    ] Total time for which application threads were stopped: 0.0003134 seconds, Stopping threads took: 0.0000639 seconds
[2019-06-24T10:24:51.456+0000][1][safepoint    ] Application time: 1.0002527 seconds
[2019-06-24T10:24:51.456+0000][1][safepoint    ] Entering safepoint region: Cleanup
[2019-06-24T10:24:51.456+0000][1][safepoint    ] Leaving safepoint region
[2019-06-24T10:24:51.456+0000][1][safepoint    ] Total time for which application threads were stopped: 0.0002298 seconds, Stopping threads took: 0.0000629 seconds
[2019-06-24T10:24:52.457+0000][1][safepoint    ] Application time: 1.0002797 seconds
[2019-06-24T10:24:52.457+0000][1][safepoint    ] Entering safepoint region: Cleanup
[2019-06-24T10:24:52.457+0000][1][safepoint    ] Leaving safepoint region
[2019-06-24T10:24:52.457+0000][1][safepoint    ] Total time for which application threads were stopped: 0.0001404 seconds, Stopping threads took: 0.0000375 seconds
[2019-06-24T10:24:53.284+0000][1][safepoint    ] Application time: 0.8266570 seconds
[2019-06-24T10:24:53.284+0000][1][safepoint    ] Entering safepoint region: GenCollectForAllocation
[2019-06-24T10:24:53.284+0000][1][gc,start     ] GC(31) Pause Young (Allocation Failure)
[2019-06-24T10:24:53.284+0000][1][gc,task      ] GC(31) Using 5 workers of 8 for evacuation
[2019-06-24T10:24:53.288+0000][1][gc,age       ] GC(31) Desired survivor size 4456448 bytes, new threshold 6 (max threshold 6)
[2019-06-24T10:24:53.288+0000][1][gc,age       ] GC(31) Age table with threshold 6 (max threshold 6)
[2019-06-24T10:24:53.288+0000][1][gc,age       ] GC(31) - age   1:       4712 bytes,       4712 total
[2019-06-24T10:24:53.288+0000][1][gc,age       ] GC(31) - age   2:       3072 bytes,       7784 total
[2019-06-24T10:24:53.288+0000][1][gc,age       ] GC(31) - age   3:       4432 bytes,      12216 total
[2019-06-24T10:24:53.288+0000][1][gc,age       ] GC(31) - age   4:       1472 bytes,      13688 total
[2019-06-24T10:24:53.288+0000][1][gc,age       ] GC(31) - age   5:       1088 bytes,      14776 total
[2019-06-24T10:24:53.288+0000][1][gc,age       ] GC(31) - age   6:      58768 bytes,      73544 total
[2019-06-24T10:24:53.288+0000][1][gc,heap      ] GC(31) ParNew: 70055K->124K(78656K)
[2019-06-24T10:24:53.288+0000][1][gc,heap      ] GC(31) CMS: 69665K->69692K(174784K)
[2019-06-24T10:24:53.288+0000][1][gc,metaspace ] GC(31) Metaspace: 67992K->67992K(1112064K)
[2019-06-24T10:24:53.288+0000][1][gc           ] GC(31) Pause Young (Allocation Failure) 136M->68M(247M) 4.342ms
[2019-06-24T10:24:53.288+0000][1][gc,cpu       ] GC(31) User=0.02s Sys=0.00s Real=0.00s
[2019-06-24T10:24:53.289+0000][1][safepoint    ] Leaving safepoint region
[2019-06-24T10:24:53.289+0000][1][safepoint    ] Total time for which application threads were stopped: 0.0049000 seconds, Stopping threads took: 0.0000712 seconds
[2019-06-24T10:24:54.289+0000][1][safepoint    ] Application time: 1.0002038 seconds
[2019-06-24T10:24:54.289+0000][1][safepoint    ] Entering safepoint region: Cleanup
[2019-06-24T10:24:54.289+0000][1][safepoint    ] Leaving safepoint region
[2019-06-24T10:24:54.289+0000][1][safepoint    ] Total time for which application threads were stopped: 0.0003313 seconds, Stopping threads took: 0.0000838 seconds
[2019-06-24T10:24:55.290+0000][1][safepoint    ] Application time: 1.0003145 seconds
[2019-06-24T10:24:55.290+0000][1][safepoint    ] Entering safepoint region: Cleanup
[2019-06-24T10:24:55.290+0000][1][safepoint    ] Leaving safepoint region
[2019-06-24T10:24:55.290+0000][1][safepoint    ] Total time for which application threads were stopped: 0.0002945 seconds, Stopping threads took: 0.0000988 seconds
[2019-06-24T10:24:56.290+0000][1][safepoint    ] Application time: 1.0002928 seconds
[2019-06-24T10:24:56.291+0000][1][safepoint    ] Entering safepoint region: Cleanup
[2019-06-24T10:24:56.291+0000][1][safepoint    ] Leaving safepoint region
[2019-06-24T10:24:56.291+0000][1][safepoint    ] Total time for which application threads were stopped: 0.0002699 seconds, Stopping threads took: 0.0000800 seconds
[2019-06-24T10:24:57.291+0000][1][safepoint    ] Application time: 1.0002676 seconds
[2019-06-24T10:24:57.291+0000][1][safepoint    ] Entering safepoint region: Cleanup
[2019-06-24T10:24:57.291+0000][1][safepoint    ] Leaving safepoint region
[2019-06-24T10:24:57.292+0000][1][safepoint    ] Total time for which application threads were stopped: 0.0002314 seconds, Stopping threads took: 0.0000638 seconds
[2019-06-24T10:24:58.292+0000][1][safepoint    ] Application time: 1.0002644 seconds
[2019-06-24T10:24:58.292+0000][1][safepoint    ] Entering safepoint region: Cleanup
[2019-06-24T10:24:58.292+0000][1][safepoint    ] Leaving safepoint region
[2019-06-24T10:24:58.292+0000][1][safepoint    ] Total time for which application threads were stopped: 0.0002661 seconds, Stopping threads took: 0.0000639 seconds
[2019-06-24T10:24:59.293+0000][1][safepoint    ] Application time: 1.0002705 seconds
[2019-06-24T10:24:59.293+0000][1][safepoint    ] Entering safepoint region: Cleanup
[2019-06-24T10:24:59.293+0000][1][safepoint    ] Leaving safepoint region
[2019-06-24T10:24:59.293+0000][1][safepoint    ] Total time for which application threads were stopped: 0.0002493 seconds, Stopping threads took: 0.0000619 seconds
[2019-06-24T10:25:00.293+0000][1][safepoint    ] Application time: 1.0002740 seconds
[2019-06-24T10:25:00.293+0000][1][safepoint    ] Entering safepoint region: Cleanup
[2019-06-24T10:25:00.293+0000][1][safepoint    ] Leaving safepoint region
[2019-06-24T10:25:00.293+0000][1][safepoint    ] Total time for which application threads were stopped: 0.0002343 seconds, Stopping threads took: 0.0000631 seconds
[2019-06-24T10:25:01.294+0000][1][safepoint    ] Application time: 1.0001758 seconds
[2019-06-24T10:25:01.294+0000][1][safepoint    ] Entering safepoint region: Cleanup
[2019-06-24T10:25:01.294+0000][1][safepoint    ] Leaving safepoint region
[2019-06-24T10:25:01.294+0000][1][safepoint    ] Total time for which application threads were stopped: 0.0002187 seconds, Stopping threads took: 0.0000577 seconds
[2019-06-24T10:25:02.294+0000][1][safepoint    ] Application time: 1.0002098 seconds
[2019-06-24T10:25:02.294+0000][1][safepoint    ] Entering safepoint region: Cleanup
[2019-06-24T10:25:02.295+0000][1][safepoint    ] Leaving safepoint region
[2019-06-24T10:25:02.295+0000][1][safepoint    ] Total time for which application threads were stopped: 0.0003876 seconds, Stopping threads took: 0.0000618 seconds
[2019-06-24T10:25:03.295+0000][1][safepoint    ] Application time: 1.0002681 seconds
[2019-06-24T10:25:03.295+0000][1][safepoint    ] Entering safepoint region: Cleanup
[2019-06-24T10:25:03.295+0000][1][safepoint    ] Leaving safepoint region
[2019-06-24T10:25:03.295+0000][1][safepoint    ] Total time for which application threads were stopped: 0.0002308 seconds, Stopping threads took: 0.0000632 seconds
[2019-06-24T10:25:04.296+0000][1][safepoint    ] Application time: 1.0002833 seconds
[2019-06-24T10:25:04.296+0000][1][safepoint    ] Entering safepoint region: Cleanup
[2019-06-24T10:25:04.296+0000][1][safepoint    ] Leaving safepoint region
[2019-06-24T10:25:04.296+0000][1][safepoint    ] Total time for which application threads were stopped: 0.0002337 seconds, Stopping threads took: 0.0000642 seconds
[2019-06-24T10:25:05.296+0000][1][safepoint    ] Application time: 1.0002682 seconds
[2019-06-24T10:25:05.297+0000][1][safepoint    ] Entering safepoint region: Cleanup
[2019-06-24T10:25:05.297+0000][1][safepoint    ] Leaving safepoint region
[2019-06-24T10:25:05.297+0000][1][safepoint    ] Total time for which application threads were stopped: 0.0003114 seconds, Stopping threads took: 0.0000636 seconds
[2019-06-24T10:25:06.297+0000][1][safepoint    ] Application time: 1.0002729 seconds
[2019-06-24T10:25:06.297+0000][1][safepoint    ] Entering safepoint region: Cleanup
[2019-06-24T10:25:06.297+0000][1][safepoint    ] Leaving safepoint region
[2019-06-24T10:25:06.297+0000][1][safepoint    ] Total time for which application threads were stopped: 0.0002361 seconds, Stopping threads took: 0.0000633 seconds
[2019-06-24T10:25:07.298+0000][1][safepoint    ] Application time: 1.0002656 seconds
[2019-06-24T10:25:07.298+0000][1][safepoint    ] Entering safepoint region: Cleanup
[2019-06-24T10:25:07.298+0000][1][safepoint    ] Leaving safepoint region
[2019-06-24T10:25:07.298+0000][1][safepoint    ] Total time for which application threads were stopped: 0.0002344 seconds, Stopping threads took: 0.0000629 seconds
[2019-06-24T10:25:08.298+0000][1][safepoint    ] Application time: 1.0002655 seconds
[2019-06-24T10:25:08.299+0000][1][safepoint    ] Entering safepoint region: Cleanup
[2019-06-24T10:25:08.299+0000][1][safepoint    ] Leaving safepoint region
[2019-06-24T10:25:08.299+0000][1][safepoint    ] Total time for which application threads were stopped: 0.0002681 seconds, Stopping threads took: 0.0000641 seconds
[2019-06-24T10:25:09.299+0000][1][safepoint    ] Application time: 1.0002675 seconds
[2019-06-24T10:25:09.299+0000][1][safepoint    ] Entering safepoint region: Cleanup
[2019-06-24T10:25:09.300+0000][1][safepoint    ] Leaving safepoint region
[2019-06-24T10:25:09.300+0000][1][safepoint    ] Total time for which application threads were stopped: 0.0002552 seconds, Stopping threads took: 0.0000637 seconds
[2019-06-24T10:25:10.300+0000][1][safepoint    ] Application time: 1.0002731 seconds
[2019-06-24T10:25:10.300+0000][1][safepoint    ] Entering safepoint region: Cleanup
[2019-06-24T10:25:10.300+0000][1][safepoint    ] Leaving safepoint region
[2019-06-24T10:25:10.300+0000][1][safepoint    ] Total time for which application threads were stopped: 0.0002473 seconds, Stopping threads took: 0.0000619 seconds
[2019-06-24T10:25:11.301+0000][1][safepoint    ] Application time: 1.0002767 seconds
[2019-06-24T10:25:11.301+0000][1][safepoint    ] Entering safepoint region: Cleanup
[2019-06-24T10:25:11.301+0000][1][safepoint    ] Leaving safepoint region
[2019-06-24T10:25:11.301+0000][1][safepoint    ] Total time for which application threads were stopped: 0.0002366 seconds, Stopping threads took: 0.0000640 seconds
[2019-06-24T10:25:12.301+0000][1][safepoint    ] Application time: 1.0002432 seconds
[2019-06-24T10:25:12.301+0000][1][safepoint    ] Entering safepoint region: Cleanup
[2019-06-24T10:25:12.301+0000][1][safepoint    ] Leaving safepoint region
[2019-06-24T10:25:12.301+0000][1][safepoint    ] Total time for which application threads were stopped: 0.0001444 seconds, Stopping threads took: 0.0000501 seconds
[2019-06-24T10:25:13.302+0000][1][safepoint    ] Application time: 1.0002489 seconds
[2019-06-24T10:25:13.302+0000][1][safepoint    ] Entering safepoint region: Cleanup
[2019-06-24T10:25:13.302+0000][1][safepoint    ] Leaving safepoint region
[2019-06-24T10:25:13.302+0000][1][safepoint    ] Total time for which application threads were stopped: 0.0002294 seconds, Stopping threads took: 0.0000620 seconds
[2019-06-24T10:25:14.302+0000][1][safepoint    ] Application time: 1.0002604 seconds
[2019-06-24T10:25:14.302+0000][1][safepoint    ] Entering safepoint region: Cleanup
[2019-06-24T10:25:14.303+0000][1][safepoint    ] Leaving safepoint region
[2019-06-24T10:25:14.303+0000][1][safepoint    ] Total time for which application threads were stopped: 0.0003925 seconds, Stopping threads took: 0.0000880 seconds
[2019-06-24T10:25:15.303+0000][1][safepoint    ] Application time: 1.0001161 seconds
[2019-06-24T10:25:15.303+0000][1][safepoint    ] Entering safepoint region: Cleanup
[2019-06-24T10:25:15.303+0000][1][safepoint    ] Leaving safepoint region
[2019-06-24T10:25:15.303+0000][1][safepoint    ] Total time for which application threads were stopped: 0.0002340 seconds, Stopping threads took: 0.0000650 seconds
[2019-06-24T10:25:16.304+0000][1][safepoint    ] Application time: 1.0002371 seconds
[2019-06-24T10:25:16.304+0000][1][safepoint    ] Entering safepoint region: Cleanup
[2019-06-24T10:25:16.304+0000][1][safepoint    ] Leaving safepoint region
[2019-06-24T10:25:16.304+0000][1][safepoint    ] Total time for which application threads were stopped: 0.0001888 seconds, Stopping threads took: 0.0000507 seconds
[2019-06-24T10:25:17.304+0000][1][safepoint    ] Application time: 1.0001796 seconds
[2019-06-24T10:25:17.304+0000][1][safepoint    ] Entering safepoint region: Cleanup
[2019-06-24T10:25:17.304+0000][1][safepoint    ] Leaving safepoint region
[2019-06-24T10:25:17.304+0000][1][safepoint    ] Total time for which application threads were stopped: 0.0002312 seconds, Stopping threads took: 0.0000644 seconds
[2019-06-24T10:25:18.305+0000][1][safepoint    ] Application time: 1.0002800 seconds
[2019-06-24T10:25:18.305+0000][1][safepoint    ] Entering safepoint region: Cleanup
[2019-06-24T10:25:18.305+0000][1][safepoint    ] Leaving safepoint region
[2019-06-24T10:25:18.305+0000][1][safepoint    ] Total time for which application threads were stopped: 0.0003140 seconds, Stopping threads took: 0.0000730 seconds
[2019-06-24T10:25:19.305+0000][1][safepoint    ] Application time: 1.0003095 seconds
[2019-06-24T10:25:19.306+0000][1][safepoint    ] Entering safepoint region: Cleanup
[2019-06-24T10:25:19.306+0000][1][safepoint    ] Leaving safepoint region
[2019-06-24T10:25:19.306+0000][1][safepoint    ] Total time for which application threads were stopped: 0.0002765 seconds, Stopping threads took: 0.0000735 seconds
[2019-06-24T10:25:20.306+0000][1][safepoint    ] Application time: 1.0002931 seconds
[2019-06-24T10:25:20.306+0000][1][safepoint    ] Entering safepoint region: Cleanup
[2019-06-24T10:25:20.307+0000][1][safepoint    ] Leaving safepoint region
[2019-06-24T10:25:20.307+0000][1][safepoint    ] Total time for which application threads were stopped: 0.0003901 seconds, Stopping threads took: 0.0000753 seconds
[2019-06-24T10:25:21.307+0000][1][safepoint    ] Application time: 1.0002851 seconds
[2019-06-24T10:25:21.307+0000][1][safepoint    ] Entering safepoint region: Cleanup
[2019-06-24T10:25:21.307+0000][1][safepoint    ] Leaving safepoint region
[2019-06-24T10:25:21.307+0000][1][safepoint    ] Total time for which application threads were stopped: 0.0002722 seconds, Stopping threads took: 0.0000756 seconds
[2019-06-24T10:25:22.308+0000][1][safepoint    ] Application time: 1.0003172 seconds
[2019-06-24T10:25:22.308+0000][1][safepoint    ] Entering safepoint region: Cleanup
[2019-06-24T10:25:22.308+0000][1][safepoint    ] Leaving safepoint region
[2019-06-24T10:25:22.308+0000][1][safepoint    ] Total time for which application threads were stopped: 0.0001032 seconds, Stopping threads took: 0.0000266 seconds
[2019-06-24T10:25:23.308+0000][1][safepoint    ] Application time: 1.0002746 seconds
[2019-06-24T10:25:23.308+0000][1][safepoint    ] Entering safepoint region: Cleanup
[2019-06-24T10:25:23.309+0000][1][safepoint    ] Leaving safepoint region
[2019-06-24T10:25:23.309+0000][1][safepoint    ] Total time for which application threads were stopped: 0.0002704 seconds, Stopping threads took: 0.0000752 seconds
[2019-06-24T10:25:24.501+0000][1][safepoint    ] Application time: 1.1923657 seconds
[2019-06-24T10:25:24.501+0000][1][safepoint    ] Entering safepoint region: Cleanup
[2019-06-24T10:25:24.501+0000][1][safepoint    ] Leaving safepoint region
[2019-06-24T10:25:24.501+0000][1][safepoint    ] Total time for which application threads were stopped: 0.0003021 seconds, Stopping threads took: 0.0000763 seconds
[2019-06-24T10:25:25.502+0000][1][safepoint    ] Application time: 1.0002760 seconds
[2019-06-24T10:25:25.502+0000][1][safepoint    ] Entering safepoint region: Cleanup
[2019-06-24T10:25:25.503+0000][1][safepoint    ] Leaving safepoint region
[2019-06-24T10:25:25.503+0000][1][safepoint    ] Total time for which application threads were stopped: 0.0007935 seconds, Stopping threads took: 0.0004935 seconds
[2019-06-24T10:25:26.503+0000][1][safepoint    ] Application time: 1.0001734 seconds
[2019-06-24T10:25:26.503+0000][1][safepoint    ] Entering safepoint region: Cleanup
[2019-06-24T10:25:26.503+0000][1][safepoint    ] Leaving safepoint region
[2019-06-24T10:25:26.503+0000][1][safepoint    ] Total time for which application threads were stopped: 0.0002975 seconds, Stopping threads took: 0.0000814 seconds
[2019-06-24T10:25:27.504+0000][1][safepoint    ] Application time: 1.0002715 seconds
[2019-06-24T10:25:27.504+0000][1][safepoint    ] Entering safepoint region: Cleanup
[2019-06-24T10:25:27.504+0000][1][safepoint    ] Leaving safepoint region
[2019-06-24T10:25:27.504+0000][1][safepoint    ] Total time for which application threads were stopped: 0.0002784 seconds, Stopping threads took: 0.0000767 seconds
[2019-06-24T10:25:28.504+0000][1][safepoint    ] Application time: 1.0001544 seconds
[2019-06-24T10:25:28.504+0000][1][safepoint    ] Entering safepoint region: Cleanup
[2019-06-24T10:25:28.505+0000][1][safepoint    ] Leaving safepoint region
[2019-06-24T10:25:28.505+0000][1][safepoint    ] Total time for which application threads were stopped: 0.0002252 seconds, Stopping threads took: 0.0000482 seconds
[2019-06-24T10:25:29.505+0000][1][safepoint    ] Application time: 1.0002127 seconds
[2019-06-24T10:25:29.505+0000][1][safepoint    ] Entering safepoint region: Cleanup
[2019-06-24T10:25:29.505+0000][1][safepoint    ] Leaving safepoint region
[2019-06-24T10:25:29.505+0000][1][safepoint    ] Total time for which application threads were stopped: 0.0003944 seconds, Stopping threads took: 0.0000846 seconds
[2019-06-24T10:25:30.506+0000][1][safepoint    ] Application time: 1.0001893 seconds
[2019-06-24T10:25:30.506+0000][1][safepoint    ] Entering safepoint region: Cleanup
[2019-06-24T10:25:30.506+0000][1][safepoint    ] Leaving safepoint region
[2019-06-24T10:25:30.506+0000][1][safepoint    ] Total time for which application threads were stopped: 0.0002780 seconds, Stopping threads took: 0.0000902 seconds
[2019-06-24T10:25:31.506+0000][1][safepoint    ] Application time: 1.0002335 seconds
[2019-06-24T10:25:31.507+0000][1][safepoint    ] Entering safepoint region: Cleanup
[2019-06-24T10:25:31.507+0000][1][safepoint    ] Leaving safepoint region
[2019-06-24T10:25:31.507+0000][1][safepoint    ] Total time for which application threads were stopped: 0.0002901 seconds, Stopping threads took: 0.0001524 seconds
[2019-06-24T10:25:32.507+0000][1][safepoint    ] Application time: 1.0001906 seconds
[2019-06-24T10:25:32.507+0000][1][safepoint    ] Entering safepoint region: Cleanup
[2019-06-24T10:25:32.507+0000][1][safepoint    ] Leaving safepoint region
[2019-06-24T10:25:32.508+0000][1][safepoint    ] Total time for which application threads were stopped: 0.0002983 seconds, Stopping threads took: 0.0000639 seconds
[2019-06-24T10:25:33.508+0000][1][safepoint    ] Application time: 1.0001799 seconds
[2019-06-24T10:25:33.508+0000][1][safepoint    ] Entering safepoint region: Cleanup
[2019-06-24T10:25:33.508+0000][1][safepoint    ] Leaving safepoint region
[2019-06-24T10:25:33.508+0000][1][safepoint    ] Total time for which application threads were stopped: 0.0001481 seconds, Stopping threads took: 0.0000406 seconds
[2019-06-24T10:25:34.508+0000][1][safepoint    ] Application time: 1.0002485 seconds
[2019-06-24T10:25:34.508+0000][1][safepoint    ] Entering safepoint region: Cleanup
[2019-06-24T10:25:34.508+0000][1][safepoint    ] Leaving safepoint region
[2019-06-24T10:25:34.508+0000][1][safepoint    ] Total time for which application threads were stopped: 0.0001318 seconds, Stopping threads took: 0.0000299 seconds
[2019-06-24T10:25:35.509+0000][1][safepoint    ] Application time: 1.0002488 seconds
[2019-06-24T10:25:35.509+0000][1][safepoint    ] Entering safepoint region: Cleanup
[2019-06-24T10:25:35.509+0000][1][safepoint    ] Leaving safepoint region
[2019-06-24T10:25:35.509+0000][1][safepoint    ] Total time for which application threads were stopped: 0.0002574 seconds, Stopping threads took: 0.0000627 seconds
[2019-06-24T10:25:36.509+0000][1][safepoint    ] Application time: 1.0003160 seconds
[2019-06-24T10:25:36.509+0000][1][safepoint    ] Entering safepoint region: Cleanup
[2019-06-24T10:25:36.510+0000][1][safepoint    ] Leaving safepoint region
[2019-06-24T10:25:36.510+0000][1][safepoint    ] Total time for which application threads were stopped: 0.0000923 seconds, Stopping threads took: 0.0000227 seconds
[2019-06-24T10:25:37.510+0000][1][safepoint    ] Application time: 1.0001746 seconds
[2019-06-24T10:25:37.510+0000][1][safepoint    ] Entering safepoint region: Cleanup
[2019-06-24T10:25:37.510+0000][1][safepoint    ] Leaving safepoint region
[2019-06-24T10:25:37.510+0000][1][safepoint    ] Total time for which application threads were stopped: 0.0002234 seconds, Stopping threads took: 0.0000629 seconds
[2019-06-24T10:25:38.510+0000][1][safepoint    ] Application time: 1.0001943 seconds
[2019-06-24T10:25:38.510+0000][1][safepoint    ] Entering safepoint region: Cleanup
[2019-06-24T10:25:38.511+0000][1][safepoint    ] Leaving safepoint region
[2019-06-24T10:25:38.511+0000][1][safepoint    ] Total time for which application threads were stopped: 0.0003184 seconds, Stopping threads took: 0.0000794 seconds
[2019-06-24T10:25:39.511+0000][1][safepoint    ] Application time: 1.0001442 seconds
[2019-06-24T10:25:39.511+0000][1][safepoint    ] Entering safepoint region: Cleanup
[2019-06-24T10:25:39.511+0000][1][safepoint    ] Leaving safepoint region
[2019-06-24T10:25:39.511+0000][1][safepoint    ] Total time for which application threads were stopped: 0.0000901 seconds, Stopping threads took: 0.0000255 seconds
[2019-06-24T10:25:40.511+0000][1][safepoint    ] Application time: 1.0002262 seconds
[2019-06-24T10:25:40.511+0000][1][safepoint    ] Entering safepoint region: Cleanup
[2019-06-24T10:25:40.511+0000][1][safepoint    ] Leaving safepoint region
[2019-06-24T10:25:40.511+0000][1][safepoint    ] Total time for which application threads were stopped: 0.0001319 seconds, Stopping threads took: 0.0000682 seconds
[2019-06-24T10:25:42.395+0000][1][safepoint    ] Application time: 1.8838620 seconds
[2019-06-24T10:25:42.395+0000][1][safepoint    ] Entering safepoint region: Cleanup
[2019-06-24T10:25:42.396+0000][1][safepoint    ] Leaving safepoint region
[2019-06-24T10:25:42.396+0000][1][safepoint    ] Total time for which application threads were stopped: 0.0003231 seconds, Stopping threads took: 0.0000658 seconds
[2019-06-24T10:25:43.396+0000][1][safepoint    ] Application time: 1.0002076 seconds
[2019-06-24T10:25:43.396+0000][1][safepoint    ] Entering safepoint region: Cleanup
[2019-06-24T10:25:43.396+0000][1][safepoint    ] Leaving safepoint region
[2019-06-24T10:25:43.396+0000][1][safepoint    ] Total time for which application threads were stopped: 0.0003165 seconds, Stopping threads took: 0.0000789 seconds
[2019-06-24T10:25:44.397+0000][1][safepoint    ] Application time: 1.0002088 seconds
[2019-06-24T10:25:44.397+0000][1][safepoint    ] Entering safepoint region: Cleanup
[2019-06-24T10:25:44.397+0000][1][safepoint    ] Leaving safepoint region
[2019-06-24T10:25:44.397+0000][1][safepoint    ] Total time for which application threads were stopped: 0.0003553 seconds, Stopping threads took: 0.0000860 seconds
[2019-06-24T10:25:45.397+0000][1][safepoint    ] Application time: 1.0001635 seconds
[2019-06-24T10:25:45.398+0000][1][safepoint    ] Entering safepoint region: Cleanup
[2019-06-24T10:25:45.398+0000][1][safepoint    ] Leaving safepoint region
[2019-06-24T10:25:45.398+0000][1][safepoint    ] Total time for which application threads were stopped: 0.0002999 seconds, Stopping threads took: 0.0000727 seconds
[2019-06-24T10:25:46.398+0000][1][safepoint    ] Application time: 1.0002706 seconds
[2019-06-24T10:25:46.398+0000][1][safepoint    ] Entering safepoint region: Cleanup
[2019-06-24T10:25:46.398+0000][1][safepoint    ] Leaving safepoint region
[2019-06-24T10:25:46.398+0000][1][safepoint    ] Total time for which application threads were stopped: 0.0002405 seconds, Stopping threads took: 0.0000657 seconds
[2019-06-24T10:25:47.399+0000][1][safepoint    ] Application time: 1.0001587 seconds
[2019-06-24T10:25:47.399+0000][1][safepoint    ] Entering safepoint region: Cleanup
[2019-06-24T10:25:47.399+0000][1][safepoint    ] Leaving safepoint region
[2019-06-24T10:25:47.399+0000][1][safepoint    ] Total time for which application threads were stopped: 0.0002373 seconds, Stopping threads took: 0.0000661 seconds
[2019-06-24T10:25:48.399+0000][1][safepoint    ] Application time: 1.0001712 seconds
[2019-06-24T10:25:48.399+0000][1][safepoint    ] Entering safepoint region: Cleanup
[2019-06-24T10:25:48.400+0000][1][safepoint    ] Leaving safepoint region
[2019-06-24T10:25:48.400+0000][1][safepoint    ] Total time for which application threads were stopped: 0.0002570 seconds, Stopping threads took: 0.0000745 seconds
[2019-06-24T10:25:49.400+0000][1][safepoint    ] Application time: 1.0002769 seconds
[2019-06-24T10:25:49.400+0000][1][safepoint    ] Entering safepoint region: Cleanup
[2019-06-24T10:25:49.400+0000][1][safepoint    ] Leaving safepoint region
[2019-06-24T10:25:49.400+0000][1][safepoint    ] Total time for which application threads were stopped: 0.0002717 seconds, Stopping threads took: 0.0000740 seconds
[2019-06-24T10:25:50.401+0000][1][safepoint    ] Application time: 1.0003253 seconds
[2019-06-24T10:25:50.401+0000][1][safepoint    ] Entering safepoint region: Cleanup
[2019-06-24T10:25:50.401+0000][1][safepoint    ] Leaving safepoint region
[2019-06-24T10:25:50.401+0000][1][safepoint    ] Total time for which application threads were stopped: 0.0001124 seconds, Stopping threads took: 0.0000258 seconds
[2019-06-24T10:25:51.401+0000][1][safepoint    ] Application time: 1.0001733 seconds
[2019-06-24T10:25:51.401+0000][1][safepoint    ] Entering safepoint region: Cleanup
[2019-06-24T10:25:51.401+0000][1][safepoint    ] Leaving safepoint region
[2019-06-24T10:25:51.401+0000][1][safepoint    ] Total time for which application threads were stopped: 0.0002317 seconds, Stopping threads took: 0.0000591 seconds
[2019-06-24T10:25:52.402+0000][1][safepoint    ] Application time: 1.0002749 seconds
[2019-06-24T10:25:52.402+0000][1][safepoint    ] Entering safepoint region: Cleanup
[2019-06-24T10:25:52.402+0000][1][safepoint    ] Leaving safepoint region
[2019-06-24T10:25:52.402+0000][1][safepoint    ] Total time for which application threads were stopped: 0.0002375 seconds, Stopping threads took: 0.0000642 seconds
[2019-06-24T10:25:53.402+0000][1][safepoint    ] Application time: 1.0001108 seconds
[2019-06-24T10:25:53.402+0000][1][safepoint    ] Entering safepoint region: Cleanup
[2019-06-24T10:25:53.402+0000][1][safepoint    ] Leaving safepoint region
[2019-06-24T10:25:53.402+0000][1][safepoint    ] Total time for which application threads were stopped: 0.0001442 seconds, Stopping threads took: 0.0000360 seconds
[2019-06-24T10:25:54.403+0000][1][safepoint    ] Application time: 1.0001838 seconds
[2019-06-24T10:25:54.403+0000][1][safepoint    ] Entering safepoint region: Cleanup
[2019-06-24T10:25:54.403+0000][1][safepoint    ] Leaving safepoint region
[2019-06-24T10:25:54.403+0000][1][safepoint    ] Total time for which application threads were stopped: 0.0001009 seconds, Stopping threads took: 0.0000275 seconds
[2019-06-24T10:25:55.403+0000][1][safepoint    ] Application time: 1.0002426 seconds
[2019-06-24T10:25:55.403+0000][1][safepoint    ] Entering safepoint region: Cleanup
[2019-06-24T10:25:55.403+0000][1][safepoint    ] Leaving safepoint region
[2019-06-24T10:25:55.403+0000][1][safepoint    ] Total time for which application threads were stopped: 0.0000948 seconds, Stopping threads took: 0.0000264 seconds
[2019-06-24T10:25:56.404+0000][1][safepoint    ] Application time: 1.0002470 seconds
[2019-06-24T10:25:56.404+0000][1][safepoint    ] Entering safepoint region: Cleanup
[2019-06-24T10:25:56.404+0000][1][safepoint    ] Leaving safepoint region
[2019-06-24T10:25:56.404+0000][1][safepoint    ] Total time for which application threads were stopped: 0.0002313 seconds, Stopping threads took: 0.0000642 seconds
[2019-06-24T10:25:57.404+0000][1][safepoint    ] Application time: 1.0001358 seconds
[2019-06-24T10:25:57.404+0000][1][safepoint    ] Entering safepoint region: Cleanup
[2019-06-24T10:25:57.404+0000][1][safepoint    ] Leaving safepoint region
[2019-06-24T10:25:57.404+0000][1][safepoint    ] Total time for which application threads were stopped: 0.0002334 seconds, Stopping threads took: 0.0000645 seconds
[2019-06-24T10:25:58.405+0000][1][safepoint    ] Application time: 1.0002869 seconds
[2019-06-24T10:25:58.405+0000][1][safepoint    ] Entering safepoint region: Cleanup
[2019-06-24T10:25:58.405+0000][1][safepoint    ] Leaving safepoint region
[2019-06-24T10:25:58.405+0000][1][safepoint    ] Total time for which application threads were stopped: 0.0002651 seconds, Stopping threads took: 0.0000719 seconds
[2019-06-24T10:25:59.405+0000][1][safepoint    ] Application time: 1.0002789 seconds
[2019-06-24T10:25:59.406+0000][1][safepoint    ] Entering safepoint region: Cleanup
[2019-06-24T10:25:59.406+0000][1][safepoint    ] Leaving safepoint region
[2019-06-24T10:25:59.406+0000][1][safepoint    ] Total time for which application threads were stopped: 0.0002334 seconds, Stopping threads took: 0.0000637 seconds
[2019-06-24T10:26:00.406+0000][1][safepoint    ] Application time: 1.0002681 seconds
[2019-06-24T10:26:00.406+0000][1][safepoint    ] Entering safepoint region: Cleanup
[2019-06-24T10:26:00.406+0000][1][safepoint    ] Leaving safepoint region
[2019-06-24T10:26:00.407+0000][1][safepoint    ] Total time for which application threads were stopped: 0.0003770 seconds, Stopping threads took: 0.0001062 seconds
[2019-06-24T10:26:01.407+0000][1][safepoint    ] Application time: 1.0002272 seconds
[2019-06-24T10:26:01.407+0000][1][safepoint    ] Entering safepoint region: Cleanup
[2019-06-24T10:26:01.407+0000][1][safepoint    ] Leaving safepoint region
[2019-06-24T10:26:01.407+0000][1][safepoint    ] Total time for which application threads were stopped: 0.0002282 seconds, Stopping threads took: 0.0000628 seconds
[2019-06-24T10:26:02.407+0000][1][safepoint    ] Application time: 1.0002817 seconds
[2019-06-24T10:26:02.408+0000][1][safepoint    ] Entering safepoint region: Cleanup
[2019-06-24T10:26:02.408+0000][1][safepoint    ] Leaving safepoint region
[2019-06-24T10:26:02.408+0000][1][safepoint    ] Total time for which application threads were stopped: 0.0000964 seconds, Stopping threads took: 0.0000259 seconds
[2019-06-24T10:26:03.408+0000][1][safepoint    ] Application time: 1.0002508 seconds
[2019-06-24T10:26:03.408+0000][1][safepoint    ] Entering safepoint region: Cleanup
[2019-06-24T10:26:03.408+0000][1][safepoint    ] Leaving safepoint region
[2019-06-24T10:26:03.408+0000][1][safepoint    ] Total time for which application threads were stopped: 0.0002325 seconds, Stopping threads took: 0.0000632 seconds
[2019-06-24T10:26:04.408+0000][1][safepoint    ] Application time: 1.0001504 seconds
[2019-06-24T10:26:04.409+0000][1][safepoint    ] Entering safepoint region: Cleanup
[2019-06-24T10:26:04.409+0000][1][safepoint    ] Leaving safepoint region
[2019-06-24T10:26:04.409+0000][1][safepoint    ] Total time for which application threads were stopped: 0.0003214 seconds, Stopping threads took: 0.0001023 seconds
[2019-06-24T10:26:05.409+0000][1][safepoint    ] Application time: 1.0001908 seconds
[2019-06-24T10:26:05.409+0000][1][safepoint    ] Entering safepoint region: Cleanup
[2019-06-24T10:26:05.409+0000][1][safepoint    ] Leaving safepoint region
[2019-06-24T10:26:05.409+0000][1][safepoint    ] Total time for which application threads were stopped: 0.0002316 seconds, Stopping threads took: 0.0000637 seconds
[2019-06-24T10:26:07.386+0000][1][safepoint    ] Application time: 1.9767333 seconds
[2019-06-24T10:26:07.386+0000][1][safepoint    ] Entering safepoint region: Cleanup
[2019-06-24T10:26:07.386+0000][1][safepoint    ] Leaving safepoint region
[2019-06-24T10:26:07.386+0000][1][safepoint    ] Total time for which application threads were stopped: 0.0001865 seconds, Stopping threads took: 0.0000496 seconds
[2019-06-24T10:26:08.387+0000][1][safepoint    ] Application time: 1.0002592 seconds
[2019-06-24T10:26:08.387+0000][1][safepoint    ] Entering safepoint region: Cleanup
[2019-06-24T10:26:08.387+0000][1][safepoint    ] Leaving safepoint region
[2019-06-24T10:26:08.387+0000][1][safepoint    ] Total time for which application threads were stopped: 0.0004507 seconds, Stopping threads took: 0.0000889 seconds
[2019-06-24T10:26:09.388+0000][1][safepoint    ] Application time: 1.0003083 seconds
[2019-06-24T10:26:09.388+0000][1][safepoint    ] Entering safepoint region: Cleanup
[2019-06-24T10:26:09.388+0000][1][safepoint    ] Leaving safepoint region
[2019-06-24T10:26:09.388+0000][1][safepoint    ] Total time for which application threads were stopped: 0.0002958 seconds, Stopping threads took: 0.0000619 seconds
[2019-06-24T10:26:10.388+0000][1][safepoint    ] Application time: 1.0001965 seconds
[2019-06-24T10:26:10.388+0000][1][safepoint    ] Entering safepoint region: Cleanup
[2019-06-24T10:26:10.389+0000][1][safepoint    ] Leaving safepoint region
[2019-06-24T10:26:10.389+0000][1][safepoint    ] Total time for which application threads were stopped: 0.0002541 seconds, Stopping threads took: 0.0000634 seconds
[2019-06-24T10:26:11.389+0000][1][safepoint    ] Application time: 1.0002665 seconds
[2019-06-24T10:26:11.389+0000][1][safepoint    ] Entering safepoint region: Cleanup
[2019-06-24T10:26:11.389+0000][1][safepoint    ] Leaving safepoint region
[2019-06-24T10:26:11.389+0000][1][safepoint    ] Total time for which application threads were stopped: 0.0002256 seconds, Stopping threads took: 0.0000620 seconds
[2019-06-24T10:26:12.390+0000][1][safepoint    ] Application time: 1.0002617 seconds
[2019-06-24T10:26:12.390+0000][1][safepoint    ] Entering safepoint region: Cleanup
[2019-06-24T10:26:12.390+0000][1][safepoint    ] Leaving safepoint region
[2019-06-24T10:26:12.390+0000][1][safepoint    ] Total time for which application threads were stopped: 0.0002392 seconds, Stopping threads took: 0.0000635 seconds
[2019-06-24T10:26:13.390+0000][1][safepoint    ] Application time: 1.0001815 seconds
[2019-06-24T10:26:13.390+0000][1][safepoint    ] Entering safepoint region: Cleanup
[2019-06-24T10:26:13.391+0000][1][safepoint    ] Leaving safepoint region
[2019-06-24T10:26:13.391+0000][1][safepoint    ] Total time for which application threads were stopped: 0.0003144 seconds, Stopping threads took: 0.0000631 seconds
[2019-06-24T10:26:14.391+0000][1][safepoint    ] Application time: 1.0002646 seconds
[2019-06-24T10:26:14.391+0000][1][safepoint    ] Entering safepoint region: Cleanup
[2019-06-24T10:26:14.391+0000][1][safepoint    ] Leaving safepoint region
[2019-06-24T10:26:14.391+0000][1][safepoint    ] Total time for which application threads were stopped: 0.0003125 seconds, Stopping threads took: 0.0000733 seconds
[2019-06-24T10:26:15.392+0000][1][safepoint    ] Application time: 1.0001539 seconds
[2019-06-24T10:26:15.392+0000][1][safepoint    ] Entering safepoint region: Cleanup
[2019-06-24T10:26:15.392+0000][1][safepoint    ] Leaving safepoint region
[2019-06-24T10:26:15.392+0000][1][safepoint    ] Total time for which application threads were stopped: 0.0001314 seconds, Stopping threads took: 0.0000304 seconds
[2019-06-24T10:26:16.392+0000][1][safepoint    ] Application time: 1.0002489 seconds
[2019-06-24T10:26:16.392+0000][1][safepoint    ] Entering safepoint region: Cleanup
[2019-06-24T10:26:16.392+0000][1][safepoint    ] Leaving safepoint region
[2019-06-24T10:26:16.392+0000][1][safepoint    ] Total time for which application threads were stopped: 0.0002915 seconds, Stopping threads took: 0.0000611 seconds
[2019-06-24T10:26:17.393+0000][1][safepoint    ] Application time: 1.0002678 seconds
[2019-06-24T10:26:17.393+0000][1][safepoint    ] Entering safepoint region: Cleanup
[2019-06-24T10:26:17.393+0000][1][safepoint    ] Leaving safepoint region
[2019-06-24T10:26:17.393+0000][1][safepoint    ] Total time for which application threads were stopped: 0.0002205 seconds, Stopping threads took: 0.0000628 seconds
[2019-06-24T10:26:18.393+0000][1][safepoint    ] Application time: 1.0002652 seconds
[2019-06-24T10:26:18.393+0000][1][safepoint    ] Entering safepoint region: Cleanup
[2019-06-24T10:26:18.394+0000][1][safepoint    ] Leaving safepoint region
[2019-06-24T10:26:18.394+0000][1][safepoint    ] Total time for which application threads were stopped: 0.0002381 seconds, Stopping threads took: 0.0000618 seconds
[2019-06-24T10:26:19.394+0000][1][safepoint    ] Application time: 1.0002347 seconds
[2019-06-24T10:26:19.394+0000][1][safepoint    ] Entering safepoint region: Cleanup
[2019-06-24T10:26:19.394+0000][1][safepoint    ] Leaving safepoint region
[2019-06-24T10:26:19.394+0000][1][safepoint    ] Total time for which application threads were stopped: 0.0001345 seconds, Stopping threads took: 0.0000314 seconds
[2019-06-24T10:26:20.394+0000][1][safepoint    ] Application time: 1.0001004 seconds
[2019-06-24T10:26:20.394+0000][1][safepoint    ] Entering safepoint region: Cleanup
[2019-06-24T10:26:20.394+0000][1][safepoint    ] Leaving safepoint region
[2019-06-24T10:26:20.394+0000][1][safepoint    ] Total time for which application threads were stopped: 0.0000851 seconds, Stopping threads took: 0.0000248 seconds
[2019-06-24T10:26:21.395+0000][1][safepoint    ] Application time: 1.0002222 seconds
[2019-06-24T10:26:21.395+0000][1][safepoint    ] Entering safepoint region: Cleanup
[2019-06-24T10:26:21.395+0000][1][safepoint    ] Leaving safepoint region
[2019-06-24T10:26:21.395+0000][1][safepoint    ] Total time for which application threads were stopped: 0.0002682 seconds, Stopping threads took: 0.0000634 seconds
[2019-06-24T10:26:22.395+0000][1][safepoint    ] Application time: 1.0002693 seconds
[2019-06-24T10:26:22.395+0000][1][safepoint    ] Entering safepoint region: Cleanup
[2019-06-24T10:26:22.396+0000][1][safepoint    ] Leaving safepoint region
[2019-06-24T10:26:22.396+0000][1][safepoint    ] Total time for which application threads were stopped: 0.0002966 seconds, Stopping threads took: 0.0000625 seconds
[2019-06-24T10:26:23.396+0000][1][safepoint    ] Application time: 1.0002699 seconds
[2019-06-24T10:26:23.396+0000][1][safepoint    ] Entering safepoint region: Cleanup
[2019-06-24T10:26:23.396+0000][1][safepoint    ] Leaving safepoint region
[2019-06-24T10:26:23.396+0000][1][safepoint    ] Total time for which application threads were stopped: 0.0002620 seconds, Stopping threads took: 0.0000622 seconds
[2019-06-24T10:26:24.397+0000][1][safepoint    ] Application time: 1.0002799 seconds
[2019-06-24T10:26:24.397+0000][1][safepoint    ] Entering safepoint region: Cleanup
[2019-06-24T10:26:24.397+0000][1][safepoint    ] Leaving safepoint region
[2019-06-24T10:26:24.397+0000][1][safepoint    ] Total time for which application threads were stopped: 0.0001060 seconds, Stopping threads took: 0.0000265 seconds
[2019-06-24T10:26:25.397+0000][1][safepoint    ] Application time: 1.0000910 seconds
[2019-06-24T10:26:25.397+0000][1][safepoint    ] Entering safepoint region: Cleanup
[2019-06-24T10:26:25.397+0000][1][safepoint    ] Leaving safepoint region
[2019-06-24T10:26:25.397+0000][1][safepoint    ] Total time for which application threads were stopped: 0.0001211 seconds, Stopping threads took: 0.0000262 seconds
[2019-06-24T10:26:26.397+0000][1][safepoint    ] Application time: 1.0001688 seconds
[2019-06-24T10:26:26.398+0000][1][safepoint    ] Entering safepoint region: Cleanup
[2019-06-24T10:26:26.398+0000][1][safepoint    ] Leaving safepoint region
[2019-06-24T10:26:26.398+0000][1][safepoint    ] Total time for which application threads were stopped: 0.0002558 seconds, Stopping threads took: 0.0000909 seconds
[2019-06-24T10:26:27.398+0000][1][safepoint    ] Application time: 1.0003113 seconds
[2019-06-24T10:26:27.398+0000][1][safepoint    ] Entering safepoint region: Cleanup
[2019-06-24T10:26:27.398+0000][1][safepoint    ] Leaving safepoint region
[2019-06-24T10:26:27.398+0000][1][safepoint    ] Total time for which application threads were stopped: 0.0001212 seconds, Stopping threads took: 0.0000284 seconds
[2019-06-24T10:26:28.399+0000][1][safepoint    ] Application time: 1.0002156 seconds
[2019-06-24T10:26:28.399+0000][1][safepoint    ] Entering safepoint region: Cleanup
[2019-06-24T10:26:28.399+0000][1][safepoint    ] Leaving safepoint region
[2019-06-24T10:26:28.399+0000][1][safepoint    ] Total time for which application threads were stopped: 0.0002359 seconds, Stopping threads took: 0.0000682 seconds
[2019-06-24T10:26:29.399+0000][1][safepoint    ] Application time: 1.0001482 seconds
[2019-06-24T10:26:29.399+0000][1][safepoint    ] Entering safepoint region: Cleanup
[2019-06-24T10:26:29.399+0000][1][safepoint    ] Leaving safepoint region
[2019-06-24T10:26:29.399+0000][1][safepoint    ] Total time for which application threads were stopped: 0.0001263 seconds, Stopping threads took: 0.0000318 seconds
[2019-06-24T10:26:30.400+0000][1][safepoint    ] Application time: 1.0002699 seconds
[2019-06-24T10:26:30.400+0000][1][safepoint    ] Entering safepoint region: Cleanup
[2019-06-24T10:26:30.400+0000][1][safepoint    ] Leaving safepoint region
[2019-06-24T10:26:30.400+0000][1][safepoint    ] Total time for which application threads were stopped: 0.0002696 seconds, Stopping threads took: 0.0000737 seconds
[2019-06-24T10:26:31.400+0000][1][safepoint    ] Application time: 1.0002665 seconds
[2019-06-24T10:26:31.400+0000][1][safepoint    ] Entering safepoint region: Cleanup
[2019-06-24T10:26:31.401+0000][1][safepoint    ] Leaving safepoint region
[2019-06-24T10:26:31.401+0000][1][safepoint    ] Total time for which application threads were stopped: 0.0002336 seconds, Stopping threads took: 0.0000648 seconds
[2019-06-24T10:26:32.401+0000][1][safepoint    ] Application time: 1.0002606 seconds
[2019-06-24T10:26:32.401+0000][1][safepoint    ] Entering safepoint region: Cleanup
[2019-06-24T10:26:32.401+0000][1][safepoint    ] Leaving safepoint region
[2019-06-24T10:26:32.401+0000][1][safepoint    ] Total time for which application threads were stopped: 0.0002257 seconds, Stopping threads took: 0.0000617 seconds
[2019-06-24T10:26:33.402+0000][1][safepoint    ] Application time: 1.0002456 seconds
[2019-06-24T10:26:33.402+0000][1][safepoint    ] Entering safepoint region: Cleanup
[2019-06-24T10:26:33.402+0000][1][safepoint    ] Leaving safepoint region
[2019-06-24T10:26:33.402+0000][1][safepoint    ] Total time for which application threads were stopped: 0.0003110 seconds, Stopping threads took: 0.0000780 seconds
[2019-06-24T10:26:34.402+0000][1][safepoint    ] Application time: 1.0002633 seconds
[2019-06-24T10:26:34.402+0000][1][safepoint    ] Entering safepoint region: Cleanup
[2019-06-24T10:26:34.403+0000][1][safepoint    ] Leaving safepoint region
[2019-06-24T10:26:34.403+0000][1][safepoint    ] Total time for which application threads were stopped: 0.0003342 seconds, Stopping threads took: 0.0000640 seconds
[2019-06-24T10:26:35.403+0000][1][safepoint    ] Application time: 1.0001629 seconds
[2019-06-24T10:26:35.403+0000][1][safepoint    ] Entering safepoint region: Cleanup
[2019-06-24T10:26:35.403+0000][1][safepoint    ] Leaving safepoint region
[2019-06-24T10:26:35.403+0000][1][safepoint    ] Total time for which application threads were stopped: 0.0002182 seconds, Stopping threads took: 0.0000619 seconds
[2019-06-24T10:26:36.403+0000][1][safepoint    ] Application time: 1.0002249 seconds
[2019-06-24T10:26:36.404+0000][1][safepoint    ] Entering safepoint region: Cleanup
[2019-06-24T10:26:36.404+0000][1][safepoint    ] Leaving safepoint region
[2019-06-24T10:26:36.404+0000][1][safepoint    ] Total time for which application threads were stopped: 0.0001242 seconds, Stopping threads took: 0.0000424 seconds
[2019-06-24T10:26:37.404+0000][1][safepoint    ] Application time: 1.0001664 seconds
[2019-06-24T10:26:37.404+0000][1][safepoint    ] Entering safepoint region: Cleanup
[2019-06-24T10:26:37.404+0000][1][safepoint    ] Leaving safepoint region
[2019-06-24T10:26:37.404+0000][1][safepoint    ] Total time for which application threads were stopped: 0.0002433 seconds, Stopping threads took: 0.0000644 seconds
[2019-06-24T10:26:38.404+0000][1][safepoint    ] Application time: 1.0002840 seconds
[2019-06-24T10:26:38.405+0000][1][safepoint    ] Entering safepoint region: Cleanup
[2019-06-24T10:26:38.405+0000][1][safepoint    ] Leaving safepoint region
[2019-06-24T10:26:38.405+0000][1][safepoint    ] Total time for which application threads were stopped: 0.0002710 seconds, Stopping threads took: 0.0000730 seconds
[2019-06-24T10:26:39.405+0000][1][safepoint    ] Application time: 1.0002886 seconds
[2019-06-24T10:26:39.405+0000][1][safepoint    ] Entering safepoint region: Cleanup
[2019-06-24T10:26:39.406+0000][1][safepoint    ] Leaving safepoint region
[2019-06-24T10:26:39.406+0000][1][safepoint    ] Total time for which application threads were stopped: 0.0002615 seconds, Stopping threads took: 0.0000717 seconds
[2019-06-24T10:26:40.406+0000][1][safepoint    ] Application time: 1.0002893 seconds
[2019-06-24T10:26:40.406+0000][1][safepoint    ] Entering safepoint region: Cleanup
[2019-06-24T10:26:40.406+0000][1][safepoint    ] Leaving safepoint region
[2019-06-24T10:26:40.406+0000][1][safepoint    ] Total time for which application threads were stopped: 0.0003159 seconds, Stopping threads took: 0.0000793 seconds
[2019-06-24T10:26:41.407+0000][1][safepoint    ] Application time: 1.0002898 seconds
[2019-06-24T10:26:41.407+0000][1][safepoint    ] Entering safepoint region: Cleanup
[2019-06-24T10:26:41.407+0000][1][safepoint    ] Leaving safepoint region
[2019-06-24T10:26:41.407+0000][1][safepoint    ] Total time for which application threads were stopped: 0.0002878 seconds, Stopping threads took: 0.0000856 seconds
[2019-06-24T10:26:42.407+0000][1][safepoint    ] Application time: 1.0001974 seconds
[2019-06-24T10:26:42.408+0000][1][safepoint    ] Entering safepoint region: Cleanup
[2019-06-24T10:26:42.408+0000][1][safepoint    ] Leaving safepoint region
[2019-06-24T10:26:42.408+0000][1][safepoint    ] Total time for which application threads were stopped: 0.0002324 seconds, Stopping threads took: 0.0000630 seconds
[2019-06-24T10:26:43.408+0000][1][safepoint    ] Application time: 1.0002667 seconds
[2019-06-24T10:26:43.408+0000][1][safepoint    ] Entering safepoint region: Cleanup
[2019-06-24T10:26:43.408+0000][1][safepoint    ] Leaving safepoint region
[2019-06-24T10:26:43.408+0000][1][safepoint    ] Total time for which application threads were stopped: 0.0002319 seconds, Stopping threads took: 0.0000632 seconds
[2019-06-24T10:26:44.409+0000][1][safepoint    ] Application time: 1.0002541 seconds
[2019-06-24T10:26:44.409+0000][1][safepoint    ] Entering safepoint region: Cleanup
[2019-06-24T10:26:44.409+0000][1][safepoint    ] Leaving safepoint region
[2019-06-24T10:26:44.409+0000][1][safepoint    ] Total time for which application threads were stopped: 0.0002240 seconds, Stopping threads took: 0.0000617 seconds
[2019-06-24T10:26:45.409+0000][1][safepoint    ] Application time: 1.0002562 seconds
[2019-06-24T10:26:45.409+0000][1][safepoint    ] Entering safepoint region: Cleanup
[2019-06-24T10:26:45.410+0000][1][safepoint    ] Leaving safepoint region
[2019-06-24T10:26:45.410+0000][1][safepoint    ] Total time for which application threads were stopped: 0.0002302 seconds, Stopping threads took: 0.0000626 seconds
[2019-06-24T10:26:46.410+0000][1][safepoint    ] Application time: 1.0002700 seconds
[2019-06-24T10:26:46.410+0000][1][safepoint    ] Entering safepoint region: Cleanup
[2019-06-24T10:26:46.410+0000][1][safepoint    ] Leaving safepoint region
[2019-06-24T10:26:46.410+0000][1][safepoint    ] Total time for which application threads were stopped: 0.0002470 seconds, Stopping threads took: 0.0000717 seconds
[2019-06-24T10:26:47.411+0000][1][safepoint    ] Application time: 1.0002728 seconds
[2019-06-24T10:26:47.411+0000][1][safepoint    ] Entering safepoint region: Cleanup
[2019-06-24T10:26:47.411+0000][1][safepoint    ] Leaving safepoint region
[2019-06-24T10:26:47.411+0000][1][safepoint    ] Total time for which application threads were stopped: 0.0003365 seconds, Stopping threads took: 0.0000913 seconds
[2019-06-24T10:26:48.411+0000][1][safepoint    ] Application time: 1.0002810 seconds
[2019-06-24T10:26:48.412+0000][1][safepoint    ] Entering safepoint region: Cleanup
[2019-06-24T10:26:48.412+0000][1][safepoint    ] Leaving safepoint region
[2019-06-24T10:26:48.412+0000][1][safepoint    ] Total time for which application threads were stopped: 0.0002348 seconds, Stopping threads took: 0.0000647 seconds
[2019-06-24T10:26:49.412+0000][1][safepoint    ] Application time: 1.0002718 seconds
[2019-06-24T10:26:49.412+0000][1][safepoint    ] Entering safepoint region: Cleanup
[2019-06-24T10:26:49.412+0000][1][safepoint    ] Leaving safepoint region
[2019-06-24T10:26:49.412+0000][1][safepoint    ] Total time for which application threads were stopped: 0.0003041 seconds, Stopping threads took: 0.0000643 seconds
[2019-06-24T10:26:50.413+0000][1][safepoint    ] Application time: 1.0002055 seconds
[2019-06-24T10:26:50.413+0000][1][safepoint    ] Entering safepoint region: Cleanup
[2019-06-24T10:26:50.413+0000][1][safepoint    ] Leaving safepoint region
[2019-06-24T10:26:50.413+0000][1][safepoint    ] Total time for which application threads were stopped: 0.0002658 seconds, Stopping threads took: 0.0000707 seconds
[2019-06-24T10:26:51.413+0000][1][safepoint    ] Application time: 1.0002685 seconds
[2019-06-24T10:26:51.414+0000][1][safepoint    ] Entering safepoint region: Cleanup
[2019-06-24T10:26:51.415+0000][1][safepoint    ] Leaving safepoint region
[2019-06-24T10:26:51.415+0000][1][safepoint    ] Total time for which application threads were stopped: 0.0013167 seconds, Stopping threads took: 0.0010848 seconds
[2019-06-24T10:26:52.415+0000][1][safepoint    ] Application time: 1.0002383 seconds
[2019-06-24T10:26:52.415+0000][1][safepoint    ] Entering safepoint region: Cleanup
[2019-06-24T10:26:52.415+0000][1][safepoint    ] Leaving safepoint region
[2019-06-24T10:26:52.415+0000][1][safepoint    ] Total time for which application threads were stopped: 0.0002316 seconds, Stopping threads took: 0.0000638 seconds
[2019-06-24T10:26:53.416+0000][1][safepoint    ] Application time: 1.0002652 seconds
[2019-06-24T10:26:53.416+0000][1][safepoint    ] Entering safepoint region: Cleanup
[2019-06-24T10:26:53.416+0000][1][safepoint    ] Leaving safepoint region
[2019-06-24T10:26:53.416+0000][1][safepoint    ] Total time for which application threads were stopped: 0.0002371 seconds, Stopping threads took: 0.0000634 seconds
[2019-06-24T10:26:53.582+0000][1][safepoint    ] Application time: 0.1662008 seconds
[2019-06-24T10:26:53.582+0000][1][safepoint    ] Entering safepoint region: GenCollectForAllocation
[2019-06-24T10:26:53.582+0000][1][gc,start     ] GC(32) Pause Young (Allocation Failure)
[2019-06-24T10:26:53.583+0000][1][gc,task      ] GC(32) Using 5 workers of 8 for evacuation
[2019-06-24T10:26:53.584+0000][1][gc,age       ] GC(32) Desired survivor size 4456448 bytes, new threshold 6 (max threshold 6)
[2019-06-24T10:26:53.584+0000][1][gc,age       ] GC(32) Age table with threshold 6 (max threshold 6)
[2019-06-24T10:26:53.584+0000][1][gc,age       ] GC(32) - age   1:       5448 bytes,       5448 total
[2019-06-24T10:26:53.584+0000][1][gc,age       ] GC(32) - age   2:        968 bytes,       6416 total
[2019-06-24T10:26:53.584+0000][1][gc,age       ] GC(32) - age   3:       2992 bytes,       9408 total
[2019-06-24T10:26:53.584+0000][1][gc,age       ] GC(32) - age   4:       4432 bytes,      13840 total
[2019-06-24T10:26:53.584+0000][1][gc,age       ] GC(32) - age   5:       1440 bytes,      15280 total
[2019-06-24T10:26:53.584+0000][1][gc,age       ] GC(32) - age   6:       1088 bytes,      16368 total
[2019-06-24T10:26:53.584+0000][1][gc,heap      ] GC(32) ParNew: 70076K->52K(78656K)
[2019-06-24T10:26:53.584+0000][1][gc,heap      ] GC(32) CMS: 69692K->69753K(174784K)
[2019-06-24T10:26:53.584+0000][1][gc,metaspace ] GC(32) Metaspace: 67999K->67999K(1112064K)
[2019-06-24T10:26:53.584+0000][1][gc           ] GC(32) Pause Young (Allocation Failure) 136M->68M(247M) 1.675ms
[2019-06-24T10:26:53.584+0000][1][gc,cpu       ] GC(32) User=0.00s Sys=0.00s Real=0.01s
[2019-06-24T10:26:53.584+0000][1][safepoint    ] Leaving safepoint region
[2019-06-24T10:26:53.584+0000][1][safepoint    ] Total time for which application threads were stopped: 0.0019132 seconds, Stopping threads took: 0.0000272 seconds
[2019-06-24T10:26:54.585+0000][1][safepoint    ] Application time: 1.0002528 seconds
[2019-06-24T10:26:54.585+0000][1][safepoint    ] Entering safepoint region: Cleanup
[2019-06-24T10:26:54.585+0000][1][safepoint    ] Leaving safepoint region
[2019-06-24T10:26:54.585+0000][1][safepoint    ] Total time for which application threads were stopped: 0.0002731 seconds, Stopping threads took: 0.0000754 seconds
[2019-06-24T10:26:55.585+0000][1][safepoint    ] Application time: 1.0002846 seconds
[2019-06-24T10:26:55.585+0000][1][safepoint    ] Entering safepoint region: Cleanup
[2019-06-24T10:26:55.586+0000][1][safepoint    ] Leaving safepoint region
[2019-06-24T10:26:55.586+0000][1][safepoint    ] Total time for which application threads were stopped: 0.0002272 seconds, Stopping threads took: 0.0000637 seconds
[2019-06-24T10:26:56.586+0000][1][safepoint    ] Application time: 1.0002263 seconds
[2019-06-24T10:26:56.586+0000][1][safepoint    ] Entering safepoint region: Cleanup
[2019-06-24T10:26:56.586+0000][1][safepoint    ] Leaving safepoint region
[2019-06-24T10:26:56.586+0000][1][safepoint    ] Total time for which application threads were stopped: 0.0002577 seconds, Stopping threads took: 0.0000638 seconds
[2019-06-24T10:26:57.587+0000][1][safepoint    ] Application time: 1.0003398 seconds
[2019-06-24T10:26:57.587+0000][1][safepoint    ] Entering safepoint region: Cleanup
[2019-06-24T10:26:57.587+0000][1][safepoint    ] Leaving safepoint region
[2019-06-24T10:26:57.587+0000][1][safepoint    ] Total time for which application threads were stopped: 0.0002249 seconds, Stopping threads took: 0.0000617 seconds
[2019-06-24T10:26:58.587+0000][1][safepoint    ] Application time: 1.0001978 seconds
[2019-06-24T10:26:58.587+0000][1][safepoint    ] Entering safepoint region: Cleanup
[2019-06-24T10:26:58.587+0000][1][safepoint    ] Leaving safepoint region
[2019-06-24T10:26:58.587+0000][1][safepoint    ] Total time for which application threads were stopped: 0.0002581 seconds, Stopping threads took: 0.0000986 seconds
[2019-06-24T10:26:59.588+0000][1][safepoint    ] Application time: 1.0003339 seconds
[2019-06-24T10:26:59.588+0000][1][safepoint    ] Entering safepoint region: Cleanup
[2019-06-24T10:26:59.588+0000][1][safepoint    ] Leaving safepoint region
[2019-06-24T10:26:59.588+0000][1][safepoint    ] Total time for which application threads were stopped: 0.0001386 seconds, Stopping threads took: 0.0000617 seconds
[2019-06-24T10:27:00.588+0000][1][safepoint    ] Application time: 1.0002354 seconds
[2019-06-24T10:27:00.588+0000][1][safepoint    ] Entering safepoint region: Cleanup
[2019-06-24T10:27:00.589+0000][1][safepoint    ] Leaving safepoint region
[2019-06-24T10:27:00.589+0000][1][safepoint    ] Total time for which application threads were stopped: 0.0002296 seconds, Stopping threads took: 0.0000632 seconds
[2019-06-24T10:27:01.589+0000][1][safepoint    ] Application time: 1.0002356 seconds
[2019-06-24T10:27:01.589+0000][1][safepoint    ] Entering safepoint region: Cleanup
[2019-06-24T10:27:01.589+0000][1][safepoint    ] Leaving safepoint region
[2019-06-24T10:27:01.589+0000][1][safepoint    ] Total time for which application threads were stopped: 0.0002266 seconds, Stopping threads took: 0.0000639 seconds
[2019-06-24T10:27:02.590+0000][1][safepoint    ] Application time: 1.0002594 seconds
[2019-06-24T10:27:02.590+0000][1][safepoint    ] Entering safepoint region: Cleanup
[2019-06-24T10:27:02.590+0000][1][safepoint    ] Leaving safepoint region
[2019-06-24T10:27:02.590+0000][1][safepoint    ] Total time for which application threads were stopped: 0.0002603 seconds, Stopping threads took: 0.0000972 seconds
[2019-06-24T10:27:03.590+0000][1][safepoint    ] Application time: 1.0002807 seconds
[2019-06-24T10:27:03.590+0000][1][safepoint    ] Entering safepoint region: Cleanup
[2019-06-24T10:27:03.591+0000][1][safepoint    ] Leaving safepoint region
[2019-06-24T10:27:03.591+0000][1][safepoint    ] Total time for which application threads were stopped: 0.0003721 seconds, Stopping threads took: 0.0000759 seconds
[2019-06-24T10:27:04.591+0000][1][safepoint    ] Application time: 1.0001136 seconds
[2019-06-24T10:27:04.591+0000][1][safepoint    ] Entering safepoint region: Cleanup
[2019-06-24T10:27:04.591+0000][1][safepoint    ] Leaving safepoint region
[2019-06-24T10:27:04.591+0000][1][safepoint    ] Total time for which application threads were stopped: 0.0001155 seconds, Stopping threads took: 0.0000323 seconds
[2019-06-24T10:27:05.591+0000][1][safepoint    ] Application time: 1.0001239 seconds
[2019-06-24T10:27:05.591+0000][1][safepoint    ] Entering safepoint region: Cleanup
[2019-06-24T10:27:05.591+0000][1][safepoint    ] Leaving safepoint region
[2019-06-24T10:27:05.591+0000][1][safepoint    ] Total time for which application threads were stopped: 0.0000939 seconds, Stopping threads took: 0.0000267 seconds
[2019-06-24T10:27:06.592+0000][1][safepoint    ] Application time: 1.0002362 seconds
[2019-06-24T10:27:06.592+0000][1][safepoint    ] Entering safepoint region: Cleanup
[2019-06-24T10:27:06.592+0000][1][safepoint    ] Leaving safepoint region
[2019-06-24T10:27:06.592+0000][1][safepoint    ] Total time for which application threads were stopped: 0.0002336 seconds, Stopping threads took: 0.0000653 seconds
[2019-06-24T10:27:07.592+0000][1][safepoint    ] Application time: 1.0002633 seconds
[2019-06-24T10:27:07.592+0000][1][safepoint    ] Entering safepoint region: Cleanup
[2019-06-24T10:27:07.593+0000][1][safepoint    ] Leaving safepoint region
[2019-06-24T10:27:07.593+0000][1][safepoint    ] Total time for which application threads were stopped: 0.0002316 seconds, Stopping threads took: 0.0000642 seconds
[2019-06-24T10:27:08.593+0000][1][safepoint    ] Application time: 1.0002730 seconds
[2019-06-24T10:27:08.593+0000][1][safepoint    ] Entering safepoint region: Cleanup
[2019-06-24T10:27:08.593+0000][1][safepoint    ] Leaving safepoint region
[2019-06-24T10:27:08.593+0000][1][safepoint    ] Total time for which application threads were stopped: 0.0002272 seconds, Stopping threads took: 0.0000640 seconds
[2019-06-24T10:27:09.594+0000][1][safepoint    ] Application time: 1.0002687 seconds
[2019-06-24T10:27:09.594+0000][1][safepoint    ] Entering safepoint region: Cleanup
[2019-06-24T10:27:09.594+0000][1][safepoint    ] Leaving safepoint region
[2019-06-24T10:27:09.594+0000][1][safepoint    ] Total time for which application threads were stopped: 0.0002295 seconds, Stopping threads took: 0.0000634 seconds
[2019-06-24T10:27:10.594+0000][1][safepoint    ] Application time: 1.0002672 seconds
[2019-06-24T10:27:10.594+0000][1][safepoint    ] Entering safepoint region: Cleanup
[2019-06-24T10:27:10.594+0000][1][safepoint    ] Leaving safepoint region
[2019-06-24T10:27:10.595+0000][1][safepoint    ] Total time for which application threads were stopped: 0.0003007 seconds, Stopping threads took: 0.0000628 seconds
[2019-06-24T10:27:11.595+0000][1][safepoint    ] Application time: 1.0001485 seconds
[2019-06-24T10:27:11.595+0000][1][safepoint    ] Entering safepoint region: Cleanup
[2019-06-24T10:27:11.595+0000][1][safepoint    ] Leaving safepoint region
[2019-06-24T10:27:11.595+0000][1][safepoint    ] Total time for which application threads were stopped: 0.0002292 seconds, Stopping threads took: 0.0000647 seconds
[2019-06-24T10:27:12.595+0000][1][safepoint    ] Application time: 1.0001893 seconds
[2019-06-24T10:27:12.595+0000][1][safepoint    ] Entering safepoint region: Cleanup
[2019-06-24T10:27:12.595+0000][1][safepoint    ] Leaving safepoint region
[2019-06-24T10:27:12.596+0000][1][safepoint    ] Total time for which application threads were stopped: 0.0001521 seconds, Stopping threads took: 0.0000614 seconds
[2019-06-24T10:27:13.596+0000][1][safepoint    ] Application time: 1.0002236 seconds
[2019-06-24T10:27:13.596+0000][1][safepoint    ] Entering safepoint region: Cleanup
[2019-06-24T10:27:13.596+0000][1][safepoint    ] Leaving safepoint region
[2019-06-24T10:27:13.596+0000][1][safepoint    ] Total time for which application threads were stopped: 0.0002294 seconds, Stopping threads took: 0.0000650 seconds
[2019-06-24T10:27:14.596+0000][1][safepoint    ] Application time: 1.0001582 seconds
[2019-06-24T10:27:14.596+0000][1][safepoint    ] Entering safepoint region: Cleanup
[2019-06-24T10:27:14.597+0000][1][safepoint    ] Leaving safepoint region
[2019-06-24T10:27:14.597+0000][1][safepoint    ] Total time for which application threads were stopped: 0.0001645 seconds, Stopping threads took: 0.0000459 seconds
[2019-06-24T10:27:15.597+0000][1][safepoint    ] Application time: 1.0002234 seconds
[2019-06-24T10:27:15.597+0000][1][safepoint    ] Entering safepoint region: Cleanup
[2019-06-24T10:27:15.597+0000][1][safepoint    ] Leaving safepoint region
[2019-06-24T10:27:15.597+0000][1][safepoint    ] Total time for which application threads were stopped: 0.0002766 seconds, Stopping threads took: 0.0000745 seconds
[2019-06-24T10:27:16.597+0000][1][safepoint    ] Application time: 1.0001925 seconds
[2019-06-24T10:27:16.598+0000][1][safepoint    ] Entering safepoint region: Cleanup
[2019-06-24T10:27:16.598+0000][1][safepoint    ] Leaving safepoint region
[2019-06-24T10:27:16.598+0000][1][safepoint    ] Total time for which application threads were stopped: 0.0002090 seconds, Stopping threads took: 0.0000604 seconds
[2019-06-24T10:27:17.598+0000][1][safepoint    ] Application time: 1.0001915 seconds
[2019-06-24T10:27:17.598+0000][1][safepoint    ] Entering safepoint region: Cleanup
[2019-06-24T10:27:17.598+0000][1][safepoint    ] Leaving safepoint region
[2019-06-24T10:27:17.598+0000][1][safepoint    ] Total time for which application threads were stopped: 0.0002190 seconds, Stopping threads took: 0.0000609 seconds
[2019-06-24T10:27:18.954+0000][1][safepoint    ] Application time: 1.3560997 seconds
[2019-06-24T10:27:18.955+0000][1][safepoint    ] Entering safepoint region: Cleanup
[2019-06-24T10:27:18.955+0000][1][safepoint    ] Leaving safepoint region
[2019-06-24T10:27:18.955+0000][1][safepoint    ] Total time for which application threads were stopped: 0.0002669 seconds, Stopping threads took: 0.0000635 seconds
[2019-06-24T10:27:19.955+0000][1][safepoint    ] Application time: 1.0001763 seconds
[2019-06-24T10:27:19.955+0000][1][safepoint    ] Entering safepoint region: Cleanup
[2019-06-24T10:27:19.956+0000][1][safepoint    ] Leaving safepoint region
[2019-06-24T10:27:19.956+0000][1][safepoint    ] Total time for which application threads were stopped: 0.0003411 seconds, Stopping threads took: 0.0000915 seconds
[2019-06-24T10:27:20.956+0000][1][safepoint    ] Application time: 1.0002318 seconds
[2019-06-24T10:27:20.956+0000][1][safepoint    ] Entering safepoint region: Cleanup
[2019-06-24T10:27:20.956+0000][1][safepoint    ] Leaving safepoint region
[2019-06-24T10:27:20.956+0000][1][safepoint    ] Total time for which application threads were stopped: 0.0002730 seconds, Stopping threads took: 0.0000757 seconds
[2019-06-24T10:27:21.957+0000][1][safepoint    ] Application time: 1.0002719 seconds
[2019-06-24T10:27:21.957+0000][1][safepoint    ] Entering safepoint region: Cleanup
[2019-06-24T10:27:21.957+0000][1][safepoint    ] Leaving safepoint region
[2019-06-24T10:27:21.957+0000][1][safepoint    ] Total time for which application threads were stopped: 0.0002385 seconds, Stopping threads took: 0.0000631 seconds
[2019-06-24T10:27:22.957+0000][1][safepoint    ] Application time: 1.0002534 seconds
[2019-06-24T10:27:22.957+0000][1][safepoint    ] Entering safepoint region: Cleanup
[2019-06-24T10:27:22.958+0000][1][safepoint    ] Leaving safepoint region
[2019-06-24T10:27:22.958+0000][1][safepoint    ] Total time for which application threads were stopped: 0.0002448 seconds, Stopping threads took: 0.0000671 seconds
[2019-06-24T10:27:23.958+0000][1][safepoint    ] Application time: 1.0002722 seconds
[2019-06-24T10:27:23.958+0000][1][safepoint    ] Entering safepoint region: Cleanup
[2019-06-24T10:27:23.958+0000][1][safepoint    ] Leaving safepoint region
[2019-06-24T10:27:23.958+0000][1][safepoint    ] Total time for which application threads were stopped: 0.0002536 seconds, Stopping threads took: 0.0000664 seconds
[2019-06-24T10:27:24.959+0000][1][safepoint    ] Application time: 1.0003296 seconds
[2019-06-24T10:27:24.959+0000][1][safepoint    ] Entering safepoint region: Cleanup
[2019-06-24T10:27:24.959+0000][1][safepoint    ] Leaving safepoint region
[2019-06-24T10:27:24.959+0000][1][safepoint    ] Total time for which application threads were stopped: 0.0002410 seconds, Stopping threads took: 0.0000644 seconds
[2019-06-24T10:27:25.959+0000][1][safepoint    ] Application time: 1.0001444 seconds
[2019-06-24T10:27:25.959+0000][1][safepoint    ] Entering safepoint region: Cleanup
[2019-06-24T10:27:25.959+0000][1][safepoint    ] Leaving safepoint region
[2019-06-24T10:27:25.959+0000][1][safepoint    ] Total time for which application threads were stopped: 0.0002392 seconds, Stopping threads took: 0.0000590 seconds
[2019-06-24T10:27:26.960+0000][1][safepoint    ] Application time: 1.0002523 seconds
[2019-06-24T10:27:26.960+0000][1][safepoint    ] Entering safepoint region: Cleanup
[2019-06-24T10:27:26.960+0000][1][safepoint    ] Leaving safepoint region
[2019-06-24T10:27:26.960+0000][1][safepoint    ] Total time for which application threads were stopped: 0.0002554 seconds, Stopping threads took: 0.0000762 seconds
[2019-06-24T10:27:27.960+0000][1][safepoint    ] Application time: 1.0002468 seconds
[2019-06-24T10:27:27.961+0000][1][safepoint    ] Entering safepoint region: Cleanup
[2019-06-24T10:27:27.961+0000][1][safepoint    ] Leaving safepoint region
[2019-06-24T10:27:27.961+0000][1][safepoint    ] Total time for which application threads were stopped: 0.0003090 seconds, Stopping threads took: 0.0000636 seconds
[2019-06-24T10:27:28.961+0000][1][safepoint    ] Application time: 1.0002679 seconds
[2019-06-24T10:27:28.961+0000][1][safepoint    ] Entering safepoint region: Cleanup
[2019-06-24T10:27:28.962+0000][1][safepoint    ] Leaving safepoint region
[2019-06-24T10:27:28.962+0000][1][safepoint    ] Total time for which application threads were stopped: 0.0003096 seconds, Stopping threads took: 0.0001082 seconds
[2019-06-24T10:27:29.962+0000][1][safepoint    ] Application time: 1.0002699 seconds
[2019-06-24T10:27:29.962+0000][1][safepoint    ] Entering safepoint region: Cleanup
[2019-06-24T10:27:29.962+0000][1][safepoint    ] Leaving safepoint region
[2019-06-24T10:27:29.962+0000][1][safepoint    ] Total time for which application threads were stopped: 0.0003060 seconds, Stopping threads took: 0.0001101 seconds
[2019-06-24T10:27:30.963+0000][1][safepoint    ] Application time: 1.0003021 seconds
[2019-06-24T10:27:30.963+0000][1][safepoint    ] Entering safepoint region: Cleanup
[2019-06-24T10:27:30.963+0000][1][safepoint    ] Leaving safepoint region
[2019-06-24T10:27:30.963+0000][1][safepoint    ] Total time for which application threads were stopped: 0.0002288 seconds, Stopping threads took: 0.0000640 seconds
[2019-06-24T10:27:31.963+0000][1][safepoint    ] Application time: 1.0002446 seconds
[2019-06-24T10:27:31.963+0000][1][safepoint    ] Entering safepoint region: Cleanup
[2019-06-24T10:27:31.964+0000][1][safepoint    ] Leaving safepoint region
[2019-06-24T10:27:31.964+0000][1][safepoint    ] Total time for which application threads were stopped: 0.0002656 seconds, Stopping threads took: 0.0000776 seconds
[2019-06-24T10:27:32.964+0000][1][safepoint    ] Application time: 1.0002599 seconds
[2019-06-24T10:27:32.964+0000][1][safepoint    ] Entering safepoint region: Cleanup
[2019-06-24T10:27:32.964+0000][1][safepoint    ] Leaving safepoint region
[2019-06-24T10:27:32.964+0000][1][safepoint    ] Total time for which application threads were stopped: 0.0002385 seconds, Stopping threads took: 0.0000643 seconds
[2019-06-24T10:27:33.965+0000][1][safepoint    ] Application time: 1.0002719 seconds
[2019-06-24T10:27:33.965+0000][1][safepoint    ] Entering safepoint region: Cleanup
[2019-06-24T10:27:33.965+0000][1][safepoint    ] Leaving safepoint region
[2019-06-24T10:27:33.965+0000][1][safepoint    ] Total time for which application threads were stopped: 0.0002289 seconds, Stopping threads took: 0.0000630 seconds
[2019-06-24T10:27:34.965+0000][1][safepoint    ] Application time: 1.0002689 seconds
[2019-06-24T10:27:34.965+0000][1][safepoint    ] Entering safepoint region: Cleanup
[2019-06-24T10:27:34.965+0000][1][safepoint    ] Leaving safepoint region
[2019-06-24T10:27:34.966+0000][1][safepoint    ] Total time for which application threads were stopped: 0.0002394 seconds, Stopping threads took: 0.0000653 seconds
[2019-06-24T10:27:35.966+0000][1][safepoint    ] Application time: 1.0002260 seconds
[2019-06-24T10:27:35.966+0000][1][safepoint    ] Entering safepoint region: Cleanup
[2019-06-24T10:27:35.966+0000][1][safepoint    ] Leaving safepoint region
[2019-06-24T10:27:35.966+0000][1][safepoint    ] Total time for which application threads were stopped: 0.0002288 seconds, Stopping threads took: 0.0000628 seconds
[2019-06-24T10:27:36.966+0000][1][safepoint    ] Application time: 1.0002690 seconds
[2019-06-24T10:27:36.967+0000][1][safepoint    ] Entering safepoint region: Cleanup
[2019-06-24T10:27:36.968+0000][1][safepoint    ] Leaving safepoint region
[2019-06-24T10:27:36.968+0000][1][safepoint    ] Total time for which application threads were stopped: 0.0011845 seconds, Stopping threads took: 0.0009006 seconds
[2019-06-24T10:27:37.968+0000][1][safepoint    ] Application time: 1.0002567 seconds
[2019-06-24T10:27:37.968+0000][1][safepoint    ] Entering safepoint region: Cleanup
[2019-06-24T10:27:37.968+0000][1][safepoint    ] Leaving safepoint region
[2019-06-24T10:27:37.968+0000][1][safepoint    ] Total time for which application threads were stopped: 0.0002328 seconds, Stopping threads took: 0.0000623 seconds
[2019-06-24T10:27:38.969+0000][1][safepoint    ] Application time: 1.0001973 seconds
[2019-06-24T10:27:38.969+0000][1][safepoint    ] Entering safepoint region: Cleanup
[2019-06-24T10:27:38.969+0000][1][safepoint    ] Leaving safepoint region
[2019-06-24T10:27:38.969+0000][1][safepoint    ] Total time for which application threads were stopped: 0.0003219 seconds, Stopping threads took: 0.0000732 seconds
[2019-06-24T10:27:39.969+0000][1][safepoint    ] Application time: 1.0001655 seconds
[2019-06-24T10:27:39.969+0000][1][safepoint    ] Entering safepoint region: Cleanup
[2019-06-24T10:27:39.969+0000][1][safepoint    ] Leaving safepoint region
[2019-06-24T10:27:39.969+0000][1][safepoint    ] Total time for which application threads were stopped: 0.0000882 seconds, Stopping threads took: 0.0000224 seconds
[2019-06-24T10:27:40.970+0000][1][safepoint    ] Application time: 1.0002596 seconds
[2019-06-24T10:27:40.970+0000][1][safepoint    ] Entering safepoint region: Cleanup
[2019-06-24T10:27:40.970+0000][1][safepoint    ] Leaving safepoint region
[2019-06-24T10:27:40.970+0000][1][safepoint    ] Total time for which application threads were stopped: 0.0002632 seconds, Stopping threads took: 0.0000721 seconds
[2019-06-24T10:27:41.970+0000][1][safepoint    ] Application time: 1.0002589 seconds
[2019-06-24T10:27:41.971+0000][1][safepoint    ] Entering safepoint region: Cleanup
[2019-06-24T10:27:41.972+0000][1][safepoint    ] Leaving safepoint region
[2019-06-24T10:27:41.972+0000][1][safepoint    ] Total time for which application threads were stopped: 0.0012263 seconds, Stopping threads took: 0.0009347 seconds
[2019-06-24T10:27:42.972+0000][1][safepoint    ] Application time: 1.0002638 seconds
[2019-06-24T10:27:42.972+0000][1][safepoint    ] Entering safepoint region: Cleanup
[2019-06-24T10:27:42.972+0000][1][safepoint    ] Leaving safepoint region
[2019-06-24T10:27:42.972+0000][1][safepoint    ] Total time for which application threads were stopped: 0.0002633 seconds, Stopping threads took: 0.0000948 seconds
[2019-06-24T10:27:43.973+0000][1][safepoint    ] Application time: 1.0002582 seconds
[2019-06-24T10:27:43.973+0000][1][safepoint    ] Entering safepoint region: Cleanup
[2019-06-24T10:27:43.973+0000][1][safepoint    ] Leaving safepoint region
[2019-06-24T10:27:43.973+0000][1][safepoint    ] Total time for which application threads were stopped: 0.0002379 seconds, Stopping threads took: 0.0000661 seconds
[2019-06-24T10:27:44.973+0000][1][safepoint    ] Application time: 1.0001620 seconds
[2019-06-24T10:27:44.973+0000][1][safepoint    ] Entering safepoint region: Cleanup
[2019-06-24T10:27:44.973+0000][1][safepoint    ] Leaving safepoint region
[2019-06-24T10:27:44.973+0000][1][safepoint    ] Total time for which application threads were stopped: 0.0001332 seconds, Stopping threads took: 0.0000356 seconds
[2019-06-24T10:27:45.974+0000][1][safepoint    ] Application time: 1.0002555 seconds
[2019-06-24T10:27:45.974+0000][1][safepoint    ] Entering safepoint region: Cleanup
[2019-06-24T10:27:45.974+0000][1][safepoint    ] Leaving safepoint region
[2019-06-24T10:27:45.974+0000][1][safepoint    ] Total time for which application threads were stopped: 0.0002356 seconds, Stopping threads took: 0.0000645 seconds
[2019-06-24T10:27:46.974+0000][1][safepoint    ] Application time: 1.0002721 seconds
[2019-06-24T10:27:46.975+0000][1][safepoint    ] Entering safepoint region: Cleanup
[2019-06-24T10:27:46.975+0000][1][safepoint    ] Leaving safepoint region
[2019-06-24T10:27:46.975+0000][1][safepoint    ] Total time for which application threads were stopped: 0.0002413 seconds, Stopping threads took: 0.0000700 seconds
[2019-06-24T10:27:47.975+0000][1][safepoint    ] Application time: 1.0002652 seconds
[2019-06-24T10:27:47.975+0000][1][safepoint    ] Entering safepoint region: Cleanup
[2019-06-24T10:27:47.975+0000][1][safepoint    ] Leaving safepoint region
[2019-06-24T10:27:47.975+0000][1][safepoint    ] Total time for which application threads were stopped: 0.0002629 seconds, Stopping threads took: 0.0000630 seconds
[2019-06-24T10:27:48.976+0000][1][safepoint    ] Application time: 1.0002849 seconds
[2019-06-24T10:27:48.976+0000][1][safepoint    ] Entering safepoint region: Cleanup
[2019-06-24T10:27:48.976+0000][1][safepoint    ] Leaving safepoint region
[2019-06-24T10:27:48.976+0000][1][safepoint    ] Total time for which application threads were stopped: 0.0002712 seconds, Stopping threads took: 0.0000636 seconds
[2019-06-24T10:27:49.977+0000][1][safepoint    ] Application time: 1.0002751 seconds
[2019-06-24T10:27:49.977+0000][1][safepoint    ] Entering safepoint region: Cleanup
[2019-06-24T10:27:49.977+0000][1][safepoint    ] Leaving safepoint region
[2019-06-24T10:27:49.977+0000][1][safepoint    ] Total time for which application threads were stopped: 0.0002663 seconds, Stopping threads took: 0.0000629 seconds
[2019-06-24T10:27:50.977+0000][1][safepoint    ] Application time: 1.0002701 seconds
[2019-06-24T10:27:50.977+0000][1][safepoint    ] Entering safepoint region: Cleanup
[2019-06-24T10:27:50.978+0000][1][safepoint    ] Leaving safepoint region
[2019-06-24T10:27:50.978+0000][1][safepoint    ] Total time for which application threads were stopped: 0.0002667 seconds, Stopping threads took: 0.0000635 seconds
[2019-06-24T10:27:51.978+0000][1][safepoint    ] Application time: 1.0002653 seconds
[2019-06-24T10:27:51.978+0000][1][safepoint    ] Entering safepoint region: Cleanup
[2019-06-24T10:27:51.979+0000][1][safepoint    ] Leaving safepoint region
[2019-06-24T10:27:51.979+0000][1][safepoint    ] Total time for which application threads were stopped: 0.0012813 seconds, Stopping threads took: 0.0009846 seconds
[2019-06-24T10:27:53.524+0000][1][safepoint    ] Application time: 1.5448121 seconds
[2019-06-24T10:27:53.524+0000][1][safepoint    ] Entering safepoint region: Cleanup
[2019-06-24T10:27:53.524+0000][1][safepoint    ] Leaving safepoint region
[2019-06-24T10:27:53.524+0000][1][safepoint    ] Total time for which application threads were stopped: 0.0002465 seconds, Stopping threads took: 0.0000621 seconds
[2019-06-24T10:27:54.525+0000][1][safepoint    ] Application time: 1.0002076 seconds
[2019-06-24T10:27:54.525+0000][1][safepoint    ] Entering safepoint region: Cleanup
[2019-06-24T10:27:54.525+0000][1][safepoint    ] Leaving safepoint region
[2019-06-24T10:27:54.525+0000][1][safepoint    ] Total time for which application threads were stopped: 0.0002227 seconds, Stopping threads took: 0.0000595 seconds
[2019-06-24T10:27:55.525+0000][1][safepoint    ] Application time: 1.0001524 seconds
[2019-06-24T10:27:55.525+0000][1][safepoint    ] Entering safepoint region: Cleanup
[2019-06-24T10:27:55.525+0000][1][safepoint    ] Leaving safepoint region
[2019-06-24T10:27:55.525+0000][1][safepoint    ] Total time for which application threads were stopped: 0.0001658 seconds, Stopping threads took: 0.0000465 seconds
[2019-06-24T10:27:56.526+0000][1][safepoint    ] Application time: 1.0002492 seconds
[2019-06-24T10:27:56.526+0000][1][safepoint    ] Entering safepoint region: Cleanup
[2019-06-24T10:27:56.526+0000][1][safepoint    ] Leaving safepoint region
[2019-06-24T10:27:56.526+0000][1][safepoint    ] Total time for which application threads were stopped: 0.0003763 seconds, Stopping threads took: 0.0001635 seconds
[2019-06-24T10:27:57.527+0000][1][safepoint    ] Application time: 1.0003359 seconds
[2019-06-24T10:27:57.527+0000][1][safepoint    ] Entering safepoint region: Cleanup
[2019-06-24T10:27:57.527+0000][1][safepoint    ] Leaving safepoint region
[2019-06-24T10:27:57.527+0000][1][safepoint    ] Total time for which application threads were stopped: 0.0002379 seconds, Stopping threads took: 0.0000650 seconds
[2019-06-24T10:27:58.527+0000][1][safepoint    ] Application time: 1.0001495 seconds
[2019-06-24T10:27:58.527+0000][1][safepoint    ] Entering safepoint region: Cleanup
[2019-06-24T10:27:58.528+0000][1][safepoint    ] Leaving safepoint region
[2019-06-24T10:27:58.528+0000][1][safepoint    ] Total time for which application threads were stopped: 0.0003533 seconds, Stopping threads took: 0.0001161 seconds
[2019-06-24T10:27:59.528+0000][1][safepoint    ] Application time: 1.0002516 seconds
[2019-06-24T10:27:59.528+0000][1][safepoint    ] Entering safepoint region: Cleanup
[2019-06-24T10:27:59.528+0000][1][safepoint    ] Leaving safepoint region
[2019-06-24T10:27:59.528+0000][1][safepoint    ] Total time for which application threads were stopped: 0.0002329 seconds, Stopping threads took: 0.0000636 seconds
[2019-06-24T10:28:00.529+0000][1][safepoint    ] Application time: 1.0002527 seconds
[2019-06-24T10:28:00.529+0000][1][safepoint    ] Entering safepoint region: Cleanup
[2019-06-24T10:28:00.529+0000][1][safepoint    ] Leaving safepoint region
[2019-06-24T10:28:00.529+0000][1][safepoint    ] Total time for which application threads were stopped: 0.0002430 seconds, Stopping threads took: 0.0000641 seconds
[2019-06-24T10:28:01.529+0000][1][safepoint    ] Application time: 1.0002851 seconds
[2019-06-24T10:28:01.529+0000][1][safepoint    ] Entering safepoint region: Cleanup
[2019-06-24T10:28:01.530+0000][1][safepoint    ] Leaving safepoint region
[2019-06-24T10:28:01.530+0000][1][safepoint    ] Total time for which application threads were stopped: 0.0003121 seconds, Stopping threads took: 0.0000731 seconds
[2019-06-24T10:28:02.530+0000][1][safepoint    ] Application time: 1.0002227 seconds
[2019-06-24T10:28:02.530+0000][1][safepoint    ] Entering safepoint region: Cleanup
[2019-06-24T10:28:02.530+0000][1][safepoint    ] Leaving safepoint region
[2019-06-24T10:28:02.530+0000][1][safepoint    ] Total time for which application threads were stopped: 0.0002821 seconds, Stopping threads took: 0.0000619 seconds
[2019-06-24T10:28:03.531+0000][1][safepoint    ] Application time: 1.0002174 seconds
[2019-06-24T10:28:03.531+0000][1][safepoint    ] Entering safepoint region: Cleanup
[2019-06-24T10:28:03.531+0000][1][safepoint    ] Leaving safepoint region
[2019-06-24T10:28:03.531+0000][1][safepoint    ] Total time for which application threads were stopped: 0.0002241 seconds, Stopping threads took: 0.0000628 seconds
[2019-06-24T10:28:04.531+0000][1][safepoint    ] Application time: 1.0002402 seconds
[2019-06-24T10:28:04.531+0000][1][safepoint    ] Entering safepoint region: Cleanup
[2019-06-24T10:28:04.532+0000][1][safepoint    ] Leaving safepoint region
[2019-06-24T10:28:04.532+0000][1][safepoint    ] Total time for which application threads were stopped: 0.0002634 seconds, Stopping threads took: 0.0000643 seconds
[2019-06-24T10:28:05.532+0000][1][safepoint    ] Application time: 1.0001471 seconds
[2019-06-24T10:28:05.532+0000][1][safepoint    ] Entering safepoint region: Cleanup
[2019-06-24T10:28:05.532+0000][1][safepoint    ] Leaving safepoint region
[2019-06-24T10:28:05.532+0000][1][safepoint    ] Total time for which application threads were stopped: 0.0001161 seconds, Stopping threads took: 0.0000274 seconds
[2019-06-24T10:28:06.532+0000][1][safepoint    ] Application time: 1.0002580 seconds
[2019-06-24T10:28:06.533+0000][1][safepoint    ] Entering safepoint region: Cleanup
[2019-06-24T10:28:06.533+0000][1][safepoint    ] Leaving safepoint region
[2019-06-24T10:28:06.533+0000][1][safepoint    ] Total time for which application threads were stopped: 0.0002854 seconds, Stopping threads took: 0.0001254 seconds
[2019-06-24T10:28:07.533+0000][1][safepoint    ] Application time: 1.0002504 seconds
[2019-06-24T10:28:07.533+0000][1][safepoint    ] Entering safepoint region: Cleanup
[2019-06-24T10:28:07.533+0000][1][safepoint    ] Leaving safepoint region
[2019-06-24T10:28:07.533+0000][1][safepoint    ] Total time for which application threads were stopped: 0.0002300 seconds, Stopping threads took: 0.0000641 seconds
[2019-06-24T10:28:08.534+0000][1][safepoint    ] Application time: 1.0002704 seconds
[2019-06-24T10:28:08.534+0000][1][safepoint    ] Entering safepoint region: Cleanup
[2019-06-24T10:28:08.534+0000][1][safepoint    ] Leaving safepoint region
[2019-06-24T10:28:08.534+0000][1][safepoint    ] Total time for which application threads were stopped: 0.0002323 seconds, Stopping threads took: 0.0000635 seconds
[2019-06-24T10:28:09.534+0000][1][safepoint    ] Application time: 1.0002661 seconds
[2019-06-24T10:28:09.535+0000][1][safepoint    ] Entering safepoint region: Cleanup
[2019-06-24T10:28:09.535+0000][1][safepoint    ] Leaving safepoint region
[2019-06-24T10:28:09.535+0000][1][safepoint    ] Total time for which application threads were stopped: 0.0003364 seconds, Stopping threads took: 0.0001643 seconds
[2019-06-24T10:28:10.535+0000][1][safepoint    ] Application time: 1.0002674 seconds
[2019-06-24T10:28:10.535+0000][1][safepoint    ] Entering safepoint region: Cleanup
[2019-06-24T10:28:10.535+0000][1][safepoint    ] Leaving safepoint region
[2019-06-24T10:28:10.535+0000][1][safepoint    ] Total time for which application threads were stopped: 0.0002546 seconds, Stopping threads took: 0.0000644 seconds
[2019-06-24T10:28:11.536+0000][1][safepoint    ] Application time: 1.0002008 seconds
[2019-06-24T10:28:11.536+0000][1][safepoint    ] Entering safepoint region: Cleanup
[2019-06-24T10:28:11.536+0000][1][safepoint    ] Leaving safepoint region
[2019-06-24T10:28:11.536+0000][1][safepoint    ] Total time for which application threads were stopped: 0.0002362 seconds, Stopping threads took: 0.0000628 seconds
[2019-06-24T10:28:12.536+0000][1][safepoint    ] Application time: 1.0001833 seconds
[2019-06-24T10:28:12.536+0000][1][safepoint    ] Entering safepoint region: Cleanup
[2019-06-24T10:28:12.537+0000][1][safepoint    ] Leaving safepoint region
[2019-06-24T10:28:12.537+0000][1][safepoint    ] Total time for which application threads were stopped: 0.0002376 seconds, Stopping threads took: 0.0000636 seconds
[2019-06-24T10:28:13.537+0000][1][safepoint    ] Application time: 1.0002763 seconds
[2019-06-24T10:28:13.537+0000][1][safepoint    ] Entering safepoint region: Cleanup
[2019-06-24T10:28:13.537+0000][1][safepoint    ] Leaving safepoint region
[2019-06-24T10:28:13.537+0000][1][safepoint    ] Total time for which application threads were stopped: 0.0002669 seconds, Stopping threads took: 0.0000963 seconds
[2019-06-24T10:28:14.538+0000][1][safepoint    ] Application time: 1.0002064 seconds
[2019-06-24T10:28:14.538+0000][1][safepoint    ] Entering safepoint region: Cleanup
[2019-06-24T10:28:14.538+0000][1][safepoint    ] Leaving safepoint region
[2019-06-24T10:28:14.538+0000][1][safepoint    ] Total time for which application threads were stopped: 0.0002385 seconds, Stopping threads took: 0.0000660 seconds
[2019-06-24T10:28:15.538+0000][1][safepoint    ] Application time: 1.0002682 seconds
[2019-06-24T10:28:15.538+0000][1][safepoint    ] Entering safepoint region: Cleanup
[2019-06-24T10:28:15.539+0000][1][safepoint    ] Leaving safepoint region
[2019-06-24T10:28:15.539+0000][1][safepoint    ] Total time for which application threads were stopped: 0.0003183 seconds, Stopping threads took: 0.0000659 seconds
[2019-06-24T10:28:16.539+0000][1][safepoint    ] Application time: 1.0002275 seconds
[2019-06-24T10:28:16.539+0000][1][safepoint    ] Entering safepoint region: Cleanup
[2019-06-24T10:28:16.539+0000][1][safepoint    ] Leaving safepoint region
[2019-06-24T10:28:16.539+0000][1][safepoint    ] Total time for which application threads were stopped: 0.0002579 seconds, Stopping threads took: 0.0000673 seconds
[2019-06-24T10:28:17.540+0000][1][safepoint    ] Application time: 1.0002699 seconds
[2019-06-24T10:28:17.540+0000][1][safepoint    ] Entering safepoint region: Cleanup
[2019-06-24T10:28:17.540+0000][1][safepoint    ] Leaving safepoint region
[2019-06-24T10:28:17.540+0000][1][safepoint    ] Total time for which application threads were stopped: 0.0002399 seconds, Stopping threads took: 0.0000662 seconds
[2019-06-24T10:28:18.540+0000][1][safepoint    ] Application time: 1.0002776 seconds
[2019-06-24T10:28:18.540+0000][1][safepoint    ] Entering safepoint region: Cleanup
[2019-06-24T10:28:18.541+0000][1][safepoint    ] Leaving safepoint region
[2019-06-24T10:28:18.541+0000][1][safepoint    ] Total time for which application threads were stopped: 0.0002379 seconds, Stopping threads took: 0.0000667 seconds
[2019-06-24T10:28:19.541+0000][1][safepoint    ] Application time: 1.0002665 seconds
[2019-06-24T10:28:19.541+0000][1][safepoint    ] Entering safepoint region: Cleanup
[2019-06-24T10:28:19.541+0000][1][safepoint    ] Leaving safepoint region
[2019-06-24T10:28:19.541+0000][1][safepoint    ] Total time for which application threads were stopped: 0.0002400 seconds, Stopping threads took: 0.0000622 seconds
[2019-06-24T10:28:20.542+0000][1][safepoint    ] Application time: 1.0002782 seconds
[2019-06-24T10:28:20.542+0000][1][safepoint    ] Entering safepoint region: Cleanup
[2019-06-24T10:28:20.542+0000][1][safepoint    ] Leaving safepoint region
[2019-06-24T10:28:20.542+0000][1][safepoint    ] Total time for which application threads were stopped: 0.0002392 seconds, Stopping threads took: 0.0000662 seconds
[2019-06-24T10:28:21.542+0000][1][safepoint    ] Application time: 1.0002689 seconds
[2019-06-24T10:28:21.542+0000][1][safepoint    ] Entering safepoint region: Cleanup
[2019-06-24T10:28:21.543+0000][1][safepoint    ] Leaving safepoint region
[2019-06-24T10:28:21.543+0000][1][safepoint    ] Total time for which application threads were stopped: 0.0003144 seconds, Stopping threads took: 0.0000652 seconds
[2019-06-24T10:28:22.543+0000][1][safepoint    ] Application time: 1.0001929 seconds
[2019-06-24T10:28:22.543+0000][1][safepoint    ] Entering safepoint region: Cleanup
[2019-06-24T10:28:22.543+0000][1][safepoint    ] Leaving safepoint region
[2019-06-24T10:28:22.543+0000][1][safepoint    ] Total time for which application threads were stopped: 0.0002340 seconds, Stopping threads took: 0.0000635 seconds
[2019-06-24T10:28:23.543+0000][1][safepoint    ] Application time: 1.0001912 seconds
[2019-06-24T10:28:23.544+0000][1][safepoint    ] Entering safepoint region: Cleanup
[2019-06-24T10:28:23.544+0000][1][safepoint    ] Leaving safepoint region
[2019-06-24T10:28:23.544+0000][1][safepoint    ] Total time for which application threads were stopped: 0.0002379 seconds, Stopping threads took: 0.0000650 seconds
[2019-06-24T10:28:24.544+0000][1][safepoint    ] Application time: 1.0001928 seconds
[2019-06-24T10:28:24.544+0000][1][safepoint    ] Entering safepoint region: Cleanup
[2019-06-24T10:28:24.544+0000][1][safepoint    ] Leaving safepoint region
[2019-06-24T10:28:24.544+0000][1][safepoint    ] Total time for which application threads were stopped: 0.0002409 seconds, Stopping threads took: 0.0000649 seconds
[2019-06-24T10:28:25.545+0000][1][safepoint    ] Application time: 1.0002010 seconds
[2019-06-24T10:28:25.545+0000][1][safepoint    ] Entering safepoint region: Cleanup
[2019-06-24T10:28:25.545+0000][1][safepoint    ] Leaving safepoint region
[2019-06-24T10:28:25.545+0000][1][safepoint    ] Total time for which application threads were stopped: 0.0002354 seconds, Stopping threads took: 0.0000661 seconds
[2019-06-24T10:28:26.545+0000][1][safepoint    ] Application time: 1.0002179 seconds
[2019-06-24T10:28:26.545+0000][1][safepoint    ] Entering safepoint region: Cleanup
[2019-06-24T10:28:26.545+0000][1][safepoint    ] Leaving safepoint region
[2019-06-24T10:28:26.545+0000][1][safepoint    ] Total time for which application threads were stopped: 0.0002365 seconds, Stopping threads took: 0.0000649 seconds
[2019-06-24T10:28:27.546+0000][1][safepoint    ] Application time: 1.0002625 seconds
[2019-06-24T10:28:27.546+0000][1][safepoint    ] Entering safepoint region: Cleanup
[2019-06-24T10:28:27.546+0000][1][safepoint    ] Leaving safepoint region
[2019-06-24T10:28:27.546+0000][1][safepoint    ] Total time for which application threads were stopped: 0.0002342 seconds, Stopping threads took: 0.0000643 seconds
[2019-06-24T10:28:28.546+0000][1][safepoint    ] Application time: 1.0002046 seconds
[2019-06-24T10:28:28.547+0000][1][safepoint    ] Entering safepoint region: Cleanup
[2019-06-24T10:28:28.547+0000][1][safepoint    ] Leaving safepoint region
[2019-06-24T10:28:28.547+0000][1][safepoint    ] Total time for which application threads were stopped: 0.0002419 seconds, Stopping threads took: 0.0000659 seconds
[2019-06-24T10:28:29.547+0000][1][safepoint    ] Application time: 1.0002558 seconds
[2019-06-24T10:28:29.547+0000][1][safepoint    ] Entering safepoint region: Cleanup
[2019-06-24T10:28:29.547+0000][1][safepoint    ] Leaving safepoint region
[2019-06-24T10:28:29.547+0000][1][safepoint    ] Total time for which application threads were stopped: 0.0002311 seconds, Stopping threads took: 0.0000630 seconds
[2019-06-24T10:28:30.548+0000][1][safepoint    ] Application time: 1.0001549 seconds
[2019-06-24T10:28:30.548+0000][1][safepoint    ] Entering safepoint region: Cleanup
[2019-06-24T10:28:30.548+0000][1][safepoint    ] Leaving safepoint region
[2019-06-24T10:28:30.548+0000][1][safepoint    ] Total time for which application threads were stopped: 0.0000855 seconds, Stopping threads took: 0.0000251 seconds
[2019-06-24T10:28:31.548+0000][1][safepoint    ] Application time: 1.0002451 seconds
[2019-06-24T10:28:31.548+0000][1][safepoint    ] Entering safepoint region: Cleanup
[2019-06-24T10:28:31.548+0000][1][safepoint    ] Leaving safepoint region
[2019-06-24T10:28:31.548+0000][1][safepoint    ] Total time for which application threads were stopped: 0.0002347 seconds, Stopping threads took: 0.0000638 seconds
[2019-06-24T10:28:32.549+0000][1][safepoint    ] Application time: 1.0002818 seconds
[2019-06-24T10:28:32.549+0000][1][safepoint    ] Entering safepoint region: Cleanup
[2019-06-24T10:28:32.549+0000][1][safepoint    ] Leaving safepoint region
[2019-06-24T10:28:32.549+0000][1][safepoint    ] Total time for which application threads were stopped: 0.0002410 seconds, Stopping threads took: 0.0000657 seconds
[2019-06-24T10:28:33.549+0000][1][safepoint    ] Application time: 1.0002015 seconds
[2019-06-24T10:28:33.549+0000][1][safepoint    ] Entering safepoint region: Cleanup
[2019-06-24T10:28:33.550+0000][1][safepoint    ] Leaving safepoint region
[2019-06-24T10:28:33.550+0000][1][safepoint    ] Total time for which application threads were stopped: 0.0002367 seconds, Stopping threads took: 0.0000656 seconds
[2019-06-24T10:28:34.550+0000][1][safepoint    ] Application time: 1.0001916 seconds
[2019-06-24T10:28:34.550+0000][1][safepoint    ] Entering safepoint region: Cleanup
[2019-06-24T10:28:34.550+0000][1][safepoint    ] Leaving safepoint region
[2019-06-24T10:28:34.550+0000][1][safepoint    ] Total time for which application threads were stopped: 0.0002391 seconds, Stopping threads took: 0.0000654 seconds
[2019-06-24T10:28:35.550+0000][1][safepoint    ] Application time: 1.0002715 seconds
[2019-06-24T10:28:35.551+0000][1][safepoint    ] Entering safepoint region: Cleanup
[2019-06-24T10:28:35.551+0000][1][safepoint    ] Leaving safepoint region
[2019-06-24T10:28:35.551+0000][1][safepoint    ] Total time for which application threads were stopped: 0.0003141 seconds, Stopping threads took: 0.0000655 seconds
[2019-06-24T10:28:36.551+0000][1][safepoint    ] Application time: 1.0001488 seconds
[2019-06-24T10:28:36.551+0000][1][safepoint    ] Entering safepoint region: Cleanup
[2019-06-24T10:28:36.551+0000][1][safepoint    ] Leaving safepoint region
[2019-06-24T10:28:36.552+0000][1][safepoint    ] Total time for which application threads were stopped: 0.0002843 seconds, Stopping threads took: 0.0000639 seconds
[2019-06-24T10:28:37.552+0000][1][safepoint    ] Application time: 1.0002613 seconds
[2019-06-24T10:28:37.552+0000][1][safepoint    ] Entering safepoint region: Cleanup
[2019-06-24T10:28:37.552+0000][1][safepoint    ] Leaving safepoint region
[2019-06-24T10:28:37.552+0000][1][safepoint    ] Total time for which application threads were stopped: 0.0003181 seconds, Stopping threads took: 0.0000641 seconds
[2019-06-24T10:28:38.553+0000][1][safepoint    ] Application time: 1.0002791 seconds
[2019-06-24T10:28:38.553+0000][1][safepoint    ] Entering safepoint region: Cleanup
[2019-06-24T10:28:38.553+0000][1][safepoint    ] Leaving safepoint region
[2019-06-24T10:28:38.553+0000][1][safepoint    ] Total time for which application threads were stopped: 0.0003215 seconds, Stopping threads took: 0.0000672 seconds
[2019-06-24T10:28:39.553+0000][1][safepoint    ] Application time: 1.0001700 seconds
[2019-06-24T10:28:39.553+0000][1][safepoint    ] Entering safepoint region: Cleanup
[2019-06-24T10:28:39.553+0000][1][safepoint    ] Leaving safepoint region
[2019-06-24T10:28:39.553+0000][1][safepoint    ] Total time for which application threads were stopped: 0.0001223 seconds, Stopping threads took: 0.0000335 seconds
[2019-06-24T10:28:40.554+0000][1][safepoint    ] Application time: 1.0002703 seconds
[2019-06-24T10:28:40.554+0000][1][safepoint    ] Entering safepoint region: Cleanup
[2019-06-24T10:28:40.554+0000][1][safepoint    ] Leaving safepoint region
[2019-06-24T10:28:40.554+0000][1][safepoint    ] Total time for which application threads were stopped: 0.0002704 seconds, Stopping threads took: 0.0000727 seconds
[2019-06-24T10:28:41.554+0000][1][safepoint    ] Application time: 1.0002567 seconds
[2019-06-24T10:28:41.555+0000][1][safepoint    ] Entering safepoint region: Cleanup
[2019-06-24T10:28:41.555+0000][1][safepoint    ] Leaving safepoint region
[2019-06-24T10:28:41.555+0000][1][safepoint    ] Total time for which application threads were stopped: 0.0002545 seconds, Stopping threads took: 0.0000777 seconds
[2019-06-24T10:28:42.555+0000][1][safepoint    ] Application time: 1.0002568 seconds
[2019-06-24T10:28:42.555+0000][1][safepoint    ] Entering safepoint region: Cleanup
[2019-06-24T10:28:42.555+0000][1][safepoint    ] Leaving safepoint region
[2019-06-24T10:28:42.556+0000][1][safepoint    ] Total time for which application threads were stopped: 0.0002287 seconds, Stopping threads took: 0.0000626 seconds
[2019-06-24T10:28:43.556+0000][1][safepoint    ] Application time: 1.0002374 seconds
[2019-06-24T10:28:43.556+0000][1][safepoint    ] Entering safepoint region: Cleanup
[2019-06-24T10:28:43.556+0000][1][safepoint    ] Leaving safepoint region
[2019-06-24T10:28:43.556+0000][1][safepoint    ] Total time for which application threads were stopped: 0.0002361 seconds, Stopping threads took: 0.0000643 seconds
[2019-06-24T10:28:44.556+0000][1][safepoint    ] Application time: 1.0002649 seconds
[2019-06-24T10:28:44.557+0000][1][safepoint    ] Entering safepoint region: Cleanup
[2019-06-24T10:28:44.557+0000][1][safepoint    ] Leaving safepoint region
[2019-06-24T10:28:44.557+0000][1][safepoint    ] Total time for which application threads were stopped: 0.0002685 seconds, Stopping threads took: 0.0000940 seconds
[2019-06-24T10:28:45.651+0000][1][safepoint    ] Application time: 1.0941960 seconds
[2019-06-24T10:28:45.651+0000][1][safepoint    ] Entering safepoint region: Cleanup
[2019-06-24T10:28:45.651+0000][1][safepoint    ] Leaving safepoint region
[2019-06-24T10:28:45.651+0000][1][safepoint    ] Total time for which application threads were stopped: 0.0003358 seconds, Stopping threads took: 0.0000755 seconds
[2019-06-24T10:28:46.652+0000][1][safepoint    ] Application time: 1.0001753 seconds
[2019-06-24T10:28:46.652+0000][1][safepoint    ] Entering safepoint region: Cleanup
[2019-06-24T10:28:46.653+0000][1][safepoint    ] Leaving safepoint region
[2019-06-24T10:28:46.653+0000][1][safepoint    ] Total time for which application threads were stopped: 0.0011480 seconds, Stopping threads took: 0.0008878 seconds
[2019-06-24T10:28:47.653+0000][1][safepoint    ] Application time: 1.0002768 seconds
[2019-06-24T10:28:47.653+0000][1][safepoint    ] Entering safepoint region: Cleanup
[2019-06-24T10:28:47.654+0000][1][safepoint    ] Leaving safepoint region
[2019-06-24T10:28:47.654+0000][1][safepoint    ] Total time for which application threads were stopped: 0.0002709 seconds, Stopping threads took: 0.0000752 seconds
[2019-06-24T10:28:48.654+0000][1][safepoint    ] Application time: 1.0002641 seconds
[2019-06-24T10:28:48.654+0000][1][safepoint    ] Entering safepoint region: Cleanup
[2019-06-24T10:28:48.654+0000][1][safepoint    ] Leaving safepoint region
[2019-06-24T10:28:48.654+0000][1][safepoint    ] Total time for which application threads were stopped: 0.0002927 seconds, Stopping threads took: 0.0001000 seconds
[2019-06-24T10:28:49.655+0000][1][safepoint    ] Application time: 1.0002206 seconds
[2019-06-24T10:28:49.655+0000][1][safepoint    ] Entering safepoint region: Cleanup
[2019-06-24T10:28:49.655+0000][1][safepoint    ] Leaving safepoint region
[2019-06-24T10:28:49.655+0000][1][safepoint    ] Total time for which application threads were stopped: 0.0002475 seconds, Stopping threads took: 0.0000883 seconds
[2019-06-24T10:28:50.655+0000][1][safepoint    ] Application time: 1.0002292 seconds
[2019-06-24T10:28:50.655+0000][1][safepoint    ] Entering safepoint region: Cleanup
[2019-06-24T10:28:50.656+0000][1][safepoint    ] Leaving safepoint region
[2019-06-24T10:28:50.656+0000][1][safepoint    ] Total time for which application threads were stopped: 0.0003092 seconds, Stopping threads took: 0.0000636 seconds
[2019-06-24T10:28:51.656+0000][1][safepoint    ] Application time: 1.0002509 seconds
[2019-06-24T10:28:51.656+0000][1][safepoint    ] Entering safepoint region: Cleanup
[2019-06-24T10:28:51.657+0000][1][safepoint    ] Leaving safepoint region
[2019-06-24T10:28:51.657+0000][1][safepoint    ] Total time for which application threads were stopped: 0.0011723 seconds, Stopping threads took: 0.0009419 seconds
[2019-06-24T10:28:52.658+0000][1][safepoint    ] Application time: 1.0002117 seconds
[2019-06-24T10:28:52.658+0000][1][safepoint    ] Entering safepoint region: Cleanup
[2019-06-24T10:28:52.658+0000][1][safepoint    ] Leaving safepoint region
[2019-06-24T10:28:52.658+0000][1][safepoint    ] Total time for which application threads were stopped: 0.0002417 seconds, Stopping threads took: 0.0000673 seconds
[2019-06-24T10:28:53.658+0000][1][safepoint    ] Application time: 1.0002388 seconds
[2019-06-24T10:28:53.658+0000][1][safepoint    ] Entering safepoint region: Cleanup
[2019-06-24T10:28:53.658+0000][1][safepoint    ] Leaving safepoint region
[2019-06-24T10:28:53.659+0000][1][safepoint    ] Total time for which application threads were stopped: 0.0002978 seconds, Stopping threads took: 0.0000640 seconds
[2019-06-24T10:28:54.659+0000][1][safepoint    ] Application time: 1.0001431 seconds
[2019-06-24T10:28:54.659+0000][1][safepoint    ] Entering safepoint region: Cleanup
[2019-06-24T10:28:54.659+0000][1][safepoint    ] Leaving safepoint region
[2019-06-24T10:28:54.659+0000][1][safepoint    ] Total time for which application threads were stopped: 0.0002493 seconds, Stopping threads took: 0.0000881 seconds
[2019-06-24T10:28:55.659+0000][1][safepoint    ] Application time: 1.0001835 seconds
[2019-06-24T10:28:55.660+0000][1][safepoint    ] Entering safepoint region: Cleanup
[2019-06-24T10:28:55.660+0000][1][safepoint    ] Leaving safepoint region
[2019-06-24T10:28:55.660+0000][1][safepoint    ] Total time for which application threads were stopped: 0.0003260 seconds, Stopping threads took: 0.0001537 seconds
[2019-06-24T10:28:56.660+0000][1][safepoint    ] Application time: 1.0002695 seconds
[2019-06-24T10:28:56.660+0000][1][safepoint    ] Entering safepoint region: Cleanup
[2019-06-24T10:28:56.661+0000][1][safepoint    ] Leaving safepoint region
[2019-06-24T10:28:56.661+0000][1][safepoint    ] Total time for which application threads were stopped: 0.0004431 seconds, Stopping threads took: 0.0002446 seconds
[2019-06-24T10:28:57.604+0000][1][safepoint    ] Application time: 0.9432497 seconds
[2019-06-24T10:28:57.604+0000][1][safepoint    ] Entering safepoint region: GenCollectForAllocation
[2019-06-24T10:28:57.604+0000][1][gc,start     ] GC(33) Pause Young (Allocation Failure)
[2019-06-24T10:28:57.605+0000][1][gc,task      ] GC(33) Using 5 workers of 8 for evacuation
[2019-06-24T10:28:57.607+0000][1][gc,age       ] GC(33) Desired survivor size 4456448 bytes, new threshold 6 (max threshold 6)
[2019-06-24T10:28:57.607+0000][1][gc,age       ] GC(33) Age table with threshold 6 (max threshold 6)
[2019-06-24T10:28:57.607+0000][1][gc,age       ] GC(33) - age   1:       6000 bytes,       6000 total
[2019-06-24T10:28:57.607+0000][1][gc,age       ] GC(33) - age   2:        872 bytes,       6872 total
[2019-06-24T10:28:57.607+0000][1][gc,age       ] GC(33) - age   3:        936 bytes,       7808 total
[2019-06-24T10:28:57.607+0000][1][gc,age       ] GC(33) - age   4:       2928 bytes,      10736 total
[2019-06-24T10:28:57.607+0000][1][gc,age       ] GC(33) - age   5:       4432 bytes,      15168 total
[2019-06-24T10:28:57.607+0000][1][gc,age       ] GC(33) - age   6:       1440 bytes,      16608 total
[2019-06-24T10:28:57.607+0000][1][gc,heap      ] GC(33) ParNew: 69987K->27K(78656K)
[2019-06-24T10:28:57.607+0000][1][gc,heap      ] GC(33) CMS: 69753K->69754K(174784K)
[2019-06-24T10:28:57.607+0000][1][gc,metaspace ] GC(33) Metaspace: 68020K->68020K(1112064K)
[2019-06-24T10:28:57.607+0000][1][gc           ] GC(33) Pause Young (Allocation Failure) 136M->68M(247M) 3.025ms
[2019-06-24T10:28:57.607+0000][1][gc,cpu       ] GC(33) User=0.01s Sys=0.00s Real=0.00s
[2019-06-24T10:28:57.608+0000][1][safepoint    ] Leaving safepoint region
[2019-06-24T10:28:57.608+0000][1][safepoint    ] Total time for which application threads were stopped: 0.0035315 seconds, Stopping threads took: 0.0000633 seconds
[2019-06-24T10:28:58.608+0000][1][safepoint    ] Application time: 1.0002947 seconds
[2019-06-24T10:28:58.608+0000][1][safepoint    ] Entering safepoint region: Cleanup
[2019-06-24T10:28:58.609+0000][1][safepoint    ] Leaving safepoint region
[2019-06-24T10:28:58.609+0000][1][safepoint    ] Total time for which application threads were stopped: 0.0013292 seconds, Stopping threads took: 0.0010188 seconds
[2019-06-24T10:28:59.610+0000][1][safepoint    ] Application time: 1.0001807 seconds
[2019-06-24T10:28:59.610+0000][1][safepoint    ] Entering safepoint region: Cleanup
[2019-06-24T10:28:59.610+0000][1][safepoint    ] Leaving safepoint region
[2019-06-24T10:28:59.610+0000][1][safepoint    ] Total time for which application threads were stopped: 0.0003121 seconds, Stopping threads took: 0.0001051 seconds
[2019-06-24T10:29:00.610+0000][1][safepoint    ] Application time: 1.0001630 seconds
[2019-06-24T10:29:00.610+0000][1][safepoint    ] Entering safepoint region: Cleanup
[2019-06-24T10:29:00.611+0000][1][safepoint    ] Leaving safepoint region
[2019-06-24T10:29:00.611+0000][1][safepoint    ] Total time for which application threads were stopped: 0.0003790 seconds, Stopping threads took: 0.0000877 seconds
[2019-06-24T10:29:01.611+0000][1][safepoint    ] Application time: 1.0001596 seconds
[2019-06-24T10:29:01.611+0000][1][safepoint    ] Entering safepoint region: Cleanup
[2019-06-24T10:29:01.611+0000][1][safepoint    ] Leaving safepoint region
[2019-06-24T10:29:01.611+0000][1][safepoint    ] Total time for which application threads were stopped: 0.0003482 seconds, Stopping threads took: 0.0000898 seconds
[2019-06-24T10:29:02.612+0000][1][safepoint    ] Application time: 1.0002093 seconds
[2019-06-24T10:29:02.612+0000][1][safepoint    ] Entering safepoint region: Cleanup
[2019-06-24T10:29:02.612+0000][1][safepoint    ] Leaving safepoint region
[2019-06-24T10:29:02.612+0000][1][safepoint    ] Total time for which application threads were stopped: 0.0002739 seconds, Stopping threads took: 0.0000757 seconds
[2019-06-24T10:29:03.612+0000][1][safepoint    ] Application time: 1.0001533 seconds
[2019-06-24T10:29:03.612+0000][1][safepoint    ] Entering safepoint region: Cleanup
[2019-06-24T10:29:03.613+0000][1][safepoint    ] Leaving safepoint region
[2019-06-24T10:29:03.613+0000][1][safepoint    ] Total time for which application threads were stopped: 0.0002305 seconds, Stopping threads took: 0.0001167 seconds
[2019-06-24T10:29:04.613+0000][1][safepoint    ] Application time: 1.0001601 seconds
[2019-06-24T10:29:04.613+0000][1][safepoint    ] Entering safepoint region: Cleanup
[2019-06-24T10:29:04.613+0000][1][safepoint    ] Leaving safepoint region
[2019-06-24T10:29:04.613+0000][1][safepoint    ] Total time for which application threads were stopped: 0.0002328 seconds, Stopping threads took: 0.0000737 seconds
[2019-06-24T10:29:05.613+0000][1][safepoint    ] Application time: 1.0001644 seconds
[2019-06-24T10:29:05.613+0000][1][safepoint    ] Entering safepoint region: Cleanup
[2019-06-24T10:29:05.614+0000][1][safepoint    ] Leaving safepoint region
[2019-06-24T10:29:05.614+0000][1][safepoint    ] Total time for which application threads were stopped: 0.0001563 seconds, Stopping threads took: 0.0000431 seconds
[2019-06-24T10:29:06.614+0000][1][safepoint    ] Application time: 1.0002575 seconds
[2019-06-24T10:29:06.614+0000][1][safepoint    ] Entering safepoint region: Cleanup
[2019-06-24T10:29:06.614+0000][1][safepoint    ] Leaving safepoint region
[2019-06-24T10:29:06.614+0000][1][safepoint    ] Total time for which application threads were stopped: 0.0002317 seconds, Stopping threads took: 0.0000635 seconds
[2019-06-24T10:29:07.614+0000][1][safepoint    ] Application time: 1.0002621 seconds
[2019-06-24T10:29:07.615+0000][1][safepoint    ] Entering safepoint region: Cleanup
[2019-06-24T10:29:07.615+0000][1][safepoint    ] Leaving safepoint region
[2019-06-24T10:29:07.615+0000][1][safepoint    ] Total time for which application threads were stopped: 0.0002389 seconds, Stopping threads took: 0.0000663 seconds
[2019-06-24T10:29:08.615+0000][1][safepoint    ] Application time: 1.0001617 seconds
[2019-06-24T10:29:08.615+0000][1][safepoint    ] Entering safepoint region: Cleanup
[2019-06-24T10:29:08.616+0000][1][safepoint    ] Leaving safepoint region
[2019-06-24T10:29:08.616+0000][1][safepoint    ] Total time for which application threads were stopped: 0.0011203 seconds, Stopping threads took: 0.0008879 seconds
[2019-06-24T10:29:09.617+0000][1][safepoint    ] Application time: 1.0002562 seconds
[2019-06-24T10:29:09.617+0000][1][safepoint    ] Entering safepoint region: Cleanup
[2019-06-24T10:29:09.617+0000][1][safepoint    ] Leaving safepoint region
[2019-06-24T10:29:09.617+0000][1][safepoint    ] Total time for which application threads were stopped: 0.0002346 seconds, Stopping threads took: 0.0000626 seconds
[2019-06-24T10:29:10.617+0000][1][safepoint    ] Application time: 1.0002209 seconds
[2019-06-24T10:29:10.617+0000][1][safepoint    ] Entering safepoint region: Cleanup
[2019-06-24T10:29:10.617+0000][1][safepoint    ] Leaving safepoint region
[2019-06-24T10:29:10.617+0000][1][safepoint    ] Total time for which application threads were stopped: 0.0002213 seconds, Stopping threads took: 0.0000619 seconds
[2019-06-24T10:29:11.618+0000][1][safepoint    ] Application time: 1.0002474 seconds
[2019-06-24T10:29:11.618+0000][1][safepoint    ] Entering safepoint region: Cleanup
[2019-06-24T10:29:11.618+0000][1][safepoint    ] Leaving safepoint region
[2019-06-24T10:29:11.618+0000][1][safepoint    ] Total time for which application threads were stopped: 0.0002325 seconds, Stopping threads took: 0.0000623 seconds
[2019-06-24T10:29:12.618+0000][1][safepoint    ] Application time: 1.0001999 seconds
[2019-06-24T10:29:12.618+0000][1][safepoint    ] Entering safepoint region: Cleanup
[2019-06-24T10:29:12.619+0000][1][safepoint    ] Leaving safepoint region
[2019-06-24T10:29:12.619+0000][1][safepoint    ] Total time for which application threads were stopped: 0.0003225 seconds, Stopping threads took: 0.0000630 seconds
[2019-06-24T10:29:13.619+0000][1][safepoint    ] Application time: 1.0001385 seconds
[2019-06-24T10:29:13.619+0000][1][safepoint    ] Entering safepoint region: Cleanup
[2019-06-24T10:29:13.619+0000][1][safepoint    ] Leaving safepoint region
[2019-06-24T10:29:13.619+0000][1][safepoint    ] Total time for which application threads were stopped: 0.0003890 seconds, Stopping threads took: 0.0001960 seconds
[2019-06-24T10:29:14.620+0000][1][safepoint    ] Application time: 1.0002488 seconds
[2019-06-24T10:29:14.620+0000][1][safepoint    ] Entering safepoint region: Cleanup
[2019-06-24T10:29:14.620+0000][1][safepoint    ] Leaving safepoint region
[2019-06-24T10:29:14.620+0000][1][safepoint    ] Total time for which application threads were stopped: 0.0002333 seconds, Stopping threads took: 0.0000628 seconds
[2019-06-24T10:29:15.620+0000][1][safepoint    ] Application time: 1.0002596 seconds
[2019-06-24T10:29:15.620+0000][1][safepoint    ] Entering safepoint region: Cleanup
[2019-06-24T10:29:15.621+0000][1][safepoint    ] Leaving safepoint region
[2019-06-24T10:29:15.621+0000][1][safepoint    ] Total time for which application threads were stopped: 0.0002628 seconds, Stopping threads took: 0.0000674 seconds
[2019-06-24T10:29:16.621+0000][1][safepoint    ] Application time: 1.0002251 seconds
[2019-06-24T10:29:16.621+0000][1][safepoint    ] Entering safepoint region: Cleanup
[2019-06-24T10:29:16.621+0000][1][safepoint    ] Leaving safepoint region
[2019-06-24T10:29:16.621+0000][1][safepoint    ] Total time for which application threads were stopped: 0.0002305 seconds, Stopping threads took: 0.0000654 seconds
[2019-06-24T10:29:17.621+0000][1][safepoint    ] Application time: 1.0001408 seconds
[2019-06-24T10:29:17.622+0000][1][safepoint    ] Entering safepoint region: Cleanup
[2019-06-24T10:29:17.622+0000][1][safepoint    ] Leaving safepoint region
[2019-06-24T10:29:17.622+0000][1][safepoint    ] Total time for which application threads were stopped: 0.0002316 seconds, Stopping threads took: 0.0000629 seconds
[2019-06-24T10:29:18.622+0000][1][safepoint    ] Application time: 1.0001966 seconds
[2019-06-24T10:29:18.622+0000][1][safepoint    ] Entering safepoint region: Cleanup
[2019-06-24T10:29:18.623+0000][1][safepoint    ] Leaving safepoint region
[2019-06-24T10:29:18.623+0000][1][safepoint    ] Total time for which application threads were stopped: 0.0012417 seconds, Stopping threads took: 0.0009163 seconds
[2019-06-24T10:29:19.624+0000][1][safepoint    ] Application time: 1.0001922 seconds
[2019-06-24T10:29:19.624+0000][1][safepoint    ] Entering safepoint region: Cleanup
[2019-06-24T10:29:19.624+0000][1][safepoint    ] Leaving safepoint region
[2019-06-24T10:29:19.624+0000][1][safepoint    ] Total time for which application threads were stopped: 0.0002171 seconds, Stopping threads took: 0.0000576 seconds
[2019-06-24T10:29:20.715+0000][1][safepoint    ] Application time: 1.0905526 seconds
[2019-06-24T10:29:20.715+0000][1][safepoint    ] Entering safepoint region: Cleanup
[2019-06-24T10:29:20.715+0000][1][safepoint    ] Leaving safepoint region
[2019-06-24T10:29:20.715+0000][1][safepoint    ] Total time for which application threads were stopped: 0.0000984 seconds, Stopping threads took: 0.0000246 seconds
[2019-06-24T10:29:21.715+0000][1][safepoint    ] Application time: 1.0001276 seconds
[2019-06-24T10:29:21.715+0000][1][safepoint    ] Entering safepoint region: Cleanup
[2019-06-24T10:29:21.715+0000][1][safepoint    ] Leaving safepoint region
[2019-06-24T10:29:21.715+0000][1][safepoint    ] Total time for which application threads were stopped: 0.0003102 seconds, Stopping threads took: 0.0000779 seconds
[2019-06-24T10:29:22.716+0000][1][safepoint    ] Application time: 1.0002533 seconds
[2019-06-24T10:29:22.716+0000][1][safepoint    ] Entering safepoint region: Cleanup
[2019-06-24T10:29:22.716+0000][1][safepoint    ] Leaving safepoint region
[2019-06-24T10:29:22.716+0000][1][safepoint    ] Total time for which application threads were stopped: 0.0003070 seconds, Stopping threads took: 0.0000635 seconds
[2019-06-24T10:29:23.716+0000][1][safepoint    ] Application time: 1.0002833 seconds
[2019-06-24T10:29:23.716+0000][1][safepoint    ] Entering safepoint region: Cleanup
[2019-06-24T10:29:23.717+0000][1][safepoint    ] Leaving safepoint region
[2019-06-24T10:29:23.717+0000][1][safepoint    ] Total time for which application threads were stopped: 0.0002419 seconds, Stopping threads took: 0.0000735 seconds
[2019-06-24T10:29:24.717+0000][1][safepoint    ] Application time: 1.0002428 seconds
[2019-06-24T10:29:24.717+0000][1][safepoint    ] Entering safepoint region: Cleanup
[2019-06-24T10:29:24.717+0000][1][safepoint    ] Leaving safepoint region
[2019-06-24T10:29:24.717+0000][1][safepoint    ] Total time for which application threads were stopped: 0.0000873 seconds, Stopping threads took: 0.0000236 seconds
[2019-06-24T10:29:25.717+0000][1][safepoint    ] Application time: 1.0001948 seconds
[2019-06-24T10:29:25.717+0000][1][safepoint    ] Entering safepoint region: Cleanup
[2019-06-24T10:29:25.718+0000][1][safepoint    ] Leaving safepoint region
[2019-06-24T10:29:25.718+0000][1][safepoint    ] Total time for which application threads were stopped: 0.0002241 seconds, Stopping threads took: 0.0000619 seconds
[2019-06-24T10:29:26.718+0000][1][safepoint    ] Application time: 1.0001704 seconds
[2019-06-24T10:29:26.718+0000][1][safepoint    ] Entering safepoint region: Cleanup
[2019-06-24T10:29:26.718+0000][1][safepoint    ] Leaving safepoint region
[2019-06-24T10:29:26.718+0000][1][safepoint    ] Total time for which application threads were stopped: 0.0001622 seconds, Stopping threads took: 0.0000432 seconds
[2019-06-24T10:29:27.718+0000][1][safepoint    ] Application time: 1.0001214 seconds
[2019-06-24T10:29:27.718+0000][1][safepoint    ] Entering safepoint region: Cleanup
[2019-06-24T10:29:27.719+0000][1][safepoint    ] Leaving safepoint region
[2019-06-24T10:29:27.719+0000][1][safepoint    ] Total time for which application threads were stopped: 0.0003486 seconds, Stopping threads took: 0.0000626 seconds
[2019-06-24T10:29:28.719+0000][1][safepoint    ] Application time: 1.0002123 seconds
[2019-06-24T10:29:28.719+0000][1][safepoint    ] Entering safepoint region: Cleanup
[2019-06-24T10:29:28.719+0000][1][safepoint    ] Leaving safepoint region
[2019-06-24T10:29:28.719+0000][1][safepoint    ] Total time for which application threads were stopped: 0.0002562 seconds, Stopping threads took: 0.0000746 seconds
[2019-06-24T10:29:29.719+0000][1][safepoint    ] Application time: 1.0000976 seconds
[2019-06-24T10:29:29.719+0000][1][safepoint    ] Entering safepoint region: Cleanup
[2019-06-24T10:29:29.720+0000][1][safepoint    ] Leaving safepoint region
[2019-06-24T10:29:29.720+0000][1][safepoint    ] Total time for which application threads were stopped: 0.0001092 seconds, Stopping threads took: 0.0000372 seconds
[2019-06-24T10:29:30.720+0000][1][safepoint    ] Application time: 1.0001656 seconds
[2019-06-24T10:29:30.720+0000][1][safepoint    ] Entering safepoint region: Cleanup
[2019-06-24T10:29:30.720+0000][1][safepoint    ] Leaving safepoint region
[2019-06-24T10:29:30.720+0000][1][safepoint    ] Total time for which application threads were stopped: 0.0000980 seconds, Stopping threads took: 0.0000363 seconds
[2019-06-24T10:29:31.720+0000][1][safepoint    ] Application time: 1.0001816 seconds
[2019-06-24T10:29:31.720+0000][1][safepoint    ] Entering safepoint region: Cleanup
[2019-06-24T10:29:31.720+0000][1][safepoint    ] Leaving safepoint region
[2019-06-24T10:29:31.720+0000][1][safepoint    ] Total time for which application threads were stopped: 0.0002307 seconds, Stopping threads took: 0.0000629 seconds
[2019-06-24T10:29:32.721+0000][1][safepoint    ] Application time: 1.0002582 seconds
[2019-06-24T10:29:32.721+0000][1][safepoint    ] Entering safepoint region: Cleanup
[2019-06-24T10:29:32.721+0000][1][safepoint    ] Leaving safepoint region
[2019-06-24T10:29:32.721+0000][1][safepoint    ] Total time for which application threads were stopped: 0.0002403 seconds, Stopping threads took: 0.0000652 seconds
[2019-06-24T10:29:33.721+0000][1][safepoint    ] Application time: 1.0001555 seconds
[2019-06-24T10:29:33.721+0000][1][safepoint    ] Entering safepoint region: Cleanup
[2019-06-24T10:29:33.722+0000][1][safepoint    ] Leaving safepoint region
[2019-06-24T10:29:33.722+0000][1][safepoint    ] Total time for which application threads were stopped: 0.0004067 seconds, Stopping threads took: 0.0002894 seconds
[2019-06-24T10:29:34.730+0000][1][safepoint    ] Application time: 1.0078390 seconds
[2019-06-24T10:29:34.730+0000][1][safepoint    ] Entering safepoint region: Cleanup
[2019-06-24T10:29:34.730+0000][1][safepoint    ] Leaving safepoint region
[2019-06-24T10:29:34.730+0000][1][safepoint    ] Total time for which application threads were stopped: 0.0003836 seconds, Stopping threads took: 0.0001267 seconds
[2019-06-24T10:29:35.730+0000][1][safepoint    ] Application time: 1.0001058 seconds
[2019-06-24T10:29:35.730+0000][1][safepoint    ] Entering safepoint region: Cleanup
[2019-06-24T10:29:35.730+0000][1][safepoint    ] Leaving safepoint region
[2019-06-24T10:29:35.730+0000][1][safepoint    ] Total time for which application threads were stopped: 0.0000866 seconds, Stopping threads took: 0.0000237 seconds
[2019-06-24T10:29:36.731+0000][1][safepoint    ] Application time: 1.0002790 seconds
[2019-06-24T10:29:36.731+0000][1][safepoint    ] Entering safepoint region: Cleanup
[2019-06-24T10:29:36.731+0000][1][safepoint    ] Leaving safepoint region
[2019-06-24T10:29:36.731+0000][1][safepoint    ] Total time for which application threads were stopped: 0.0003101 seconds, Stopping threads took: 0.0001042 seconds
[2019-06-24T10:29:37.731+0000][1][safepoint    ] Application time: 1.0002503 seconds
[2019-06-24T10:29:37.732+0000][1][safepoint    ] Entering safepoint region: Cleanup
[2019-06-24T10:29:37.732+0000][1][safepoint    ] Leaving safepoint region
[2019-06-24T10:29:37.732+0000][1][safepoint    ] Total time for which application threads were stopped: 0.0002568 seconds, Stopping threads took: 0.0000631 seconds
[2019-06-24T10:29:38.732+0000][1][safepoint    ] Application time: 1.0002616 seconds
[2019-06-24T10:29:38.732+0000][1][safepoint    ] Entering safepoint region: Cleanup
[2019-06-24T10:29:38.733+0000][1][safepoint    ] Leaving safepoint region
[2019-06-24T10:29:38.733+0000][1][safepoint    ] Total time for which application threads were stopped: 0.0006090 seconds, Stopping threads took: 0.0003638 seconds
[2019-06-24T10:29:39.733+0000][1][safepoint    ] Application time: 1.0001463 seconds
[2019-06-24T10:29:39.733+0000][1][safepoint    ] Entering safepoint region: Cleanup
[2019-06-24T10:29:39.733+0000][1][safepoint    ] Leaving safepoint region
[2019-06-24T10:29:39.733+0000][1][safepoint    ] Total time for which application threads were stopped: 0.0000934 seconds, Stopping threads took: 0.0000247 seconds
[2019-06-24T10:29:40.733+0000][1][safepoint    ] Application time: 1.0001990 seconds
[2019-06-24T10:29:40.733+0000][1][safepoint    ] Entering safepoint region: Cleanup
[2019-06-24T10:29:40.734+0000][1][safepoint    ] Leaving safepoint region
[2019-06-24T10:29:40.734+0000][1][safepoint    ] Total time for which application threads were stopped: 0.0002280 seconds, Stopping threads took: 0.0000602 seconds
[2019-06-24T10:29:41.734+0000][1][safepoint    ] Application time: 1.0001341 seconds
[2019-06-24T10:29:41.734+0000][1][safepoint    ] Entering safepoint region: Cleanup
[2019-06-24T10:29:41.734+0000][1][safepoint    ] Leaving safepoint region
[2019-06-24T10:29:41.734+0000][1][safepoint    ] Total time for which application threads were stopped: 0.0000876 seconds, Stopping threads took: 0.0000232 seconds
[2019-06-24T10:29:42.734+0000][1][safepoint    ] Application time: 1.0001737 seconds
[2019-06-24T10:29:42.734+0000][1][safepoint    ] Entering safepoint region: Cleanup
[2019-06-24T10:29:42.734+0000][1][safepoint    ] Leaving safepoint region
[2019-06-24T10:29:42.735+0000][1][safepoint    ] Total time for which application threads were stopped: 0.0003565 seconds, Stopping threads took: 0.0000644 seconds
[2019-06-24T10:29:43.735+0000][1][safepoint    ] Application time: 1.0001498 seconds
[2019-06-24T10:29:43.735+0000][1][safepoint    ] Entering safepoint region: Cleanup
[2019-06-24T10:29:43.736+0000][1][safepoint    ] Leaving safepoint region
[2019-06-24T10:29:43.736+0000][1][safepoint    ] Total time for which application threads were stopped: 0.0007307 seconds, Stopping threads took: 0.0004299 seconds
[2019-06-24T10:29:44.736+0000][1][safepoint    ] Application time: 1.0001914 seconds
[2019-06-24T10:29:44.736+0000][1][safepoint    ] Entering safepoint region: Cleanup
[2019-06-24T10:29:44.736+0000][1][safepoint    ] Leaving safepoint region
[2019-06-24T10:29:44.736+0000][1][safepoint    ] Total time for which application threads were stopped: 0.0002373 seconds, Stopping threads took: 0.0000633 seconds
[2019-06-24T10:29:45.736+0000][1][safepoint    ] Application time: 1.0001812 seconds
[2019-06-24T10:29:45.737+0000][1][safepoint    ] Entering safepoint region: Cleanup
[2019-06-24T10:29:45.737+0000][1][safepoint    ] Leaving safepoint region
[2019-06-24T10:29:45.737+0000][1][safepoint    ] Total time for which application threads were stopped: 0.0003070 seconds, Stopping threads took: 0.0000623 seconds
[2019-06-24T10:29:46.737+0000][1][safepoint    ] Application time: 1.0001372 seconds
[2019-06-24T10:29:46.737+0000][1][safepoint    ] Entering safepoint region: Cleanup
[2019-06-24T10:29:46.737+0000][1][safepoint    ] Leaving safepoint region
[2019-06-24T10:29:46.737+0000][1][safepoint    ] Total time for which application threads were stopped: 0.0002667 seconds, Stopping threads took: 0.0000566 seconds
[2019-06-24T10:29:47.738+0000][1][safepoint    ] Application time: 1.0001800 seconds
[2019-06-24T10:29:47.738+0000][1][safepoint    ] Entering safepoint region: Cleanup
[2019-06-24T10:29:47.738+0000][1][safepoint    ] Leaving safepoint region
[2019-06-24T10:29:47.738+0000][1][safepoint    ] Total time for which application threads were stopped: 0.0002262 seconds, Stopping threads took: 0.0000644 seconds
[2019-06-24T10:29:48.738+0000][1][safepoint    ] Application time: 1.0002231 seconds
[2019-06-24T10:29:48.738+0000][1][safepoint    ] Entering safepoint region: Cleanup
[2019-06-24T10:29:48.739+0000][1][safepoint    ] Leaving safepoint region
[2019-06-24T10:29:48.740+0000][1][safepoint    ] Total time for which application threads were stopped: 0.0011867 seconds, Stopping threads took: 0.0009050 seconds
[2019-06-24T10:29:49.740+0000][1][safepoint    ] Application time: 1.0002137 seconds
[2019-06-24T10:29:49.740+0000][1][safepoint    ] Entering safepoint region: Cleanup
[2019-06-24T10:29:49.740+0000][1][safepoint    ] Leaving safepoint region
[2019-06-24T10:29:49.740+0000][1][safepoint    ] Total time for which application threads were stopped: 0.0002327 seconds, Stopping threads took: 0.0000621 seconds
[2019-06-24T10:29:50.740+0000][1][safepoint    ] Application time: 1.0002425 seconds
[2019-06-24T10:29:50.741+0000][1][safepoint    ] Entering safepoint region: Cleanup
[2019-06-24T10:29:50.741+0000][1][safepoint    ] Leaving safepoint region
[2019-06-24T10:29:50.741+0000][1][safepoint    ] Total time for which application threads were stopped: 0.0002396 seconds, Stopping threads took: 0.0000641 seconds
[2019-06-24T10:29:51.741+0000][1][safepoint    ] Application time: 1.0002572 seconds
[2019-06-24T10:29:51.741+0000][1][safepoint    ] Entering safepoint region: Cleanup
[2019-06-24T10:29:51.741+0000][1][safepoint    ] Leaving safepoint region
[2019-06-24T10:29:51.741+0000][1][safepoint    ] Total time for which application threads were stopped: 0.0002136 seconds, Stopping threads took: 0.0000533 seconds
[2019-06-24T10:29:52.742+0000][1][safepoint    ] Application time: 1.0001595 seconds
[2019-06-24T10:29:52.742+0000][1][safepoint    ] Entering safepoint region: Cleanup
[2019-06-24T10:29:52.742+0000][1][safepoint    ] Leaving safepoint region
[2019-06-24T10:29:52.742+0000][1][safepoint    ] Total time for which application threads were stopped: 0.0002217 seconds, Stopping threads took: 0.0000546 seconds
[2019-06-24T10:29:53.742+0000][1][safepoint    ] Application time: 1.0002212 seconds
[2019-06-24T10:29:53.742+0000][1][safepoint    ] Entering safepoint region: Cleanup
[2019-06-24T10:29:53.743+0000][1][safepoint    ] Leaving safepoint region
[2019-06-24T10:29:53.743+0000][1][safepoint    ] Total time for which application threads were stopped: 0.0006634 seconds, Stopping threads took: 0.0004526 seconds
[2019-06-24T10:29:54.743+0000][1][safepoint    ] Application time: 1.0002673 seconds
[2019-06-24T10:29:54.743+0000][1][safepoint    ] Entering safepoint region: Cleanup
[2019-06-24T10:29:54.744+0000][1][safepoint    ] Leaving safepoint region
[2019-06-24T10:29:54.744+0000][1][safepoint    ] Total time for which application threads were stopped: 0.0003141 seconds, Stopping threads took: 0.0001024 seconds
[2019-06-24T10:29:55.744+0000][1][safepoint    ] Application time: 1.0002515 seconds
[2019-06-24T10:29:55.744+0000][1][safepoint    ] Entering safepoint region: Cleanup
[2019-06-24T10:29:55.744+0000][1][safepoint    ] Leaving safepoint region
[2019-06-24T10:29:55.744+0000][1][safepoint    ] Total time for which application threads were stopped: 0.0002468 seconds, Stopping threads took: 0.0000664 seconds
[2019-06-24T10:29:56.835+0000][1][safepoint    ] Application time: 1.0906715 seconds
[2019-06-24T10:29:56.835+0000][1][safepoint    ] Entering safepoint region: Cleanup
[2019-06-24T10:29:56.835+0000][1][safepoint    ] Leaving safepoint region
[2019-06-24T10:29:56.835+0000][1][safepoint    ] Total time for which application threads were stopped: 0.0001203 seconds, Stopping threads took: 0.0000329 seconds
[2019-06-24T10:29:57.835+0000][1][safepoint    ] Application time: 1.0002505 seconds
[2019-06-24T10:29:57.836+0000][1][safepoint    ] Entering safepoint region: Cleanup
[2019-06-24T10:29:57.836+0000][1][safepoint    ] Leaving safepoint region
[2019-06-24T10:29:57.836+0000][1][safepoint    ] Total time for which application threads were stopped: 0.0002277 seconds, Stopping threads took: 0.0000638 seconds
[2019-06-24T10:29:58.836+0000][1][safepoint    ] Application time: 1.0002824 seconds
[2019-06-24T10:29:58.836+0000][1][safepoint    ] Entering safepoint region: Cleanup
[2019-06-24T10:29:58.836+0000][1][safepoint    ] Leaving safepoint region
[2019-06-24T10:29:58.836+0000][1][safepoint    ] Total time for which application threads were stopped: 0.0002362 seconds, Stopping threads took: 0.0000651 seconds
[2019-06-24T10:29:59.837+0000][1][safepoint    ] Application time: 1.0002920 seconds
[2019-06-24T10:29:59.837+0000][1][safepoint    ] Entering safepoint region: Cleanup
[2019-06-24T10:29:59.837+0000][1][safepoint    ] Leaving safepoint region
[2019-06-24T10:29:59.837+0000][1][safepoint    ] Total time for which application threads were stopped: 0.0000932 seconds, Stopping threads took: 0.0000244 seconds
[2019-06-24T10:30:00.837+0000][1][safepoint    ] Application time: 1.0002572 seconds
[2019-06-24T10:30:00.837+0000][1][safepoint    ] Entering safepoint region: Cleanup
[2019-06-24T10:30:00.837+0000][1][safepoint    ] Leaving safepoint region
[2019-06-24T10:30:00.838+0000][1][safepoint    ] Total time for which application threads were stopped: 0.0002478 seconds, Stopping threads took: 0.0000662 seconds
[2019-06-24T10:30:01.838+0000][1][safepoint    ] Application time: 1.0001525 seconds
[2019-06-24T10:30:01.838+0000][1][safepoint    ] Entering safepoint region: Cleanup
[2019-06-24T10:30:01.838+0000][1][safepoint    ] Leaving safepoint region
[2019-06-24T10:30:01.838+0000][1][safepoint    ] Total time for which application threads were stopped: 0.0002638 seconds, Stopping threads took: 0.0000984 seconds
[2019-06-24T10:30:02.838+0000][1][safepoint    ] Application time: 1.0002664 seconds
[2019-06-24T10:30:02.839+0000][1][safepoint    ] Entering safepoint region: Cleanup
[2019-06-24T10:30:02.839+0000][1][safepoint    ] Leaving safepoint region
[2019-06-24T10:30:02.839+0000][1][safepoint    ] Total time for which application threads were stopped: 0.0002531 seconds, Stopping threads took: 0.0000768 seconds
[2019-06-24T10:30:03.839+0000][1][safepoint    ] Application time: 1.0001783 seconds
[2019-06-24T10:30:03.839+0000][1][safepoint    ] Entering safepoint region: Cleanup
[2019-06-24T10:30:03.839+0000][1][safepoint    ] Leaving safepoint region
[2019-06-24T10:30:03.839+0000][1][safepoint    ] Total time for which application threads were stopped: 0.0002431 seconds, Stopping threads took: 0.0000654 seconds
[2019-06-24T10:30:04.840+0000][1][safepoint    ] Application time: 1.0002671 seconds
[2019-06-24T10:30:04.840+0000][1][safepoint    ] Entering safepoint region: Cleanup
[2019-06-24T10:30:04.840+0000][1][safepoint    ] Leaving safepoint region
[2019-06-24T10:30:04.840+0000][1][safepoint    ] Total time for which application threads were stopped: 0.0002467 seconds, Stopping threads took: 0.0000659 seconds
[2019-06-24T10:30:05.840+0000][1][safepoint    ] Application time: 1.0002639 seconds
[2019-06-24T10:30:05.840+0000][1][safepoint    ] Entering safepoint region: Cleanup
[2019-06-24T10:30:05.841+0000][1][safepoint    ] Leaving safepoint region
[2019-06-24T10:30:05.841+0000][1][safepoint    ] Total time for which application threads were stopped: 0.0002462 seconds, Stopping threads took: 0.0000671 seconds
[2019-06-24T10:30:06.841+0000][1][safepoint    ] Application time: 1.0002197 seconds
[2019-06-24T10:30:06.841+0000][1][safepoint    ] Entering safepoint region: Cleanup
[2019-06-24T10:30:06.841+0000][1][safepoint    ] Leaving safepoint region
[2019-06-24T10:30:06.841+0000][1][safepoint    ] Total time for which application threads were stopped: 0.0003394 seconds, Stopping threads took: 0.0000756 seconds
[2019-06-24T10:30:07.842+0000][1][safepoint    ] Application time: 1.0002801 seconds
[2019-06-24T10:30:07.842+0000][1][safepoint    ] Entering safepoint region: Cleanup
[2019-06-24T10:30:07.842+0000][1][safepoint    ] Leaving safepoint region
[2019-06-24T10:30:07.842+0000][1][safepoint    ] Total time for which application threads were stopped: 0.0002760 seconds, Stopping threads took: 0.0000751 seconds
[2019-06-24T10:30:08.842+0000][1][safepoint    ] Application time: 1.0001100 seconds
[2019-06-24T10:30:08.842+0000][1][safepoint    ] Entering safepoint region: Cleanup
[2019-06-24T10:30:08.843+0000][1][safepoint    ] Leaving safepoint region
[2019-06-24T10:30:08.843+0000][1][safepoint    ] Total time for which application threads were stopped: 0.0009034 seconds, Stopping threads took: 0.0007704 seconds
[2019-06-24T10:30:09.843+0000][1][safepoint    ] Application time: 1.0000872 seconds
[2019-06-24T10:30:09.843+0000][1][safepoint    ] Entering safepoint region: Cleanup
[2019-06-24T10:30:09.844+0000][1][safepoint    ] Leaving safepoint region
[2019-06-24T10:30:09.844+0000][1][safepoint    ] Total time for which application threads were stopped: 0.0001258 seconds, Stopping threads took: 0.0000342 seconds
[2019-06-24T10:30:10.844+0000][1][safepoint    ] Application time: 1.0002639 seconds
[2019-06-24T10:30:10.844+0000][1][safepoint    ] Entering safepoint region: Cleanup
[2019-06-24T10:30:10.844+0000][1][safepoint    ] Leaving safepoint region
[2019-06-24T10:30:10.844+0000][1][safepoint    ] Total time for which application threads were stopped: 0.0002364 seconds, Stopping threads took: 0.0000652 seconds
[2019-06-24T10:30:11.844+0000][1][safepoint    ] Application time: 1.0001659 seconds
[2019-06-24T10:30:11.844+0000][1][safepoint    ] Entering safepoint region: Cleanup
[2019-06-24T10:30:11.845+0000][1][safepoint    ] Leaving safepoint region
[2019-06-24T10:30:11.845+0000][1][safepoint    ] Total time for which application threads were stopped: 0.0001189 seconds, Stopping threads took: 0.0000289 seconds
[2019-06-24T10:30:12.845+0000][1][safepoint    ] Application time: 1.0002579 seconds
[2019-06-24T10:30:12.845+0000][1][safepoint    ] Entering safepoint region: Cleanup
[2019-06-24T10:30:12.845+0000][1][safepoint    ] Leaving safepoint region
[2019-06-24T10:30:12.845+0000][1][safepoint    ] Total time for which application threads were stopped: 0.0002411 seconds, Stopping threads took: 0.0000645 seconds
[2019-06-24T10:30:13.845+0000][1][safepoint    ] Application time: 1.0002367 seconds
[2019-06-24T10:30:13.846+0000][1][safepoint    ] Entering safepoint region: Cleanup
[2019-06-24T10:30:13.847+0000][1][safepoint    ] Leaving safepoint region
[2019-06-24T10:30:13.847+0000][1][safepoint    ] Total time for which application threads were stopped: 0.0011661 seconds, Stopping threads took: 0.0008624 seconds
[2019-06-24T10:30:14.847+0000][1][safepoint    ] Application time: 1.0001235 seconds
[2019-06-24T10:30:14.847+0000][1][safepoint    ] Entering safepoint region: Cleanup
[2019-06-24T10:30:14.847+0000][1][safepoint    ] Leaving safepoint region
[2019-06-24T10:30:14.847+0000][1][safepoint    ] Total time for which application threads were stopped: 0.0002131 seconds, Stopping threads took: 0.0000544 seconds
[2019-06-24T10:30:15.847+0000][1][safepoint    ] Application time: 1.0001927 seconds
[2019-06-24T10:30:15.848+0000][1][safepoint    ] Entering safepoint region: Cleanup
[2019-06-24T10:30:15.848+0000][1][safepoint    ] Leaving safepoint region
[2019-06-24T10:30:15.848+0000][1][safepoint    ] Total time for which application threads were stopped: 0.0002437 seconds, Stopping threads took: 0.0000673 seconds
[2019-06-24T10:30:16.848+0000][1][safepoint    ] Application time: 1.0001414 seconds
[2019-06-24T10:30:16.848+0000][1][safepoint    ] Entering safepoint region: Cleanup
[2019-06-24T10:30:16.848+0000][1][safepoint    ] Leaving safepoint region
[2019-06-24T10:30:16.848+0000][1][safepoint    ] Total time for which application threads were stopped: 0.0001088 seconds, Stopping threads took: 0.0000332 seconds
[2019-06-24T10:30:18.249+0000][1][safepoint    ] Application time: 1.4005998 seconds
[2019-06-24T10:30:18.249+0000][1][safepoint    ] Entering safepoint region: Cleanup
[2019-06-24T10:30:18.249+0000][1][safepoint    ] Leaving safepoint region
[2019-06-24T10:30:18.249+0000][1][safepoint    ] Total time for which application threads were stopped: 0.0002343 seconds, Stopping threads took: 0.0000651 seconds
[2019-06-24T10:30:19.249+0000][1][safepoint    ] Application time: 1.0002205 seconds
[2019-06-24T10:30:19.250+0000][1][safepoint    ] Entering safepoint region: Cleanup
[2019-06-24T10:30:19.251+0000][1][safepoint    ] Leaving safepoint region
[2019-06-24T10:30:19.252+0000][1][safepoint    ] Total time for which application threads were stopped: 0.0020729 seconds, Stopping threads took: 0.0014693 seconds
[2019-06-24T10:30:20.252+0000][1][safepoint    ] Application time: 1.0004655 seconds
[2019-06-24T10:30:20.252+0000][1][safepoint    ] Entering safepoint region: Cleanup
[2019-06-24T10:30:20.252+0000][1][safepoint    ] Leaving safepoint region
[2019-06-24T10:30:20.252+0000][1][safepoint    ] Total time for which application threads were stopped: 0.0000888 seconds, Stopping threads took: 0.0000237 seconds
[2019-06-24T10:30:21.252+0000][1][safepoint    ] Application time: 1.0002695 seconds
[2019-06-24T10:30:21.253+0000][1][safepoint    ] Entering safepoint region: Cleanup
[2019-06-24T10:30:21.253+0000][1][safepoint    ] Leaving safepoint region
[2019-06-24T10:30:21.253+0000][1][safepoint    ] Total time for which application threads were stopped: 0.0002687 seconds, Stopping threads took: 0.0000737 seconds
[2019-06-24T10:30:22.253+0000][1][safepoint    ] Application time: 1.0002679 seconds
[2019-06-24T10:30:22.253+0000][1][safepoint    ] Entering safepoint region: Cleanup
[2019-06-24T10:30:22.253+0000][1][safepoint    ] Leaving safepoint region
[2019-06-24T10:30:22.254+0000][1][safepoint    ] Total time for which application threads were stopped: 0.0002355 seconds, Stopping threads took: 0.0000641 seconds
[2019-06-24T10:30:23.254+0000][1][safepoint    ] Application time: 1.0002625 seconds
[2019-06-24T10:30:23.254+0000][1][safepoint    ] Entering safepoint region: Cleanup
[2019-06-24T10:30:23.254+0000][1][safepoint    ] Leaving safepoint region
[2019-06-24T10:30:23.254+0000][1][safepoint    ] Total time for which application threads were stopped: 0.0002392 seconds, Stopping threads took: 0.0000646 seconds
[2019-06-24T10:30:24.254+0000][1][safepoint    ] Application time: 1.0002323 seconds
[2019-06-24T10:30:24.255+0000][1][safepoint    ] Entering safepoint region: Cleanup
[2019-06-24T10:30:24.256+0000][1][safepoint    ] Leaving safepoint region
[2019-06-24T10:30:24.257+0000][1][safepoint    ] Total time for which application threads were stopped: 0.0020333 seconds, Stopping threads took: 0.0010906 seconds
[2019-06-24T10:30:25.257+0000][1][safepoint    ] Application time: 1.0003325 seconds
[2019-06-24T10:30:25.257+0000][1][safepoint    ] Entering safepoint region: Cleanup
[2019-06-24T10:30:25.257+0000][1][safepoint    ] Leaving safepoint region
[2019-06-24T10:30:25.257+0000][1][safepoint    ] Total time for which application threads were stopped: 0.0002421 seconds, Stopping threads took: 0.0000671 seconds
[2019-06-24T10:30:26.258+0000][1][safepoint    ] Application time: 1.0002514 seconds
[2019-06-24T10:30:26.258+0000][1][safepoint    ] Entering safepoint region: Cleanup
[2019-06-24T10:30:26.258+0000][1][safepoint    ] Leaving safepoint region
[2019-06-24T10:30:26.258+0000][1][safepoint    ] Total time for which application threads were stopped: 0.0002295 seconds, Stopping threads took: 0.0000645 seconds
[2019-06-24T10:30:27.258+0000][1][safepoint    ] Application time: 1.0002651 seconds
[2019-06-24T10:30:27.259+0000][1][safepoint    ] Entering safepoint region: Cleanup
[2019-06-24T10:30:27.259+0000][1][safepoint    ] Leaving safepoint region
[2019-06-24T10:30:27.259+0000][1][safepoint    ] Total time for which application threads were stopped: 0.0002437 seconds, Stopping threads took: 0.0000720 seconds
[2019-06-24T10:30:28.259+0000][1][safepoint    ] Application time: 1.0002262 seconds
[2019-06-24T10:30:28.259+0000][1][safepoint    ] Entering safepoint region: Cleanup
[2019-06-24T10:30:28.259+0000][1][safepoint    ] Leaving safepoint region
[2019-06-24T10:30:28.259+0000][1][safepoint    ] Total time for which application threads were stopped: 0.0002303 seconds, Stopping threads took: 0.0000641 seconds
[2019-06-24T10:30:29.260+0000][1][safepoint    ] Application time: 1.0002414 seconds
[2019-06-24T10:30:29.260+0000][1][safepoint    ] Entering safepoint region: Cleanup
[2019-06-24T10:30:29.261+0000][1][safepoint    ] Leaving safepoint region
[2019-06-24T10:30:29.261+0000][1][safepoint    ] Total time for which application threads were stopped: 0.0011858 seconds, Stopping threads took: 0.0009569 seconds
[2019-06-24T10:30:30.261+0000][1][safepoint    ] Application time: 1.0002639 seconds
[2019-06-24T10:30:30.261+0000][1][safepoint    ] Entering safepoint region: Cleanup
[2019-06-24T10:30:30.262+0000][1][safepoint    ] Leaving safepoint region
[2019-06-24T10:30:30.262+0000][1][safepoint    ] Total time for which application threads were stopped: 0.0002333 seconds, Stopping threads took: 0.0000627 seconds
[2019-06-24T10:30:31.262+0000][1][safepoint    ] Application time: 1.0002682 seconds
[2019-06-24T10:30:31.262+0000][1][safepoint    ] Entering safepoint region: Cleanup
[2019-06-24T10:30:31.262+0000][1][safepoint    ] Leaving safepoint region
[2019-06-24T10:30:31.262+0000][1][safepoint    ] Total time for which application threads were stopped: 0.0002668 seconds, Stopping threads took: 0.0000637 seconds
[2019-06-24T10:30:32.263+0000][1][safepoint    ] Application time: 1.0002238 seconds
[2019-06-24T10:30:32.263+0000][1][safepoint    ] Entering safepoint region: Cleanup
[2019-06-24T10:30:32.263+0000][1][safepoint    ] Leaving safepoint region
[2019-06-24T10:30:32.263+0000][1][safepoint    ] Total time for which application threads were stopped: 0.0002287 seconds, Stopping threads took: 0.0000622 seconds
[2019-06-24T10:30:33.263+0000][1][safepoint    ] Application time: 1.0002734 seconds
[2019-06-24T10:30:33.263+0000][1][safepoint    ] Entering safepoint region: Cleanup
[2019-06-24T10:30:33.264+0000][1][safepoint    ] Leaving safepoint region
[2019-06-24T10:30:33.264+0000][1][safepoint    ] Total time for which application threads were stopped: 0.0002338 seconds, Stopping threads took: 0.0000614 seconds
[2019-06-24T10:30:34.264+0000][1][safepoint    ] Application time: 1.0002579 seconds
[2019-06-24T10:30:34.264+0000][1][safepoint    ] Entering safepoint region: Cleanup
[2019-06-24T10:30:34.264+0000][1][safepoint    ] Leaving safepoint region
[2019-06-24T10:30:34.265+0000][1][safepoint    ] Total time for which application threads were stopped: 0.0007741 seconds, Stopping threads took: 0.0000245 seconds
[2019-06-24T10:30:35.265+0000][1][safepoint    ] Application time: 1.0000977 seconds
[2019-06-24T10:30:35.265+0000][1][safepoint    ] Entering safepoint region: Cleanup
[2019-06-24T10:30:35.265+0000][1][safepoint    ] Leaving safepoint region
[2019-06-24T10:30:35.265+0000][1][safepoint    ] Total time for which application threads were stopped: 0.0001353 seconds, Stopping threads took: 0.0000328 seconds
[2019-06-24T10:30:37.080+0000][1][safepoint    ] Application time: 1.8153837 seconds
[2019-06-24T10:30:37.081+0000][1][safepoint    ] Entering safepoint region: Cleanup
[2019-06-24T10:30:37.081+0000][1][safepoint    ] Leaving safepoint region
[2019-06-24T10:30:37.081+0000][1][safepoint    ] Total time for which application threads were stopped: 0.0003613 seconds, Stopping threads took: 0.0001374 seconds
[2019-06-24T10:30:38.081+0000][1][safepoint    ] Application time: 1.0002132 seconds
[2019-06-24T10:30:38.081+0000][1][safepoint    ] Entering safepoint region: Cleanup
[2019-06-24T10:30:38.081+0000][1][safepoint    ] Leaving safepoint region
[2019-06-24T10:30:38.081+0000][1][safepoint    ] Total time for which application threads were stopped: 0.0002301 seconds, Stopping threads took: 0.0000624 seconds
[2019-06-24T10:30:39.082+0000][1][safepoint    ] Application time: 1.0002705 seconds
[2019-06-24T10:30:39.082+0000][1][safepoint    ] Entering safepoint region: Cleanup
[2019-06-24T10:30:39.082+0000][1][safepoint    ] Leaving safepoint region
[2019-06-24T10:30:39.082+0000][1][safepoint    ] Total time for which application threads were stopped: 0.0002674 seconds, Stopping threads took: 0.0000625 seconds
[2019-06-24T10:30:40.082+0000][1][safepoint    ] Application time: 1.0001908 seconds
[2019-06-24T10:30:40.083+0000][1][safepoint    ] Entering safepoint region: Cleanup
[2019-06-24T10:30:40.083+0000][1][safepoint    ] Leaving safepoint region
[2019-06-24T10:30:40.083+0000][1][safepoint    ] Total time for which application threads were stopped: 0.0003340 seconds, Stopping threads took: 0.0001454 seconds
[2019-06-24T10:30:41.083+0000][1][safepoint    ] Application time: 1.0001650 seconds
[2019-06-24T10:30:41.083+0000][1][safepoint    ] Entering safepoint region: Cleanup
[2019-06-24T10:30:41.083+0000][1][safepoint    ] Leaving safepoint region
[2019-06-24T10:30:41.083+0000][1][safepoint    ] Total time for which application threads were stopped: 0.0002520 seconds, Stopping threads took: 0.0000960 seconds
[2019-06-24T10:30:42.084+0000][1][safepoint    ] Application time: 1.0002340 seconds
[2019-06-24T10:30:42.084+0000][1][safepoint    ] Entering safepoint region: Cleanup
[2019-06-24T10:30:42.084+0000][1][safepoint    ] Leaving safepoint region
[2019-06-24T10:30:42.084+0000][1][safepoint    ] Total time for which application threads were stopped: 0.0002311 seconds, Stopping threads took: 0.0000740 seconds
[2019-06-24T10:30:43.084+0000][1][safepoint    ] Application time: 1.0001281 seconds
[2019-06-24T10:30:43.084+0000][1][safepoint    ] Entering safepoint region: Cleanup
[2019-06-24T10:30:43.084+0000][1][safepoint    ] Leaving safepoint region
[2019-06-24T10:30:43.084+0000][1][safepoint    ] Total time for which application threads were stopped: 0.0002765 seconds, Stopping threads took: 0.0000790 seconds
[2019-06-24T10:30:44.085+0000][1][safepoint    ] Application time: 1.0002562 seconds
[2019-06-24T10:30:44.085+0000][1][safepoint    ] Entering safepoint region: Cleanup
[2019-06-24T10:30:44.085+0000][1][safepoint    ] Leaving safepoint region
[2019-06-24T10:30:44.085+0000][1][safepoint    ] Total time for which application threads were stopped: 0.0002842 seconds, Stopping threads took: 0.0000937 seconds
[2019-06-24T10:30:45.085+0000][1][safepoint    ] Application time: 1.0002703 seconds
[2019-06-24T10:30:45.086+0000][1][safepoint    ] Entering safepoint region: Cleanup
[2019-06-24T10:30:45.086+0000][1][safepoint    ] Leaving safepoint region
[2019-06-24T10:30:45.086+0000][1][safepoint    ] Total time for which application threads were stopped: 0.0002448 seconds, Stopping threads took: 0.0000647 seconds
[2019-06-24T10:30:46.086+0000][1][safepoint    ] Application time: 1.0002205 seconds
[2019-06-24T10:30:46.086+0000][1][safepoint    ] Entering safepoint region: Cleanup
[2019-06-24T10:30:46.086+0000][1][safepoint    ] Leaving safepoint region
[2019-06-24T10:30:46.087+0000][1][safepoint    ] Total time for which application threads were stopped: 0.0002327 seconds, Stopping threads took: 0.0000617 seconds
[2019-06-24T10:30:47.087+0000][1][safepoint    ] Application time: 1.0001415 seconds
[2019-06-24T10:30:47.087+0000][1][safepoint    ] Entering safepoint region: Cleanup
[2019-06-24T10:30:47.087+0000][1][safepoint    ] Leaving safepoint region
[2019-06-24T10:30:47.087+0000][1][safepoint    ] Total time for which application threads were stopped: 0.0001122 seconds, Stopping threads took: 0.0000477 seconds
[2019-06-24T10:30:48.087+0000][1][safepoint    ] Application time: 1.0001831 seconds
[2019-06-24T10:30:48.087+0000][1][safepoint    ] Entering safepoint region: Cleanup
[2019-06-24T10:30:48.087+0000][1][safepoint    ] Leaving safepoint region
[2019-06-24T10:30:48.088+0000][1][safepoint    ] Total time for which application threads were stopped: 0.0002507 seconds, Stopping threads took: 0.0000635 seconds
[2019-06-24T10:30:49.088+0000][1][safepoint    ] Application time: 1.0001395 seconds
[2019-06-24T10:30:49.088+0000][1][safepoint    ] Entering safepoint region: Cleanup
[2019-06-24T10:30:49.088+0000][1][safepoint    ] Leaving safepoint region
[2019-06-24T10:30:49.088+0000][1][safepoint    ] Total time for which application threads were stopped: 0.0001212 seconds, Stopping threads took: 0.0000270 seconds
[2019-06-24T10:30:50.088+0000][1][safepoint    ] Application time: 1.0001902 seconds
[2019-06-24T10:30:50.088+0000][1][safepoint    ] Entering safepoint region: Cleanup
[2019-06-24T10:30:50.088+0000][1][safepoint    ] Leaving safepoint region
[2019-06-24T10:30:50.088+0000][1][safepoint    ] Total time for which application threads were stopped: 0.0002924 seconds, Stopping threads took: 0.0000901 seconds
[2019-06-24T10:30:51.089+0000][1][safepoint    ] Application time: 1.0001544 seconds
[2019-06-24T10:30:51.089+0000][1][safepoint    ] Entering safepoint region: Cleanup
[2019-06-24T10:30:51.089+0000][1][safepoint    ] Leaving safepoint region
[2019-06-24T10:30:51.089+0000][1][safepoint    ] Total time for which application threads were stopped: 0.0003482 seconds, Stopping threads took: 0.0000864 seconds
[2019-06-24T10:30:52.089+0000][1][safepoint    ] Application time: 1.0001493 seconds
[2019-06-24T10:30:52.089+0000][1][safepoint    ] Entering safepoint region: Cleanup
[2019-06-24T10:30:52.090+0000][1][safepoint    ] Leaving safepoint region
[2019-06-24T10:30:52.090+0000][1][safepoint    ] Total time for which application threads were stopped: 0.0002764 seconds, Stopping threads took: 0.0000601 seconds
[2019-06-24T10:30:53.090+0000][1][safepoint    ] Application time: 1.0002631 seconds
[2019-06-24T10:30:53.090+0000][1][safepoint    ] Entering safepoint region: Cleanup
[2019-06-24T10:30:53.090+0000][1][safepoint    ] Leaving safepoint region
[2019-06-24T10:30:53.090+0000][1][safepoint    ] Total time for which application threads were stopped: 0.0002305 seconds, Stopping threads took: 0.0000631 seconds
[2019-06-24T10:30:54.091+0000][1][safepoint    ] Application time: 1.0002804 seconds
[2019-06-24T10:30:54.091+0000][1][safepoint    ] Entering safepoint region: Cleanup
[2019-06-24T10:30:54.091+0000][1][safepoint    ] Leaving safepoint region
[2019-06-24T10:30:54.091+0000][1][safepoint    ] Total time for which application threads were stopped: 0.0002239 seconds, Stopping threads took: 0.0000614 seconds
[2019-06-24T10:30:55.091+0000][1][safepoint    ] Application time: 1.0001495 seconds
[2019-06-24T10:30:55.091+0000][1][safepoint    ] Entering safepoint region: Cleanup
[2019-06-24T10:30:55.091+0000][1][safepoint    ] Leaving safepoint region
[2019-06-24T10:30:55.092+0000][1][safepoint    ] Total time for which application threads were stopped: 0.0002282 seconds, Stopping threads took: 0.0000635 seconds
[2019-06-24T10:30:56.092+0000][1][safepoint    ] Application time: 1.0002688 seconds
[2019-06-24T10:30:56.092+0000][1][safepoint    ] Entering safepoint region: Cleanup
[2019-06-24T10:30:56.092+0000][1][safepoint    ] Leaving safepoint region
[2019-06-24T10:30:56.092+0000][1][safepoint    ] Total time for which application threads were stopped: 0.0002253 seconds, Stopping threads took: 0.0000623 seconds
[2019-06-24T10:30:57.092+0000][1][safepoint    ] Application time: 1.0001758 seconds
[2019-06-24T10:30:57.093+0000][1][safepoint    ] Entering safepoint region: Cleanup
[2019-06-24T10:30:57.093+0000][1][safepoint    ] Leaving safepoint region
[2019-06-24T10:30:57.093+0000][1][safepoint    ] Total time for which application threads were stopped: 0.0004757 seconds, Stopping threads took: 0.0001678 seconds
[2019-06-24T10:30:58.093+0000][1][safepoint    ] Application time: 1.0002443 seconds
[2019-06-24T10:30:58.093+0000][1][safepoint    ] Entering safepoint region: Cleanup
[2019-06-24T10:30:58.094+0000][1][safepoint    ] Leaving safepoint region
[2019-06-24T10:30:58.094+0000][1][safepoint    ] Total time for which application threads were stopped: 0.0002393 seconds, Stopping threads took: 0.0000645 seconds
[2019-06-24T10:30:58.838+0000][1][safepoint    ] Application time: 0.7439170 seconds
[2019-06-24T10:30:58.838+0000][1][safepoint    ] Entering safepoint region: GenCollectForAllocation
[2019-06-24T10:30:58.838+0000][1][gc,start     ] GC(34) Pause Young (Allocation Failure)
[2019-06-24T10:30:58.838+0000][1][gc,task      ] GC(34) Using 5 workers of 8 for evacuation
[2019-06-24T10:30:58.840+0000][1][gc,age       ] GC(34) Desired survivor size 4456448 bytes, new threshold 6 (max threshold 6)
[2019-06-24T10:30:58.840+0000][1][gc,age       ] GC(34) Age table with threshold 6 (max threshold 6)
[2019-06-24T10:30:58.840+0000][1][gc,age       ] GC(34) - age   1:       4792 bytes,       4792 total
[2019-06-24T10:30:58.840+0000][1][gc,age       ] GC(34) - age   2:       2224 bytes,       7016 total
[2019-06-24T10:30:58.841+0000][1][gc,age       ] GC(34) - age   3:        872 bytes,       7888 total
[2019-06-24T10:30:58.841+0000][1][gc,age       ] GC(34) - age   4:        936 bytes,       8824 total
[2019-06-24T10:30:58.841+0000][1][gc,age       ] GC(34) - age   5:       2928 bytes,      11752 total
[2019-06-24T10:30:58.841+0000][1][gc,age       ] GC(34) - age   6:       4432 bytes,      16184 total
[2019-06-24T10:30:58.841+0000][1][gc,heap      ] GC(34) ParNew: 69979K->22K(78656K)
[2019-06-24T10:30:58.841+0000][1][gc,heap      ] GC(34) CMS: 69754K->69756K(174784K)
[2019-06-24T10:30:58.841+0000][1][gc,metaspace ] GC(34) Metaspace: 68027K->68027K(1112064K)
[2019-06-24T10:30:58.841+0000][1][gc           ] GC(34) Pause Young (Allocation Failure) 136M->68M(247M) 2.764ms
[2019-06-24T10:30:58.841+0000][1][gc,cpu       ] GC(34) User=0.01s Sys=0.00s Real=0.00s
[2019-06-24T10:30:58.841+0000][1][safepoint    ] Leaving safepoint region
[2019-06-24T10:30:58.841+0000][1][safepoint    ] Total time for which application threads were stopped: 0.0032133 seconds, Stopping threads took: 0.0000593 seconds
[2019-06-24T10:30:59.841+0000][1][safepoint    ] Application time: 1.0003195 seconds
[2019-06-24T10:30:59.841+0000][1][safepoint    ] Entering safepoint region: Cleanup
[2019-06-24T10:30:59.842+0000][1][safepoint    ] Leaving safepoint region
[2019-06-24T10:30:59.842+0000][1][safepoint    ] Total time for which application threads were stopped: 0.0002615 seconds, Stopping threads took: 0.0000737 seconds
[2019-06-24T10:31:00.842+0000][1][safepoint    ] Application time: 1.0002925 seconds
[2019-06-24T10:31:00.842+0000][1][safepoint    ] Entering safepoint region: Cleanup
[2019-06-24T10:31:00.842+0000][1][safepoint    ] Leaving safepoint region
[2019-06-24T10:31:00.842+0000][1][safepoint    ] Total time for which application threads were stopped: 0.0001076 seconds, Stopping threads took: 0.0000361 seconds
[2019-06-24T10:31:01.842+0000][1][safepoint    ] Application time: 1.0001259 seconds
[2019-06-24T10:31:01.842+0000][1][safepoint    ] Entering safepoint region: Cleanup
[2019-06-24T10:31:01.842+0000][1][safepoint    ] Leaving safepoint region
[2019-06-24T10:31:01.842+0000][1][safepoint    ] Total time for which application threads were stopped: 0.0001000 seconds, Stopping threads took: 0.0000280 seconds
[2019-06-24T10:31:02.843+0000][1][safepoint    ] Application time: 1.0002285 seconds
[2019-06-24T10:31:02.843+0000][1][safepoint    ] Entering safepoint region: Cleanup
[2019-06-24T10:31:02.843+0000][1][safepoint    ] Leaving safepoint region
[2019-06-24T10:31:02.843+0000][1][safepoint    ] Total time for which application threads were stopped: 0.0001959 seconds, Stopping threads took: 0.0000689 seconds
[2019-06-24T10:31:03.843+0000][1][safepoint    ] Application time: 1.0002190 seconds
[2019-06-24T10:31:03.843+0000][1][safepoint    ] Entering safepoint region: Cleanup
[2019-06-24T10:31:03.844+0000][1][safepoint    ] Leaving safepoint region
[2019-06-24T10:31:03.844+0000][1][safepoint    ] Total time for which application threads were stopped: 0.0002319 seconds, Stopping threads took: 0.0000635 seconds
[2019-06-24T10:31:04.844+0000][1][safepoint    ] Application time: 1.0002645 seconds
[2019-06-24T10:31:04.844+0000][1][safepoint    ] Entering safepoint region: Cleanup
[2019-06-24T10:31:04.844+0000][1][safepoint    ] Leaving safepoint region
[2019-06-24T10:31:04.844+0000][1][safepoint    ] Total time for which application threads were stopped: 0.0002272 seconds, Stopping threads took: 0.0000637 seconds
[2019-06-24T10:31:05.844+0000][1][safepoint    ] Application time: 1.0002484 seconds
[2019-06-24T10:31:05.845+0000][1][safepoint    ] Entering safepoint region: Cleanup
[2019-06-24T10:31:05.845+0000][1][safepoint    ] Leaving safepoint region
[2019-06-24T10:31:05.845+0000][1][safepoint    ] Total time for which application threads were stopped: 0.0002217 seconds, Stopping threads took: 0.0000626 seconds
[2019-06-24T10:31:06.845+0000][1][safepoint    ] Application time: 1.0002489 seconds
[2019-06-24T10:31:06.845+0000][1][safepoint    ] Entering safepoint region: Cleanup
[2019-06-24T10:31:06.845+0000][1][safepoint    ] Leaving safepoint region
[2019-06-24T10:31:06.845+0000][1][safepoint    ] Total time for which application threads were stopped: 0.0002251 seconds, Stopping threads took: 0.0000618 seconds
[2019-06-24T10:31:07.846+0000][1][safepoint    ] Application time: 1.0002041 seconds
[2019-06-24T10:31:07.846+0000][1][safepoint    ] Entering safepoint region: Cleanup
[2019-06-24T10:31:07.846+0000][1][safepoint    ] Leaving safepoint region
[2019-06-24T10:31:07.846+0000][1][safepoint    ] Total time for which application threads were stopped: 0.0002226 seconds, Stopping threads took: 0.0000641 seconds
[2019-06-24T10:31:08.846+0000][1][safepoint    ] Application time: 1.0002727 seconds
[2019-06-24T10:31:08.846+0000][1][safepoint    ] Entering safepoint region: Cleanup
[2019-06-24T10:31:08.847+0000][1][safepoint    ] Leaving safepoint region
[2019-06-24T10:31:08.847+0000][1][safepoint    ] Total time for which application threads were stopped: 0.0002976 seconds, Stopping threads took: 0.0000628 seconds
[2019-06-24T10:31:09.847+0000][1][safepoint    ] Application time: 1.0002527 seconds
[2019-06-24T10:31:09.847+0000][1][safepoint    ] Entering safepoint region: Cleanup
[2019-06-24T10:31:09.847+0000][1][safepoint    ] Leaving safepoint region
[2019-06-24T10:31:09.847+0000][1][safepoint    ] Total time for which application threads were stopped: 0.0002247 seconds, Stopping threads took: 0.0000615 seconds
[2019-06-24T10:31:10.847+0000][1][safepoint    ] Application time: 1.0001367 seconds
[2019-06-24T10:31:10.848+0000][1][safepoint    ] Entering safepoint region: Cleanup
[2019-06-24T10:31:10.848+0000][1][safepoint    ] Leaving safepoint region
[2019-06-24T10:31:10.848+0000][1][safepoint    ] Total time for which application threads were stopped: 0.0002981 seconds, Stopping threads took: 0.0000849 seconds
[2019-06-24T10:31:11.848+0000][1][safepoint    ] Application time: 1.0001840 seconds
[2019-06-24T10:31:11.848+0000][1][safepoint    ] Entering safepoint region: Cleanup
[2019-06-24T10:31:11.848+0000][1][safepoint    ] Leaving safepoint region
[2019-06-24T10:31:11.849+0000][1][safepoint    ] Total time for which application threads were stopped: 0.0003291 seconds, Stopping threads took: 0.0000835 seconds
[2019-06-24T10:31:12.849+0000][1][safepoint    ] Application time: 1.0002436 seconds
[2019-06-24T10:31:12.849+0000][1][safepoint    ] Entering safepoint region: Cleanup
[2019-06-24T10:31:12.849+0000][1][safepoint    ] Leaving safepoint region
[2019-06-24T10:31:12.849+0000][1][safepoint    ] Total time for which application threads were stopped: 0.0002342 seconds, Stopping threads took: 0.0000654 seconds
[2019-06-24T10:31:14.800+0000][1][safepoint    ] Application time: 1.9507209 seconds
[2019-06-24T10:31:14.800+0000][1][safepoint    ] Entering safepoint region: Cleanup
[2019-06-24T10:31:14.800+0000][1][safepoint    ] Leaving safepoint region
[2019-06-24T10:31:14.800+0000][1][safepoint    ] Total time for which application threads were stopped: 0.0003085 seconds, Stopping threads took: 0.0000643 seconds
[2019-06-24T10:31:15.801+0000][1][safepoint    ] Application time: 1.0001488 seconds
[2019-06-24T10:31:15.801+0000][1][safepoint    ] Entering safepoint region: Cleanup
[2019-06-24T10:31:15.801+0000][1][safepoint    ] Leaving safepoint region
[2019-06-24T10:31:15.801+0000][1][safepoint    ] Total time for which application threads were stopped: 0.0002543 seconds, Stopping threads took: 0.0000627 seconds
[2019-06-24T10:31:16.801+0000][1][safepoint    ] Application time: 1.0003848 seconds
[2019-06-24T10:31:16.801+0000][1][safepoint    ] Entering safepoint region: Cleanup
[2019-06-24T10:31:16.802+0000][1][safepoint    ] Leaving safepoint region
[2019-06-24T10:31:16.802+0000][1][safepoint    ] Total time for which application threads were stopped: 0.0002448 seconds, Stopping threads took: 0.0000656 seconds
[2019-06-24T10:31:17.802+0000][1][safepoint    ] Application time: 1.0002745 seconds
[2019-06-24T10:31:17.802+0000][1][safepoint    ] Entering safepoint region: Cleanup
[2019-06-24T10:31:17.802+0000][1][safepoint    ] Leaving safepoint region
[2019-06-24T10:31:17.803+0000][1][safepoint    ] Total time for which application threads were stopped: 0.0003855 seconds, Stopping threads took: 0.0001520 seconds
[2019-06-24T10:31:18.803+0000][1][safepoint    ] Application time: 1.0002062 seconds
[2019-06-24T10:31:18.803+0000][1][safepoint    ] Entering safepoint region: Cleanup
[2019-06-24T10:31:18.803+0000][1][safepoint    ] Leaving safepoint region
[2019-06-24T10:31:18.803+0000][1][safepoint    ] Total time for which application threads were stopped: 0.0003046 seconds, Stopping threads took: 0.0000665 seconds
[2019-06-24T10:31:19.804+0000][1][safepoint    ] Application time: 1.0002664 seconds
[2019-06-24T10:31:19.804+0000][1][safepoint    ] Entering safepoint region: Cleanup
[2019-06-24T10:31:19.804+0000][1][safepoint    ] Leaving safepoint region
[2019-06-24T10:31:19.804+0000][1][safepoint    ] Total time for which application threads were stopped: 0.0003822 seconds, Stopping threads took: 0.0000652 seconds
[2019-06-24T10:31:20.804+0000][1][safepoint    ] Application time: 1.0002872 seconds
[2019-06-24T10:31:20.805+0000][1][safepoint    ] Entering safepoint region: Cleanup
[2019-06-24T10:31:20.805+0000][1][safepoint    ] Leaving safepoint region
[2019-06-24T10:31:20.805+0000][1][safepoint    ] Total time for which application threads were stopped: 0.0002431 seconds, Stopping threads took: 0.0000664 seconds
[2019-06-24T10:31:21.805+0000][1][safepoint    ] Application time: 1.0002674 seconds
[2019-06-24T10:31:21.805+0000][1][safepoint    ] Entering safepoint region: Cleanup
[2019-06-24T10:31:21.805+0000][1][safepoint    ] Leaving safepoint region
[2019-06-24T10:31:21.805+0000][1][safepoint    ] Total time for which application threads were stopped: 0.0002421 seconds, Stopping threads took: 0.0000648 seconds
[2019-06-24T10:31:22.806+0000][1][safepoint    ] Application time: 1.0002582 seconds
[2019-06-24T10:31:22.806+0000][1][safepoint    ] Entering safepoint region: Cleanup
[2019-06-24T10:31:22.806+0000][1][safepoint    ] Leaving safepoint region
[2019-06-24T10:31:22.806+0000][1][safepoint    ] Total time for which application threads were stopped: 0.0002577 seconds, Stopping threads took: 0.0000681 seconds
[2019-06-24T10:31:23.806+0000][1][safepoint    ] Application time: 1.0002610 seconds
[2019-06-24T10:31:23.807+0000][1][safepoint    ] Entering safepoint region: Cleanup
[2019-06-24T10:31:23.807+0000][1][safepoint    ] Leaving safepoint region
[2019-06-24T10:31:23.807+0000][1][safepoint    ] Total time for which application threads were stopped: 0.0002472 seconds, Stopping threads took: 0.0000770 seconds
[2019-06-24T10:31:24.807+0000][1][safepoint    ] Application time: 1.0001581 seconds
[2019-06-24T10:31:24.807+0000][1][safepoint    ] Entering safepoint region: Cleanup
[2019-06-24T10:31:24.807+0000][1][safepoint    ] Leaving safepoint region
[2019-06-24T10:31:24.808+0000][1][safepoint    ] Total time for which application threads were stopped: 0.0003281 seconds, Stopping threads took: 0.0000848 seconds
[2019-06-24T10:31:25.808+0000][1][safepoint    ] Application time: 1.0002036 seconds
[2019-06-24T10:31:25.808+0000][1][safepoint    ] Entering safepoint region: Cleanup
[2019-06-24T10:31:25.808+0000][1][safepoint    ] Leaving safepoint region
[2019-06-24T10:31:25.808+0000][1][safepoint    ] Total time for which application threads were stopped: 0.0003075 seconds, Stopping threads took: 0.0000638 seconds
[2019-06-24T10:31:26.809+0000][1][safepoint    ] Application time: 1.0002721 seconds
[2019-06-24T10:31:26.809+0000][1][safepoint    ] Entering safepoint region: Cleanup
[2019-06-24T10:31:26.809+0000][1][safepoint    ] Leaving safepoint region
[2019-06-24T10:31:26.809+0000][1][safepoint    ] Total time for which application threads were stopped: 0.0002326 seconds, Stopping threads took: 0.0000619 seconds
[2019-06-24T10:31:27.809+0000][1][safepoint    ] Application time: 1.0001434 seconds
[2019-06-24T10:31:27.809+0000][1][safepoint    ] Entering safepoint region: Cleanup
[2019-06-24T10:31:27.809+0000][1][safepoint    ] Leaving safepoint region
[2019-06-24T10:31:27.809+0000][1][safepoint    ] Total time for which application threads were stopped: 0.0001300 seconds, Stopping threads took: 0.0000236 seconds
[2019-06-24T10:31:28.809+0000][1][safepoint    ] Application time: 1.0002238 seconds
[2019-06-24T10:31:28.810+0000][1][safepoint    ] Entering safepoint region: Cleanup
[2019-06-24T10:31:28.810+0000][1][safepoint    ] Leaving safepoint region
[2019-06-24T10:31:28.810+0000][1][safepoint    ] Total time for which application threads were stopped: 0.0002642 seconds, Stopping threads took: 0.0000626 seconds
[2019-06-24T10:31:29.810+0000][1][safepoint    ] Application time: 1.0002615 seconds
[2019-06-24T10:31:29.810+0000][1][safepoint    ] Entering safepoint region: Cleanup
[2019-06-24T10:31:29.810+0000][1][safepoint    ] Leaving safepoint region
[2019-06-24T10:31:29.810+0000][1][safepoint    ] Total time for which application threads were stopped: 0.0002281 seconds, Stopping threads took: 0.0000644 seconds
[2019-06-24T10:31:30.811+0000][1][safepoint    ] Application time: 1.0002927 seconds
[2019-06-24T10:31:30.811+0000][1][safepoint    ] Entering safepoint region: Cleanup
[2019-06-24T10:31:30.811+0000][1][safepoint    ] Leaving safepoint region
[2019-06-24T10:31:30.811+0000][1][safepoint    ] Total time for which application threads were stopped: 0.0002184 seconds, Stopping threads took: 0.0000617 seconds
[2019-06-24T10:31:31.811+0000][1][safepoint    ] Application time: 1.0002479 seconds
[2019-06-24T10:31:31.811+0000][1][safepoint    ] Entering safepoint region: Cleanup
[2019-06-24T10:31:31.812+0000][1][safepoint    ] Leaving safepoint region
[2019-06-24T10:31:31.812+0000][1][safepoint    ] Total time for which application threads were stopped: 0.0002665 seconds, Stopping threads took: 0.0000631 seconds
[2019-06-24T10:31:32.812+0000][1][safepoint    ] Application time: 1.0002704 seconds
[2019-06-24T10:31:32.812+0000][1][safepoint    ] Entering safepoint region: Cleanup
[2019-06-24T10:31:32.812+0000][1][safepoint    ] Leaving safepoint region
[2019-06-24T10:31:32.812+0000][1][safepoint    ] Total time for which application threads were stopped: 0.0002593 seconds, Stopping threads took: 0.0000768 seconds
[2019-06-24T10:31:33.813+0000][1][safepoint    ] Application time: 1.0002676 seconds
[2019-06-24T10:31:33.813+0000][1][safepoint    ] Entering safepoint region: Cleanup
[2019-06-24T10:31:33.813+0000][1][safepoint    ] Leaving safepoint region
[2019-06-24T10:31:33.813+0000][1][safepoint    ] Total time for which application threads were stopped: 0.0002571 seconds, Stopping threads took: 0.0000903 seconds
[2019-06-24T10:31:34.813+0000][1][safepoint    ] Application time: 1.0002713 seconds
[2019-06-24T10:31:34.814+0000][1][safepoint    ] Entering safepoint region: Cleanup
[2019-06-24T10:31:34.814+0000][1][safepoint    ] Leaving safepoint region
[2019-06-24T10:31:34.814+0000][1][safepoint    ] Total time for which application threads were stopped: 0.0002321 seconds, Stopping threads took: 0.0000609 seconds
[2019-06-24T10:31:35.814+0000][1][safepoint    ] Application time: 1.0002775 seconds
[2019-06-24T10:31:35.814+0000][1][safepoint    ] Entering safepoint region: Cleanup
[2019-06-24T10:31:35.814+0000][1][safepoint    ] Leaving safepoint region
[2019-06-24T10:31:35.814+0000][1][safepoint    ] Total time for which application threads were stopped: 0.0002268 seconds, Stopping threads took: 0.0000637 seconds
[2019-06-24T10:31:36.815+0000][1][safepoint    ] Application time: 1.0002296 seconds
[2019-06-24T10:31:36.815+0000][1][safepoint    ] Entering safepoint region: Cleanup
[2019-06-24T10:31:36.815+0000][1][safepoint    ] Leaving safepoint region
[2019-06-24T10:31:36.815+0000][1][safepoint    ] Total time for which application threads were stopped: 0.0002503 seconds, Stopping threads took: 0.0000651 seconds
[2019-06-24T10:31:37.815+0000][1][safepoint    ] Application time: 1.0001850 seconds
[2019-06-24T10:31:37.815+0000][1][safepoint    ] Entering safepoint region: Cleanup
[2019-06-24T10:31:37.816+0000][1][safepoint    ] Leaving safepoint region
[2019-06-24T10:31:37.816+0000][1][safepoint    ] Total time for which application threads were stopped: 0.0010194 seconds, Stopping threads took: 0.0008535 seconds
[2019-06-24T10:31:38.817+0000][1][safepoint    ] Application time: 1.0002292 seconds
[2019-06-24T10:31:38.817+0000][1][safepoint    ] Entering safepoint region: Cleanup
[2019-06-24T10:31:38.817+0000][1][safepoint    ] Leaving safepoint region
[2019-06-24T10:31:38.817+0000][1][safepoint    ] Total time for which application threads were stopped: 0.0002287 seconds, Stopping threads took: 0.0000621 seconds
[2019-06-24T10:31:39.817+0000][1][safepoint    ] Application time: 1.0002352 seconds
[2019-06-24T10:31:39.817+0000][1][safepoint    ] Entering safepoint region: Cleanup
[2019-06-24T10:31:39.817+0000][1][safepoint    ] Leaving safepoint region
[2019-06-24T10:31:39.818+0000][1][safepoint    ] Total time for which application threads were stopped: 0.0002344 seconds, Stopping threads took: 0.0000629 seconds
[2019-06-24T10:31:40.818+0000][1][safepoint    ] Application time: 1.0001989 seconds
[2019-06-24T10:31:40.818+0000][1][safepoint    ] Entering safepoint region: Cleanup
[2019-06-24T10:31:40.818+0000][1][safepoint    ] Leaving safepoint region
[2019-06-24T10:31:40.818+0000][1][safepoint    ] Total time for which application threads were stopped: 0.0002398 seconds, Stopping threads took: 0.0000668 seconds
[2019-06-24T10:31:41.818+0000][1][safepoint    ] Application time: 1.0002612 seconds
[2019-06-24T10:31:41.819+0000][1][safepoint    ] Entering safepoint region: Cleanup
[2019-06-24T10:31:41.819+0000][1][safepoint    ] Leaving safepoint region
[2019-06-24T10:31:41.819+0000][1][safepoint    ] Total time for which application threads were stopped: 0.0002368 seconds, Stopping threads took: 0.0000834 seconds
[2019-06-24T10:31:42.819+0000][1][safepoint    ] Application time: 1.0002636 seconds
[2019-06-24T10:31:42.819+0000][1][safepoint    ] Entering safepoint region: Cleanup
[2019-06-24T10:31:42.819+0000][1][safepoint    ] Leaving safepoint region
[2019-06-24T10:31:42.819+0000][1][safepoint    ] Total time for which application threads were stopped: 0.0002479 seconds, Stopping threads took: 0.0000756 seconds
[2019-06-24T10:31:43.820+0000][1][safepoint    ] Application time: 1.0002426 seconds
[2019-06-24T10:31:43.820+0000][1][safepoint    ] Entering safepoint region: Cleanup
[2019-06-24T10:31:43.820+0000][1][safepoint    ] Leaving safepoint region
[2019-06-24T10:31:43.820+0000][1][safepoint    ] Total time for which application threads were stopped: 0.0002282 seconds, Stopping threads took: 0.0000621 seconds
[2019-06-24T10:31:44.820+0000][1][safepoint    ] Application time: 1.0002529 seconds
[2019-06-24T10:31:44.821+0000][1][safepoint    ] Entering safepoint region: Cleanup
[2019-06-24T10:31:44.821+0000][1][safepoint    ] Leaving safepoint region
[2019-06-24T10:31:44.821+0000][1][safepoint    ] Total time for which application threads were stopped: 0.0002286 seconds, Stopping threads took: 0.0000635 seconds
[2019-06-24T10:31:45.821+0000][1][safepoint    ] Application time: 1.0002578 seconds
[2019-06-24T10:31:45.821+0000][1][safepoint    ] Entering safepoint region: Cleanup
[2019-06-24T10:31:45.821+0000][1][safepoint    ] Leaving safepoint region
[2019-06-24T10:31:45.821+0000][1][safepoint    ] Total time for which application threads were stopped: 0.0002183 seconds, Stopping threads took: 0.0000617 seconds
[2019-06-24T10:31:46.822+0000][1][safepoint    ] Application time: 1.0001767 seconds
[2019-06-24T10:31:46.822+0000][1][safepoint    ] Entering safepoint region: Cleanup
[2019-06-24T10:31:46.822+0000][1][safepoint    ] Leaving safepoint region
[2019-06-24T10:31:46.822+0000][1][safepoint    ] Total time for which application threads were stopped: 0.0002041 seconds, Stopping threads took: 0.0000562 seconds
[2019-06-24T10:31:47.822+0000][1][safepoint    ] Application time: 1.0001761 seconds
[2019-06-24T10:31:47.822+0000][1][safepoint    ] Entering safepoint region: Cleanup
[2019-06-24T10:31:47.822+0000][1][safepoint    ] Leaving safepoint region
[2019-06-24T10:31:47.822+0000][1][safepoint    ] Total time for which application threads were stopped: 0.0002205 seconds, Stopping threads took: 0.0000656 seconds
[2019-06-24T10:31:48.823+0000][1][safepoint    ] Application time: 1.0002691 seconds
[2019-06-24T10:31:48.823+0000][1][safepoint    ] Entering safepoint region: Cleanup
[2019-06-24T10:31:48.823+0000][1][safepoint    ] Leaving safepoint region
[2019-06-24T10:31:48.823+0000][1][safepoint    ] Total time for which application threads were stopped: 0.0002328 seconds, Stopping threads took: 0.0000652 seconds
[2019-06-24T10:31:49.823+0000][1][safepoint    ] Application time: 1.0001792 seconds
[2019-06-24T10:31:49.823+0000][1][safepoint    ] Entering safepoint region: Cleanup
[2019-06-24T10:31:49.823+0000][1][safepoint    ] Leaving safepoint region
[2019-06-24T10:31:49.823+0000][1][safepoint    ] Total time for which application threads were stopped: 0.0002097 seconds, Stopping threads took: 0.0000559 seconds
[2019-06-24T10:31:50.824+0000][1][safepoint    ] Application time: 1.0002052 seconds
[2019-06-24T10:31:50.824+0000][1][safepoint    ] Entering safepoint region: Cleanup
[2019-06-24T10:31:50.824+0000][1][safepoint    ] Leaving safepoint region
[2019-06-24T10:31:50.824+0000][1][safepoint    ] Total time for which application threads were stopped: 0.0002541 seconds, Stopping threads took: 0.0000689 seconds
[2019-06-24T10:31:51.824+0000][1][safepoint    ] Application time: 1.0001960 seconds
[2019-06-24T10:31:51.824+0000][1][safepoint    ] Entering safepoint region: Cleanup
[2019-06-24T10:31:51.825+0000][1][safepoint    ] Leaving safepoint region
[2019-06-24T10:31:51.825+0000][1][safepoint    ] Total time for which application threads were stopped: 0.0002734 seconds, Stopping threads took: 0.0000692 seconds
[2019-06-24T10:31:52.825+0000][1][safepoint    ] Application time: 1.0002647 seconds
[2019-06-24T10:31:52.825+0000][1][safepoint    ] Entering safepoint region: Cleanup
[2019-06-24T10:31:52.826+0000][1][safepoint    ] Leaving safepoint region
[2019-06-24T10:31:52.826+0000][1][safepoint    ] Total time for which application threads were stopped: 0.0010907 seconds, Stopping threads took: 0.0008654 seconds
[2019-06-24T10:31:53.826+0000][1][safepoint    ] Application time: 1.0001960 seconds
[2019-06-24T10:31:53.827+0000][1][safepoint    ] Entering safepoint region: Cleanup
[2019-06-24T10:31:53.827+0000][1][safepoint    ] Leaving safepoint region
[2019-06-24T10:31:53.827+0000][1][safepoint    ] Total time for which application threads were stopped: 0.0002276 seconds, Stopping threads took: 0.0000647 seconds
[2019-06-24T10:31:54.827+0000][1][safepoint    ] Application time: 1.0001817 seconds
[2019-06-24T10:31:54.827+0000][1][safepoint    ] Entering safepoint region: Cleanup
[2019-06-24T10:31:54.827+0000][1][safepoint    ] Leaving safepoint region
[2019-06-24T10:31:54.827+0000][1][safepoint    ] Total time for which application threads were stopped: 0.0002285 seconds, Stopping threads took: 0.0000651 seconds
[2019-06-24T10:31:55.828+0000][1][safepoint    ] Application time: 1.0002238 seconds
[2019-06-24T10:31:55.828+0000][1][safepoint    ] Entering safepoint region: Cleanup
[2019-06-24T10:31:55.828+0000][1][safepoint    ] Leaving safepoint region
[2019-06-24T10:31:55.828+0000][1][safepoint    ] Total time for which application threads were stopped: 0.0002268 seconds, Stopping threads took: 0.0000622 seconds
[2019-06-24T10:31:56.828+0000][1][safepoint    ] Application time: 1.0002462 seconds
[2019-06-24T10:31:56.828+0000][1][safepoint    ] Entering safepoint region: Cleanup
[2019-06-24T10:31:56.829+0000][1][safepoint    ] Leaving safepoint region
[2019-06-24T10:31:56.829+0000][1][safepoint    ] Total time for which application threads were stopped: 0.0002249 seconds, Stopping threads took: 0.0000614 seconds
[2019-06-24T10:31:57.829+0000][1][safepoint    ] Application time: 1.0002479 seconds
[2019-06-24T10:31:57.829+0000][1][safepoint    ] Entering safepoint region: Cleanup
[2019-06-24T10:31:57.830+0000][1][safepoint    ] Leaving safepoint region
[2019-06-24T10:31:57.830+0000][1][safepoint    ] Total time for which application threads were stopped: 0.0012622 seconds, Stopping threads took: 0.0009695 seconds
[2019-06-24T10:31:58.831+0000][1][safepoint    ] Application time: 1.0002512 seconds
[2019-06-24T10:31:58.831+0000][1][safepoint    ] Entering safepoint region: Cleanup
[2019-06-24T10:31:58.831+0000][1][safepoint    ] Leaving safepoint region
[2019-06-24T10:31:58.831+0000][1][safepoint    ] Total time for which application threads were stopped: 0.0002446 seconds, Stopping threads took: 0.0000868 seconds
[2019-06-24T10:31:59.831+0000][1][safepoint    ] Application time: 1.0002078 seconds
[2019-06-24T10:31:59.831+0000][1][safepoint    ] Entering safepoint region: Cleanup
[2019-06-24T10:31:59.832+0000][1][safepoint    ] Leaving safepoint region
[2019-06-24T10:31:59.832+0000][1][safepoint    ] Total time for which application threads were stopped: 0.0004179 seconds, Stopping threads took: 0.0000964 seconds
[2019-06-24T10:32:00.832+0000][1][safepoint    ] Application time: 1.0002153 seconds
[2019-06-24T10:32:00.832+0000][1][safepoint    ] Entering safepoint region: Cleanup
[2019-06-24T10:32:00.832+0000][1][safepoint    ] Leaving safepoint region
[2019-06-24T10:32:00.832+0000][1][safepoint    ] Total time for which application threads were stopped: 0.0002694 seconds, Stopping threads took: 0.0000643 seconds
[2019-06-24T10:32:01.968+0000][1][safepoint    ] Application time: 1.1359564 seconds
[2019-06-24T10:32:01.969+0000][1][safepoint    ] Entering safepoint region: Cleanup
[2019-06-24T10:32:01.969+0000][1][safepoint    ] Leaving safepoint region
[2019-06-24T10:32:01.969+0000][1][safepoint    ] Total time for which application threads were stopped: 0.0002896 seconds, Stopping threads took: 0.0000643 seconds
[2019-06-24T10:32:02.969+0000][1][safepoint    ] Application time: 1.0002635 seconds
[2019-06-24T10:32:02.969+0000][1][safepoint    ] Entering safepoint region: Cleanup
[2019-06-24T10:32:02.970+0000][1][safepoint    ] Leaving safepoint region
[2019-06-24T10:32:02.970+0000][1][safepoint    ] Total time for which application threads were stopped: 0.0012394 seconds, Stopping threads took: 0.0009874 seconds
[2019-06-24T10:32:03.971+0000][1][safepoint    ] Application time: 1.0002164 seconds
[2019-06-24T10:32:03.971+0000][1][safepoint    ] Entering safepoint region: Cleanup
[2019-06-24T10:32:03.971+0000][1][safepoint    ] Leaving safepoint region
[2019-06-24T10:32:03.971+0000][1][safepoint    ] Total time for which application threads were stopped: 0.0002347 seconds, Stopping threads took: 0.0000650 seconds
[2019-06-24T10:32:04.971+0000][1][safepoint    ] Application time: 1.0002290 seconds
[2019-06-24T10:32:04.972+0000][1][safepoint    ] Entering safepoint region: Cleanup
[2019-06-24T10:32:04.972+0000][1][safepoint    ] Leaving safepoint region
[2019-06-24T10:32:04.972+0000][1][safepoint    ] Total time for which application threads were stopped: 0.0002363 seconds, Stopping threads took: 0.0000659 seconds
[2019-06-24T10:32:05.972+0000][1][safepoint    ] Application time: 1.0002681 seconds
[2019-06-24T10:32:05.972+0000][1][safepoint    ] Entering safepoint region: Cleanup
[2019-06-24T10:32:05.972+0000][1][safepoint    ] Leaving safepoint region
[2019-06-24T10:32:05.972+0000][1][safepoint    ] Total time for which application threads were stopped: 0.0002349 seconds, Stopping threads took: 0.0000654 seconds
[2019-06-24T10:32:06.973+0000][1][safepoint    ] Application time: 1.0002750 seconds
[2019-06-24T10:32:06.973+0000][1][safepoint    ] Entering safepoint region: Cleanup
[2019-06-24T10:32:06.973+0000][1][safepoint    ] Leaving safepoint region
[2019-06-24T10:32:06.973+0000][1][safepoint    ] Total time for which application threads were stopped: 0.0002369 seconds, Stopping threads took: 0.0000629 seconds
[2019-06-24T10:32:07.973+0000][1][safepoint    ] Application time: 1.0002697 seconds
[2019-06-24T10:32:07.973+0000][1][safepoint    ] Entering safepoint region: Cleanup
[2019-06-24T10:32:07.974+0000][1][safepoint    ] Leaving safepoint region
[2019-06-24T10:32:07.974+0000][1][safepoint    ] Total time for which application threads were stopped: 0.0002414 seconds, Stopping threads took: 0.0000648 seconds
[2019-06-24T10:32:08.974+0000][1][safepoint    ] Application time: 1.0002546 seconds
[2019-06-24T10:32:08.974+0000][1][safepoint    ] Entering safepoint region: Cleanup
[2019-06-24T10:32:08.974+0000][1][safepoint    ] Leaving safepoint region
[2019-06-24T10:32:08.974+0000][1][safepoint    ] Total time for which application threads were stopped: 0.0002084 seconds, Stopping threads took: 0.0000562 seconds
[2019-06-24T10:32:09.975+0000][1][safepoint    ] Application time: 1.0002834 seconds
[2019-06-24T10:32:09.975+0000][1][safepoint    ] Entering safepoint region: Cleanup
[2019-06-24T10:32:09.975+0000][1][safepoint    ] Leaving safepoint region
[2019-06-24T10:32:09.975+0000][1][safepoint    ] Total time for which application threads were stopped: 0.0002261 seconds, Stopping threads took: 0.0000637 seconds
[2019-06-24T10:32:10.975+0000][1][safepoint    ] Application time: 1.0002742 seconds
[2019-06-24T10:32:10.975+0000][1][safepoint    ] Entering safepoint region: Cleanup
[2019-06-24T10:32:10.976+0000][1][safepoint    ] Leaving safepoint region
[2019-06-24T10:32:10.976+0000][1][safepoint    ] Total time for which application threads were stopped: 0.0002383 seconds, Stopping threads took: 0.0000648 seconds
[2019-06-24T10:32:11.976+0000][1][safepoint    ] Application time: 1.0002754 seconds
[2019-06-24T10:32:11.976+0000][1][safepoint    ] Entering safepoint region: Cleanup
[2019-06-24T10:32:11.976+0000][1][safepoint    ] Leaving safepoint region
[2019-06-24T10:32:11.976+0000][1][safepoint    ] Total time for which application threads were stopped: 0.0002375 seconds, Stopping threads took: 0.0000649 seconds
[2019-06-24T10:32:12.977+0000][1][safepoint    ] Application time: 1.0002661 seconds
[2019-06-24T10:32:12.977+0000][1][safepoint    ] Entering safepoint region: Cleanup
[2019-06-24T10:32:12.977+0000][1][safepoint    ] Leaving safepoint region
[2019-06-24T10:32:12.977+0000][1][safepoint    ] Total time for which application threads were stopped: 0.0002333 seconds, Stopping threads took: 0.0000639 seconds
[2019-06-24T10:32:13.977+0000][1][safepoint    ] Application time: 1.0002557 seconds
[2019-06-24T10:32:13.977+0000][1][safepoint    ] Entering safepoint region: Cleanup
[2019-06-24T10:32:13.977+0000][1][safepoint    ] Leaving safepoint region
[2019-06-24T10:32:13.977+0000][1][safepoint    ] Total time for which application threads were stopped: 0.0002091 seconds, Stopping threads took: 0.0000553 seconds
[2019-06-24T10:32:14.978+0000][1][safepoint    ] Application time: 1.0002058 seconds
[2019-06-24T10:32:14.978+0000][1][safepoint    ] Entering safepoint region: Cleanup
[2019-06-24T10:32:14.978+0000][1][safepoint    ] Leaving safepoint region
[2019-06-24T10:32:14.978+0000][1][safepoint    ] Total time for which application threads were stopped: 0.0002741 seconds, Stopping threads took: 0.0000979 seconds
[2019-06-24T10:32:15.978+0000][1][safepoint    ] Application time: 1.0002655 seconds
[2019-06-24T10:32:15.979+0000][1][safepoint    ] Entering safepoint region: Cleanup
[2019-06-24T10:32:15.979+0000][1][safepoint    ] Leaving safepoint region
[2019-06-24T10:32:15.979+0000][1][safepoint    ] Total time for which application threads were stopped: 0.0002392 seconds, Stopping threads took: 0.0000712 seconds
[2019-06-24T10:32:16.979+0000][1][safepoint    ] Application time: 1.0002446 seconds
[2019-06-24T10:32:16.979+0000][1][safepoint    ] Entering safepoint region: Cleanup
[2019-06-24T10:32:16.980+0000][1][safepoint    ] Leaving safepoint region
[2019-06-24T10:32:16.980+0000][1][safepoint    ] Total time for which application threads were stopped: 0.0003079 seconds, Stopping threads took: 0.0001074 seconds
[2019-06-24T10:32:17.980+0000][1][safepoint    ] Application time: 1.0002287 seconds
[2019-06-24T10:32:17.980+0000][1][safepoint    ] Entering safepoint region: Cleanup
[2019-06-24T10:32:17.980+0000][1][safepoint    ] Leaving safepoint region
[2019-06-24T10:32:17.980+0000][1][safepoint    ] Total time for which application threads were stopped: 0.0002377 seconds, Stopping threads took: 0.0000653 seconds
[2019-06-24T10:32:18.980+0000][1][safepoint    ] Application time: 1.0001893 seconds
[2019-06-24T10:32:18.981+0000][1][safepoint    ] Entering safepoint region: Cleanup
[2019-06-24T10:32:18.981+0000][1][safepoint    ] Leaving safepoint region
[2019-06-24T10:32:18.981+0000][1][safepoint    ] Total time for which application threads were stopped: 0.0002383 seconds, Stopping threads took: 0.0000590 seconds
[2019-06-24T10:32:19.981+0000][1][safepoint    ] Application time: 1.0002629 seconds
[2019-06-24T10:32:19.981+0000][1][safepoint    ] Entering safepoint region: Cleanup
[2019-06-24T10:32:19.981+0000][1][safepoint    ] Leaving safepoint region
[2019-06-24T10:32:19.981+0000][1][safepoint    ] Total time for which application threads were stopped: 0.0002281 seconds, Stopping threads took: 0.0000643 seconds
[2019-06-24T10:32:20.982+0000][1][safepoint    ] Application time: 1.0002620 seconds
[2019-06-24T10:32:20.982+0000][1][safepoint    ] Entering safepoint region: Cleanup
[2019-06-24T10:32:20.982+0000][1][safepoint    ] Leaving safepoint region
[2019-06-24T10:32:20.982+0000][1][safepoint    ] Total time for which application threads were stopped: 0.0002282 seconds, Stopping threads took: 0.0000630 seconds
[2019-06-24T10:32:21.982+0000][1][safepoint    ] Application time: 1.0001493 seconds
[2019-06-24T10:32:21.982+0000][1][safepoint    ] Entering safepoint region: Cleanup
[2019-06-24T10:32:21.983+0000][1][safepoint    ] Leaving safepoint region
[2019-06-24T10:32:21.983+0000][1][safepoint    ] Total time for which application threads were stopped: 0.0003174 seconds, Stopping threads took: 0.0000684 seconds
[2019-06-24T10:32:22.983+0000][1][safepoint    ] Application time: 1.0002774 seconds
[2019-06-24T10:32:22.983+0000][1][safepoint    ] Entering safepoint region: Cleanup
[2019-06-24T10:32:22.983+0000][1][safepoint    ] Leaving safepoint region
[2019-06-24T10:32:22.983+0000][1][safepoint    ] Total time for which application threads were stopped: 0.0000893 seconds, Stopping threads took: 0.0000274 seconds
[2019-06-24T10:32:23.983+0000][1][safepoint    ] Application time: 1.0002252 seconds
[2019-06-24T10:32:23.983+0000][1][safepoint    ] Entering safepoint region: Cleanup
[2019-06-24T10:32:23.984+0000][1][safepoint    ] Leaving safepoint region
[2019-06-24T10:32:23.984+0000][1][safepoint    ] Total time for which application threads were stopped: 0.0002279 seconds, Stopping threads took: 0.0000638 seconds
[2019-06-24T10:32:24.984+0000][1][safepoint    ] Application time: 1.0002699 seconds
[2019-06-24T10:32:24.984+0000][1][safepoint    ] Entering safepoint region: Cleanup
[2019-06-24T10:32:24.984+0000][1][safepoint    ] Leaving safepoint region
[2019-06-24T10:32:24.984+0000][1][safepoint    ] Total time for which application threads were stopped: 0.0002657 seconds, Stopping threads took: 0.0000977 seconds
[2019-06-24T10:32:25.985+0000][1][safepoint    ] Application time: 1.0002707 seconds
[2019-06-24T10:32:25.985+0000][1][safepoint    ] Entering safepoint region: Cleanup
[2019-06-24T10:32:25.985+0000][1][safepoint    ] Leaving safepoint region
[2019-06-24T10:32:25.985+0000][1][safepoint    ] Total time for which application threads were stopped: 0.0001001 seconds, Stopping threads took: 0.0000274 seconds
[2019-06-24T10:32:26.985+0000][1][safepoint    ] Application time: 1.0001080 seconds
[2019-06-24T10:32:26.985+0000][1][safepoint    ] Entering safepoint region: Cleanup
[2019-06-24T10:32:26.985+0000][1][safepoint    ] Leaving safepoint region
[2019-06-24T10:32:26.985+0000][1][safepoint    ] Total time for which application threads were stopped: 0.0002389 seconds, Stopping threads took: 0.0000604 seconds
[2019-06-24T10:32:27.985+0000][1][safepoint    ] Application time: 1.0002883 seconds
[2019-06-24T10:32:27.986+0000][1][safepoint    ] Entering safepoint region: Cleanup
[2019-06-24T10:32:27.986+0000][1][safepoint    ] Leaving safepoint region
[2019-06-24T10:32:27.986+0000][1][safepoint    ] Total time for which application threads were stopped: 0.0002492 seconds, Stopping threads took: 0.0000889 seconds
[2019-06-24T10:32:28.986+0000][1][safepoint    ] Application time: 1.0002603 seconds
[2019-06-24T10:32:28.986+0000][1][safepoint    ] Entering safepoint region: Cleanup
[2019-06-24T10:32:28.987+0000][1][safepoint    ] Leaving safepoint region
[2019-06-24T10:32:28.987+0000][1][safepoint    ] Total time for which application threads were stopped: 0.0003116 seconds, Stopping threads took: 0.0000640 seconds
[2019-06-24T10:32:29.987+0000][1][safepoint    ] Application time: 1.0001456 seconds
[2019-06-24T10:32:29.987+0000][1][safepoint    ] Entering safepoint region: Cleanup
[2019-06-24T10:32:29.987+0000][1][safepoint    ] Leaving safepoint region
[2019-06-24T10:32:29.987+0000][1][safepoint    ] Total time for which application threads were stopped: 0.0002584 seconds, Stopping threads took: 0.0000941 seconds
[2019-06-24T10:32:30.987+0000][1][safepoint    ] Application time: 1.0001791 seconds
[2019-06-24T10:32:30.987+0000][1][safepoint    ] Entering safepoint region: Cleanup
[2019-06-24T10:32:30.988+0000][1][safepoint    ] Leaving safepoint region
[2019-06-24T10:32:30.988+0000][1][safepoint    ] Total time for which application threads were stopped: 0.0002374 seconds, Stopping threads took: 0.0000672 seconds
[2019-06-24T10:32:31.988+0000][1][safepoint    ] Application time: 1.0002450 seconds
[2019-06-24T10:32:31.988+0000][1][safepoint    ] Entering safepoint region: Cleanup
[2019-06-24T10:32:31.988+0000][1][safepoint    ] Leaving safepoint region
[2019-06-24T10:32:31.988+0000][1][safepoint    ] Total time for which application threads were stopped: 0.0002720 seconds, Stopping threads took: 0.0001104 seconds
[2019-06-24T10:32:32.989+0000][1][safepoint    ] Application time: 1.0002654 seconds
[2019-06-24T10:32:32.989+0000][1][safepoint    ] Entering safepoint region: Cleanup
[2019-06-24T10:32:32.989+0000][1][safepoint    ] Leaving safepoint region
[2019-06-24T10:32:32.989+0000][1][safepoint    ] Total time for which application threads were stopped: 0.0002330 seconds, Stopping threads took: 0.0000658 seconds
[2019-06-24T10:32:33.989+0000][1][safepoint    ] Application time: 1.0002610 seconds
[2019-06-24T10:32:33.989+0000][1][safepoint    ] Entering safepoint region: Cleanup
[2019-06-24T10:32:33.990+0000][1][safepoint    ] Leaving safepoint region
[2019-06-24T10:32:33.990+0000][1][safepoint    ] Total time for which application threads were stopped: 0.0002825 seconds, Stopping threads took: 0.0000671 seconds
[2019-06-24T10:32:34.990+0000][1][safepoint    ] Application time: 1.0002805 seconds
[2019-06-24T10:32:34.990+0000][1][safepoint    ] Entering safepoint region: Cleanup
[2019-06-24T10:32:34.990+0000][1][safepoint    ] Leaving safepoint region
[2019-06-24T10:32:34.990+0000][1][safepoint    ] Total time for which application threads were stopped: 0.0002663 seconds, Stopping threads took: 0.0000996 seconds
[2019-06-24T10:32:35.991+0000][1][safepoint    ] Application time: 1.0001054 seconds
[2019-06-24T10:32:35.991+0000][1][safepoint    ] Entering safepoint region: Cleanup
[2019-06-24T10:32:35.991+0000][1][safepoint    ] Leaving safepoint region
[2019-06-24T10:32:35.991+0000][1][safepoint    ] Total time for which application threads were stopped: 0.0000996 seconds, Stopping threads took: 0.0000284 seconds
[2019-06-24T10:32:36.991+0000][1][safepoint    ] Application time: 1.0002209 seconds
[2019-06-24T10:32:36.991+0000][1][safepoint    ] Entering safepoint region: Cleanup
[2019-06-24T10:32:36.991+0000][1][safepoint    ] Leaving safepoint region
[2019-06-24T10:32:36.991+0000][1][safepoint    ] Total time for which application threads were stopped: 0.0002290 seconds, Stopping threads took: 0.0000648 seconds
[2019-06-24T10:32:37.992+0000][1][safepoint    ] Application time: 1.0002274 seconds
[2019-06-24T10:32:37.992+0000][1][safepoint    ] Entering safepoint region: Cleanup
[2019-06-24T10:32:37.992+0000][1][safepoint    ] Leaving safepoint region
[2019-06-24T10:32:37.992+0000][1][safepoint    ] Total time for which application threads were stopped: 0.0002271 seconds, Stopping threads took: 0.0000635 seconds
[2019-06-24T10:32:38.992+0000][1][safepoint    ] Application time: 1.0002712 seconds
[2019-06-24T10:32:38.992+0000][1][safepoint    ] Entering safepoint region: Cleanup
[2019-06-24T10:32:38.993+0000][1][safepoint    ] Leaving safepoint region
[2019-06-24T10:32:38.993+0000][1][safepoint    ] Total time for which application threads were stopped: 0.0002283 seconds, Stopping threads took: 0.0000641 seconds
[2019-06-24T10:32:39.993+0000][1][safepoint    ] Application time: 1.0002762 seconds
[2019-06-24T10:32:39.993+0000][1][safepoint    ] Entering safepoint region: Cleanup
[2019-06-24T10:32:39.993+0000][1][safepoint    ] Leaving safepoint region
[2019-06-24T10:32:39.993+0000][1][safepoint    ] Total time for which application threads were stopped: 0.0002050 seconds, Stopping threads took: 0.0000574 seconds
[2019-06-24T10:32:41.961+0000][1][safepoint    ] Application time: 1.9675420 seconds
[2019-06-24T10:32:41.961+0000][1][safepoint    ] Entering safepoint region: Cleanup
[2019-06-24T10:32:41.961+0000][1][safepoint    ] Leaving safepoint region
[2019-06-24T10:32:41.961+0000][1][safepoint    ] Total time for which application threads were stopped: 0.0002900 seconds, Stopping threads took: 0.0000636 seconds
[2019-06-24T10:32:42.962+0000][1][safepoint    ] Application time: 1.0002707 seconds
[2019-06-24T10:32:42.962+0000][1][safepoint    ] Entering safepoint region: Cleanup
[2019-06-24T10:32:42.962+0000][1][safepoint    ] Leaving safepoint region
[2019-06-24T10:32:42.962+0000][1][safepoint    ] Total time for which application threads were stopped: 0.0003078 seconds, Stopping threads took: 0.0000652 seconds
[2019-06-24T10:32:43.962+0000][1][safepoint    ] Application time: 1.0001494 seconds
[2019-06-24T10:32:43.962+0000][1][safepoint    ] Entering safepoint region: Cleanup
[2019-06-24T10:32:43.962+0000][1][safepoint    ] Leaving safepoint region
[2019-06-24T10:32:43.962+0000][1][safepoint    ] Total time for which application threads were stopped: 0.0001696 seconds, Stopping threads took: 0.0000603 seconds
[2019-06-24T10:32:44.963+0000][1][safepoint    ] Application time: 1.0003069 seconds
[2019-06-24T10:32:44.963+0000][1][safepoint    ] Entering safepoint region: Cleanup
[2019-06-24T10:32:44.963+0000][1][safepoint    ] Leaving safepoint region
[2019-06-24T10:32:44.963+0000][1][safepoint    ] Total time for which application threads were stopped: 0.0005336 seconds, Stopping threads took: 0.0002842 seconds
[2019-06-24T10:32:45.964+0000][1][safepoint    ] Application time: 1.0002724 seconds
[2019-06-24T10:32:45.964+0000][1][safepoint    ] Entering safepoint region: Cleanup
[2019-06-24T10:32:45.964+0000][1][safepoint    ] Leaving safepoint region
[2019-06-24T10:32:45.964+0000][1][safepoint    ] Total time for which application threads were stopped: 0.0003497 seconds, Stopping threads took: 0.0000974 seconds
[2019-06-24T10:32:46.964+0000][1][safepoint    ] Application time: 1.0002857 seconds
[2019-06-24T10:32:46.965+0000][1][safepoint    ] Entering safepoint region: Cleanup
[2019-06-24T10:32:46.965+0000][1][safepoint    ] Leaving safepoint region
[2019-06-24T10:32:46.965+0000][1][safepoint    ] Total time for which application threads were stopped: 0.0003140 seconds, Stopping threads took: 0.0000642 seconds
[2019-06-24T10:32:47.965+0000][1][safepoint    ] Application time: 1.0002970 seconds
[2019-06-24T10:32:47.965+0000][1][safepoint    ] Entering safepoint region: Cleanup
[2019-06-24T10:32:47.966+0000][1][safepoint    ] Leaving safepoint region
[2019-06-24T10:32:47.966+0000][1][safepoint    ] Total time for which application threads were stopped: 0.0002808 seconds, Stopping threads took: 0.0000661 seconds
[2019-06-24T10:32:48.966+0000][1][safepoint    ] Application time: 1.0002032 seconds
[2019-06-24T10:32:48.966+0000][1][safepoint    ] Entering safepoint region: Cleanup
[2019-06-24T10:32:48.966+0000][1][safepoint    ] Leaving safepoint region
[2019-06-24T10:32:48.966+0000][1][safepoint    ] Total time for which application threads were stopped: 0.0002964 seconds, Stopping threads took: 0.0001224 seconds
[2019-06-24T10:32:49.967+0000][1][safepoint    ] Application time: 1.0002379 seconds
[2019-06-24T10:32:49.967+0000][1][safepoint    ] Entering safepoint region: Cleanup
[2019-06-24T10:32:49.967+0000][1][safepoint    ] Leaving safepoint region
[2019-06-24T10:32:49.967+0000][1][safepoint    ] Total time for which application threads were stopped: 0.0002278 seconds, Stopping threads took: 0.0000635 seconds
[2019-06-24T10:32:50.967+0000][1][safepoint    ] Application time: 1.0001562 seconds
[2019-06-24T10:32:50.967+0000][1][safepoint    ] Entering safepoint region: Cleanup
[2019-06-24T10:32:50.968+0000][1][safepoint    ] Leaving safepoint region
[2019-06-24T10:32:50.968+0000][1][safepoint    ] Total time for which application threads were stopped: 0.0005324 seconds, Stopping threads took: 0.0001990 seconds
[2019-06-24T10:32:51.968+0000][1][safepoint    ] Application time: 1.0002357 seconds
[2019-06-24T10:32:51.968+0000][1][safepoint    ] Entering safepoint region: Cleanup
[2019-06-24T10:32:51.968+0000][1][safepoint    ] Leaving safepoint region
[2019-06-24T10:32:51.969+0000][1][safepoint    ] Total time for which application threads were stopped: 0.0003544 seconds, Stopping threads took: 0.0000738 seconds
[2019-06-24T10:32:52.969+0000][1][safepoint    ] Application time: 1.0003742 seconds
[2019-06-24T10:32:52.969+0000][1][safepoint    ] Entering safepoint region: Cleanup
[2019-06-24T10:32:52.969+0000][1][safepoint    ] Leaving safepoint region
[2019-06-24T10:32:52.969+0000][1][safepoint    ] Total time for which application threads were stopped: 0.0002994 seconds, Stopping threads took: 0.0000639 seconds
[2019-06-24T10:32:53.970+0000][1][safepoint    ] Application time: 1.0001754 seconds
[2019-06-24T10:32:53.970+0000][1][safepoint    ] Entering safepoint region: Cleanup
[2019-06-24T10:32:53.970+0000][1][safepoint    ] Leaving safepoint region
[2019-06-24T10:32:53.970+0000][1][safepoint    ] Total time for which application threads were stopped: 0.0003302 seconds, Stopping threads took: 0.0001316 seconds
[2019-06-24T10:32:54.971+0000][1][safepoint    ] Application time: 1.0004735 seconds
[2019-06-24T10:32:54.971+0000][1][safepoint    ] Entering safepoint region: Cleanup
[2019-06-24T10:32:54.971+0000][1][safepoint    ] Leaving safepoint region
[2019-06-24T10:32:54.971+0000][1][safepoint    ] Total time for which application threads were stopped: 0.0000848 seconds, Stopping threads took: 0.0000229 seconds
[2019-06-24T10:32:55.971+0000][1][safepoint    ] Application time: 1.0001286 seconds
[2019-06-24T10:32:55.971+0000][1][safepoint    ] Entering safepoint region: Cleanup
[2019-06-24T10:32:55.971+0000][1][safepoint    ] Leaving safepoint region
[2019-06-24T10:32:55.971+0000][1][safepoint    ] Total time for which application threads were stopped: 0.0002652 seconds, Stopping threads took: 0.0000621 seconds
[2019-06-24T10:32:56.971+0000][1][safepoint    ] Application time: 1.0001998 seconds
[2019-06-24T10:32:56.972+0000][1][safepoint    ] Entering safepoint region: Cleanup
[2019-06-24T10:32:56.972+0000][1][safepoint    ] Leaving safepoint region
[2019-06-24T10:32:56.972+0000][1][safepoint    ] Total time for which application threads were stopped: 0.0002374 seconds, Stopping threads took: 0.0000661 seconds
[2019-06-24T10:32:57.972+0000][1][safepoint    ] Application time: 1.0002625 seconds
[2019-06-24T10:32:57.972+0000][1][safepoint    ] Entering safepoint region: Cleanup
[2019-06-24T10:32:57.972+0000][1][safepoint    ] Leaving safepoint region
[2019-06-24T10:32:57.972+0000][1][safepoint    ] Total time for which application threads were stopped: 0.0002313 seconds, Stopping threads took: 0.0000623 seconds
[2019-06-24T10:32:58.973+0000][1][safepoint    ] Application time: 1.0002575 seconds
[2019-06-24T10:32:58.973+0000][1][safepoint    ] Entering safepoint region: Cleanup
[2019-06-24T10:32:58.973+0000][1][safepoint    ] Leaving safepoint region
[2019-06-24T10:32:58.973+0000][1][safepoint    ] Total time for which application threads were stopped: 0.0002335 seconds, Stopping threads took: 0.0000628 seconds
[2019-06-24T10:32:59.067+0000][1][safepoint    ] Application time: 0.0937510 seconds
[2019-06-24T10:32:59.067+0000][1][safepoint    ] Entering safepoint region: GenCollectForAllocation
[2019-06-24T10:32:59.067+0000][1][gc,start     ] GC(35) Pause Young (Allocation Failure)
[2019-06-24T10:32:59.067+0000][1][gc,task      ] GC(35) Using 5 workers of 8 for evacuation
[2019-06-24T10:32:59.070+0000][1][gc,age       ] GC(35) Desired survivor size 4456448 bytes, new threshold 6 (max threshold 6)
[2019-06-24T10:32:59.070+0000][1][gc,age       ] GC(35) Age table with threshold 6 (max threshold 6)
[2019-06-24T10:32:59.070+0000][1][gc,age       ] GC(35) - age   1:       4904 bytes,       4904 total
[2019-06-24T10:32:59.070+0000][1][gc,age       ] GC(35) - age   2:        248 bytes,       5152 total
[2019-06-24T10:32:59.070+0000][1][gc,age       ] GC(35) - age   3:       2160 bytes,       7312 total
[2019-06-24T10:32:59.070+0000][1][gc,age       ] GC(35) - age   4:        840 bytes,       8152 total
[2019-06-24T10:32:59.070+0000][1][gc,age       ] GC(35) - age   5:        936 bytes,       9088 total
[2019-06-24T10:32:59.070+0000][1][gc,age       ] GC(35) - age   6:       2928 bytes,      12016 total
[2019-06-24T10:32:59.070+0000][1][gc,heap      ] GC(35) ParNew: 69974K->20K(78656K)
[2019-06-24T10:32:59.070+0000][1][gc,heap      ] GC(35) CMS: 69756K->69760K(174784K)
[2019-06-24T10:32:59.070+0000][1][gc,metaspace ] GC(35) Metaspace: 68028K->68028K(1112064K)
[2019-06-24T10:32:59.070+0000][1][gc           ] GC(35) Pause Young (Allocation Failure) 136M->68M(247M) 2.879ms
[2019-06-24T10:32:59.070+0000][1][gc,cpu       ] GC(35) User=0.01s Sys=0.00s Real=0.00s
[2019-06-24T10:32:59.070+0000][1][safepoint    ] Leaving safepoint region
[2019-06-24T10:32:59.070+0000][1][safepoint    ] Total time for which application threads were stopped: 0.0033681 seconds, Stopping threads took: 0.0001028 seconds
[2019-06-24T10:33:00.071+0000][1][safepoint    ] Application time: 1.0003598 seconds
[2019-06-24T10:33:00.071+0000][1][safepoint    ] Entering safepoint region: Cleanup
[2019-06-24T10:33:00.071+0000][1][safepoint    ] Leaving safepoint region
[2019-06-24T10:33:00.071+0000][1][safepoint    ] Total time for which application threads were stopped: 0.0002357 seconds, Stopping threads took: 0.0000640 seconds
[2019-06-24T10:33:01.071+0000][1][safepoint    ] Application time: 1.0001981 seconds
[2019-06-24T10:33:01.071+0000][1][safepoint    ] Entering safepoint region: Cleanup
[2019-06-24T10:33:01.072+0000][1][safepoint    ] Leaving safepoint region
[2019-06-24T10:33:01.072+0000][1][safepoint    ] Total time for which application threads were stopped: 0.0002630 seconds, Stopping threads took: 0.0000948 seconds
[2019-06-24T10:33:02.072+0000][1][safepoint    ] Application time: 1.0002864 seconds
[2019-06-24T10:33:02.072+0000][1][safepoint    ] Entering safepoint region: Cleanup
[2019-06-24T10:33:02.072+0000][1][safepoint    ] Leaving safepoint region
[2019-06-24T10:33:02.072+0000][1][safepoint    ] Total time for which application threads were stopped: 0.0002499 seconds, Stopping threads took: 0.0000650 seconds
[2019-06-24T10:33:03.073+0000][1][safepoint    ] Application time: 1.0002661 seconds
[2019-06-24T10:33:03.073+0000][1][safepoint    ] Entering safepoint region: Cleanup
[2019-06-24T10:33:03.073+0000][1][safepoint    ] Leaving safepoint region
[2019-06-24T10:33:03.073+0000][1][safepoint    ] Total time for which application threads were stopped: 0.0002440 seconds, Stopping threads took: 0.0000640 seconds
[2019-06-24T10:33:04.073+0000][1][safepoint    ] Application time: 1.0002662 seconds
[2019-06-24T10:33:04.073+0000][1][safepoint    ] Entering safepoint region: Cleanup
[2019-06-24T10:33:04.074+0000][1][safepoint    ] Leaving safepoint region
[2019-06-24T10:33:04.074+0000][1][safepoint    ] Total time for which application threads were stopped: 0.0002348 seconds, Stopping threads took: 0.0000640 seconds
[2019-06-24T10:33:05.074+0000][1][safepoint    ] Application time: 1.0002643 seconds
[2019-06-24T10:33:05.074+0000][1][safepoint    ] Entering safepoint region: Cleanup
[2019-06-24T10:33:05.075+0000][1][safepoint    ] Leaving safepoint region
[2019-06-24T10:33:05.075+0000][1][safepoint    ] Total time for which application threads were stopped: 0.0003412 seconds, Stopping threads took: 0.0000735 seconds
[2019-06-24T10:33:06.075+0000][1][safepoint    ] Application time: 1.0002687 seconds
[2019-06-24T10:33:06.075+0000][1][safepoint    ] Entering safepoint region: Cleanup
[2019-06-24T10:33:06.075+0000][1][safepoint    ] Leaving safepoint region
[2019-06-24T10:33:06.075+0000][1][safepoint    ] Total time for which application threads were stopped: 0.0002008 seconds, Stopping threads took: 0.0000559 seconds
[2019-06-24T10:33:07.076+0000][1][safepoint    ] Application time: 1.0002599 seconds
[2019-06-24T10:33:07.076+0000][1][safepoint    ] Entering safepoint region: Cleanup
[2019-06-24T10:33:07.076+0000][1][safepoint    ] Leaving safepoint region
[2019-06-24T10:33:07.076+0000][1][safepoint    ] Total time for which application threads were stopped: 0.0002454 seconds, Stopping threads took: 0.0000636 seconds
[2019-06-24T10:33:08.076+0000][1][safepoint    ] Application time: 1.0002728 seconds
[2019-06-24T10:33:08.076+0000][1][safepoint    ] Entering safepoint region: Cleanup
[2019-06-24T10:33:08.077+0000][1][safepoint    ] Leaving safepoint region
[2019-06-24T10:33:08.077+0000][1][safepoint    ] Total time for which application threads were stopped: 0.0002323 seconds, Stopping threads took: 0.0000631 seconds
[2019-06-24T10:33:09.077+0000][1][safepoint    ] Application time: 1.0002663 seconds
[2019-06-24T10:33:09.077+0000][1][safepoint    ] Entering safepoint region: Cleanup
[2019-06-24T10:33:09.077+0000][1][safepoint    ] Leaving safepoint region
[2019-06-24T10:33:09.077+0000][1][safepoint    ] Total time for which application threads were stopped: 0.0002368 seconds, Stopping threads took: 0.0000640 seconds
[2019-06-24T10:33:10.078+0000][1][safepoint    ] Application time: 1.0002710 seconds
[2019-06-24T10:33:10.078+0000][1][safepoint    ] Entering safepoint region: Cleanup
[2019-06-24T10:33:10.078+0000][1][safepoint    ] Leaving safepoint region
[2019-06-24T10:33:10.078+0000][1][safepoint    ] Total time for which application threads were stopped: 0.0002334 seconds, Stopping threads took: 0.0000626 seconds
[2019-06-24T10:33:11.078+0000][1][safepoint    ] Application time: 1.0002715 seconds
[2019-06-24T10:33:11.078+0000][1][safepoint    ] Entering safepoint region: Cleanup
[2019-06-24T10:33:11.078+0000][1][safepoint    ] Leaving safepoint region
[2019-06-24T10:33:11.079+0000][1][safepoint    ] Total time for which application threads were stopped: 0.0003102 seconds, Stopping threads took: 0.0000640 seconds
[2019-06-24T10:33:12.079+0000][1][safepoint    ] Application time: 1.0002030 seconds
[2019-06-24T10:33:12.079+0000][1][safepoint    ] Entering safepoint region: Cleanup
[2019-06-24T10:33:12.079+0000][1][safepoint    ] Leaving safepoint region
[2019-06-24T10:33:12.079+0000][1][safepoint    ] Total time for which application threads were stopped: 0.0002346 seconds, Stopping threads took: 0.0000651 seconds
[2019-06-24T10:33:13.079+0000][1][safepoint    ] Application time: 1.0002411 seconds
[2019-06-24T10:33:13.080+0000][1][safepoint    ] Entering safepoint region: Cleanup
[2019-06-24T10:33:13.080+0000][1][safepoint    ] Leaving safepoint region
[2019-06-24T10:33:13.080+0000][1][safepoint    ] Total time for which application threads were stopped: 0.0002295 seconds, Stopping threads took: 0.0000624 seconds
[2019-06-24T10:33:14.080+0000][1][safepoint    ] Application time: 1.0001370 seconds
[2019-06-24T10:33:14.080+0000][1][safepoint    ] Entering safepoint region: Cleanup
[2019-06-24T10:33:14.080+0000][1][safepoint    ] Leaving safepoint region
[2019-06-24T10:33:14.080+0000][1][safepoint    ] Total time for which application threads were stopped: 0.0002257 seconds, Stopping threads took: 0.0000622 seconds
[2019-06-24T10:33:15.081+0000][1][safepoint    ] Application time: 1.0002615 seconds
[2019-06-24T10:33:15.081+0000][1][safepoint    ] Entering safepoint region: Cleanup
[2019-06-24T10:33:15.081+0000][1][safepoint    ] Leaving safepoint region
[2019-06-24T10:33:15.081+0000][1][safepoint    ] Total time for which application threads were stopped: 0.0002280 seconds, Stopping threads took: 0.0000622 seconds
[2019-06-24T10:33:16.081+0000][1][safepoint    ] Application time: 1.0001897 seconds
[2019-06-24T10:33:16.081+0000][1][safepoint    ] Entering safepoint region: Cleanup
[2019-06-24T10:33:16.081+0000][1][safepoint    ] Leaving safepoint region
[2019-06-24T10:33:16.082+0000][1][safepoint    ] Total time for which application threads were stopped: 0.0002750 seconds, Stopping threads took: 0.0000631 seconds
[2019-06-24T10:33:17.082+0000][1][safepoint    ] Application time: 1.0002594 seconds
[2019-06-24T10:33:17.082+0000][1][safepoint    ] Entering safepoint region: Cleanup
[2019-06-24T10:33:17.082+0000][1][safepoint    ] Leaving safepoint region
[2019-06-24T10:33:17.082+0000][1][safepoint    ] Total time for which application threads were stopped: 0.0002669 seconds, Stopping threads took: 0.0000617 seconds
[2019-06-24T10:33:18.083+0000][1][safepoint    ] Application time: 1.0002940 seconds
[2019-06-24T10:33:18.083+0000][1][safepoint    ] Entering safepoint region: Cleanup
[2019-06-24T10:33:18.083+0000][1][safepoint    ] Leaving safepoint region
[2019-06-24T10:33:18.083+0000][1][safepoint    ] Total time for which application threads were stopped: 0.0002786 seconds, Stopping threads took: 0.0000674 seconds
[2019-06-24T10:33:19.083+0000][1][safepoint    ] Application time: 1.0002286 seconds
[2019-06-24T10:33:19.083+0000][1][safepoint    ] Entering safepoint region: Cleanup
[2019-06-24T10:33:19.083+0000][1][safepoint    ] Leaving safepoint region
[2019-06-24T10:33:19.084+0000][1][safepoint    ] Total time for which application threads were stopped: 0.0002270 seconds, Stopping threads took: 0.0000554 seconds
[2019-06-24T10:33:20.084+0000][1][safepoint    ] Application time: 1.0002611 seconds
[2019-06-24T10:33:20.084+0000][1][safepoint    ] Entering safepoint region: Cleanup
[2019-06-24T10:33:20.084+0000][1][safepoint    ] Leaving safepoint region
[2019-06-24T10:33:20.084+0000][1][safepoint    ] Total time for which application threads were stopped: 0.0002293 seconds, Stopping threads took: 0.0000638 seconds
[2019-06-24T10:33:21.084+0000][1][safepoint    ] Application time: 1.0002613 seconds
[2019-06-24T10:33:21.085+0000][1][safepoint    ] Entering safepoint region: Cleanup
[2019-06-24T10:33:21.085+0000][1][safepoint    ] Leaving safepoint region
[2019-06-24T10:33:21.085+0000][1][safepoint    ] Total time for which application threads were stopped: 0.0002254 seconds, Stopping threads took: 0.0000623 seconds
[2019-06-24T10:33:22.085+0000][1][safepoint    ] Application time: 1.0002794 seconds
[2019-06-24T10:33:22.085+0000][1][safepoint    ] Entering safepoint region: Cleanup
[2019-06-24T10:33:22.085+0000][1][safepoint    ] Leaving safepoint region
[2019-06-24T10:33:22.085+0000][1][safepoint    ] Total time for which application threads were stopped: 0.0002335 seconds, Stopping threads took: 0.0000642 seconds
[2019-06-24T10:33:23.086+0000][1][safepoint    ] Application time: 1.0002712 seconds
[2019-06-24T10:33:23.086+0000][1][safepoint    ] Entering safepoint region: Cleanup
[2019-06-24T10:33:23.086+0000][1][safepoint    ] Leaving safepoint region
[2019-06-24T10:33:23.086+0000][1][safepoint    ] Total time for which application threads were stopped: 0.0002713 seconds, Stopping threads took: 0.0000628 seconds
[2019-06-24T10:33:24.087+0000][1][safepoint    ] Application time: 1.0002843 seconds
[2019-06-24T10:33:24.087+0000][1][safepoint    ] Entering safepoint region: Cleanup
[2019-06-24T10:33:24.087+0000][1][safepoint    ] Leaving safepoint region
[2019-06-24T10:33:24.087+0000][1][safepoint    ] Total time for which application threads were stopped: 0.0002345 seconds, Stopping threads took: 0.0000639 seconds
[2019-06-24T10:33:25.087+0000][1][safepoint    ] Application time: 1.0002680 seconds
[2019-06-24T10:33:25.087+0000][1][safepoint    ] Entering safepoint region: Cleanup
[2019-06-24T10:33:25.088+0000][1][safepoint    ] Leaving safepoint region
[2019-06-24T10:33:25.088+0000][1][safepoint    ] Total time for which application threads were stopped: 0.0002781 seconds, Stopping threads took: 0.0000830 seconds
[2019-06-24T10:33:26.088+0000][1][safepoint    ] Application time: 1.0002653 seconds
[2019-06-24T10:33:26.088+0000][1][safepoint    ] Entering safepoint region: Cleanup
[2019-06-24T10:33:26.088+0000][1][safepoint    ] Leaving safepoint region
[2019-06-24T10:33:26.088+0000][1][safepoint    ] Total time for which application threads were stopped: 0.0002357 seconds, Stopping threads took: 0.0000643 seconds
[2019-06-24T10:33:27.089+0000][1][safepoint    ] Application time: 1.0002621 seconds
[2019-06-24T10:33:27.089+0000][1][safepoint    ] Entering safepoint region: Cleanup
[2019-06-24T10:33:27.089+0000][1][safepoint    ] Leaving safepoint region
[2019-06-24T10:33:27.089+0000][1][safepoint    ] Total time for which application threads were stopped: 0.0006360 seconds, Stopping threads took: 0.0000637 seconds
[2019-06-24T10:33:28.090+0000][1][safepoint    ] Application time: 1.0002717 seconds
[2019-06-24T10:33:28.090+0000][1][safepoint    ] Entering safepoint region: Cleanup
[2019-06-24T10:33:28.090+0000][1][safepoint    ] Leaving safepoint region
[2019-06-24T10:33:28.090+0000][1][safepoint    ] Total time for which application threads were stopped: 0.0003740 seconds, Stopping threads took: 0.0001117 seconds
[2019-06-24T10:33:29.090+0000][1][safepoint    ] Application time: 1.0002818 seconds
[2019-06-24T10:33:29.090+0000][1][safepoint    ] Entering safepoint region: Cleanup
[2019-06-24T10:33:29.091+0000][1][safepoint    ] Leaving safepoint region
[2019-06-24T10:33:29.091+0000][1][safepoint    ] Total time for which application threads were stopped: 0.0001399 seconds, Stopping threads took: 0.0000442 seconds
[2019-06-24T10:33:30.091+0000][1][safepoint    ] Application time: 1.0001318 seconds
[2019-06-24T10:33:30.091+0000][1][safepoint    ] Entering safepoint region: Cleanup
[2019-06-24T10:33:30.091+0000][1][safepoint    ] Leaving safepoint region
[2019-06-24T10:33:30.091+0000][1][safepoint    ] Total time for which application threads were stopped: 0.0002339 seconds, Stopping threads took: 0.0000637 seconds
[2019-06-24T10:33:32.050+0000][1][safepoint    ] Application time: 1.9590546 seconds
[2019-06-24T10:33:32.050+0000][1][safepoint    ] Entering safepoint region: Cleanup
[2019-06-24T10:33:32.050+0000][1][safepoint    ] Leaving safepoint region
[2019-06-24T10:33:32.050+0000][1][safepoint    ] Total time for which application threads were stopped: 0.0001226 seconds, Stopping threads took: 0.0000442 seconds
[2019-06-24T10:33:33.051+0000][1][safepoint    ] Application time: 1.0003085 seconds
[2019-06-24T10:33:33.051+0000][1][safepoint    ] Entering safepoint region: Cleanup
[2019-06-24T10:33:33.051+0000][1][safepoint    ] Leaving safepoint region
[2019-06-24T10:33:33.051+0000][1][safepoint    ] Total time for which application threads were stopped: 0.0002586 seconds, Stopping threads took: 0.0000666 seconds
[2019-06-24T10:33:34.051+0000][1][safepoint    ] Application time: 1.0001962 seconds
[2019-06-24T10:33:34.051+0000][1][safepoint    ] Entering safepoint region: Cleanup
[2019-06-24T10:33:34.052+0000][1][safepoint    ] Leaving safepoint region
[2019-06-24T10:33:34.052+0000][1][safepoint    ] Total time for which application threads were stopped: 0.0002365 seconds, Stopping threads took: 0.0000656 seconds
[2019-06-24T10:33:35.052+0000][1][safepoint    ] Application time: 1.0001986 seconds
[2019-06-24T10:33:35.052+0000][1][safepoint    ] Entering safepoint region: Cleanup
[2019-06-24T10:33:35.052+0000][1][safepoint    ] Leaving safepoint region
[2019-06-24T10:33:35.052+0000][1][safepoint    ] Total time for which application threads were stopped: 0.0002384 seconds, Stopping threads took: 0.0000634 seconds
[2019-06-24T10:33:36.053+0000][1][safepoint    ] Application time: 1.0002604 seconds
[2019-06-24T10:33:36.053+0000][1][safepoint    ] Entering safepoint region: Cleanup
[2019-06-24T10:33:36.053+0000][1][safepoint    ] Leaving safepoint region
[2019-06-24T10:33:36.053+0000][1][safepoint    ] Total time for which application threads were stopped: 0.0003523 seconds, Stopping threads took: 0.0000910 seconds
[2019-06-24T10:33:37.053+0000][1][safepoint    ] Application time: 1.0002528 seconds
[2019-06-24T10:33:37.053+0000][1][safepoint    ] Entering safepoint region: Cleanup
[2019-06-24T10:33:37.054+0000][1][safepoint    ] Leaving safepoint region
[2019-06-24T10:33:37.054+0000][1][safepoint    ] Total time for which application threads were stopped: 0.0002811 seconds, Stopping threads took: 0.0000813 seconds
[2019-06-24T10:33:38.054+0000][1][safepoint    ] Application time: 1.0002610 seconds
[2019-06-24T10:33:38.054+0000][1][safepoint    ] Entering safepoint region: Cleanup
[2019-06-24T10:33:38.054+0000][1][safepoint    ] Leaving safepoint region
[2019-06-24T10:33:38.054+0000][1][safepoint    ] Total time for which application threads were stopped: 0.0002860 seconds, Stopping threads took: 0.0000829 seconds
[2019-06-24T10:33:39.055+0000][1][safepoint    ] Application time: 1.0002773 seconds
[2019-06-24T10:33:39.055+0000][1][safepoint    ] Entering safepoint region: Cleanup
[2019-06-24T10:33:39.055+0000][1][safepoint    ] Leaving safepoint region
[2019-06-24T10:33:39.055+0000][1][safepoint    ] Total time for which application threads were stopped: 0.0003061 seconds, Stopping threads took: 0.0001056 seconds
[2019-06-24T10:33:40.055+0000][1][safepoint    ] Application time: 1.0001904 seconds
[2019-06-24T10:33:40.055+0000][1][safepoint    ] Entering safepoint region: Cleanup
[2019-06-24T10:33:40.056+0000][1][safepoint    ] Leaving safepoint region
[2019-06-24T10:33:40.056+0000][1][safepoint    ] Total time for which application threads were stopped: 0.0002796 seconds, Stopping threads took: 0.0000823 seconds
[2019-06-24T10:33:41.056+0000][1][safepoint    ] Application time: 1.0002418 seconds
[2019-06-24T10:33:41.056+0000][1][safepoint    ] Entering safepoint region: Cleanup
[2019-06-24T10:33:41.056+0000][1][safepoint    ] Leaving safepoint region
[2019-06-24T10:33:41.056+0000][1][safepoint    ] Total time for which application threads were stopped: 0.0002777 seconds, Stopping threads took: 0.0000850 seconds
[2019-06-24T10:33:42.057+0000][1][safepoint    ] Application time: 1.0002414 seconds
[2019-06-24T10:33:42.057+0000][1][safepoint    ] Entering safepoint region: Cleanup
[2019-06-24T10:33:42.057+0000][1][safepoint    ] Leaving safepoint region
[2019-06-24T10:33:42.057+0000][1][safepoint    ] Total time for which application threads were stopped: 0.0002818 seconds, Stopping threads took: 0.0000820 seconds
[2019-06-24T10:33:43.057+0000][1][safepoint    ] Application time: 1.0001799 seconds
[2019-06-24T10:33:43.057+0000][1][safepoint    ] Entering safepoint region: Cleanup
[2019-06-24T10:33:43.058+0000][1][safepoint    ] Leaving safepoint region
[2019-06-24T10:33:43.058+0000][1][safepoint    ] Total time for which application threads were stopped: 0.0002819 seconds, Stopping threads took: 0.0000825 seconds
[2019-06-24T10:33:44.058+0000][1][safepoint    ] Application time: 1.0002865 seconds
[2019-06-24T10:33:44.058+0000][1][safepoint    ] Entering safepoint region: Cleanup
[2019-06-24T10:33:44.058+0000][1][safepoint    ] Leaving safepoint region
[2019-06-24T10:33:44.058+0000][1][safepoint    ] Total time for which application threads were stopped: 0.0002399 seconds, Stopping threads took: 0.0000638 seconds
[2019-06-24T10:33:45.059+0000][1][safepoint    ] Application time: 1.0002596 seconds
[2019-06-24T10:33:45.059+0000][1][safepoint    ] Entering safepoint region: Cleanup
[2019-06-24T10:33:45.059+0000][1][safepoint    ] Leaving safepoint region
[2019-06-24T10:33:45.059+0000][1][safepoint    ] Total time for which application threads were stopped: 0.0002387 seconds, Stopping threads took: 0.0000656 seconds
[2019-06-24T10:33:46.059+0000][1][safepoint    ] Application time: 1.0001961 seconds
[2019-06-24T10:33:46.059+0000][1][safepoint    ] Entering safepoint region: Cleanup
[2019-06-24T10:33:46.060+0000][1][safepoint    ] Leaving safepoint region
[2019-06-24T10:33:46.060+0000][1][safepoint    ] Total time for which application threads were stopped: 0.0002392 seconds, Stopping threads took: 0.0000646 seconds
[2019-06-24T10:33:47.060+0000][1][safepoint    ] Application time: 1.0001935 seconds
[2019-06-24T10:33:47.060+0000][1][safepoint    ] Entering safepoint region: Cleanup
[2019-06-24T10:33:47.060+0000][1][safepoint    ] Leaving safepoint region
[2019-06-24T10:33:47.060+0000][1][safepoint    ] Total time for which application threads were stopped: 0.0002385 seconds, Stopping threads took: 0.0000645 seconds
[2019-06-24T10:33:48.061+0000][1][safepoint    ] Application time: 1.0002684 seconds
[2019-06-24T10:33:48.061+0000][1][safepoint    ] Entering safepoint region: Cleanup
[2019-06-24T10:33:48.061+0000][1][safepoint    ] Leaving safepoint region
[2019-06-24T10:33:48.061+0000][1][safepoint    ] Total time for which application threads were stopped: 0.0002375 seconds, Stopping threads took: 0.0000642 seconds
[2019-06-24T10:33:49.061+0000][1][safepoint    ] Application time: 1.0002482 seconds
[2019-06-24T10:33:49.061+0000][1][safepoint    ] Entering safepoint region: Cleanup
[2019-06-24T10:33:49.061+0000][1][safepoint    ] Leaving safepoint region
[2019-06-24T10:33:49.062+0000][1][safepoint    ] Total time for which application threads were stopped: 0.0002705 seconds, Stopping threads took: 0.0001006 seconds
[2019-06-24T10:33:50.062+0000][1][safepoint    ] Application time: 1.0002494 seconds
[2019-06-24T10:33:50.062+0000][1][safepoint    ] Entering safepoint region: Cleanup
[2019-06-24T10:33:50.062+0000][1][safepoint    ] Leaving safepoint region
[2019-06-24T10:33:50.062+0000][1][safepoint    ] Total time for which application threads were stopped: 0.0002525 seconds, Stopping threads took: 0.0000770 seconds
[2019-06-24T10:33:51.063+0000][1][safepoint    ] Application time: 1.0002928 seconds
[2019-06-24T10:33:51.063+0000][1][safepoint    ] Entering safepoint region: Cleanup
[2019-06-24T10:33:51.063+0000][1][safepoint    ] Leaving safepoint region
[2019-06-24T10:33:51.063+0000][1][safepoint    ] Total time for which application threads were stopped: 0.0002353 seconds, Stopping threads took: 0.0000647 seconds
[2019-06-24T10:33:52.063+0000][1][safepoint    ] Application time: 1.0002651 seconds
[2019-06-24T10:33:52.063+0000][1][safepoint    ] Entering safepoint region: Cleanup
[2019-06-24T10:33:52.063+0000][1][safepoint    ] Leaving safepoint region
[2019-06-24T10:33:52.064+0000][1][safepoint    ] Total time for which application threads were stopped: 0.0002348 seconds, Stopping threads took: 0.0000630 seconds
[2019-06-24T10:33:53.064+0000][1][safepoint    ] Application time: 1.0002648 seconds
[2019-06-24T10:33:53.064+0000][1][safepoint    ] Entering safepoint region: Cleanup
[2019-06-24T10:33:53.064+0000][1][safepoint    ] Leaving safepoint region
[2019-06-24T10:33:53.064+0000][1][safepoint    ] Total time for which application threads were stopped: 0.0002378 seconds, Stopping threads took: 0.0000657 seconds
[2019-06-24T10:33:54.064+0000][1][safepoint    ] Application time: 1.0002236 seconds
[2019-06-24T10:33:54.065+0000][1][safepoint    ] Entering safepoint region: Cleanup
[2019-06-24T10:33:54.065+0000][1][safepoint    ] Leaving safepoint region
[2019-06-24T10:33:54.065+0000][1][safepoint    ] Total time for which application threads were stopped: 0.0002218 seconds, Stopping threads took: 0.0000503 seconds
[2019-06-24T10:33:55.065+0000][1][safepoint    ] Application time: 1.0002411 seconds
[2019-06-24T10:33:55.065+0000][1][safepoint    ] Entering safepoint region: Cleanup
[2019-06-24T10:33:55.065+0000][1][safepoint    ] Leaving safepoint region
[2019-06-24T10:33:55.065+0000][1][safepoint    ] Total time for which application threads were stopped: 0.0002524 seconds, Stopping threads took: 0.0000746 seconds
[2019-06-24T10:33:56.066+0000][1][safepoint    ] Application time: 1.0002640 seconds
[2019-06-24T10:33:56.066+0000][1][safepoint    ] Entering safepoint region: Cleanup
[2019-06-24T10:33:56.066+0000][1][safepoint    ] Leaving safepoint region
[2019-06-24T10:33:56.066+0000][1][safepoint    ] Total time for which application threads were stopped: 0.0002361 seconds, Stopping threads took: 0.0000644 seconds
[2019-06-24T10:33:57.066+0000][1][safepoint    ] Application time: 1.0001432 seconds
[2019-06-24T10:33:57.066+0000][1][safepoint    ] Entering safepoint region: Cleanup
[2019-06-24T10:33:57.066+0000][1][safepoint    ] Leaving safepoint region
[2019-06-24T10:33:57.066+0000][1][safepoint    ] Total time for which application threads were stopped: 0.0001033 seconds, Stopping threads took: 0.0000269 seconds
[2019-06-24T10:33:58.067+0000][1][safepoint    ] Application time: 1.0001893 seconds
[2019-06-24T10:33:58.067+0000][1][safepoint    ] Entering safepoint region: Cleanup
[2019-06-24T10:33:58.067+0000][1][safepoint    ] Leaving safepoint region
[2019-06-24T10:33:58.067+0000][1][safepoint    ] Total time for which application threads were stopped: 0.0002390 seconds, Stopping threads took: 0.0000646 seconds
[2019-06-24T10:34:00.057+0000][1][safepoint    ] Application time: 1.9898070 seconds
[2019-06-24T10:34:00.057+0000][1][safepoint    ] Entering safepoint region: Cleanup
[2019-06-24T10:34:00.057+0000][1][safepoint    ] Leaving safepoint region
[2019-06-24T10:34:00.057+0000][1][safepoint    ] Total time for which application threads were stopped: 0.0002770 seconds, Stopping threads took: 0.0000595 seconds
[2019-06-24T10:34:01.057+0000][1][safepoint    ] Application time: 1.0001459 seconds
[2019-06-24T10:34:01.057+0000][1][safepoint    ] Entering safepoint region: Cleanup
[2019-06-24T10:34:01.058+0000][1][safepoint    ] Leaving safepoint region
[2019-06-24T10:34:01.058+0000][1][safepoint    ] Total time for which application threads were stopped: 0.0002253 seconds, Stopping threads took: 0.0000650 seconds
[2019-06-24T10:34:02.058+0000][1][safepoint    ] Application time: 1.0001971 seconds
[2019-06-24T10:34:02.058+0000][1][safepoint    ] Entering safepoint region: Cleanup
[2019-06-24T10:34:02.059+0000][1][safepoint    ] Leaving safepoint region
[2019-06-24T10:34:02.059+0000][1][safepoint    ] Total time for which application threads were stopped: 0.0005860 seconds, Stopping threads took: 0.0001730 seconds
[2019-06-24T10:34:03.059+0000][1][safepoint    ] Application time: 1.0002266 seconds
[2019-06-24T10:34:03.059+0000][1][safepoint    ] Entering safepoint region: Cleanup
[2019-06-24T10:34:03.059+0000][1][safepoint    ] Leaving safepoint region
[2019-06-24T10:34:03.059+0000][1][safepoint    ] Total time for which application threads were stopped: 0.0003708 seconds, Stopping threads took: 0.0000987 seconds
[2019-06-24T10:34:04.060+0000][1][safepoint    ] Application time: 1.0003289 seconds
[2019-06-24T10:34:04.060+0000][1][safepoint    ] Entering safepoint region: Cleanup
[2019-06-24T10:34:04.060+0000][1][safepoint    ] Leaving safepoint region
[2019-06-24T10:34:04.060+0000][1][safepoint    ] Total time for which application threads were stopped: 0.0002245 seconds, Stopping threads took: 0.0000706 seconds
[2019-06-24T10:34:05.060+0000][1][safepoint    ] Application time: 1.0002403 seconds
[2019-06-24T10:34:05.061+0000][1][safepoint    ] Entering safepoint region: Cleanup
[2019-06-24T10:34:05.061+0000][1][safepoint    ] Leaving safepoint region
[2019-06-24T10:34:05.061+0000][1][safepoint    ] Total time for which application threads were stopped: 0.0002013 seconds, Stopping threads took: 0.0000555 seconds
[2019-06-24T10:34:06.061+0000][1][safepoint    ] Application time: 1.0002446 seconds
[2019-06-24T10:34:06.061+0000][1][safepoint    ] Entering safepoint region: Cleanup
[2019-06-24T10:34:06.061+0000][1][safepoint    ] Leaving safepoint region
[2019-06-24T10:34:06.061+0000][1][safepoint    ] Total time for which application threads were stopped: 0.0002294 seconds, Stopping threads took: 0.0000631 seconds
[2019-06-24T10:34:07.062+0000][1][safepoint    ] Application time: 1.0002603 seconds
[2019-06-24T10:34:07.062+0000][1][safepoint    ] Entering safepoint region: Cleanup
[2019-06-24T10:34:07.062+0000][1][safepoint    ] Leaving safepoint region
[2019-06-24T10:34:07.062+0000][1][safepoint    ] Total time for which application threads were stopped: 0.0002636 seconds, Stopping threads took: 0.0000957 seconds
[2019-06-24T10:34:08.062+0000][1][safepoint    ] Application time: 1.0002397 seconds
[2019-06-24T10:34:08.062+0000][1][safepoint    ] Entering safepoint region: Cleanup
[2019-06-24T10:34:08.063+0000][1][safepoint    ] Leaving safepoint region
[2019-06-24T10:34:08.063+0000][1][safepoint    ] Total time for which application threads were stopped: 0.0003350 seconds, Stopping threads took: 0.0000647 seconds
[2019-06-24T10:34:09.063+0000][1][safepoint    ] Application time: 1.0001084 seconds
[2019-06-24T10:34:09.063+0000][1][safepoint    ] Entering safepoint region: Cleanup
[2019-06-24T10:34:09.063+0000][1][safepoint    ] Leaving safepoint region
[2019-06-24T10:34:09.063+0000][1][safepoint    ] Total time for which application threads were stopped: 0.0001194 seconds, Stopping threads took: 0.0000322 seconds
[2019-06-24T10:34:10.063+0000][1][safepoint    ] Application time: 1.0002495 seconds
[2019-06-24T10:34:10.063+0000][1][safepoint    ] Entering safepoint region: Cleanup
[2019-06-24T10:34:10.064+0000][1][safepoint    ] Leaving safepoint region
[2019-06-24T10:34:10.064+0000][1][safepoint    ] Total time for which application threads were stopped: 0.0002350 seconds, Stopping threads took: 0.0000646 seconds
[2019-06-24T10:34:11.064+0000][1][safepoint    ] Application time: 1.0002612 seconds
[2019-06-24T10:34:11.064+0000][1][safepoint    ] Entering safepoint region: Cleanup
[2019-06-24T10:34:11.064+0000][1][safepoint    ] Leaving safepoint region
[2019-06-24T10:34:11.064+0000][1][safepoint    ] Total time for which application threads were stopped: 0.0002397 seconds, Stopping threads took: 0.0000653 seconds
[2019-06-24T10:34:12.064+0000][1][safepoint    ] Application time: 1.0001865 seconds
[2019-06-24T10:34:12.065+0000][1][safepoint    ] Entering safepoint region: Cleanup
[2019-06-24T10:34:12.065+0000][1][safepoint    ] Leaving safepoint region
[2019-06-24T10:34:12.065+0000][1][safepoint    ] Total time for which application threads were stopped: 0.0002356 seconds, Stopping threads took: 0.0000657 seconds
[2019-06-24T10:34:13.065+0000][1][safepoint    ] Application time: 1.0002547 seconds
[2019-06-24T10:34:13.065+0000][1][safepoint    ] Entering safepoint region: Cleanup
[2019-06-24T10:34:13.065+0000][1][safepoint    ] Leaving safepoint region
[2019-06-24T10:34:13.065+0000][1][safepoint    ] Total time for which application threads were stopped: 0.0002346 seconds, Stopping threads took: 0.0000644 seconds
[2019-06-24T10:34:14.066+0000][1][safepoint    ] Application time: 1.0003018 seconds
[2019-06-24T10:34:14.066+0000][1][safepoint    ] Entering safepoint region: Cleanup
[2019-06-24T10:34:14.066+0000][1][safepoint    ] Leaving safepoint region
[2019-06-24T10:34:14.066+0000][1][safepoint    ] Total time for which application threads were stopped: 0.0001290 seconds, Stopping threads took: 0.0000462 seconds
[2019-06-24T10:34:15.066+0000][1][safepoint    ] Application time: 1.0002643 seconds
[2019-06-24T10:34:15.066+0000][1][safepoint    ] Entering safepoint region: Cleanup
[2019-06-24T10:34:15.067+0000][1][safepoint    ] Leaving safepoint region
[2019-06-24T10:34:15.067+0000][1][safepoint    ] Total time for which application threads were stopped: 0.0003110 seconds, Stopping threads took: 0.0000619 seconds
[2019-06-24T10:34:16.067+0000][1][safepoint    ] Application time: 1.0001466 seconds
[2019-06-24T10:34:16.067+0000][1][safepoint    ] Entering safepoint region: Cleanup
[2019-06-24T10:34:16.067+0000][1][safepoint    ] Leaving safepoint region
[2019-06-24T10:34:16.067+0000][1][safepoint    ] Total time for which application threads were stopped: 0.0002375 seconds, Stopping threads took: 0.0000667 seconds
[2019-06-24T10:34:17.067+0000][1][safepoint    ] Application time: 1.0001363 seconds
[2019-06-24T10:34:17.067+0000][1][safepoint    ] Entering safepoint region: Cleanup
[2019-06-24T10:34:17.068+0000][1][safepoint    ] Leaving safepoint region
[2019-06-24T10:34:17.068+0000][1][safepoint    ] Total time for which application threads were stopped: 0.0002359 seconds, Stopping threads took: 0.0000632 seconds
[2019-06-24T10:34:18.068+0000][1][safepoint    ] Application time: 1.0002552 seconds
[2019-06-24T10:34:18.068+0000][1][safepoint    ] Entering safepoint region: Cleanup
[2019-06-24T10:34:18.068+0000][1][safepoint    ] Leaving safepoint region
[2019-06-24T10:34:18.068+0000][1][safepoint    ] Total time for which application threads were stopped: 0.0002333 seconds, Stopping threads took: 0.0000632 seconds
[2019-06-24T10:34:19.069+0000][1][safepoint    ] Application time: 1.0002522 seconds
[2019-06-24T10:34:19.069+0000][1][safepoint    ] Entering safepoint region: Cleanup
[2019-06-24T10:34:19.069+0000][1][safepoint    ] Leaving safepoint region
[2019-06-24T10:34:19.069+0000][1][safepoint    ] Total time for which application threads were stopped: 0.0000928 seconds, Stopping threads took: 0.0000231 seconds
[2019-06-24T10:34:20.069+0000][1][safepoint    ] Application time: 1.0002330 seconds
[2019-06-24T10:34:20.069+0000][1][safepoint    ] Entering safepoint region: Cleanup
[2019-06-24T10:34:20.069+0000][1][safepoint    ] Leaving safepoint region
[2019-06-24T10:34:20.069+0000][1][safepoint    ] Total time for which application threads were stopped: 0.0002291 seconds, Stopping threads took: 0.0000628 seconds
[2019-06-24T10:34:21.070+0000][1][safepoint    ] Application time: 1.0002546 seconds
[2019-06-24T10:34:21.070+0000][1][safepoint    ] Entering safepoint region: Cleanup
[2019-06-24T10:34:21.070+0000][1][safepoint    ] Leaving safepoint region
[2019-06-24T10:34:21.070+0000][1][safepoint    ] Total time for which application threads were stopped: 0.0002356 seconds, Stopping threads took: 0.0000631 seconds
[2019-06-24T10:34:22.070+0000][1][safepoint    ] Application time: 1.0002647 seconds
[2019-06-24T10:34:22.070+0000][1][safepoint    ] Entering safepoint region: Cleanup
[2019-06-24T10:34:22.071+0000][1][safepoint    ] Leaving safepoint region
[2019-06-24T10:34:22.071+0000][1][safepoint    ] Total time for which application threads were stopped: 0.0002642 seconds, Stopping threads took: 0.0000628 seconds
[2019-06-24T10:34:23.071+0000][1][safepoint    ] Application time: 1.0002166 seconds
[2019-06-24T10:34:23.071+0000][1][safepoint    ] Entering safepoint region: Cleanup
[2019-06-24T10:34:23.071+0000][1][safepoint    ] Leaving safepoint region
[2019-06-24T10:34:23.071+0000][1][safepoint    ] Total time for which application threads were stopped: 0.0002730 seconds, Stopping threads took: 0.0000766 seconds
[2019-06-24T10:34:24.072+0000][1][safepoint    ] Application time: 1.0003202 seconds
[2019-06-24T10:34:24.072+0000][1][safepoint    ] Entering safepoint region: Cleanup
[2019-06-24T10:34:24.072+0000][1][safepoint    ] Leaving safepoint region
[2019-06-24T10:34:24.072+0000][1][safepoint    ] Total time for which application threads were stopped: 0.0001175 seconds, Stopping threads took: 0.0000402 seconds
[2019-06-24T10:34:25.072+0000][1][safepoint    ] Application time: 1.0002428 seconds
[2019-06-24T10:34:25.072+0000][1][safepoint    ] Entering safepoint region: Cleanup
[2019-06-24T10:34:25.072+0000][1][safepoint    ] Leaving safepoint region
[2019-06-24T10:34:25.072+0000][1][safepoint    ] Total time for which application threads were stopped: 0.0002337 seconds, Stopping threads took: 0.0000645 seconds
[2019-06-24T10:34:26.073+0000][1][safepoint    ] Application time: 1.0001988 seconds
[2019-06-24T10:34:26.073+0000][1][safepoint    ] Entering safepoint region: Cleanup
[2019-06-24T10:34:26.073+0000][1][safepoint    ] Leaving safepoint region
[2019-06-24T10:34:26.073+0000][1][safepoint    ] Total time for which application threads were stopped: 0.0002550 seconds, Stopping threads took: 0.0000695 seconds
[2019-06-24T10:34:27.073+0000][1][safepoint    ] Application time: 1.0002662 seconds
[2019-06-24T10:34:27.073+0000][1][safepoint    ] Entering safepoint region: Cleanup
[2019-06-24T10:34:27.074+0000][1][safepoint    ] Leaving safepoint region
[2019-06-24T10:34:27.074+0000][1][safepoint    ] Total time for which application threads were stopped: 0.0002274 seconds, Stopping threads took: 0.0000631 seconds
[2019-06-24T10:34:28.074+0000][1][safepoint    ] Application time: 1.0002388 seconds
[2019-06-24T10:34:28.074+0000][1][safepoint    ] Entering safepoint region: Cleanup
[2019-06-24T10:34:28.074+0000][1][safepoint    ] Leaving safepoint region
[2019-06-24T10:34:28.074+0000][1][safepoint    ] Total time for which application threads were stopped: 0.0002587 seconds, Stopping threads took: 0.0000610 seconds
[2019-06-24T10:34:29.074+0000][1][safepoint    ] Application time: 1.0001363 seconds
[2019-06-24T10:34:29.074+0000][1][safepoint    ] Entering safepoint region: Cleanup
[2019-06-24T10:34:29.075+0000][1][safepoint    ] Leaving safepoint region
[2019-06-24T10:34:29.075+0000][1][safepoint    ] Total time for which application threads were stopped: 0.0001316 seconds, Stopping threads took: 0.0000577 seconds
[2019-06-24T10:34:30.075+0000][1][safepoint    ] Application time: 1.0001280 seconds
[2019-06-24T10:34:30.075+0000][1][safepoint    ] Entering safepoint region: Cleanup
[2019-06-24T10:34:30.075+0000][1][safepoint    ] Leaving safepoint region
[2019-06-24T10:34:30.075+0000][1][safepoint    ] Total time for which application threads were stopped: 0.0002240 seconds, Stopping threads took: 0.0000624 seconds
[2019-06-24T10:34:31.075+0000][1][safepoint    ] Application time: 1.0001930 seconds
[2019-06-24T10:34:31.075+0000][1][safepoint    ] Entering safepoint region: Cleanup
[2019-06-24T10:34:31.076+0000][1][safepoint    ] Leaving safepoint region
[2019-06-24T10:34:31.076+0000][1][safepoint    ] Total time for which application threads were stopped: 0.0002273 seconds, Stopping threads took: 0.0000637 seconds
[2019-06-24T10:34:32.076+0000][1][safepoint    ] Application time: 1.0002771 seconds
[2019-06-24T10:34:32.076+0000][1][safepoint    ] Entering safepoint region: Cleanup
[2019-06-24T10:34:32.076+0000][1][safepoint    ] Leaving safepoint region
[2019-06-24T10:34:32.076+0000][1][safepoint    ] Total time for which application threads were stopped: 0.0002885 seconds, Stopping threads took: 0.0001144 seconds
[2019-06-24T10:34:33.077+0000][1][safepoint    ] Application time: 1.0002524 seconds
[2019-06-24T10:34:33.077+0000][1][safepoint    ] Entering safepoint region: Cleanup
[2019-06-24T10:34:33.077+0000][1][safepoint    ] Leaving safepoint region
[2019-06-24T10:34:33.077+0000][1][safepoint    ] Total time for which application threads were stopped: 0.0005072 seconds, Stopping threads took: 0.0003130 seconds
[2019-06-24T10:34:34.077+0000][1][safepoint    ] Application time: 1.0002029 seconds
[2019-06-24T10:34:34.078+0000][1][safepoint    ] Entering safepoint region: Cleanup
[2019-06-24T10:34:34.078+0000][1][safepoint    ] Leaving safepoint region
[2019-06-24T10:34:34.078+0000][1][safepoint    ] Total time for which application threads were stopped: 0.0003428 seconds, Stopping threads took: 0.0001346 seconds
[2019-06-24T10:34:35.078+0000][1][safepoint    ] Application time: 1.0002631 seconds
[2019-06-24T10:34:35.078+0000][1][safepoint    ] Entering safepoint region: Cleanup
[2019-06-24T10:34:35.079+0000][1][safepoint    ] Leaving safepoint region
[2019-06-24T10:34:35.079+0000][1][safepoint    ] Total time for which application threads were stopped: 0.0003255 seconds, Stopping threads took: 0.0000647 seconds
[2019-06-24T10:34:36.079+0000][1][safepoint    ] Application time: 1.0002132 seconds
[2019-06-24T10:34:36.079+0000][1][safepoint    ] Entering safepoint region: Cleanup
[2019-06-24T10:34:36.079+0000][1][safepoint    ] Leaving safepoint region
[2019-06-24T10:34:36.079+0000][1][safepoint    ] Total time for which application threads were stopped: 0.0002316 seconds, Stopping threads took: 0.0000648 seconds
[2019-06-24T10:34:37.080+0000][1][safepoint    ] Application time: 1.0002626 seconds
[2019-06-24T10:34:37.080+0000][1][safepoint    ] Entering safepoint region: Cleanup
[2019-06-24T10:34:37.080+0000][1][safepoint    ] Leaving safepoint region
[2019-06-24T10:34:37.080+0000][1][safepoint    ] Total time for which application threads were stopped: 0.0002941 seconds, Stopping threads took: 0.0000629 seconds
[2019-06-24T10:34:38.269+0000][1][safepoint    ] Application time: 1.1895212 seconds
[2019-06-24T10:34:38.270+0000][1][safepoint    ] Entering safepoint region: Cleanup
[2019-06-24T10:34:38.270+0000][1][safepoint    ] Leaving safepoint region
[2019-06-24T10:34:38.270+0000][1][safepoint    ] Total time for which application threads were stopped: 0.0002562 seconds, Stopping threads took: 0.0000913 seconds
[2019-06-24T10:34:39.270+0000][1][safepoint    ] Application time: 1.0002712 seconds
[2019-06-24T10:34:39.270+0000][1][safepoint    ] Entering safepoint region: Cleanup
[2019-06-24T10:34:39.270+0000][1][safepoint    ] Leaving safepoint region
[2019-06-24T10:34:39.271+0000][1][safepoint    ] Total time for which application threads were stopped: 0.0003707 seconds, Stopping threads took: 0.0000635 seconds
[2019-06-24T10:34:40.271+0000][1][safepoint    ] Application time: 1.0001418 seconds
[2019-06-24T10:34:40.271+0000][1][safepoint    ] Entering safepoint region: Cleanup
[2019-06-24T10:34:40.271+0000][1][safepoint    ] Leaving safepoint region
[2019-06-24T10:34:40.271+0000][1][safepoint    ] Total time for which application threads were stopped: 0.0002905 seconds, Stopping threads took: 0.0000642 seconds
[2019-06-24T10:34:41.271+0000][1][safepoint    ] Application time: 1.0002320 seconds
[2019-06-24T10:34:41.272+0000][1][safepoint    ] Entering safepoint region: Cleanup
[2019-06-24T10:34:41.272+0000][1][safepoint    ] Leaving safepoint region
[2019-06-24T10:34:41.272+0000][1][safepoint    ] Total time for which application threads were stopped: 0.0002777 seconds, Stopping threads took: 0.0000627 seconds
[2019-06-24T10:34:42.272+0000][1][safepoint    ] Application time: 1.0002240 seconds
[2019-06-24T10:34:42.272+0000][1][safepoint    ] Entering safepoint region: Cleanup
[2019-06-24T10:34:42.272+0000][1][safepoint    ] Leaving safepoint region
[2019-06-24T10:34:42.272+0000][1][safepoint    ] Total time for which application threads were stopped: 0.0002393 seconds, Stopping threads took: 0.0000630 seconds
[2019-06-24T10:34:43.273+0000][1][safepoint    ] Application time: 1.0002634 seconds
[2019-06-24T10:34:43.273+0000][1][safepoint    ] Entering safepoint region: Cleanup
[2019-06-24T10:34:43.273+0000][1][safepoint    ] Leaving safepoint region
[2019-06-24T10:34:43.273+0000][1][safepoint    ] Total time for which application threads were stopped: 0.0002491 seconds, Stopping threads took: 0.0000635 seconds
[2019-06-24T10:34:44.273+0000][1][safepoint    ] Application time: 1.0002596 seconds
[2019-06-24T10:34:44.274+0000][1][safepoint    ] Entering safepoint region: Cleanup
[2019-06-24T10:34:44.274+0000][1][safepoint    ] Leaving safepoint region
[2019-06-24T10:34:44.274+0000][1][safepoint    ] Total time for which application threads were stopped: 0.0002890 seconds, Stopping threads took: 0.0000622 seconds
[2019-06-24T10:34:45.274+0000][1][safepoint    ] Application time: 1.0001489 seconds
[2019-06-24T10:34:45.274+0000][1][safepoint    ] Entering safepoint region: Cleanup
[2019-06-24T10:34:45.274+0000][1][safepoint    ] Leaving safepoint region
[2019-06-24T10:34:45.274+0000][1][safepoint    ] Total time for which application threads were stopped: 0.0001333 seconds, Stopping threads took: 0.0000299 seconds
[2019-06-24T10:34:46.275+0000][1][safepoint    ] Application time: 1.0003165 seconds
[2019-06-24T10:34:46.275+0000][1][safepoint    ] Entering safepoint region: Cleanup
[2019-06-24T10:34:46.275+0000][1][safepoint    ] Leaving safepoint region
[2019-06-24T10:34:46.275+0000][1][safepoint    ] Total time for which application threads were stopped: 0.0002952 seconds, Stopping threads took: 0.0000618 seconds
[2019-06-24T10:34:47.275+0000][1][safepoint    ] Application time: 1.0002359 seconds
[2019-06-24T10:34:47.275+0000][1][safepoint    ] Entering safepoint region: Cleanup
[2019-06-24T10:34:47.276+0000][1][safepoint    ] Leaving safepoint region
[2019-06-24T10:34:47.276+0000][1][safepoint    ] Total time for which application threads were stopped: 0.0002969 seconds, Stopping threads took: 0.0000652 seconds
[2019-06-24T10:34:48.276+0000][1][safepoint    ] Application time: 1.0001523 seconds
[2019-06-24T10:34:48.276+0000][1][safepoint    ] Entering safepoint region: Cleanup
[2019-06-24T10:34:48.276+0000][1][safepoint    ] Leaving safepoint region
[2019-06-24T10:34:48.276+0000][1][safepoint    ] Total time for which application threads were stopped: 0.0002875 seconds, Stopping threads took: 0.0000822 seconds
[2019-06-24T10:34:49.276+0000][1][safepoint    ] Application time: 1.0001415 seconds
[2019-06-24T10:34:49.277+0000][1][safepoint    ] Entering safepoint region: Cleanup
[2019-06-24T10:34:49.277+0000][1][safepoint    ] Leaving safepoint region
[2019-06-24T10:34:49.277+0000][1][safepoint    ] Total time for which application threads were stopped: 0.0002159 seconds, Stopping threads took: 0.0000617 seconds
[2019-06-24T10:34:50.277+0000][1][safepoint    ] Application time: 1.0002528 seconds
[2019-06-24T10:34:50.277+0000][1][safepoint    ] Entering safepoint region: Cleanup
[2019-06-24T10:34:50.277+0000][1][safepoint    ] Leaving safepoint region
[2019-06-24T10:34:50.277+0000][1][safepoint    ] Total time for which application threads were stopped: 0.0003182 seconds, Stopping threads took: 0.0000661 seconds
[2019-06-24T10:34:51.278+0000][1][safepoint    ] Application time: 1.0002426 seconds
[2019-06-24T10:34:51.278+0000][1][safepoint    ] Entering safepoint region: Cleanup
[2019-06-24T10:34:51.278+0000][1][safepoint    ] Leaving safepoint region
[2019-06-24T10:34:51.278+0000][1][safepoint    ] Total time for which application threads were stopped: 0.0002968 seconds, Stopping threads took: 0.0001046 seconds
[2019-06-24T10:34:52.278+0000][1][safepoint    ] Application time: 1.0002358 seconds
[2019-06-24T10:34:52.279+0000][1][safepoint    ] Entering safepoint region: Cleanup
[2019-06-24T10:34:52.279+0000][1][safepoint    ] Leaving safepoint region
[2019-06-24T10:34:52.279+0000][1][safepoint    ] Total time for which application threads were stopped: 0.0002311 seconds, Stopping threads took: 0.0000712 seconds
[2019-06-24T10:34:54.183+0000][1][safepoint    ] Application time: 1.9036969 seconds
[2019-06-24T10:34:54.183+0000][1][safepoint    ] Entering safepoint region: Cleanup
[2019-06-24T10:34:54.183+0000][1][safepoint    ] Leaving safepoint region
[2019-06-24T10:34:54.183+0000][1][safepoint    ] Total time for which application threads were stopped: 0.0001069 seconds, Stopping threads took: 0.0000311 seconds
[2019-06-24T10:34:55.183+0000][1][safepoint    ] Application time: 1.0001568 seconds
[2019-06-24T10:34:55.183+0000][1][safepoint    ] Entering safepoint region: Cleanup
[2019-06-24T10:34:55.183+0000][1][safepoint    ] Leaving safepoint region
[2019-06-24T10:34:55.183+0000][1][safepoint    ] Total time for which application threads were stopped: 0.0002399 seconds, Stopping threads took: 0.0000601 seconds
[2019-06-24T10:34:56.183+0000][1][safepoint    ] Application time: 1.0001767 seconds
[2019-06-24T10:34:56.184+0000][1][safepoint    ] Entering safepoint region: Cleanup
[2019-06-24T10:34:56.184+0000][1][safepoint    ] Leaving safepoint region
[2019-06-24T10:34:56.184+0000][1][safepoint    ] Total time for which application threads were stopped: 0.0002076 seconds, Stopping threads took: 0.0000612 seconds
[2019-06-24T10:34:57.184+0000][1][safepoint    ] Application time: 1.0002936 seconds
[2019-06-24T10:34:57.184+0000][1][safepoint    ] Entering safepoint region: Cleanup
[2019-06-24T10:34:57.184+0000][1][safepoint    ] Leaving safepoint region
[2019-06-24T10:34:57.184+0000][1][safepoint    ] Total time for which application threads were stopped: 0.0002519 seconds, Stopping threads took: 0.0000723 seconds
[2019-06-24T10:34:58.185+0000][1][safepoint    ] Application time: 1.0001460 seconds
[2019-06-24T10:34:58.185+0000][1][safepoint    ] Entering safepoint region: Cleanup
[2019-06-24T10:34:58.185+0000][1][safepoint    ] Leaving safepoint region
[2019-06-24T10:34:58.185+0000][1][safepoint    ] Total time for which application threads were stopped: 0.0000975 seconds, Stopping threads took: 0.0000350 seconds
[2019-06-24T10:34:59.185+0000][1][safepoint    ] Application time: 1.0001732 seconds
[2019-06-24T10:34:59.185+0000][1][safepoint    ] Entering safepoint region: Cleanup
[2019-06-24T10:34:59.185+0000][1][safepoint    ] Leaving safepoint region
[2019-06-24T10:34:59.185+0000][1][safepoint    ] Total time for which application threads were stopped: 0.0002170 seconds, Stopping threads took: 0.0000651 seconds
[2019-06-24T10:35:00.186+0000][1][safepoint    ] Application time: 1.0001828 seconds
[2019-06-24T10:35:00.186+0000][1][safepoint    ] Entering safepoint region: Cleanup
[2019-06-24T10:35:00.186+0000][1][safepoint    ] Leaving safepoint region
[2019-06-24T10:35:00.186+0000][1][safepoint    ] Total time for which application threads were stopped: 0.0001813 seconds, Stopping threads took: 0.0000531 seconds
[2019-06-24T10:35:01.186+0000][1][safepoint    ] Application time: 1.0002567 seconds
[2019-06-24T10:35:01.186+0000][1][safepoint    ] Entering safepoint region: Cleanup
[2019-06-24T10:35:01.186+0000][1][safepoint    ] Leaving safepoint region
[2019-06-24T10:35:01.186+0000][1][safepoint    ] Total time for which application threads were stopped: 0.0002253 seconds, Stopping threads took: 0.0000759 seconds
[2019-06-24T10:35:02.187+0000][1][safepoint    ] Application time: 1.0002154 seconds
[2019-06-24T10:35:02.187+0000][1][safepoint    ] Entering safepoint region: Cleanup
[2019-06-24T10:35:02.187+0000][1][safepoint    ] Leaving safepoint region
[2019-06-24T10:35:02.187+0000][1][safepoint    ] Total time for which application threads were stopped: 0.0002731 seconds, Stopping threads took: 0.0000659 seconds
[2019-06-24T10:35:03.187+0000][1][safepoint    ] Application time: 1.0001736 seconds
[2019-06-24T10:35:03.187+0000][1][safepoint    ] Entering safepoint region: Cleanup
[2019-06-24T10:35:03.187+0000][1][safepoint    ] Leaving safepoint region
[2019-06-24T10:35:03.187+0000][1][safepoint    ] Total time for which application threads were stopped: 0.0001737 seconds, Stopping threads took: 0.0000526 seconds
[2019-06-24T10:35:04.108+0000][1][safepoint    ] Application time: 0.9208459 seconds
[2019-06-24T10:35:04.108+0000][1][safepoint    ] Entering safepoint region: GenCollectForAllocation
[2019-06-24T10:35:04.109+0000][1][gc,start     ] GC(36) Pause Young (Allocation Failure)
[2019-06-24T10:35:04.109+0000][1][gc,task      ] GC(36) Using 5 workers of 8 for evacuation
[2019-06-24T10:35:04.111+0000][1][gc,age       ] GC(36) Desired survivor size 4456448 bytes, new threshold 6 (max threshold 6)
[2019-06-24T10:35:04.111+0000][1][gc,age       ] GC(36) Age table with threshold 6 (max threshold 6)
[2019-06-24T10:35:04.111+0000][1][gc,age       ] GC(36) - age   1:       4712 bytes,       4712 total
[2019-06-24T10:35:04.112+0000][1][gc,age       ] GC(36) - age   2:       1424 bytes,       6136 total
[2019-06-24T10:35:04.112+0000][1][gc,age       ] GC(36) - age   3:        216 bytes,       6352 total
[2019-06-24T10:35:04.112+0000][1][gc,age       ] GC(36) - age   4:       2160 bytes,       8512 total
[2019-06-24T10:35:04.112+0000][1][gc,age       ] GC(36) - age   5:        840 bytes,       9352 total
[2019-06-24T10:35:04.112+0000][1][gc,age       ] GC(36) - age   6:        936 bytes,      10288 total
[2019-06-24T10:35:04.112+0000][1][gc,heap      ] GC(36) ParNew: 69972K->16K(78656K)
[2019-06-24T10:35:04.112+0000][1][gc,heap      ] GC(36) CMS: 69760K->69763K(174784K)
[2019-06-24T10:35:04.112+0000][1][gc,metaspace ] GC(36) Metaspace: 68028K->68028K(1112064K)
[2019-06-24T10:35:04.112+0000][1][gc           ] GC(36) Pause Young (Allocation Failure) 136M->68M(247M) 3.019ms
[2019-06-24T10:35:04.112+0000][1][gc,cpu       ] GC(36) User=0.01s Sys=0.01s Real=0.00s
[2019-06-24T10:35:04.112+0000][1][safepoint    ] Leaving safepoint region
[2019-06-24T10:35:04.112+0000][1][safepoint    ] Total time for which application threads were stopped: 0.0034774 seconds, Stopping threads took: 0.0000587 seconds
[2019-06-24T10:35:05.112+0000][1][safepoint    ] Application time: 1.0002118 seconds
[2019-06-24T10:35:05.112+0000][1][safepoint    ] Entering safepoint region: Cleanup
[2019-06-24T10:35:05.112+0000][1][safepoint    ] Leaving safepoint region
[2019-06-24T10:35:05.112+0000][1][safepoint    ] Total time for which application threads were stopped: 0.0001839 seconds, Stopping threads took: 0.0000525 seconds
[2019-06-24T10:35:06.113+0000][1][safepoint    ] Application time: 1.0001668 seconds
[2019-06-24T10:35:06.113+0000][1][safepoint    ] Entering safepoint region: Cleanup
[2019-06-24T10:35:06.113+0000][1][safepoint    ] Leaving safepoint region
[2019-06-24T10:35:06.113+0000][1][safepoint    ] Total time for which application threads were stopped: 0.0001689 seconds, Stopping threads took: 0.0000493 seconds
[2019-06-24T10:35:07.113+0000][1][safepoint    ] Application time: 1.0001894 seconds
[2019-06-24T10:35:07.113+0000][1][safepoint    ] Entering safepoint region: Cleanup
[2019-06-24T10:35:07.113+0000][1][safepoint    ] Leaving safepoint region
[2019-06-24T10:35:07.113+0000][1][safepoint    ] Total time for which application threads were stopped: 0.0002103 seconds, Stopping threads took: 0.0000585 seconds
[2019-06-24T10:35:08.114+0000][1][safepoint    ] Application time: 1.0002653 seconds
[2019-06-24T10:35:08.114+0000][1][safepoint    ] Entering safepoint region: Cleanup
[2019-06-24T10:35:08.114+0000][1][safepoint    ] Leaving safepoint region
[2019-06-24T10:35:08.114+0000][1][safepoint    ] Total time for which application threads were stopped: 0.0002235 seconds, Stopping threads took: 0.0000641 seconds
[2019-06-24T10:35:09.114+0000][1][safepoint    ] Application time: 1.0002464 seconds
[2019-06-24T10:35:09.114+0000][1][safepoint    ] Entering safepoint region: Cleanup
[2019-06-24T10:35:09.115+0000][1][safepoint    ] Leaving safepoint region
[2019-06-24T10:35:09.115+0000][1][safepoint    ] Total time for which application threads were stopped: 0.0002730 seconds, Stopping threads took: 0.0000923 seconds
[2019-06-24T10:35:10.115+0000][1][safepoint    ] Application time: 1.0001662 seconds
[2019-06-24T10:35:10.115+0000][1][safepoint    ] Entering safepoint region: Cleanup
[2019-06-24T10:35:10.115+0000][1][safepoint    ] Leaving safepoint region
[2019-06-24T10:35:10.115+0000][1][safepoint    ] Total time for which application threads were stopped: 0.0002575 seconds, Stopping threads took: 0.0000767 seconds
[2019-06-24T10:35:11.115+0000][1][safepoint    ] Application time: 1.0001443 seconds
[2019-06-24T10:35:11.116+0000][1][safepoint    ] Entering safepoint region: Cleanup
[2019-06-24T10:35:11.116+0000][1][safepoint    ] Leaving safepoint region
[2019-06-24T10:35:11.116+0000][1][safepoint    ] Total time for which application threads were stopped: 0.0001241 seconds, Stopping threads took: 0.0000353 seconds
[2019-06-24T10:35:12.116+0000][1][safepoint    ] Application time: 1.0001035 seconds
[2019-06-24T10:35:12.116+0000][1][safepoint    ] Entering safepoint region: Cleanup
[2019-06-24T10:35:12.116+0000][1][safepoint    ] Leaving safepoint region
[2019-06-24T10:35:12.116+0000][1][safepoint    ] Total time for which application threads were stopped: 0.0000876 seconds, Stopping threads took: 0.0000258 seconds
[2019-06-24T10:35:13.116+0000][1][safepoint    ] Application time: 1.0001546 seconds
[2019-06-24T10:35:13.116+0000][1][safepoint    ] Entering safepoint region: Cleanup
[2019-06-24T10:35:13.116+0000][1][safepoint    ] Leaving safepoint region
[2019-06-24T10:35:13.116+0000][1][safepoint    ] Total time for which application threads were stopped: 0.0002446 seconds, Stopping threads took: 0.0000900 seconds
[2019-06-24T10:35:14.117+0000][1][safepoint    ] Application time: 1.0001581 seconds
[2019-06-24T10:35:14.117+0000][1][safepoint    ] Entering safepoint region: Cleanup
[2019-06-24T10:35:14.117+0000][1][safepoint    ] Leaving safepoint region
[2019-06-24T10:35:14.117+0000][1][safepoint    ] Total time for which application threads were stopped: 0.0002179 seconds, Stopping threads took: 0.0000619 seconds
[2019-06-24T10:35:15.117+0000][1][safepoint    ] Application time: 1.0002149 seconds
[2019-06-24T10:35:15.117+0000][1][safepoint    ] Entering safepoint region: Cleanup
[2019-06-24T10:35:15.117+0000][1][safepoint    ] Leaving safepoint region
[2019-06-24T10:35:15.117+0000][1][safepoint    ] Total time for which application threads were stopped: 0.0002196 seconds, Stopping threads took: 0.0000627 seconds
[2019-06-24T10:35:16.118+0000][1][safepoint    ] Application time: 1.0002379 seconds
[2019-06-24T10:35:16.118+0000][1][safepoint    ] Entering safepoint region: Cleanup
[2019-06-24T10:35:16.118+0000][1][safepoint    ] Leaving safepoint region
[2019-06-24T10:35:16.118+0000][1][safepoint    ] Total time for which application threads were stopped: 0.0002583 seconds, Stopping threads took: 0.0000738 seconds
[2019-06-24T10:35:17.118+0000][1][safepoint    ] Application time: 1.0002721 seconds
[2019-06-24T10:35:17.119+0000][1][safepoint    ] Entering safepoint region: Cleanup
[2019-06-24T10:35:17.119+0000][1][safepoint    ] Leaving safepoint region
[2019-06-24T10:35:17.119+0000][1][safepoint    ] Total time for which application threads were stopped: 0.0002988 seconds, Stopping threads took: 0.0000981 seconds
[2019-06-24T10:35:18.119+0000][1][safepoint    ] Application time: 1.0001609 seconds
[2019-06-24T10:35:18.119+0000][1][safepoint    ] Entering safepoint region: Cleanup
[2019-06-24T10:35:18.120+0000][1][safepoint    ] Leaving safepoint region
[2019-06-24T10:35:18.120+0000][1][safepoint    ] Total time for which application threads were stopped: 0.0003350 seconds, Stopping threads took: 0.0001061 seconds
[2019-06-24T10:35:19.120+0000][1][safepoint    ] Application time: 1.0001966 seconds
[2019-06-24T10:35:19.120+0000][1][safepoint    ] Entering safepoint region: Cleanup
[2019-06-24T10:35:19.120+0000][1][safepoint    ] Leaving safepoint region
[2019-06-24T10:35:19.120+0000][1][safepoint    ] Total time for which application threads were stopped: 0.0003528 seconds, Stopping threads took: 0.0001114 seconds
[2019-06-24T10:35:20.121+0000][1][safepoint    ] Application time: 1.0001879 seconds
[2019-06-24T10:35:20.121+0000][1][safepoint    ] Entering safepoint region: Cleanup
[2019-06-24T10:35:20.122+0000][1][safepoint    ] Leaving safepoint region
[2019-06-24T10:35:20.122+0000][1][safepoint    ] Total time for which application threads were stopped: 0.0015582 seconds, Stopping threads took: 0.0011664 seconds
[2019-06-24T10:35:21.123+0000][1][safepoint    ] Application time: 1.0002633 seconds
[2019-06-24T10:35:21.123+0000][1][safepoint    ] Entering safepoint region: Cleanup
[2019-06-24T10:35:21.123+0000][1][safepoint    ] Leaving safepoint region
[2019-06-24T10:35:21.123+0000][1][safepoint    ] Total time for which application threads were stopped: 0.0002380 seconds, Stopping threads took: 0.0000663 seconds
[2019-06-24T10:35:22.123+0000][1][safepoint    ] Application time: 1.0002116 seconds
[2019-06-24T10:35:22.123+0000][1][safepoint    ] Entering safepoint region: Cleanup
[2019-06-24T10:35:22.124+0000][1][safepoint    ] Leaving safepoint region
[2019-06-24T10:35:22.124+0000][1][safepoint    ] Total time for which application threads were stopped: 0.0003831 seconds, Stopping threads took: 0.0000704 seconds
[2019-06-24T10:35:23.124+0000][1][safepoint    ] Application time: 1.0002497 seconds
[2019-06-24T10:35:23.124+0000][1][safepoint    ] Entering safepoint region: Cleanup
[2019-06-24T10:35:23.124+0000][1][safepoint    ] Leaving safepoint region
[2019-06-24T10:35:23.124+0000][1][safepoint    ] Total time for which application threads were stopped: 0.0002013 seconds, Stopping threads took: 0.0000576 seconds
[2019-06-24T10:35:24.125+0000][1][safepoint    ] Application time: 1.0001880 seconds
[2019-06-24T10:35:24.125+0000][1][safepoint    ] Entering safepoint region: Cleanup
[2019-06-24T10:35:24.125+0000][1][safepoint    ] Leaving safepoint region
[2019-06-24T10:35:24.125+0000][1][safepoint    ] Total time for which application threads were stopped: 0.0003777 seconds, Stopping threads took: 0.0001127 seconds
[2019-06-24T10:35:25.126+0000][1][safepoint    ] Application time: 1.0002704 seconds
[2019-06-24T10:35:25.126+0000][1][safepoint    ] Entering safepoint region: Cleanup
[2019-06-24T10:35:25.126+0000][1][safepoint    ] Leaving safepoint region
[2019-06-24T10:35:25.126+0000][1][safepoint    ] Total time for which application threads were stopped: 0.0002225 seconds, Stopping threads took: 0.0000637 seconds
[2019-06-24T10:35:26.126+0000][1][safepoint    ] Application time: 1.0002720 seconds
[2019-06-24T10:35:26.126+0000][1][safepoint    ] Entering safepoint region: Cleanup
[2019-06-24T10:35:26.127+0000][1][safepoint    ] Leaving safepoint region
[2019-06-24T10:35:26.127+0000][1][safepoint    ] Total time for which application threads were stopped: 0.0003017 seconds, Stopping threads took: 0.0000733 seconds
[2019-06-24T10:35:27.127+0000][1][safepoint    ] Application time: 1.0001459 seconds
[2019-06-24T10:35:27.127+0000][1][safepoint    ] Entering safepoint region: Cleanup
[2019-06-24T10:35:27.127+0000][1][safepoint    ] Leaving safepoint region
[2019-06-24T10:35:27.127+0000][1][safepoint    ] Total time for which application threads were stopped: 0.0002262 seconds, Stopping threads took: 0.0000628 seconds
[2019-06-24T10:35:28.127+0000][1][safepoint    ] Application time: 1.0001598 seconds
[2019-06-24T10:35:28.127+0000][1][safepoint    ] Entering safepoint region: Cleanup
[2019-06-24T10:35:28.128+0000][1][safepoint    ] Leaving safepoint region
[2019-06-24T10:35:28.128+0000][1][safepoint    ] Total time for which application threads were stopped: 0.0002206 seconds, Stopping threads took: 0.0000747 seconds
[2019-06-24T10:35:29.128+0000][1][safepoint    ] Application time: 1.0002429 seconds
[2019-06-24T10:35:29.128+0000][1][safepoint    ] Entering safepoint region: Cleanup
[2019-06-24T10:35:29.128+0000][1][safepoint    ] Leaving safepoint region
[2019-06-24T10:35:29.128+0000][1][safepoint    ] Total time for which application threads were stopped: 0.0002413 seconds, Stopping threads took: 0.0000971 seconds
[2019-06-24T10:35:30.128+0000][1][safepoint    ] Application time: 1.0001582 seconds
[2019-06-24T10:35:30.129+0000][1][safepoint    ] Entering safepoint region: Cleanup
[2019-06-24T10:35:30.129+0000][1][safepoint    ] Leaving safepoint region
[2019-06-24T10:35:30.129+0000][1][safepoint    ] Total time for which application threads were stopped: 0.0002581 seconds, Stopping threads took: 0.0000865 seconds
[2019-06-24T10:35:31.129+0000][1][safepoint    ] Application time: 1.0002558 seconds
[2019-06-24T10:35:31.129+0000][1][safepoint    ] Entering safepoint region: Cleanup
[2019-06-24T10:35:31.129+0000][1][safepoint    ] Leaving safepoint region
[2019-06-24T10:35:31.129+0000][1][safepoint    ] Total time for which application threads were stopped: 0.0000936 seconds, Stopping threads took: 0.0000362 seconds
[2019-06-24T10:35:32.130+0000][1][safepoint    ] Application time: 1.0002591 seconds
[2019-06-24T10:35:32.130+0000][1][safepoint    ] Entering safepoint region: Cleanup
[2019-06-24T10:35:32.130+0000][1][safepoint    ] Leaving safepoint region
[2019-06-24T10:35:32.130+0000][1][safepoint    ] Total time for which application threads were stopped: 0.0002491 seconds, Stopping threads took: 0.0000759 seconds
[2019-06-24T10:35:33.130+0000][1][safepoint    ] Application time: 1.0001796 seconds
[2019-06-24T10:35:33.131+0000][1][safepoint    ] Entering safepoint region: Cleanup
[2019-06-24T10:35:33.131+0000][1][safepoint    ] Leaving safepoint region
[2019-06-24T10:35:33.131+0000][1][safepoint    ] Total time for which application threads were stopped: 0.0006581 seconds, Stopping threads took: 0.0002391 seconds
[2019-06-24T10:35:34.131+0000][1][safepoint    ] Application time: 1.0002119 seconds
[2019-06-24T10:35:34.131+0000][1][safepoint    ] Entering safepoint region: Cleanup
[2019-06-24T10:35:34.132+0000][1][safepoint    ] Leaving safepoint region
[2019-06-24T10:35:34.132+0000][1][safepoint    ] Total time for which application threads were stopped: 0.0002560 seconds, Stopping threads took: 0.0000810 seconds
[2019-06-24T10:35:35.132+0000][1][safepoint    ] Application time: 1.0001007 seconds
[2019-06-24T10:35:35.132+0000][1][safepoint    ] Entering safepoint region: Cleanup
[2019-06-24T10:35:35.132+0000][1][safepoint    ] Leaving safepoint region
[2019-06-24T10:35:35.132+0000][1][safepoint    ] Total time for which application threads were stopped: 0.0000866 seconds, Stopping threads took: 0.0000268 seconds
[2019-06-24T10:35:36.132+0000][1][safepoint    ] Application time: 1.0001294 seconds
[2019-06-24T10:35:36.132+0000][1][safepoint    ] Entering safepoint region: Cleanup
[2019-06-24T10:35:36.132+0000][1][safepoint    ] Leaving safepoint region
[2019-06-24T10:35:36.132+0000][1][safepoint    ] Total time for which application threads were stopped: 0.0002141 seconds, Stopping threads took: 0.0000639 seconds
[2019-06-24T10:35:37.133+0000][1][safepoint    ] Application time: 1.0001417 seconds
[2019-06-24T10:35:37.133+0000][1][safepoint    ] Entering safepoint region: Cleanup
[2019-06-24T10:35:37.133+0000][1][safepoint    ] Leaving safepoint region
[2019-06-24T10:35:37.133+0000][1][safepoint    ] Total time for which application threads were stopped: 0.0002138 seconds, Stopping threads took: 0.0000630 seconds
[2019-06-24T10:35:38.133+0000][1][safepoint    ] Application time: 1.0002288 seconds
[2019-06-24T10:35:38.133+0000][1][safepoint    ] Entering safepoint region: Cleanup
[2019-06-24T10:35:38.133+0000][1][safepoint    ] Leaving safepoint region
[2019-06-24T10:35:38.133+0000][1][safepoint    ] Total time for which application threads were stopped: 0.0002146 seconds, Stopping threads took: 0.0000636 seconds
[2019-06-24T10:35:39.134+0000][1][safepoint    ] Application time: 1.0001407 seconds
[2019-06-24T10:35:39.134+0000][1][safepoint    ] Entering safepoint region: Cleanup
[2019-06-24T10:35:39.134+0000][1][safepoint    ] Leaving safepoint region
[2019-06-24T10:35:39.134+0000][1][safepoint    ] Total time for which application threads were stopped: 0.0000887 seconds, Stopping threads took: 0.0000254 seconds
[2019-06-24T10:35:40.134+0000][1][safepoint    ] Application time: 1.0002346 seconds
[2019-06-24T10:35:40.134+0000][1][safepoint    ] Entering safepoint region: Cleanup
[2019-06-24T10:35:40.134+0000][1][safepoint    ] Leaving safepoint region
[2019-06-24T10:35:40.134+0000][1][safepoint    ] Total time for which application threads were stopped: 0.0002158 seconds, Stopping threads took: 0.0000631 seconds
[2019-06-24T10:35:41.135+0000][1][safepoint    ] Application time: 1.0002304 seconds
[2019-06-24T10:35:41.135+0000][1][safepoint    ] Entering safepoint region: Cleanup
[2019-06-24T10:35:41.135+0000][1][safepoint    ] Leaving safepoint region
[2019-06-24T10:35:41.135+0000][1][safepoint    ] Total time for which application threads were stopped: 0.0002116 seconds, Stopping threads took: 0.0000630 seconds
[2019-06-24T10:35:42.189+0000][1][safepoint    ] Application time: 1.0539087 seconds
[2019-06-24T10:35:42.189+0000][1][safepoint    ] Entering safepoint region: Cleanup
[2019-06-24T10:35:42.189+0000][1][safepoint    ] Leaving safepoint region
[2019-06-24T10:35:42.189+0000][1][safepoint    ] Total time for which application threads were stopped: 0.0000887 seconds, Stopping threads took: 0.0000240 seconds
[2019-06-24T10:35:43.189+0000][1][safepoint    ] Application time: 1.0002379 seconds
[2019-06-24T10:35:43.189+0000][1][safepoint    ] Entering safepoint region: Cleanup
[2019-06-24T10:35:43.190+0000][1][safepoint    ] Leaving safepoint region
[2019-06-24T10:35:43.190+0000][1][safepoint    ] Total time for which application threads were stopped: 0.0002112 seconds, Stopping threads took: 0.0000629 seconds
[2019-06-24T10:35:44.190+0000][1][safepoint    ] Application time: 1.0002651 seconds
[2019-06-24T10:35:44.190+0000][1][safepoint    ] Entering safepoint region: Cleanup
[2019-06-24T10:35:44.190+0000][1][safepoint    ] Leaving safepoint region
[2019-06-24T10:35:44.190+0000][1][safepoint    ] Total time for which application threads were stopped: 0.0002103 seconds, Stopping threads took: 0.0000629 seconds
[2019-06-24T10:35:45.191+0000][1][safepoint    ] Application time: 1.0003786 seconds
[2019-06-24T10:35:45.191+0000][1][safepoint    ] Entering safepoint region: Cleanup
[2019-06-24T10:35:45.191+0000][1][safepoint    ] Leaving safepoint region
[2019-06-24T10:35:45.191+0000][1][safepoint    ] Total time for which application threads were stopped: 0.0002433 seconds, Stopping threads took: 0.0000725 seconds
[2019-06-24T10:35:46.191+0000][1][safepoint    ] Application time: 1.0002582 seconds
[2019-06-24T10:35:46.191+0000][1][safepoint    ] Entering safepoint region: Cleanup
[2019-06-24T10:35:46.192+0000][1][safepoint    ] Leaving safepoint region
[2019-06-24T10:35:46.192+0000][1][safepoint    ] Total time for which application threads were stopped: 0.0002173 seconds, Stopping threads took: 0.0000626 seconds
[2019-06-24T10:35:47.192+0000][1][safepoint    ] Application time: 1.0002311 seconds
[2019-06-24T10:35:47.192+0000][1][safepoint    ] Entering safepoint region: Cleanup
[2019-06-24T10:35:47.192+0000][1][safepoint    ] Leaving safepoint region
[2019-06-24T10:35:47.192+0000][1][safepoint    ] Total time for which application threads were stopped: 0.0002138 seconds, Stopping threads took: 0.0000622 seconds
[2019-06-24T10:35:48.192+0000][1][safepoint    ] Application time: 1.0002173 seconds
[2019-06-24T10:35:48.193+0000][1][safepoint    ] Entering safepoint region: Cleanup
[2019-06-24T10:35:48.193+0000][1][safepoint    ] Leaving safepoint region
[2019-06-24T10:35:48.193+0000][1][safepoint    ] Total time for which application threads were stopped: 0.0002065 seconds, Stopping threads took: 0.0000599 seconds
[2019-06-24T10:35:49.193+0000][1][safepoint    ] Application time: 1.0001986 seconds
[2019-06-24T10:35:49.193+0000][1][safepoint    ] Entering safepoint region: Cleanup
[2019-06-24T10:35:49.193+0000][1][safepoint    ] Leaving safepoint region
[2019-06-24T10:35:49.193+0000][1][safepoint    ] Total time for which application threads were stopped: 0.0001731 seconds, Stopping threads took: 0.0000498 seconds
[2019-06-24T10:35:50.193+0000][1][safepoint    ] Application time: 1.0001860 seconds
[2019-06-24T10:35:50.194+0000][1][safepoint    ] Entering safepoint region: Cleanup
[2019-06-24T10:35:50.194+0000][1][safepoint    ] Leaving safepoint region
[2019-06-24T10:35:50.194+0000][1][safepoint    ] Total time for which application threads were stopped: 0.0002932 seconds, Stopping threads took: 0.0000674 seconds
[2019-06-24T10:35:51.194+0000][1][safepoint    ] Application time: 1.0001647 seconds
[2019-06-24T10:35:51.194+0000][1][safepoint    ] Entering safepoint region: Cleanup
[2019-06-24T10:35:51.195+0000][1][safepoint    ] Leaving safepoint region
[2019-06-24T10:35:51.195+0000][1][safepoint    ] Total time for which application threads were stopped: 0.0005967 seconds, Stopping threads took: 0.0003438 seconds
[2019-06-24T10:35:52.195+0000][1][safepoint    ] Application time: 1.0003021 seconds
[2019-06-24T10:35:52.195+0000][1][safepoint    ] Entering safepoint region: Cleanup
[2019-06-24T10:35:52.196+0000][1][safepoint    ] Leaving safepoint region
[2019-06-24T10:35:52.196+0000][1][safepoint    ] Total time for which application threads were stopped: 0.0003944 seconds, Stopping threads took: 0.0001337 seconds
[2019-06-24T10:35:53.196+0000][1][safepoint    ] Application time: 1.0002067 seconds
[2019-06-24T10:35:53.196+0000][1][safepoint    ] Entering safepoint region: Cleanup
[2019-06-24T10:35:53.196+0000][1][safepoint    ] Leaving safepoint region
[2019-06-24T10:35:53.196+0000][1][safepoint    ] Total time for which application threads were stopped: 0.0002885 seconds, Stopping threads took: 0.0001050 seconds
[2019-06-24T10:35:54.197+0000][1][safepoint    ] Application time: 1.0002756 seconds
[2019-06-24T10:35:54.197+0000][1][safepoint    ] Entering safepoint region: Cleanup
[2019-06-24T10:35:54.197+0000][1][safepoint    ] Leaving safepoint region
[2019-06-24T10:35:54.197+0000][1][safepoint    ] Total time for which application threads were stopped: 0.0002464 seconds, Stopping threads took: 0.0000902 seconds
[2019-06-24T10:35:55.197+0000][1][safepoint    ] Application time: 1.0002468 seconds
[2019-06-24T10:35:55.198+0000][1][safepoint    ] Entering safepoint region: Cleanup
[2019-06-24T10:35:55.198+0000][1][safepoint    ] Leaving safepoint region
[2019-06-24T10:35:55.198+0000][1][safepoint    ] Total time for which application threads were stopped: 0.0002138 seconds, Stopping threads took: 0.0000622 seconds
[2019-06-24T10:35:56.198+0000][1][safepoint    ] Application time: 1.0002710 seconds
[2019-06-24T10:35:56.198+0000][1][safepoint    ] Entering safepoint region: Cleanup
[2019-06-24T10:35:56.198+0000][1][safepoint    ] Leaving safepoint region
[2019-06-24T10:35:56.198+0000][1][safepoint    ] Total time for which application threads were stopped: 0.0002186 seconds, Stopping threads took: 0.0000635 seconds
[2019-06-24T10:35:57.199+0000][1][safepoint    ] Application time: 1.0002698 seconds
[2019-06-24T10:35:57.199+0000][1][safepoint    ] Entering safepoint region: Cleanup
[2019-06-24T10:35:57.199+0000][1][safepoint    ] Leaving safepoint region
[2019-06-24T10:35:57.199+0000][1][safepoint    ] Total time for which application threads were stopped: 0.0002114 seconds, Stopping threads took: 0.0000624 seconds
[2019-06-24T10:35:58.199+0000][1][safepoint    ] Application time: 1.0001920 seconds
[2019-06-24T10:35:58.199+0000][1][safepoint    ] Entering safepoint region: Cleanup
[2019-06-24T10:35:58.199+0000][1][safepoint    ] Leaving safepoint region
[2019-06-24T10:35:58.200+0000][1][safepoint    ] Total time for which application threads were stopped: 0.0003317 seconds, Stopping threads took: 0.0000646 seconds
[2019-06-24T10:36:00.103+0000][1][safepoint    ] Application time: 1.9030673 seconds
[2019-06-24T10:36:00.103+0000][1][safepoint    ] Entering safepoint region: Cleanup
[2019-06-24T10:36:00.103+0000][1][safepoint    ] Leaving safepoint region
[2019-06-24T10:36:00.103+0000][1][safepoint    ] Total time for which application threads were stopped: 0.0001884 seconds, Stopping threads took: 0.0000576 seconds
[2019-06-24T10:36:01.103+0000][1][safepoint    ] Application time: 1.0002289 seconds
[2019-06-24T10:36:01.103+0000][1][safepoint    ] Entering safepoint region: Cleanup
[2019-06-24T10:36:01.104+0000][1][safepoint    ] Leaving safepoint region
[2019-06-24T10:36:01.104+0000][1][safepoint    ] Total time for which application threads were stopped: 0.0002117 seconds, Stopping threads took: 0.0000643 seconds
[2019-06-24T10:36:02.104+0000][1][safepoint    ] Application time: 1.0001504 seconds
[2019-06-24T10:36:02.104+0000][1][safepoint    ] Entering safepoint region: Cleanup
[2019-06-24T10:36:02.104+0000][1][safepoint    ] Leaving safepoint region
[2019-06-24T10:36:02.104+0000][1][safepoint    ] Total time for which application threads were stopped: 0.0002096 seconds, Stopping threads took: 0.0000649 seconds
[2019-06-24T10:36:03.104+0000][1][safepoint    ] Application time: 1.0002676 seconds
[2019-06-24T10:36:03.105+0000][1][safepoint    ] Entering safepoint region: Cleanup
[2019-06-24T10:36:03.105+0000][1][safepoint    ] Leaving safepoint region
[2019-06-24T10:36:03.105+0000][1][safepoint    ] Total time for which application threads were stopped: 0.0002459 seconds, Stopping threads took: 0.0000958 seconds
[2019-06-24T10:36:04.105+0000][1][safepoint    ] Application time: 1.0002604 seconds
[2019-06-24T10:36:04.105+0000][1][safepoint    ] Entering safepoint region: Cleanup
[2019-06-24T10:36:04.105+0000][1][safepoint    ] Leaving safepoint region
[2019-06-24T10:36:04.105+0000][1][safepoint    ] Total time for which application threads were stopped: 0.0002104 seconds, Stopping threads took: 0.0000620 seconds
[2019-06-24T10:36:05.106+0000][1][safepoint    ] Application time: 1.0001614 seconds
[2019-06-24T10:36:05.106+0000][1][safepoint    ] Entering safepoint region: Cleanup
[2019-06-24T10:36:05.106+0000][1][safepoint    ] Leaving safepoint region
[2019-06-24T10:36:05.106+0000][1][safepoint    ] Total time for which application threads were stopped: 0.0002126 seconds, Stopping threads took: 0.0000738 seconds
[2019-06-24T10:36:06.106+0000][1][safepoint    ] Application time: 1.0002572 seconds
[2019-06-24T10:36:06.106+0000][1][safepoint    ] Entering safepoint region: Cleanup
[2019-06-24T10:36:06.106+0000][1][safepoint    ] Leaving safepoint region
[2019-06-24T10:36:06.107+0000][1][safepoint    ] Total time for which application threads were stopped: 0.0002726 seconds, Stopping threads took: 0.0000613 seconds
[2019-06-24T10:36:07.107+0000][1][safepoint    ] Application time: 1.0001747 seconds
[2019-06-24T10:36:07.107+0000][1][safepoint    ] Entering safepoint region: Cleanup
[2019-06-24T10:36:07.107+0000][1][safepoint    ] Leaving safepoint region
[2019-06-24T10:36:07.107+0000][1][safepoint    ] Total time for which application threads were stopped: 0.0003037 seconds, Stopping threads took: 0.0000875 seconds
[2019-06-24T10:36:08.107+0000][1][safepoint    ] Application time: 1.0002355 seconds
[2019-06-24T10:36:08.108+0000][1][safepoint    ] Entering safepoint region: Cleanup
[2019-06-24T10:36:08.108+0000][1][safepoint    ] Leaving safepoint region
[2019-06-24T10:36:08.108+0000][1][safepoint    ] Total time for which application threads were stopped: 0.0002124 seconds, Stopping threads took: 0.0000630 seconds
[2019-06-24T10:36:09.108+0000][1][safepoint    ] Application time: 1.0002540 seconds
[2019-06-24T10:36:09.108+0000][1][safepoint    ] Entering safepoint region: Cleanup
[2019-06-24T10:36:09.108+0000][1][safepoint    ] Leaving safepoint region
[2019-06-24T10:36:09.108+0000][1][safepoint    ] Total time for which application threads were stopped: 0.0002082 seconds, Stopping threads took: 0.0000609 seconds
[2019-06-24T10:36:10.109+0000][1][safepoint    ] Application time: 1.0001864 seconds
[2019-06-24T10:36:10.109+0000][1][safepoint    ] Entering safepoint region: Cleanup
[2019-06-24T10:36:10.109+0000][1][safepoint    ] Leaving safepoint region
[2019-06-24T10:36:10.109+0000][1][safepoint    ] Total time for which application threads were stopped: 0.0002330 seconds, Stopping threads took: 0.0000651 seconds
[2019-06-24T10:36:11.109+0000][1][safepoint    ] Application time: 1.0001521 seconds
[2019-06-24T10:36:11.109+0000][1][safepoint    ] Entering safepoint region: Cleanup
[2019-06-24T10:36:11.109+0000][1][safepoint    ] Leaving safepoint region
[2019-06-24T10:36:11.109+0000][1][safepoint    ] Total time for which application threads were stopped: 0.0000985 seconds, Stopping threads took: 0.0000276 seconds
[2019-06-24T10:36:12.109+0000][1][safepoint    ] Application time: 1.0001817 seconds
[2019-06-24T10:36:12.110+0000][1][safepoint    ] Entering safepoint region: Cleanup
[2019-06-24T10:36:12.110+0000][1][safepoint    ] Leaving safepoint region
[2019-06-24T10:36:12.110+0000][1][safepoint    ] Total time for which application threads were stopped: 0.0002136 seconds, Stopping threads took: 0.0000631 seconds
[2019-06-24T10:36:13.110+0000][1][safepoint    ] Application time: 1.0002826 seconds
[2019-06-24T10:36:13.110+0000][1][safepoint    ] Entering safepoint region: Cleanup
[2019-06-24T10:36:13.111+0000][1][safepoint    ] Leaving safepoint region
[2019-06-24T10:36:13.111+0000][1][safepoint    ] Total time for which application threads were stopped: 0.0004216 seconds, Stopping threads took: 0.0001233 seconds
[2019-06-24T10:36:14.111+0000][1][safepoint    ] Application time: 1.0001366 seconds
[2019-06-24T10:36:14.111+0000][1][safepoint    ] Entering safepoint region: Cleanup
[2019-06-24T10:36:14.111+0000][1][safepoint    ] Leaving safepoint region
[2019-06-24T10:36:14.111+0000][1][safepoint    ] Total time for which application threads were stopped: 0.0000833 seconds, Stopping threads took: 0.0000235 seconds
[2019-06-24T10:36:15.111+0000][1][safepoint    ] Application time: 1.0001199 seconds
[2019-06-24T10:36:15.111+0000][1][safepoint    ] Entering safepoint region: Cleanup
[2019-06-24T10:36:15.111+0000][1][safepoint    ] Leaving safepoint region
[2019-06-24T10:36:15.111+0000][1][safepoint    ] Total time for which application threads were stopped: 0.0002410 seconds, Stopping threads took: 0.0000883 seconds
[2019-06-24T10:36:16.112+0000][1][safepoint    ] Application time: 1.0003077 seconds
[2019-06-24T10:36:16.112+0000][1][safepoint    ] Entering safepoint region: Cleanup
[2019-06-24T10:36:16.112+0000][1][safepoint    ] Leaving safepoint region
[2019-06-24T10:36:16.112+0000][1][safepoint    ] Total time for which application threads were stopped: 0.0001203 seconds, Stopping threads took: 0.0000336 seconds
[2019-06-24T10:36:17.112+0000][1][safepoint    ] Application time: 1.0001649 seconds
[2019-06-24T10:36:17.112+0000][1][safepoint    ] Entering safepoint region: Cleanup
[2019-06-24T10:36:17.112+0000][1][safepoint    ] Leaving safepoint region
[2019-06-24T10:36:17.112+0000][1][safepoint    ] Total time for which application threads were stopped: 0.0002174 seconds, Stopping threads took: 0.0000639 seconds
[2019-06-24T10:36:18.113+0000][1][safepoint    ] Application time: 1.0002738 seconds
[2019-06-24T10:36:18.113+0000][1][safepoint    ] Entering safepoint region: Cleanup
[2019-06-24T10:36:18.113+0000][1][safepoint    ] Leaving safepoint region
[2019-06-24T10:36:18.113+0000][1][safepoint    ] Total time for which application threads were stopped: 0.0002894 seconds, Stopping threads took: 0.0000918 seconds
[2019-06-24T10:36:19.113+0000][1][safepoint    ] Application time: 1.0001567 seconds
[2019-06-24T10:36:19.113+0000][1][safepoint    ] Entering safepoint region: Cleanup
[2019-06-24T10:36:19.113+0000][1][safepoint    ] Leaving safepoint region
[2019-06-24T10:36:19.113+0000][1][safepoint    ] Total time for which application threads were stopped: 0.0001006 seconds, Stopping threads took: 0.0000288 seconds
[2019-06-24T10:36:20.114+0000][1][safepoint    ] Application time: 1.0003020 seconds
[2019-06-24T10:36:20.114+0000][1][safepoint    ] Entering safepoint region: Cleanup
[2019-06-24T10:36:20.114+0000][1][safepoint    ] Leaving safepoint region
[2019-06-24T10:36:20.114+0000][1][safepoint    ] Total time for which application threads were stopped: 0.0000961 seconds, Stopping threads took: 0.0000263 seconds
[2019-06-24T10:36:21.114+0000][1][safepoint    ] Application time: 1.0002603 seconds
[2019-06-24T10:36:21.114+0000][1][safepoint    ] Entering safepoint region: Cleanup
[2019-06-24T10:36:21.115+0000][1][safepoint    ] Leaving safepoint region
[2019-06-24T10:36:21.115+0000][1][safepoint    ] Total time for which application threads were stopped: 0.0004495 seconds, Stopping threads took: 0.0002188 seconds
[2019-06-24T10:36:22.115+0000][1][safepoint    ] Application time: 1.0002341 seconds
[2019-06-24T10:36:22.115+0000][1][safepoint    ] Entering safepoint region: Cleanup
[2019-06-24T10:36:22.115+0000][1][safepoint    ] Leaving safepoint region
[2019-06-24T10:36:22.115+0000][1][safepoint    ] Total time for which application threads were stopped: 0.0002874 seconds, Stopping threads took: 0.0001080 seconds
[2019-06-24T10:36:23.116+0000][1][safepoint    ] Application time: 1.0001927 seconds
[2019-06-24T10:36:23.116+0000][1][safepoint    ] Entering safepoint region: Cleanup
[2019-06-24T10:36:23.117+0000][1][safepoint    ] Leaving safepoint region
[2019-06-24T10:36:23.117+0000][1][safepoint    ] Total time for which application threads were stopped: 0.0012089 seconds, Stopping threads took: 0.0009310 seconds
[2019-06-24T10:36:24.245+0000][1][safepoint    ] Application time: 1.1283744 seconds
[2019-06-24T10:36:24.246+0000][1][safepoint    ] Entering safepoint region: Cleanup
[2019-06-24T10:36:24.246+0000][1][safepoint    ] Leaving safepoint region
[2019-06-24T10:36:24.246+0000][1][safepoint    ] Total time for which application threads were stopped: 0.0002675 seconds, Stopping threads took: 0.0000638 seconds
[2019-06-24T10:36:25.246+0000][1][safepoint    ] Application time: 1.0002626 seconds
[2019-06-24T10:36:25.246+0000][1][safepoint    ] Entering safepoint region: Cleanup
[2019-06-24T10:36:25.246+0000][1][safepoint    ] Leaving safepoint region
[2019-06-24T10:36:25.247+0000][1][safepoint    ] Total time for which application threads were stopped: 0.0003025 seconds, Stopping threads took: 0.0000630 seconds
[2019-06-24T10:36:26.247+0000][1][safepoint    ] Application time: 1.0001774 seconds
[2019-06-24T10:36:26.247+0000][1][safepoint    ] Entering safepoint region: Cleanup
[2019-06-24T10:36:26.247+0000][1][safepoint    ] Leaving safepoint region
[2019-06-24T10:36:26.247+0000][1][safepoint    ] Total time for which application threads were stopped: 0.0002554 seconds, Stopping threads took: 0.0000650 seconds
[2019-06-24T10:36:27.247+0000][1][safepoint    ] Application time: 1.0001283 seconds
[2019-06-24T10:36:27.247+0000][1][safepoint    ] Entering safepoint region: Cleanup
[2019-06-24T10:36:27.248+0000][1][safepoint    ] Leaving safepoint region
[2019-06-24T10:36:27.248+0000][1][safepoint    ] Total time for which application threads were stopped: 0.0002342 seconds, Stopping threads took: 0.0000607 seconds
[2019-06-24T10:36:28.248+0000][1][safepoint    ] Application time: 1.0001899 seconds
[2019-06-24T10:36:28.248+0000][1][safepoint    ] Entering safepoint region: Cleanup
[2019-06-24T10:36:28.249+0000][1][safepoint    ] Leaving safepoint region
[2019-06-24T10:36:28.249+0000][1][safepoint    ] Total time for which application threads were stopped: 0.0010877 seconds, Stopping threads took: 0.0008438 seconds
[2019-06-24T10:36:29.249+0000][1][safepoint    ] Application time: 1.0002238 seconds
[2019-06-24T10:36:29.249+0000][1][safepoint    ] Entering safepoint region: Cleanup
[2019-06-24T10:36:29.250+0000][1][safepoint    ] Leaving safepoint region
[2019-06-24T10:36:29.250+0000][1][safepoint    ] Total time for which application threads were stopped: 0.0002056 seconds, Stopping threads took: 0.0000617 seconds
[2019-06-24T10:36:30.250+0000][1][safepoint    ] Application time: 1.0002922 seconds
[2019-06-24T10:36:30.250+0000][1][safepoint    ] Entering safepoint region: Cleanup
[2019-06-24T10:36:30.251+0000][1][safepoint    ] Leaving safepoint region
[2019-06-24T10:36:30.251+0000][1][safepoint    ] Total time for which application threads were stopped: 0.0005375 seconds, Stopping threads took: 0.0001203 seconds
[2019-06-24T10:36:31.251+0000][1][safepoint    ] Application time: 1.0001854 seconds
[2019-06-24T10:36:31.251+0000][1][safepoint    ] Entering safepoint region: Cleanup
[2019-06-24T10:36:31.251+0000][1][safepoint    ] Leaving safepoint region
[2019-06-24T10:36:31.251+0000][1][safepoint    ] Total time for which application threads were stopped: 0.0003290 seconds, Stopping threads took: 0.0000734 seconds
[2019-06-24T10:36:32.252+0000][1][safepoint    ] Application time: 1.0002761 seconds
[2019-06-24T10:36:32.252+0000][1][safepoint    ] Entering safepoint region: Cleanup
[2019-06-24T10:36:32.252+0000][1][safepoint    ] Leaving safepoint region
[2019-06-24T10:36:32.252+0000][1][safepoint    ] Total time for which application threads were stopped: 0.0002844 seconds, Stopping threads took: 0.0000636 seconds
[2019-06-24T10:36:33.252+0000][1][safepoint    ] Application time: 1.0002750 seconds
[2019-06-24T10:36:33.253+0000][1][safepoint    ] Entering safepoint region: Cleanup
[2019-06-24T10:36:33.254+0000][1][safepoint    ] Leaving safepoint region
[2019-06-24T10:36:33.254+0000][1][safepoint    ] Total time for which application threads were stopped: 0.0012127 seconds, Stopping threads took: 0.0009792 seconds
[2019-06-24T10:36:34.254+0000][1][safepoint    ] Application time: 1.0002671 seconds
[2019-06-24T10:36:34.254+0000][1][safepoint    ] Entering safepoint region: Cleanup
[2019-06-24T10:36:34.254+0000][1][safepoint    ] Leaving safepoint region
[2019-06-24T10:36:34.254+0000][1][safepoint    ] Total time for which application threads were stopped: 0.0002134 seconds, Stopping threads took: 0.0000620 seconds
[2019-06-24T10:36:35.255+0000][1][safepoint    ] Application time: 1.0002278 seconds
[2019-06-24T10:36:35.255+0000][1][safepoint    ] Entering safepoint region: Cleanup
[2019-06-24T10:36:35.255+0000][1][safepoint    ] Leaving safepoint region
[2019-06-24T10:36:35.255+0000][1][safepoint    ] Total time for which application threads were stopped: 0.0003677 seconds, Stopping threads took: 0.0001528 seconds
[2019-06-24T10:36:36.255+0000][1][safepoint    ] Application time: 1.0002768 seconds
[2019-06-24T10:36:36.256+0000][1][safepoint    ] Entering safepoint region: Cleanup
[2019-06-24T10:36:36.256+0000][1][safepoint    ] Leaving safepoint region
[2019-06-24T10:36:36.256+0000][1][safepoint    ] Total time for which application threads were stopped: 0.0002206 seconds, Stopping threads took: 0.0000653 seconds
[2019-06-24T10:36:37.256+0000][1][safepoint    ] Application time: 1.0001823 seconds
[2019-06-24T10:36:37.256+0000][1][safepoint    ] Entering safepoint region: Cleanup
[2019-06-24T10:36:37.256+0000][1][safepoint    ] Leaving safepoint region
[2019-06-24T10:36:37.256+0000][1][safepoint    ] Total time for which application threads were stopped: 0.0002087 seconds, Stopping threads took: 0.0000615 seconds
[2019-06-24T10:36:38.259+0000][1][safepoint    ] Application time: 1.0024033 seconds
[2019-06-24T10:36:38.259+0000][1][safepoint    ] Entering safepoint region: Cleanup
[2019-06-24T10:36:38.259+0000][1][safepoint    ] Leaving safepoint region
[2019-06-24T10:36:38.259+0000][1][safepoint    ] Total time for which application threads were stopped: 0.0003141 seconds, Stopping threads took: 0.0000877 seconds
[2019-06-24T10:36:39.259+0000][1][safepoint    ] Application time: 1.0002032 seconds
[2019-06-24T10:36:39.260+0000][1][safepoint    ] Entering safepoint region: Cleanup
[2019-06-24T10:36:39.260+0000][1][safepoint    ] Leaving safepoint region
[2019-06-24T10:36:39.260+0000][1][safepoint    ] Total time for which application threads were stopped: 0.0002218 seconds, Stopping threads took: 0.0000659 seconds
[2019-06-24T10:36:40.260+0000][1][safepoint    ] Application time: 1.0002360 seconds
[2019-06-24T10:36:40.260+0000][1][safepoint    ] Entering safepoint region: Cleanup
[2019-06-24T10:36:40.260+0000][1][safepoint    ] Leaving safepoint region
[2019-06-24T10:36:40.260+0000][1][safepoint    ] Total time for which application threads were stopped: 0.0002162 seconds, Stopping threads took: 0.0000621 seconds
[2019-06-24T10:36:41.261+0000][1][safepoint    ] Application time: 1.0002566 seconds
[2019-06-24T10:36:41.261+0000][1][safepoint    ] Entering safepoint region: Cleanup
[2019-06-24T10:36:41.261+0000][1][safepoint    ] Leaving safepoint region
[2019-06-24T10:36:41.261+0000][1][safepoint    ] Total time for which application threads were stopped: 0.0001932 seconds, Stopping threads took: 0.0000565 seconds
[2019-06-24T10:36:42.261+0000][1][safepoint    ] Application time: 1.0002123 seconds
[2019-06-24T10:36:42.261+0000][1][safepoint    ] Entering safepoint region: Cleanup
[2019-06-24T10:36:42.261+0000][1][safepoint    ] Leaving safepoint region
[2019-06-24T10:36:42.261+0000][1][safepoint    ] Total time for which application threads were stopped: 0.0001897 seconds, Stopping threads took: 0.0000554 seconds
[2019-06-24T10:36:43.262+0000][1][safepoint    ] Application time: 1.0002508 seconds
[2019-06-24T10:36:43.262+0000][1][safepoint    ] Entering safepoint region: Cleanup
[2019-06-24T10:36:43.262+0000][1][safepoint    ] Leaving safepoint region
[2019-06-24T10:36:43.262+0000][1][safepoint    ] Total time for which application threads were stopped: 0.0003508 seconds, Stopping threads took: 0.0000669 seconds
[2019-06-24T10:36:44.262+0000][1][safepoint    ] Application time: 1.0001416 seconds
[2019-06-24T10:36:44.263+0000][1][safepoint    ] Entering safepoint region: Cleanup
[2019-06-24T10:36:44.263+0000][1][safepoint    ] Leaving safepoint region
[2019-06-24T10:36:44.263+0000][1][safepoint    ] Total time for which application threads were stopped: 0.0002979 seconds, Stopping threads took: 0.0000678 seconds
[2019-06-24T10:36:45.263+0000][1][safepoint    ] Application time: 1.0001750 seconds
[2019-06-24T10:36:45.263+0000][1][safepoint    ] Entering safepoint region: Cleanup
[2019-06-24T10:36:45.264+0000][1][safepoint    ] Leaving safepoint region
[2019-06-24T10:36:45.264+0000][1][safepoint    ] Total time for which application threads were stopped: 0.0004074 seconds, Stopping threads took: 0.0001800 seconds
[2019-06-24T10:36:46.264+0000][1][safepoint    ] Application time: 1.0002660 seconds
[2019-06-24T10:36:46.264+0000][1][safepoint    ] Entering safepoint region: Cleanup
[2019-06-24T10:36:46.264+0000][1][safepoint    ] Leaving safepoint region
[2019-06-24T10:36:46.264+0000][1][safepoint    ] Total time for which application threads were stopped: 0.0003639 seconds, Stopping threads took: 0.0000843 seconds
[2019-06-24T10:36:47.265+0000][1][safepoint    ] Application time: 1.0003248 seconds
[2019-06-24T10:36:47.265+0000][1][safepoint    ] Entering safepoint region: Cleanup
[2019-06-24T10:36:47.265+0000][1][safepoint    ] Leaving safepoint region
[2019-06-24T10:36:47.265+0000][1][safepoint    ] Total time for which application threads were stopped: 0.0002112 seconds, Stopping threads took: 0.0000614 seconds
[2019-06-24T10:36:48.265+0000][1][safepoint    ] Application time: 1.0001351 seconds
[2019-06-24T10:36:48.265+0000][1][safepoint    ] Entering safepoint region: Cleanup
[2019-06-24T10:36:48.265+0000][1][safepoint    ] Leaving safepoint region
[2019-06-24T10:36:48.266+0000][1][safepoint    ] Total time for which application threads were stopped: 0.0001732 seconds, Stopping threads took: 0.0000499 seconds
[2019-06-24T10:36:49.266+0000][1][safepoint    ] Application time: 1.0001734 seconds
[2019-06-24T10:36:49.266+0000][1][safepoint    ] Entering safepoint region: Cleanup
[2019-06-24T10:36:49.266+0000][1][safepoint    ] Leaving safepoint region
[2019-06-24T10:36:49.266+0000][1][safepoint    ] Total time for which application threads were stopped: 0.0002206 seconds, Stopping threads took: 0.0000565 seconds
[2019-06-24T10:36:50.266+0000][1][safepoint    ] Application time: 1.0001075 seconds
[2019-06-24T10:36:50.266+0000][1][safepoint    ] Entering safepoint region: Cleanup
[2019-06-24T10:36:50.266+0000][1][safepoint    ] Leaving safepoint region
[2019-06-24T10:36:50.266+0000][1][safepoint    ] Total time for which application threads were stopped: 0.0001391 seconds, Stopping threads took: 0.0000324 seconds
[2019-06-24T10:36:51.267+0000][1][safepoint    ] Application time: 1.0001837 seconds
[2019-06-24T10:36:51.267+0000][1][safepoint    ] Entering safepoint region: Cleanup
[2019-06-24T10:36:51.267+0000][1][safepoint    ] Leaving safepoint region
[2019-06-24T10:36:51.267+0000][1][safepoint    ] Total time for which application threads were stopped: 0.0001661 seconds, Stopping threads took: 0.0000626 seconds
[2019-06-24T10:36:52.267+0000][1][safepoint    ] Application time: 1.0001887 seconds
[2019-06-24T10:36:52.267+0000][1][safepoint    ] Entering safepoint region: Cleanup
[2019-06-24T10:36:52.267+0000][1][safepoint    ] Leaving safepoint region
[2019-06-24T10:36:52.267+0000][1][safepoint    ] Total time for which application threads were stopped: 0.0002258 seconds, Stopping threads took: 0.0000665 seconds
[2019-06-24T10:36:53.268+0000][1][safepoint    ] Application time: 1.0002468 seconds
[2019-06-24T10:36:53.268+0000][1][safepoint    ] Entering safepoint region: Cleanup
[2019-06-24T10:36:53.268+0000][1][safepoint    ] Leaving safepoint region
[2019-06-24T10:36:53.268+0000][1][safepoint    ] Total time for which application threads were stopped: 0.0001009 seconds, Stopping threads took: 0.0000255 seconds
[2019-06-24T10:36:54.268+0000][1][safepoint    ] Application time: 1.0001793 seconds
[2019-06-24T10:36:54.268+0000][1][safepoint    ] Entering safepoint region: Cleanup
[2019-06-24T10:36:54.268+0000][1][safepoint    ] Leaving safepoint region
[2019-06-24T10:36:54.268+0000][1][safepoint    ] Total time for which application threads were stopped: 0.0002919 seconds, Stopping threads took: 0.0000631 seconds
[2019-06-24T10:36:55.269+0000][1][safepoint    ] Application time: 1.0002530 seconds
[2019-06-24T10:36:55.269+0000][1][safepoint    ] Entering safepoint region: Cleanup
[2019-06-24T10:36:55.269+0000][1][safepoint    ] Leaving safepoint region
[2019-06-24T10:36:55.269+0000][1][safepoint    ] Total time for which application threads were stopped: 0.0002864 seconds, Stopping threads took: 0.0000629 seconds
[2019-06-24T10:36:56.269+0000][1][safepoint    ] Application time: 1.0002353 seconds
[2019-06-24T10:36:56.269+0000][1][safepoint    ] Entering safepoint region: Cleanup
[2019-06-24T10:36:56.270+0000][1][safepoint    ] Leaving safepoint region
[2019-06-24T10:36:56.270+0000][1][safepoint    ] Total time for which application threads were stopped: 0.0001835 seconds, Stopping threads took: 0.0000426 seconds
[2019-06-24T10:36:57.270+0000][1][safepoint    ] Application time: 1.0002007 seconds
[2019-06-24T10:36:57.270+0000][1][safepoint    ] Entering safepoint region: Cleanup
[2019-06-24T10:36:57.270+0000][1][safepoint    ] Leaving safepoint region
[2019-06-24T10:36:57.270+0000][1][safepoint    ] Total time for which application threads were stopped: 0.0002158 seconds, Stopping threads took: 0.0000620 seconds
[2019-06-24T10:36:58.270+0000][1][safepoint    ] Application time: 1.0001340 seconds
[2019-06-24T10:36:58.271+0000][1][safepoint    ] Entering safepoint region: Cleanup
[2019-06-24T10:36:58.271+0000][1][safepoint    ] Leaving safepoint region
[2019-06-24T10:36:58.271+0000][1][safepoint    ] Total time for which application threads were stopped: 0.0002709 seconds, Stopping threads took: 0.0001262 seconds
[2019-06-24T10:36:59.271+0000][1][safepoint    ] Application time: 1.0001415 seconds
[2019-06-24T10:36:59.271+0000][1][safepoint    ] Entering safepoint region: Cleanup
[2019-06-24T10:36:59.271+0000][1][safepoint    ] Leaving safepoint region
[2019-06-24T10:36:59.271+0000][1][safepoint    ] Total time for which application threads were stopped: 0.0001012 seconds, Stopping threads took: 0.0000295 seconds
[2019-06-24T10:37:00.271+0000][1][safepoint    ] Application time: 1.0002253 seconds
[2019-06-24T10:37:00.271+0000][1][safepoint    ] Entering safepoint region: Cleanup
[2019-06-24T10:37:00.272+0000][1][safepoint    ] Leaving safepoint region
[2019-06-24T10:37:00.272+0000][1][safepoint    ] Total time for which application threads were stopped: 0.0002168 seconds, Stopping threads took: 0.0000635 seconds
[2019-06-24T10:37:01.272+0000][1][safepoint    ] Application time: 1.0002846 seconds
[2019-06-24T10:37:01.272+0000][1][safepoint    ] Entering safepoint region: Cleanup
[2019-06-24T10:37:01.272+0000][1][safepoint    ] Leaving safepoint region
[2019-06-24T10:37:01.272+0000][1][safepoint    ] Total time for which application threads were stopped: 0.0003682 seconds, Stopping threads took: 0.0001796 seconds
[2019-06-24T10:37:02.273+0000][1][safepoint    ] Application time: 1.0002670 seconds
[2019-06-24T10:37:02.273+0000][1][safepoint    ] Entering safepoint region: Cleanup
[2019-06-24T10:37:02.273+0000][1][safepoint    ] Leaving safepoint region
[2019-06-24T10:37:02.273+0000][1][safepoint    ] Total time for which application threads were stopped: 0.0002180 seconds, Stopping threads took: 0.0000646 seconds
[2019-06-24T10:37:03.273+0000][1][safepoint    ] Application time: 1.0002650 seconds
[2019-06-24T10:37:03.274+0000][1][safepoint    ] Entering safepoint region: Cleanup
[2019-06-24T10:37:03.274+0000][1][safepoint    ] Leaving safepoint region
[2019-06-24T10:37:03.274+0000][1][safepoint    ] Total time for which application threads were stopped: 0.0002185 seconds, Stopping threads took: 0.0000644 seconds
[2019-06-24T10:37:04.242+0000][1][safepoint    ] Application time: 0.9678028 seconds
[2019-06-24T10:37:04.242+0000][1][safepoint    ] Entering safepoint region: GenCollectForAllocation
[2019-06-24T10:37:04.242+0000][1][gc,start     ] GC(37) Pause Young (Allocation Failure)
[2019-06-24T10:37:04.242+0000][1][gc,task      ] GC(37) Using 5 workers of 8 for evacuation
[2019-06-24T10:37:04.245+0000][1][gc,age       ] GC(37) Desired survivor size 4456448 bytes, new threshold 6 (max threshold 6)
[2019-06-24T10:37:04.245+0000][1][gc,age       ] GC(37) Age table with threshold 6 (max threshold 6)
[2019-06-24T10:37:04.245+0000][1][gc,age       ] GC(37) - age   1:       5136 bytes,       5136 total
[2019-06-24T10:37:04.245+0000][1][gc,age       ] GC(37) - age   2:         56 bytes,       5192 total
[2019-06-24T10:37:04.245+0000][1][gc,age       ] GC(37) - age   3:       1424 bytes,       6616 total
[2019-06-24T10:37:04.245+0000][1][gc,age       ] GC(37) - age   4:        216 bytes,       6832 total
[2019-06-24T10:37:04.245+0000][1][gc,age       ] GC(37) - age   5:       2160 bytes,       8992 total
[2019-06-24T10:37:04.245+0000][1][gc,age       ] GC(37) - age   6:        840 bytes,       9832 total
[2019-06-24T10:37:04.245+0000][1][gc,heap      ] GC(37) ParNew: 69968K->14K(78656K)
[2019-06-24T10:37:04.245+0000][1][gc,heap      ] GC(37) CMS: 69763K->69764K(174784K)
[2019-06-24T10:37:04.245+0000][1][gc,metaspace ] GC(37) Metaspace: 68028K->68028K(1112064K)
[2019-06-24T10:37:04.245+0000][1][gc           ] GC(37) Pause Young (Allocation Failure) 136M->68M(247M) 2.974ms
[2019-06-24T10:37:04.245+0000][1][gc,cpu       ] GC(37) User=0.01s Sys=0.00s Real=0.01s
[2019-06-24T10:37:04.245+0000][1][safepoint    ] Leaving safepoint region
[2019-06-24T10:37:04.245+0000][1][safepoint    ] Total time for which application threads were stopped: 0.0034817 seconds, Stopping threads took: 0.0000991 seconds
[2019-06-24T10:37:05.246+0000][1][safepoint    ] Application time: 1.0002870 seconds
[2019-06-24T10:37:05.246+0000][1][safepoint    ] Entering safepoint region: Cleanup
[2019-06-24T10:37:05.246+0000][1][safepoint    ] Leaving safepoint region
[2019-06-24T10:37:05.246+0000][1][safepoint    ] Total time for which application threads were stopped: 0.0002987 seconds, Stopping threads took: 0.0000652 seconds
[2019-06-24T10:37:06.246+0000][1][safepoint    ] Application time: 1.0003045 seconds
[2019-06-24T10:37:06.246+0000][1][safepoint    ] Entering safepoint region: Cleanup
[2019-06-24T10:37:06.247+0000][1][safepoint    ] Leaving safepoint region
[2019-06-24T10:37:06.247+0000][1][safepoint    ] Total time for which application threads were stopped: 0.0004369 seconds, Stopping threads took: 0.0001738 seconds
[2019-06-24T10:37:07.247+0000][1][safepoint    ] Application time: 1.0002895 seconds
[2019-06-24T10:37:07.247+0000][1][safepoint    ] Entering safepoint region: Cleanup
[2019-06-24T10:37:07.248+0000][1][safepoint    ] Leaving safepoint region
[2019-06-24T10:37:07.248+0000][1][safepoint    ] Total time for which application threads were stopped: 0.0003772 seconds, Stopping threads took: 0.0001755 seconds
[2019-06-24T10:37:08.248+0000][1][safepoint    ] Application time: 1.0002744 seconds
[2019-06-24T10:37:08.248+0000][1][safepoint    ] Entering safepoint region: Cleanup
[2019-06-24T10:37:08.249+0000][1][safepoint    ] Leaving safepoint region
[2019-06-24T10:37:08.249+0000][1][safepoint    ] Total time for which application threads were stopped: 0.0004683 seconds, Stopping threads took: 0.0002897 seconds
[2019-06-24T10:37:09.249+0000][1][safepoint    ] Application time: 1.0003320 seconds
[2019-06-24T10:37:09.249+0000][1][safepoint    ] Entering safepoint region: Cleanup
[2019-06-24T10:37:09.249+0000][1][safepoint    ] Leaving safepoint region
[2019-06-24T10:37:09.249+0000][1][safepoint    ] Total time for which application threads were stopped: 0.0000972 seconds, Stopping threads took: 0.0000296 seconds
[2019-06-24T10:37:10.249+0000][1][safepoint    ] Application time: 1.0002492 seconds
[2019-06-24T10:37:10.250+0000][1][safepoint    ] Entering safepoint region: Cleanup
[2019-06-24T10:37:10.250+0000][1][safepoint    ] Leaving safepoint region
[2019-06-24T10:37:10.250+0000][1][safepoint    ] Total time for which application threads were stopped: 0.0002952 seconds, Stopping threads took: 0.0001370 seconds
[2019-06-24T10:37:11.250+0000][1][safepoint    ] Application time: 1.0001254 seconds
[2019-06-24T10:37:11.250+0000][1][safepoint    ] Entering safepoint region: Cleanup
[2019-06-24T10:37:11.250+0000][1][safepoint    ] Leaving safepoint region
[2019-06-24T10:37:11.250+0000][1][safepoint    ] Total time for which application threads were stopped: 0.0000958 seconds, Stopping threads took: 0.0000295 seconds
[2019-06-24T10:37:12.250+0000][1][safepoint    ] Application time: 1.0001610 seconds
[2019-06-24T10:37:12.251+0000][1][safepoint    ] Entering safepoint region: Cleanup
[2019-06-24T10:37:12.251+0000][1][safepoint    ] Leaving safepoint region
[2019-06-24T10:37:12.251+0000][1][safepoint    ] Total time for which application threads were stopped: 0.0004701 seconds, Stopping threads took: 0.0002683 seconds
[2019-06-24T10:37:13.251+0000][1][safepoint    ] Application time: 1.0002638 seconds
[2019-06-24T10:37:13.251+0000][1][safepoint    ] Entering safepoint region: Cleanup
[2019-06-24T10:37:13.252+0000][1][safepoint    ] Leaving safepoint region
[2019-06-24T10:37:13.252+0000][1][safepoint    ] Total time for which application threads were stopped: 0.0002719 seconds, Stopping threads took: 0.0001117 seconds
[2019-06-24T10:37:14.252+0000][1][safepoint    ] Application time: 1.0002068 seconds
[2019-06-24T10:37:14.252+0000][1][safepoint    ] Entering safepoint region: Cleanup
[2019-06-24T10:37:14.252+0000][1][safepoint    ] Leaving safepoint region
[2019-06-24T10:37:14.252+0000][1][safepoint    ] Total time for which application threads were stopped: 0.0002906 seconds, Stopping threads took: 0.0001321 seconds
[2019-06-24T10:37:15.253+0000][1][safepoint    ] Application time: 1.0002749 seconds
[2019-06-24T10:37:15.253+0000][1][safepoint    ] Entering safepoint region: Cleanup
[2019-06-24T10:37:15.253+0000][1][safepoint    ] Leaving safepoint region
[2019-06-24T10:37:15.253+0000][1][safepoint    ] Total time for which application threads were stopped: 0.0002132 seconds, Stopping threads took: 0.0000630 seconds
[2019-06-24T10:37:16.253+0000][1][safepoint    ] Application time: 1.0002563 seconds
[2019-06-24T10:37:16.253+0000][1][safepoint    ] Entering safepoint region: Cleanup
[2019-06-24T10:37:16.253+0000][1][safepoint    ] Leaving safepoint region
[2019-06-24T10:37:16.253+0000][1][safepoint    ] Total time for which application threads were stopped: 0.0002436 seconds, Stopping threads took: 0.0000897 seconds
[2019-06-24T10:37:17.254+0000][1][safepoint    ] Application time: 1.0002718 seconds
[2019-06-24T10:37:17.254+0000][1][safepoint    ] Entering safepoint region: Cleanup
[2019-06-24T10:37:17.254+0000][1][safepoint    ] Leaving safepoint region
[2019-06-24T10:37:17.254+0000][1][safepoint    ] Total time for which application threads were stopped: 0.0003064 seconds, Stopping threads took: 0.0001477 seconds
[2019-06-24T10:37:18.255+0000][1][safepoint    ] Application time: 1.0003452 seconds
[2019-06-24T10:37:18.255+0000][1][safepoint    ] Entering safepoint region: Cleanup
[2019-06-24T10:37:18.255+0000][1][safepoint    ] Leaving safepoint region
[2019-06-24T10:37:18.255+0000][1][safepoint    ] Total time for which application threads were stopped: 0.0002283 seconds, Stopping threads took: 0.0000680 seconds
[2019-06-24T10:37:19.255+0000][1][safepoint    ] Application time: 1.0002097 seconds
[2019-06-24T10:37:19.255+0000][1][safepoint    ] Entering safepoint region: Cleanup
[2019-06-24T10:37:19.256+0000][1][safepoint    ] Leaving safepoint region
[2019-06-24T10:37:19.256+0000][1][safepoint    ] Total time for which application threads were stopped: 0.0003064 seconds, Stopping threads took: 0.0001452 seconds
[2019-06-24T10:37:20.256+0000][1][safepoint    ] Application time: 1.0002767 seconds
[2019-06-24T10:37:20.256+0000][1][safepoint    ] Entering safepoint region: Cleanup
[2019-06-24T10:37:20.256+0000][1][safepoint    ] Leaving safepoint region
[2019-06-24T10:37:20.256+0000][1][safepoint    ] Total time for which application threads were stopped: 0.0002206 seconds, Stopping threads took: 0.0000660 seconds
[2019-06-24T10:37:21.257+0000][1][safepoint    ] Application time: 1.0002789 seconds
[2019-06-24T10:37:21.257+0000][1][safepoint    ] Entering safepoint region: Cleanup
[2019-06-24T10:37:21.257+0000][1][safepoint    ] Leaving safepoint region
[2019-06-24T10:37:21.257+0000][1][safepoint    ] Total time for which application threads were stopped: 0.0003068 seconds, Stopping threads took: 0.0000627 seconds
[2019-06-24T10:37:22.257+0000][1][safepoint    ] Application time: 1.0002672 seconds
[2019-06-24T10:37:22.257+0000][1][safepoint    ] Entering safepoint region: Cleanup
[2019-06-24T10:37:22.258+0000][1][safepoint    ] Leaving safepoint region
[2019-06-24T10:37:22.258+0000][1][safepoint    ] Total time for which application threads were stopped: 0.0002171 seconds, Stopping threads took: 0.0000633 seconds
[2019-06-24T10:37:23.258+0000][1][safepoint    ] Application time: 1.0002649 seconds
[2019-06-24T10:37:23.258+0000][1][safepoint    ] Entering safepoint region: Cleanup
[2019-06-24T10:37:23.258+0000][1][safepoint    ] Leaving safepoint region
[2019-06-24T10:37:23.258+0000][1][safepoint    ] Total time for which application threads were stopped: 0.0002150 seconds, Stopping threads took: 0.0000631 seconds
[2019-06-24T10:37:24.259+0000][1][safepoint    ] Application time: 1.0003332 seconds
[2019-06-24T10:37:24.259+0000][1][safepoint    ] Entering safepoint region: Cleanup
[2019-06-24T10:37:24.259+0000][1][safepoint    ] Leaving safepoint region
[2019-06-24T10:37:24.259+0000][1][safepoint    ] Total time for which application threads were stopped: 0.0002154 seconds, Stopping threads took: 0.0000622 seconds
[2019-06-24T10:37:25.259+0000][1][safepoint    ] Application time: 1.0002638 seconds
[2019-06-24T10:37:25.259+0000][1][safepoint    ] Entering safepoint region: Cleanup
[2019-06-24T10:37:25.259+0000][1][safepoint    ] Leaving safepoint region
[2019-06-24T10:37:25.260+0000][1][safepoint    ] Total time for which application threads were stopped: 0.0003070 seconds, Stopping threads took: 0.0000630 seconds
[2019-06-24T10:37:26.260+0000][1][safepoint    ] Application time: 1.0002588 seconds
[2019-06-24T10:37:26.260+0000][1][safepoint    ] Entering safepoint region: Cleanup
[2019-06-24T10:37:26.260+0000][1][safepoint    ] Leaving safepoint region
[2019-06-24T10:37:26.260+0000][1][safepoint    ] Total time for which application threads were stopped: 0.0001888 seconds, Stopping threads took: 0.0000550 seconds
[2019-06-24T10:37:27.260+0000][1][safepoint    ] Application time: 1.0002751 seconds
[2019-06-24T10:37:27.261+0000][1][safepoint    ] Entering safepoint region: Cleanup
[2019-06-24T10:37:27.261+0000][1][safepoint    ] Leaving safepoint region
[2019-06-24T10:37:27.261+0000][1][safepoint    ] Total time for which application threads were stopped: 0.0001846 seconds, Stopping threads took: 0.0000549 seconds
[2019-06-24T10:37:28.261+0000][1][safepoint    ] Application time: 1.0001348 seconds
[2019-06-24T10:37:28.261+0000][1][safepoint    ] Entering safepoint region: Cleanup
[2019-06-24T10:37:28.261+0000][1][safepoint    ] Leaving safepoint region
[2019-06-24T10:37:28.261+0000][1][safepoint    ] Total time for which application threads were stopped: 0.0002207 seconds, Stopping threads took: 0.0000660 seconds
[2019-06-24T10:37:29.262+0000][1][safepoint    ] Application time: 1.0002669 seconds
[2019-06-24T10:37:29.262+0000][1][safepoint    ] Entering safepoint region: Cleanup
[2019-06-24T10:37:29.262+0000][1][safepoint    ] Leaving safepoint region
[2019-06-24T10:37:29.262+0000][1][safepoint    ] Total time for which application threads were stopped: 0.0002086 seconds, Stopping threads took: 0.0000627 seconds
[2019-06-24T10:37:30.262+0000][1][safepoint    ] Application time: 1.0002683 seconds
[2019-06-24T10:37:30.262+0000][1][safepoint    ] Entering safepoint region: Cleanup
[2019-06-24T10:37:30.263+0000][1][safepoint    ] Leaving safepoint region
[2019-06-24T10:37:30.263+0000][1][safepoint    ] Total time for which application threads were stopped: 0.0003351 seconds, Stopping threads took: 0.0000983 seconds
[2019-06-24T10:37:31.263+0000][1][safepoint    ] Application time: 1.0001468 seconds
[2019-06-24T10:37:31.263+0000][1][safepoint    ] Entering safepoint region: Cleanup
[2019-06-24T10:37:31.263+0000][1][safepoint    ] Leaving safepoint region
[2019-06-24T10:37:31.263+0000][1][safepoint    ] Total time for which application threads were stopped: 0.0003324 seconds, Stopping threads took: 0.0001035 seconds
[2019-06-24T10:37:32.263+0000][1][safepoint    ] Application time: 1.0002012 seconds
[2019-06-24T10:37:32.264+0000][1][safepoint    ] Entering safepoint region: Cleanup
[2019-06-24T10:37:32.264+0000][1][safepoint    ] Leaving safepoint region
[2019-06-24T10:37:32.264+0000][1][safepoint    ] Total time for which application threads were stopped: 0.0002485 seconds, Stopping threads took: 0.0000936 seconds
[2019-06-24T10:37:33.264+0000][1][safepoint    ] Application time: 1.0002634 seconds
[2019-06-24T10:37:33.264+0000][1][safepoint    ] Entering safepoint region: Cleanup
[2019-06-24T10:37:33.264+0000][1][safepoint    ] Leaving safepoint region
[2019-06-24T10:37:33.264+0000][1][safepoint    ] Total time for which application threads were stopped: 0.0002170 seconds, Stopping threads took: 0.0000635 seconds
[2019-06-24T10:37:34.265+0000][1][safepoint    ] Application time: 1.0002840 seconds
[2019-06-24T10:37:34.265+0000][1][safepoint    ] Entering safepoint region: Cleanup
[2019-06-24T10:37:34.265+0000][1][safepoint    ] Leaving safepoint region
[2019-06-24T10:37:34.265+0000][1][safepoint    ] Total time for which application threads were stopped: 0.0002916 seconds, Stopping threads took: 0.0001125 seconds
[2019-06-24T10:37:35.266+0000][1][safepoint    ] Application time: 1.0002679 seconds
[2019-06-24T10:37:35.266+0000][1][safepoint    ] Entering safepoint region: Cleanup
[2019-06-24T10:37:35.266+0000][1][safepoint    ] Leaving safepoint region
[2019-06-24T10:37:35.266+0000][1][safepoint    ] Total time for which application threads were stopped: 0.0003438 seconds, Stopping threads took: 0.0001064 seconds
[2019-06-24T10:37:36.266+0000][1][safepoint    ] Application time: 1.0002673 seconds
[2019-06-24T10:37:36.266+0000][1][safepoint    ] Entering safepoint region: Cleanup
[2019-06-24T10:37:36.267+0000][1][safepoint    ] Leaving safepoint region
[2019-06-24T10:37:36.267+0000][1][safepoint    ] Total time for which application threads were stopped: 0.0003055 seconds, Stopping threads took: 0.0000652 seconds
[2019-06-24T10:37:37.267+0000][1][safepoint    ] Application time: 1.0001011 seconds
[2019-06-24T10:37:37.267+0000][1][safepoint    ] Entering safepoint region: Cleanup
[2019-06-24T10:37:37.267+0000][1][safepoint    ] Leaving safepoint region
[2019-06-24T10:37:37.267+0000][1][safepoint    ] Total time for which application threads were stopped: 0.0000851 seconds, Stopping threads took: 0.0000245 seconds
[2019-06-24T10:37:38.267+0000][1][safepoint    ] Application time: 1.0001995 seconds
[2019-06-24T10:37:38.267+0000][1][safepoint    ] Entering safepoint region: Cleanup
[2019-06-24T10:37:38.267+0000][1][safepoint    ] Leaving safepoint region
[2019-06-24T10:37:38.267+0000][1][safepoint    ] Total time for which application threads were stopped: 0.0001047 seconds, Stopping threads took: 0.0000278 seconds
[2019-06-24T10:37:39.367+0000][1][safepoint    ] Application time: 1.1000742 seconds
[2019-06-24T10:37:39.368+0000][1][safepoint    ] Entering safepoint region: Cleanup
[2019-06-24T10:37:39.368+0000][1][safepoint    ] Leaving safepoint region
[2019-06-24T10:37:39.368+0000][1][safepoint    ] Total time for which application threads were stopped: 0.0002457 seconds, Stopping threads took: 0.0000738 seconds
[2019-06-24T10:37:40.368+0000][1][safepoint    ] Application time: 1.0002640 seconds
[2019-06-24T10:37:40.368+0000][1][safepoint    ] Entering safepoint region: Cleanup
[2019-06-24T10:37:40.368+0000][1][safepoint    ] Leaving safepoint region
[2019-06-24T10:37:40.368+0000][1][safepoint    ] Total time for which application threads were stopped: 0.0002469 seconds, Stopping threads took: 0.0001041 seconds
[2019-06-24T10:37:41.369+0000][1][safepoint    ] Application time: 1.0002643 seconds
[2019-06-24T10:37:41.369+0000][1][safepoint    ] Entering safepoint region: Cleanup
[2019-06-24T10:37:41.369+0000][1][safepoint    ] Leaving safepoint region
[2019-06-24T10:37:41.369+0000][1][safepoint    ] Total time for which application threads were stopped: 0.0002097 seconds, Stopping threads took: 0.0000626 seconds
[2019-06-24T10:37:42.369+0000][1][safepoint    ] Application time: 1.0002016 seconds
[2019-06-24T10:37:42.369+0000][1][safepoint    ] Entering safepoint region: Cleanup
[2019-06-24T10:37:42.370+0000][1][safepoint    ] Leaving safepoint region
[2019-06-24T10:37:42.370+0000][1][safepoint    ] Total time for which application threads were stopped: 0.0002124 seconds, Stopping threads took: 0.0000641 seconds
[2019-06-24T10:37:43.370+0000][1][safepoint    ] Application time: 1.0002429 seconds
[2019-06-24T10:37:43.370+0000][1][safepoint    ] Entering safepoint region: Cleanup
[2019-06-24T10:37:43.370+0000][1][safepoint    ] Leaving safepoint region
[2019-06-24T10:37:43.370+0000][1][safepoint    ] Total time for which application threads were stopped: 0.0002090 seconds, Stopping threads took: 0.0000624 seconds
[2019-06-24T10:37:44.371+0000][1][safepoint    ] Application time: 1.0003345 seconds
[2019-06-24T10:37:44.371+0000][1][safepoint    ] Entering safepoint region: Cleanup
[2019-06-24T10:37:44.371+0000][1][safepoint    ] Leaving safepoint region
[2019-06-24T10:37:44.371+0000][1][safepoint    ] Total time for which application threads were stopped: 0.0002412 seconds, Stopping threads took: 0.0000714 seconds
[2019-06-24T10:37:45.371+0000][1][safepoint    ] Application time: 1.0002449 seconds
[2019-06-24T10:37:45.371+0000][1][safepoint    ] Entering safepoint region: Cleanup
[2019-06-24T10:37:45.372+0000][1][safepoint    ] Leaving safepoint region
[2019-06-24T10:37:45.372+0000][1][safepoint    ] Total time for which application threads were stopped: 0.0002415 seconds, Stopping threads took: 0.0000982 seconds
[2019-06-24T10:37:46.372+0000][1][safepoint    ] Application time: 1.0002708 seconds
[2019-06-24T10:37:46.372+0000][1][safepoint    ] Entering safepoint region: Cleanup
[2019-06-24T10:37:46.372+0000][1][safepoint    ] Leaving safepoint region
[2019-06-24T10:37:46.372+0000][1][safepoint    ] Total time for which application threads were stopped: 0.0002414 seconds, Stopping threads took: 0.0000979 seconds
[2019-06-24T10:37:47.372+0000][1][safepoint    ] Application time: 1.0002145 seconds
[2019-06-24T10:37:47.373+0000][1][safepoint    ] Entering safepoint region: Cleanup
[2019-06-24T10:37:47.373+0000][1][safepoint    ] Leaving safepoint region
[2019-06-24T10:37:47.373+0000][1][safepoint    ] Total time for which application threads were stopped: 0.0002065 seconds, Stopping threads took: 0.0000630 seconds
[2019-06-24T10:37:48.373+0000][1][safepoint    ] Application time: 1.0002543 seconds
[2019-06-24T10:37:48.373+0000][1][safepoint    ] Entering safepoint region: Cleanup
[2019-06-24T10:37:48.373+0000][1][safepoint    ] Leaving safepoint region
[2019-06-24T10:37:48.373+0000][1][safepoint    ] Total time for which application threads were stopped: 0.0002229 seconds, Stopping threads took: 0.0000638 seconds
[2019-06-24T10:37:49.374+0000][1][safepoint    ] Application time: 1.0001940 seconds
[2019-06-24T10:37:49.374+0000][1][safepoint    ] Entering safepoint region: Cleanup
[2019-06-24T10:37:49.374+0000][1][safepoint    ] Leaving safepoint region
[2019-06-24T10:37:49.374+0000][1][safepoint    ] Total time for which application threads were stopped: 0.0002133 seconds, Stopping threads took: 0.0000657 seconds
[2019-06-24T10:37:50.374+0000][1][safepoint    ] Application time: 1.0001958 seconds
[2019-06-24T10:37:50.374+0000][1][safepoint    ] Entering safepoint region: Cleanup
[2019-06-24T10:37:50.375+0000][1][safepoint    ] Leaving safepoint region
[2019-06-24T10:37:50.375+0000][1][safepoint    ] Total time for which application threads were stopped: 0.0003678 seconds, Stopping threads took: 0.0001011 seconds
[2019-06-24T10:37:51.375+0000][1][safepoint    ] Application time: 1.0002420 seconds
[2019-06-24T10:37:51.375+0000][1][safepoint    ] Entering safepoint region: Cleanup
[2019-06-24T10:37:51.375+0000][1][safepoint    ] Leaving safepoint region
[2019-06-24T10:37:51.375+0000][1][safepoint    ] Total time for which application threads were stopped: 0.0002663 seconds, Stopping threads took: 0.0000717 seconds
[2019-06-24T10:37:52.376+0000][1][safepoint    ] Application time: 1.0001756 seconds
[2019-06-24T10:37:52.376+0000][1][safepoint    ] Entering safepoint region: Cleanup
[2019-06-24T10:37:52.376+0000][1][safepoint    ] Leaving safepoint region
[2019-06-24T10:37:52.376+0000][1][safepoint    ] Total time for which application threads were stopped: 0.0002670 seconds, Stopping threads took: 0.0000621 seconds
[2019-06-24T10:37:53.376+0000][1][safepoint    ] Application time: 1.0001381 seconds
[2019-06-24T10:37:53.376+0000][1][safepoint    ] Entering safepoint region: Cleanup
[2019-06-24T10:37:53.376+0000][1][safepoint    ] Leaving safepoint region
[2019-06-24T10:37:53.376+0000][1][safepoint    ] Total time for which application threads were stopped: 0.0002034 seconds, Stopping threads took: 0.0000690 seconds
[2019-06-24T10:37:54.377+0000][1][safepoint    ] Application time: 1.0002708 seconds
[2019-06-24T10:37:54.377+0000][1][safepoint    ] Entering safepoint region: Cleanup
[2019-06-24T10:37:54.377+0000][1][safepoint    ] Leaving safepoint region
[2019-06-24T10:37:54.377+0000][1][safepoint    ] Total time for which application threads were stopped: 0.0004113 seconds, Stopping threads took: 0.0000671 seconds
[2019-06-24T10:37:55.377+0000][1][safepoint    ] Application time: 1.0001380 seconds
[2019-06-24T10:37:55.378+0000][1][safepoint    ] Entering safepoint region: Cleanup
[2019-06-24T10:37:55.378+0000][1][safepoint    ] Leaving safepoint region
[2019-06-24T10:37:55.378+0000][1][safepoint    ] Total time for which application threads were stopped: 0.0002225 seconds, Stopping threads took: 0.0000636 seconds
[2019-06-24T10:37:56.378+0000][1][safepoint    ] Application time: 1.0002723 seconds
[2019-06-24T10:37:56.378+0000][1][safepoint    ] Entering safepoint region: Cleanup
[2019-06-24T10:37:56.378+0000][1][safepoint    ] Leaving safepoint region
[2019-06-24T10:37:56.378+0000][1][safepoint    ] Total time for which application threads were stopped: 0.0002450 seconds, Stopping threads took: 0.0000714 seconds
[2019-06-24T10:37:57.379+0000][1][safepoint    ] Application time: 1.0002585 seconds
[2019-06-24T10:37:57.379+0000][1][safepoint    ] Entering safepoint region: Cleanup
[2019-06-24T10:37:57.379+0000][1][safepoint    ] Leaving safepoint region
[2019-06-24T10:37:57.379+0000][1][safepoint    ] Total time for which application threads were stopped: 0.0002043 seconds, Stopping threads took: 0.0000632 seconds
[2019-06-24T10:37:58.379+0000][1][safepoint    ] Application time: 1.0003376 seconds
[2019-06-24T10:37:58.380+0000][1][safepoint    ] Entering safepoint region: Cleanup
[2019-06-24T10:37:58.380+0000][1][safepoint    ] Leaving safepoint region
[2019-06-24T10:37:58.380+0000][1][safepoint    ] Total time for which application threads were stopped: 0.0003220 seconds, Stopping threads took: 0.0001336 seconds
[2019-06-24T10:37:59.380+0000][1][safepoint    ] Application time: 1.0002807 seconds
[2019-06-24T10:37:59.380+0000][1][safepoint    ] Entering safepoint region: Cleanup
[2019-06-24T10:37:59.380+0000][1][safepoint    ] Leaving safepoint region
[2019-06-24T10:37:59.381+0000][1][safepoint    ] Total time for which application threads were stopped: 0.0002661 seconds, Stopping threads took: 0.0000808 seconds
[2019-06-24T10:38:00.381+0000][1][safepoint    ] Application time: 1.0002474 seconds
[2019-06-24T10:38:00.381+0000][1][safepoint    ] Entering safepoint region: Cleanup
[2019-06-24T10:38:00.381+0000][1][safepoint    ] Leaving safepoint region
[2019-06-24T10:38:00.381+0000][1][safepoint    ] Total time for which application threads were stopped: 0.0002530 seconds, Stopping threads took: 0.0001101 seconds
[2019-06-24T10:38:01.381+0000][1][safepoint    ] Application time: 1.0001740 seconds
[2019-06-24T10:38:01.382+0000][1][safepoint    ] Entering safepoint region: Cleanup
[2019-06-24T10:38:01.382+0000][1][safepoint    ] Leaving safepoint region
[2019-06-24T10:38:01.382+0000][1][safepoint    ] Total time for which application threads were stopped: 0.0002080 seconds, Stopping threads took: 0.0000629 seconds
[2019-06-24T10:38:02.382+0000][1][safepoint    ] Application time: 1.0003129 seconds
[2019-06-24T10:38:02.382+0000][1][safepoint    ] Entering safepoint region: Cleanup
[2019-06-24T10:38:02.382+0000][1][safepoint    ] Leaving safepoint region
[2019-06-24T10:38:02.382+0000][1][safepoint    ] Total time for which application threads were stopped: 0.0000893 seconds, Stopping threads took: 0.0000267 seconds
[2019-06-24T10:38:03.382+0000][1][safepoint    ] Application time: 1.0001449 seconds
[2019-06-24T10:38:03.382+0000][1][safepoint    ] Entering safepoint region: Cleanup
[2019-06-24T10:38:03.383+0000][1][safepoint    ] Leaving safepoint region
[2019-06-24T10:38:03.383+0000][1][safepoint    ] Total time for which application threads were stopped: 0.0002100 seconds, Stopping threads took: 0.0000396 seconds
[2019-06-24T10:38:04.383+0000][1][safepoint    ] Application time: 1.0001270 seconds
[2019-06-24T10:38:04.383+0000][1][safepoint    ] Entering safepoint region: Cleanup
[2019-06-24T10:38:04.383+0000][1][safepoint    ] Leaving safepoint region
[2019-06-24T10:38:04.383+0000][1][safepoint    ] Total time for which application threads were stopped: 0.0002038 seconds, Stopping threads took: 0.0000633 seconds
[2019-06-24T10:38:05.383+0000][1][safepoint    ] Application time: 1.0002319 seconds
[2019-06-24T10:38:05.383+0000][1][safepoint    ] Entering safepoint region: Cleanup
[2019-06-24T10:38:05.384+0000][1][safepoint    ] Leaving safepoint region
[2019-06-24T10:38:05.384+0000][1][safepoint    ] Total time for which application threads were stopped: 0.0002127 seconds, Stopping threads took: 0.0000650 seconds
[2019-06-24T10:38:06.384+0000][1][safepoint    ] Application time: 1.0002441 seconds
[2019-06-24T10:38:06.384+0000][1][safepoint    ] Entering safepoint region: Cleanup
[2019-06-24T10:38:06.384+0000][1][safepoint    ] Leaving safepoint region
[2019-06-24T10:38:06.384+0000][1][safepoint    ] Total time for which application threads were stopped: 0.0002132 seconds, Stopping threads took: 0.0000637 seconds
[2019-06-24T10:38:07.385+0000][1][safepoint    ] Application time: 1.0002694 seconds
[2019-06-24T10:38:07.385+0000][1][safepoint    ] Entering safepoint region: Cleanup
[2019-06-24T10:38:07.385+0000][1][safepoint    ] Leaving safepoint region
[2019-06-24T10:38:07.385+0000][1][safepoint    ] Total time for which application threads were stopped: 0.0000978 seconds, Stopping threads took: 0.0000295 seconds
[2019-06-24T10:38:08.385+0000][1][safepoint    ] Application time: 1.0002532 seconds
[2019-06-24T10:38:08.385+0000][1][safepoint    ] Entering safepoint region: Cleanup
[2019-06-24T10:38:08.385+0000][1][safepoint    ] Leaving safepoint region
[2019-06-24T10:38:08.385+0000][1][safepoint    ] Total time for which application threads were stopped: 0.0002178 seconds, Stopping threads took: 0.0000638 seconds
[2019-06-24T10:38:09.386+0000][1][safepoint    ] Application time: 1.0002588 seconds
[2019-06-24T10:38:09.386+0000][1][safepoint    ] Entering safepoint region: Cleanup
[2019-06-24T10:38:09.386+0000][1][safepoint    ] Leaving safepoint region
[2019-06-24T10:38:09.386+0000][1][safepoint    ] Total time for which application threads were stopped: 0.0002154 seconds, Stopping threads took: 0.0000640 seconds
[2019-06-24T10:38:10.386+0000][1][safepoint    ] Application time: 1.0002702 seconds
[2019-06-24T10:38:10.386+0000][1][safepoint    ] Entering safepoint region: Cleanup
[2019-06-24T10:38:10.387+0000][1][safepoint    ] Leaving safepoint region
[2019-06-24T10:38:10.387+0000][1][safepoint    ] Total time for which application threads were stopped: 0.0003183 seconds, Stopping threads took: 0.0000646 seconds
[2019-06-24T10:38:11.387+0000][1][safepoint    ] Application time: 1.0001410 seconds
[2019-06-24T10:38:11.387+0000][1][safepoint    ] Entering safepoint region: Cleanup
[2019-06-24T10:38:11.387+0000][1][safepoint    ] Leaving safepoint region
[2019-06-24T10:38:11.387+0000][1][safepoint    ] Total time for which application threads were stopped: 0.0002110 seconds, Stopping threads took: 0.0000650 seconds
[2019-06-24T10:38:12.387+0000][1][safepoint    ] Application time: 1.0001841 seconds
[2019-06-24T10:38:12.388+0000][1][safepoint    ] Entering safepoint region: Cleanup
[2019-06-24T10:38:12.388+0000][1][safepoint    ] Leaving safepoint region
[2019-06-24T10:38:12.388+0000][1][safepoint    ] Total time for which application threads were stopped: 0.0002039 seconds, Stopping threads took: 0.0000611 seconds
[2019-06-24T10:38:13.388+0000][1][safepoint    ] Application time: 1.0002082 seconds
[2019-06-24T10:38:13.388+0000][1][safepoint    ] Entering safepoint region: Cleanup
[2019-06-24T10:38:13.388+0000][1][safepoint    ] Leaving safepoint region
[2019-06-24T10:38:13.388+0000][1][safepoint    ] Total time for which application threads were stopped: 0.0002939 seconds, Stopping threads took: 0.0000752 seconds
[2019-06-24T10:38:14.388+0000][1][safepoint    ] Application time: 1.0001150 seconds
[2019-06-24T10:38:14.389+0000][1][safepoint    ] Entering safepoint region: Cleanup
[2019-06-24T10:38:14.389+0000][1][safepoint    ] Leaving safepoint region
[2019-06-24T10:38:14.389+0000][1][safepoint    ] Total time for which application threads were stopped: 0.0001148 seconds, Stopping threads took: 0.0000386 seconds
[2019-06-24T10:38:15.389+0000][1][safepoint    ] Application time: 1.0001179 seconds
[2019-06-24T10:38:15.389+0000][1][safepoint    ] Entering safepoint region: Cleanup
[2019-06-24T10:38:15.389+0000][1][safepoint    ] Leaving safepoint region
[2019-06-24T10:38:15.389+0000][1][safepoint    ] Total time for which application threads were stopped: 0.0001726 seconds, Stopping threads took: 0.0000591 seconds
[2019-06-24T10:38:16.389+0000][1][safepoint    ] Application time: 1.0002616 seconds
[2019-06-24T10:38:16.389+0000][1][safepoint    ] Entering safepoint region: Cleanup
[2019-06-24T10:38:16.390+0000][1][safepoint    ] Leaving safepoint region
[2019-06-24T10:38:16.390+0000][1][safepoint    ] Total time for which application threads were stopped: 0.0002454 seconds, Stopping threads took: 0.0001024 seconds
[2019-06-24T10:38:17.390+0000][1][safepoint    ] Application time: 1.0002766 seconds
[2019-06-24T10:38:17.390+0000][1][safepoint    ] Entering safepoint region: Cleanup
[2019-06-24T10:38:17.390+0000][1][safepoint    ] Leaving safepoint region
[2019-06-24T10:38:17.390+0000][1][safepoint    ] Total time for which application threads were stopped: 0.0002085 seconds, Stopping threads took: 0.0000614 seconds
[2019-06-24T10:38:18.391+0000][1][safepoint    ] Application time: 1.0003227 seconds
[2019-06-24T10:38:18.391+0000][1][safepoint    ] Entering safepoint region: Cleanup
[2019-06-24T10:38:18.391+0000][1][safepoint    ] Leaving safepoint region
[2019-06-24T10:38:18.391+0000][1][safepoint    ] Total time for which application threads were stopped: 0.0002117 seconds, Stopping threads took: 0.0000643 seconds
[2019-06-24T10:38:19.391+0000][1][safepoint    ] Application time: 1.0002503 seconds
[2019-06-24T10:38:19.391+0000][1][safepoint    ] Entering safepoint region: Cleanup
[2019-06-24T10:38:19.392+0000][1][safepoint    ] Leaving safepoint region
[2019-06-24T10:38:19.392+0000][1][safepoint    ] Total time for which application threads were stopped: 0.0002049 seconds, Stopping threads took: 0.0000621 seconds
[2019-06-24T10:38:20.392+0000][1][safepoint    ] Application time: 1.0001895 seconds
[2019-06-24T10:38:20.392+0000][1][safepoint    ] Entering safepoint region: Cleanup
[2019-06-24T10:38:20.392+0000][1][safepoint    ] Leaving safepoint region
[2019-06-24T10:38:20.392+0000][1][safepoint    ] Total time for which application threads were stopped: 0.0002388 seconds, Stopping threads took: 0.0000620 seconds
[2019-06-24T10:38:21.392+0000][1][safepoint    ] Application time: 1.0002682 seconds
[2019-06-24T10:38:21.393+0000][1][safepoint    ] Entering safepoint region: Cleanup
[2019-06-24T10:38:21.393+0000][1][safepoint    ] Leaving safepoint region
[2019-06-24T10:38:21.393+0000][1][safepoint    ] Total time for which application threads were stopped: 0.0002206 seconds, Stopping threads took: 0.0000638 seconds
[2019-06-24T10:38:22.393+0000][1][safepoint    ] Application time: 1.0002412 seconds
[2019-06-24T10:38:22.393+0000][1][safepoint    ] Entering safepoint region: Cleanup
[2019-06-24T10:38:22.393+0000][1][safepoint    ] Leaving safepoint region
[2019-06-24T10:38:22.393+0000][1][safepoint    ] Total time for which application threads were stopped: 0.0000804 seconds, Stopping threads took: 0.0000241 seconds
[2019-06-24T10:38:23.393+0000][1][safepoint    ] Application time: 1.0001419 seconds
[2019-06-24T10:38:23.393+0000][1][safepoint    ] Entering safepoint region: Cleanup
[2019-06-24T10:38:23.393+0000][1][safepoint    ] Leaving safepoint region
[2019-06-24T10:38:23.393+0000][1][safepoint    ] Total time for which application threads were stopped: 0.0001081 seconds, Stopping threads took: 0.0000323 seconds
[2019-06-24T10:38:24.394+0000][1][safepoint    ] Application time: 1.0002274 seconds
[2019-06-24T10:38:24.394+0000][1][safepoint    ] Entering safepoint region: Cleanup
[2019-06-24T10:38:24.394+0000][1][safepoint    ] Leaving safepoint region
[2019-06-24T10:38:24.394+0000][1][safepoint    ] Total time for which application threads were stopped: 0.0002096 seconds, Stopping threads took: 0.0000632 seconds
[2019-06-24T10:38:25.394+0000][1][safepoint    ] Application time: 1.0002367 seconds
[2019-06-24T10:38:25.394+0000][1][safepoint    ] Entering safepoint region: Cleanup
[2019-06-24T10:38:25.395+0000][1][safepoint    ] Leaving safepoint region
[2019-06-24T10:38:25.395+0000][1][safepoint    ] Total time for which application threads were stopped: 0.0002911 seconds, Stopping threads took: 0.0001371 seconds
[2019-06-24T10:38:26.395+0000][1][safepoint    ] Application time: 1.0001359 seconds
[2019-06-24T10:38:26.395+0000][1][safepoint    ] Entering safepoint region: Cleanup
[2019-06-24T10:38:26.395+0000][1][safepoint    ] Leaving safepoint region
[2019-06-24T10:38:26.395+0000][1][safepoint    ] Total time for which application threads were stopped: 0.0002051 seconds, Stopping threads took: 0.0000613 seconds
[2019-06-24T10:38:27.395+0000][1][safepoint    ] Application time: 1.0002325 seconds
[2019-06-24T10:38:27.396+0000][1][safepoint    ] Entering safepoint region: Cleanup
[2019-06-24T10:38:27.396+0000][1][safepoint    ] Leaving safepoint region
[2019-06-24T10:38:27.396+0000][1][safepoint    ] Total time for which application threads were stopped: 0.0001136 seconds, Stopping threads took: 0.0000343 seconds
[2019-06-24T10:38:29.319+0000][1][safepoint    ] Application time: 1.9236924 seconds
[2019-06-24T10:38:29.319+0000][1][safepoint    ] Entering safepoint region: Cleanup
[2019-06-24T10:38:29.320+0000][1][safepoint    ] Leaving safepoint region
[2019-06-24T10:38:29.320+0000][1][safepoint    ] Total time for which application threads were stopped: 0.0002046 seconds, Stopping threads took: 0.0000598 seconds
[2019-06-24T10:38:30.320+0000][1][safepoint    ] Application time: 1.0002319 seconds
[2019-06-24T10:38:30.320+0000][1][safepoint    ] Entering safepoint region: Cleanup
[2019-06-24T10:38:30.320+0000][1][safepoint    ] Leaving safepoint region
[2019-06-24T10:38:30.320+0000][1][safepoint    ] Total time for which application threads were stopped: 0.0002216 seconds, Stopping threads took: 0.0000649 seconds
[2019-06-24T10:38:31.320+0000][1][safepoint    ] Application time: 1.0001309 seconds
[2019-06-24T10:38:31.320+0000][1][safepoint    ] Entering safepoint region: Cleanup
[2019-06-24T10:38:31.320+0000][1][safepoint    ] Leaving safepoint region
[2019-06-24T10:38:31.321+0000][1][safepoint    ] Total time for which application threads were stopped: 0.0000910 seconds, Stopping threads took: 0.0000230 seconds
[2019-06-24T10:38:32.321+0000][1][safepoint    ] Application time: 1.0002677 seconds
[2019-06-24T10:38:32.321+0000][1][safepoint    ] Entering safepoint region: Cleanup
[2019-06-24T10:38:32.321+0000][1][safepoint    ] Leaving safepoint region
[2019-06-24T10:38:32.321+0000][1][safepoint    ] Total time for which application threads were stopped: 0.0000858 seconds, Stopping threads took: 0.0000241 seconds
[2019-06-24T10:38:33.321+0000][1][safepoint    ] Application time: 1.0002213 seconds
[2019-06-24T10:38:33.321+0000][1][safepoint    ] Entering safepoint region: Cleanup
[2019-06-24T10:38:33.321+0000][1][safepoint    ] Leaving safepoint region
[2019-06-24T10:38:33.322+0000][1][safepoint    ] Total time for which application threads were stopped: 0.0002438 seconds, Stopping threads took: 0.0000922 seconds
[2019-06-24T10:38:34.322+0000][1][safepoint    ] Application time: 1.0002091 seconds
[2019-06-24T10:38:34.322+0000][1][safepoint    ] Entering safepoint region: Cleanup
[2019-06-24T10:38:34.322+0000][1][safepoint    ] Leaving safepoint region
[2019-06-24T10:38:34.322+0000][1][safepoint    ] Total time for which application threads were stopped: 0.0002107 seconds, Stopping threads took: 0.0000615 seconds
[2019-06-24T10:38:35.322+0000][1][safepoint    ] Application time: 1.0001920 seconds
[2019-06-24T10:38:35.322+0000][1][safepoint    ] Entering safepoint region: Cleanup
[2019-06-24T10:38:35.323+0000][1][safepoint    ] Leaving safepoint region
[2019-06-24T10:38:35.323+0000][1][safepoint    ] Total time for which application threads were stopped: 0.0003436 seconds, Stopping threads took: 0.0001311 seconds
[2019-06-24T10:38:36.323+0000][1][safepoint    ] Application time: 1.0002619 seconds
[2019-06-24T10:38:36.323+0000][1][safepoint    ] Entering safepoint region: Cleanup
[2019-06-24T10:38:36.323+0000][1][safepoint    ] Leaving safepoint region
[2019-06-24T10:38:36.323+0000][1][safepoint    ] Total time for which application threads were stopped: 0.0002873 seconds, Stopping threads took: 0.0001349 seconds
[2019-06-24T10:38:37.324+0000][1][safepoint    ] Application time: 1.0002371 seconds
[2019-06-24T10:38:37.324+0000][1][safepoint    ] Entering safepoint region: Cleanup
[2019-06-24T10:38:37.324+0000][1][safepoint    ] Leaving safepoint region
[2019-06-24T10:38:37.324+0000][1][safepoint    ] Total time for which application threads were stopped: 0.0002154 seconds, Stopping threads took: 0.0000625 seconds
[2019-06-24T10:38:38.324+0000][1][safepoint    ] Application time: 1.0002421 seconds
[2019-06-24T10:38:38.324+0000][1][safepoint    ] Entering safepoint region: Cleanup
[2019-06-24T10:38:38.325+0000][1][safepoint    ] Leaving safepoint region
[2019-06-24T10:38:38.325+0000][1][safepoint    ] Total time for which application threads were stopped: 0.0002521 seconds, Stopping threads took: 0.0000645 seconds
[2019-06-24T10:38:39.325+0000][1][safepoint    ] Application time: 1.0002545 seconds
[2019-06-24T10:38:39.325+0000][1][safepoint    ] Entering safepoint region: Cleanup
[2019-06-24T10:38:39.325+0000][1][safepoint    ] Leaving safepoint region
[2019-06-24T10:38:39.325+0000][1][safepoint    ] Total time for which application threads were stopped: 0.0002170 seconds, Stopping threads took: 0.0000635 seconds
[2019-06-24T10:38:40.326+0000][1][safepoint    ] Application time: 1.0002478 seconds
[2019-06-24T10:38:40.326+0000][1][safepoint    ] Entering safepoint region: Cleanup
[2019-06-24T10:38:40.326+0000][1][safepoint    ] Leaving safepoint region
[2019-06-24T10:38:40.326+0000][1][safepoint    ] Total time for which application threads were stopped: 0.0002177 seconds, Stopping threads took: 0.0000625 seconds
[2019-06-24T10:38:41.326+0000][1][safepoint    ] Application time: 1.0002269 seconds
[2019-06-24T10:38:41.326+0000][1][safepoint    ] Entering safepoint region: Cleanup
[2019-06-24T10:38:41.326+0000][1][safepoint    ] Leaving safepoint region
[2019-06-24T10:38:41.326+0000][1][safepoint    ] Total time for which application threads were stopped: 0.0001953 seconds, Stopping threads took: 0.0000549 seconds
[2019-06-24T10:38:42.327+0000][1][safepoint    ] Application time: 1.0001413 seconds
[2019-06-24T10:38:42.327+0000][1][safepoint    ] Entering safepoint region: Cleanup
[2019-06-24T10:38:42.327+0000][1][safepoint    ] Leaving safepoint region
[2019-06-24T10:38:42.327+0000][1][safepoint    ] Total time for which application threads were stopped: 0.0002887 seconds, Stopping threads took: 0.0000786 seconds
[2019-06-24T10:38:43.327+0000][1][safepoint    ] Application time: 1.0001546 seconds
[2019-06-24T10:38:43.327+0000][1][safepoint    ] Entering safepoint region: Cleanup
[2019-06-24T10:38:43.328+0000][1][safepoint    ] Leaving safepoint region
[2019-06-24T10:38:43.328+0000][1][safepoint    ] Total time for which application threads were stopped: 0.0002588 seconds, Stopping threads took: 0.0000708 seconds
[2019-06-24T10:38:44.328+0000][1][safepoint    ] Application time: 1.0001933 seconds
[2019-06-24T10:38:44.328+0000][1][safepoint    ] Entering safepoint region: Cleanup
[2019-06-24T10:38:44.328+0000][1][safepoint    ] Leaving safepoint region
[2019-06-24T10:38:44.328+0000][1][safepoint    ] Total time for which application threads were stopped: 0.0002576 seconds, Stopping threads took: 0.0000800 seconds
[2019-06-24T10:38:45.328+0000][1][safepoint    ] Application time: 1.0001091 seconds
[2019-06-24T10:38:45.329+0000][1][safepoint    ] Entering safepoint region: Cleanup
[2019-06-24T10:38:45.329+0000][1][safepoint    ] Leaving safepoint region
[2019-06-24T10:38:45.329+0000][1][safepoint    ] Total time for which application threads were stopped: 0.0000968 seconds, Stopping threads took: 0.0000251 seconds
[2019-06-24T10:38:46.329+0000][1][safepoint    ] Application time: 1.0002217 seconds
[2019-06-24T10:38:46.329+0000][1][safepoint    ] Entering safepoint region: Cleanup
[2019-06-24T10:38:46.329+0000][1][safepoint    ] Leaving safepoint region
[2019-06-24T10:38:46.329+0000][1][safepoint    ] Total time for which application threads were stopped: 0.0002425 seconds, Stopping threads took: 0.0000627 seconds
[2019-06-24T10:38:47.329+0000][1][safepoint    ] Application time: 1.0001242 seconds
[2019-06-24T10:38:47.329+0000][1][safepoint    ] Entering safepoint region: Cleanup
[2019-06-24T10:38:47.330+0000][1][safepoint    ] Leaving safepoint region
[2019-06-24T10:38:47.330+0000][1][safepoint    ] Total time for which application threads were stopped: 0.0001644 seconds, Stopping threads took: 0.0000329 seconds
[2019-06-24T10:38:48.330+0000][1][safepoint    ] Application time: 1.0001306 seconds
[2019-06-24T10:38:48.330+0000][1][safepoint    ] Entering safepoint region: Cleanup
[2019-06-24T10:38:48.330+0000][1][safepoint    ] Leaving safepoint region
[2019-06-24T10:38:48.330+0000][1][safepoint    ] Total time for which application threads were stopped: 0.0002455 seconds, Stopping threads took: 0.0000666 seconds
[2019-06-24T10:38:49.330+0000][1][safepoint    ] Application time: 1.0001552 seconds
[2019-06-24T10:38:49.330+0000][1][safepoint    ] Entering safepoint region: Cleanup
[2019-06-24T10:38:49.331+0000][1][safepoint    ] Leaving safepoint region
[2019-06-24T10:38:49.331+0000][1][safepoint    ] Total time for which application threads were stopped: 0.0004901 seconds, Stopping threads took: 0.0001871 seconds
[2019-06-24T10:38:50.331+0000][1][safepoint    ] Application time: 1.0002892 seconds
[2019-06-24T10:38:50.331+0000][1][safepoint    ] Entering safepoint region: Cleanup
[2019-06-24T10:38:50.332+0000][1][safepoint    ] Leaving safepoint region
[2019-06-24T10:38:50.332+0000][1][safepoint    ] Total time for which application threads were stopped: 0.0002910 seconds, Stopping threads took: 0.0000941 seconds
[2019-06-24T10:38:51.332+0000][1][safepoint    ] Application time: 1.0001845 seconds
[2019-06-24T10:38:51.332+0000][1][safepoint    ] Entering safepoint region: Cleanup
[2019-06-24T10:38:51.332+0000][1][safepoint    ] Leaving safepoint region
[2019-06-24T10:38:51.332+0000][1][safepoint    ] Total time for which application threads were stopped: 0.0003735 seconds, Stopping threads took: 0.0000962 seconds
[2019-06-24T10:38:52.333+0000][1][safepoint    ] Application time: 1.0001836 seconds
[2019-06-24T10:38:52.333+0000][1][safepoint    ] Entering safepoint region: Cleanup
[2019-06-24T10:38:52.333+0000][1][safepoint    ] Leaving safepoint region
[2019-06-24T10:38:52.333+0000][1][safepoint    ] Total time for which application threads were stopped: 0.0002590 seconds, Stopping threads took: 0.0000848 seconds
[2019-06-24T10:38:53.333+0000][1][safepoint    ] Application time: 1.0001979 seconds
[2019-06-24T10:38:53.333+0000][1][safepoint    ] Entering safepoint region: Cleanup
[2019-06-24T10:38:53.334+0000][1][safepoint    ] Leaving safepoint region
[2019-06-24T10:38:53.334+0000][1][safepoint    ] Total time for which application threads were stopped: 0.0002078 seconds, Stopping threads took: 0.0000600 seconds
[2019-06-24T10:38:54.334+0000][1][safepoint    ] Application time: 1.0002695 seconds
[2019-06-24T10:38:54.334+0000][1][safepoint    ] Entering safepoint region: Cleanup
[2019-06-24T10:38:54.334+0000][1][safepoint    ] Leaving safepoint region
[2019-06-24T10:38:54.334+0000][1][safepoint    ] Total time for which application threads were stopped: 0.0000944 seconds, Stopping threads took: 0.0000271 seconds
[2019-06-24T10:38:55.334+0000][1][safepoint    ] Application time: 1.0002743 seconds
[2019-06-24T10:38:55.334+0000][1][safepoint    ] Entering safepoint region: Cleanup
[2019-06-24T10:38:55.335+0000][1][safepoint    ] Leaving safepoint region
[2019-06-24T10:38:55.335+0000][1][safepoint    ] Total time for which application threads were stopped: 0.0001305 seconds, Stopping threads took: 0.0000240 seconds
[2019-06-24T10:38:56.335+0000][1][safepoint    ] Application time: 1.0001629 seconds
[2019-06-24T10:38:56.335+0000][1][safepoint    ] Entering safepoint region: Cleanup
[2019-06-24T10:38:56.335+0000][1][safepoint    ] Leaving safepoint region
[2019-06-24T10:38:56.335+0000][1][safepoint    ] Total time for which application threads were stopped: 0.0002487 seconds, Stopping threads took: 0.0000733 seconds
[2019-06-24T10:38:57.335+0000][1][safepoint    ] Application time: 1.0002416 seconds
[2019-06-24T10:38:57.336+0000][1][safepoint    ] Entering safepoint region: Cleanup
[2019-06-24T10:38:57.336+0000][1][safepoint    ] Leaving safepoint region
[2019-06-24T10:38:57.336+0000][1][safepoint    ] Total time for which application threads were stopped: 0.0002202 seconds, Stopping threads took: 0.0000638 seconds
[2019-06-24T10:38:58.336+0000][1][safepoint    ] Application time: 1.0002652 seconds
[2019-06-24T10:38:58.336+0000][1][safepoint    ] Entering safepoint region: Cleanup
[2019-06-24T10:38:58.336+0000][1][safepoint    ] Leaving safepoint region
[2019-06-24T10:38:58.336+0000][1][safepoint    ] Total time for which application threads were stopped: 0.0002206 seconds, Stopping threads took: 0.0000636 seconds
[2019-06-24T10:38:59.337+0000][1][safepoint    ] Application time: 1.0001856 seconds
[2019-06-24T10:38:59.337+0000][1][safepoint    ] Entering safepoint region: Cleanup
[2019-06-24T10:38:59.337+0000][1][safepoint    ] Leaving safepoint region
[2019-06-24T10:38:59.337+0000][1][safepoint    ] Total time for which application threads were stopped: 0.0002895 seconds, Stopping threads took: 0.0000827 seconds
[2019-06-24T10:39:00.337+0000][1][safepoint    ] Application time: 1.0002049 seconds
[2019-06-24T10:39:00.337+0000][1][safepoint    ] Entering safepoint region: Cleanup
[2019-06-24T10:39:00.337+0000][1][safepoint    ] Leaving safepoint region
[2019-06-24T10:39:00.338+0000][1][safepoint    ] Total time for which application threads were stopped: 0.0002134 seconds, Stopping threads took: 0.0000624 seconds
[2019-06-24T10:39:01.338+0000][1][safepoint    ] Application time: 1.0002623 seconds
[2019-06-24T10:39:01.338+0000][1][safepoint    ] Entering safepoint region: Cleanup
[2019-06-24T10:39:01.338+0000][1][safepoint    ] Leaving safepoint region
[2019-06-24T10:39:01.338+0000][1][safepoint    ] Total time for which application threads were stopped: 0.0002160 seconds, Stopping threads took: 0.0000633 seconds
[2019-06-24T10:39:02.338+0000][1][safepoint    ] Application time: 1.0002104 seconds
[2019-06-24T10:39:02.339+0000][1][safepoint    ] Entering safepoint region: Cleanup
[2019-06-24T10:39:02.339+0000][1][safepoint    ] Leaving safepoint region
[2019-06-24T10:39:02.339+0000][1][safepoint    ] Total time for which application threads were stopped: 0.0002184 seconds, Stopping threads took: 0.0000645 seconds
[2019-06-24T10:39:03.339+0000][1][safepoint    ] Application time: 1.0002670 seconds
[2019-06-24T10:39:03.339+0000][1][safepoint    ] Entering safepoint region: Cleanup
[2019-06-24T10:39:03.339+0000][1][safepoint    ] Leaving safepoint region
[2019-06-24T10:39:03.339+0000][1][safepoint    ] Total time for which application threads were stopped: 0.0002194 seconds, Stopping threads took: 0.0000626 seconds
[2019-06-24T10:39:04.340+0000][1][safepoint    ] Application time: 1.0001904 seconds
[2019-06-24T10:39:04.340+0000][1][safepoint    ] Entering safepoint region: Cleanup
[2019-06-24T10:39:04.340+0000][1][safepoint    ] Leaving safepoint region
[2019-06-24T10:39:04.340+0000][1][safepoint    ] Total time for which application threads were stopped: 0.0002472 seconds, Stopping threads took: 0.0000904 seconds
[2019-06-24T10:39:05.340+0000][1][safepoint    ] Application time: 1.0001837 seconds
[2019-06-24T10:39:05.340+0000][1][safepoint    ] Entering safepoint region: Cleanup
[2019-06-24T10:39:05.341+0000][1][safepoint    ] Leaving safepoint region
[2019-06-24T10:39:05.341+0000][1][safepoint    ] Total time for which application threads were stopped: 0.0002466 seconds, Stopping threads took: 0.0000608 seconds
[2019-06-24T10:39:06.341+0000][1][safepoint    ] Application time: 1.0002764 seconds
[2019-06-24T10:39:06.341+0000][1][safepoint    ] Entering safepoint region: Cleanup
[2019-06-24T10:39:06.341+0000][1][safepoint    ] Leaving safepoint region
[2019-06-24T10:39:06.341+0000][1][safepoint    ] Total time for which application threads were stopped: 0.0002294 seconds, Stopping threads took: 0.0000667 seconds
[2019-06-24T10:39:07.449+0000][1][safepoint    ] Application time: 1.1077409 seconds
[2019-06-24T10:39:07.449+0000][1][safepoint    ] Entering safepoint region: Cleanup
[2019-06-24T10:39:07.449+0000][1][safepoint    ] Leaving safepoint region
[2019-06-24T10:39:07.449+0000][1][safepoint    ] Total time for which application threads were stopped: 0.0002747 seconds, Stopping threads took: 0.0000773 seconds
[2019-06-24T10:39:08.450+0000][1][safepoint    ] Application time: 1.0001929 seconds
[2019-06-24T10:39:08.450+0000][1][safepoint    ] Entering safepoint region: Cleanup
[2019-06-24T10:39:08.450+0000][1][safepoint    ] Leaving safepoint region
[2019-06-24T10:39:08.450+0000][1][safepoint    ] Total time for which application threads were stopped: 0.0002241 seconds, Stopping threads took: 0.0000666 seconds
[2019-06-24T10:39:09.374+0000][1][safepoint    ] Application time: 0.9240245 seconds
[2019-06-24T10:39:09.374+0000][1][safepoint    ] Entering safepoint region: GenCollectForAllocation
[2019-06-24T10:39:09.374+0000][1][gc,start     ] GC(38) Pause Young (Allocation Failure)
[2019-06-24T10:39:09.375+0000][1][gc,task      ] GC(38) Using 5 workers of 8 for evacuation
[2019-06-24T10:39:09.377+0000][1][gc,age       ] GC(38) Desired survivor size 4456448 bytes, new threshold 6 (max threshold 6)
[2019-06-24T10:39:09.377+0000][1][gc,age       ] GC(38) Age table with threshold 6 (max threshold 6)
[2019-06-24T10:39:09.377+0000][1][gc,age       ] GC(38) - age   1:       3752 bytes,       3752 total
[2019-06-24T10:39:09.377+0000][1][gc,age       ] GC(38) - age   2:       1752 bytes,       5504 total
[2019-06-24T10:39:09.377+0000][1][gc,age       ] GC(38) - age   3:         56 bytes,       5560 total
[2019-06-24T10:39:09.377+0000][1][gc,age       ] GC(38) - age   4:       1392 bytes,       6952 total
[2019-06-24T10:39:09.377+0000][1][gc,age       ] GC(38) - age   5:        216 bytes,       7168 total
[2019-06-24T10:39:09.377+0000][1][gc,age       ] GC(38) - age   6:       2128 bytes,       9296 total
[2019-06-24T10:39:09.377+0000][1][gc,heap      ] GC(38) ParNew: 69966K->16K(78656K)
[2019-06-24T10:39:09.377+0000][1][gc,heap      ] GC(38) CMS: 69764K->69765K(174784K)
[2019-06-24T10:39:09.377+0000][1][gc,metaspace ] GC(38) Metaspace: 68032K->68032K(1112064K)
[2019-06-24T10:39:09.377+0000][1][gc           ] GC(38) Pause Young (Allocation Failure) 136M->68M(247M) 2.959ms
[2019-06-24T10:39:09.377+0000][1][gc,cpu       ] GC(38) User=0.01s Sys=0.00s Real=0.01s
[2019-06-24T10:39:09.378+0000][1][safepoint    ] Leaving safepoint region
[2019-06-24T10:39:09.378+0000][1][safepoint    ] Total time for which application threads were stopped: 0.0034041 seconds, Stopping threads took: 0.0000615 seconds
[2019-06-24T10:39:10.378+0000][1][safepoint    ] Application time: 1.0002905 seconds
[2019-06-24T10:39:10.378+0000][1][safepoint    ] Entering safepoint region: Cleanup
[2019-06-24T10:39:10.378+0000][1][safepoint    ] Leaving safepoint region
[2019-06-24T10:39:10.378+0000][1][safepoint    ] Total time for which application threads were stopped: 0.0002214 seconds, Stopping threads took: 0.0000655 seconds
[2019-06-24T10:39:11.379+0000][1][safepoint    ] Application time: 1.0003257 seconds
[2019-06-24T10:39:11.379+0000][1][safepoint    ] Entering safepoint region: Cleanup
[2019-06-24T10:39:11.379+0000][1][safepoint    ] Leaving safepoint region
[2019-06-24T10:39:11.379+0000][1][safepoint    ] Total time for which application threads were stopped: 0.0002178 seconds, Stopping threads took: 0.0000637 seconds
[2019-06-24T10:39:12.379+0000][1][safepoint    ] Application time: 1.0001264 seconds
[2019-06-24T10:39:12.379+0000][1][safepoint    ] Entering safepoint region: Cleanup
[2019-06-24T10:39:12.379+0000][1][safepoint    ] Leaving safepoint region
[2019-06-24T10:39:12.379+0000][1][safepoint    ] Total time for which application threads were stopped: 0.0002203 seconds, Stopping threads took: 0.0000657 seconds
[2019-06-24T10:39:13.380+0000][1][safepoint    ] Application time: 1.0002287 seconds
[2019-06-24T10:39:13.380+0000][1][safepoint    ] Entering safepoint region: Cleanup
[2019-06-24T10:39:13.380+0000][1][safepoint    ] Leaving safepoint region
[2019-06-24T10:39:13.380+0000][1][safepoint    ] Total time for which application threads were stopped: 0.0002138 seconds, Stopping threads took: 0.0000636 seconds
[2019-06-24T10:39:14.380+0000][1][safepoint    ] Application time: 1.0002488 seconds
[2019-06-24T10:39:14.380+0000][1][safepoint    ] Entering safepoint region: Cleanup
[2019-06-24T10:39:14.380+0000][1][safepoint    ] Leaving safepoint region
[2019-06-24T10:39:14.380+0000][1][safepoint    ] Total time for which application threads were stopped: 0.0000866 seconds, Stopping threads took: 0.0000250 seconds
[2019-06-24T10:39:15.381+0000][1][safepoint    ] Application time: 1.0002449 seconds
[2019-06-24T10:39:15.381+0000][1][safepoint    ] Entering safepoint region: Cleanup
[2019-06-24T10:39:15.381+0000][1][safepoint    ] Leaving safepoint region
[2019-06-24T10:39:15.381+0000][1][safepoint    ] Total time for which application threads were stopped: 0.0002212 seconds, Stopping threads took: 0.0000638 seconds
[2019-06-24T10:39:16.381+0000][1][safepoint    ] Application time: 1.0002640 seconds
[2019-06-24T10:39:16.381+0000][1][safepoint    ] Entering safepoint region: Cleanup
[2019-06-24T10:39:16.382+0000][1][safepoint    ] Leaving safepoint region
[2019-06-24T10:39:16.382+0000][1][safepoint    ] Total time for which application threads were stopped: 0.0002176 seconds, Stopping threads took: 0.0000634 seconds
[2019-06-24T10:39:17.382+0000][1][safepoint    ] Application time: 1.0002264 seconds
[2019-06-24T10:39:17.382+0000][1][safepoint    ] Entering safepoint region: Cleanup
[2019-06-24T10:39:17.382+0000][1][safepoint    ] Leaving safepoint region
[2019-06-24T10:39:17.382+0000][1][safepoint    ] Total time for which application threads were stopped: 0.0002140 seconds, Stopping threads took: 0.0000647 seconds
[2019-06-24T10:39:18.382+0000][1][safepoint    ] Application time: 1.0001707 seconds
[2019-06-24T10:39:18.383+0000][1][safepoint    ] Entering safepoint region: Cleanup
[2019-06-24T10:39:18.383+0000][1][safepoint    ] Leaving safepoint region
[2019-06-24T10:39:18.383+0000][1][safepoint    ] Total time for which application threads were stopped: 0.0002832 seconds, Stopping threads took: 0.0001303 seconds
[2019-06-24T10:39:19.383+0000][1][safepoint    ] Application time: 1.0002171 seconds
[2019-06-24T10:39:19.383+0000][1][safepoint    ] Entering safepoint region: Cleanup
[2019-06-24T10:39:19.383+0000][1][safepoint    ] Leaving safepoint region
[2019-06-24T10:39:19.383+0000][1][safepoint    ] Total time for which application threads were stopped: 0.0002530 seconds, Stopping threads took: 0.0000629 seconds
[2019-06-24T10:39:20.384+0000][1][safepoint    ] Application time: 1.0002794 seconds
[2019-06-24T10:39:20.384+0000][1][safepoint    ] Entering safepoint region: Cleanup
[2019-06-24T10:39:20.384+0000][1][safepoint    ] Leaving safepoint region
[2019-06-24T10:39:20.384+0000][1][safepoint    ] Total time for which application threads were stopped: 0.0002183 seconds, Stopping threads took: 0.0000629 seconds
[2019-06-24T10:39:21.384+0000][1][safepoint    ] Application time: 1.0001638 seconds
[2019-06-24T10:39:21.384+0000][1][safepoint    ] Entering safepoint region: Cleanup
[2019-06-24T10:39:21.384+0000][1][safepoint    ] Leaving safepoint region
[2019-06-24T10:39:21.384+0000][1][safepoint    ] Total time for which application threads were stopped: 0.0000865 seconds, Stopping threads took: 0.0000240 seconds
[2019-06-24T10:39:22.385+0000][1][safepoint    ] Application time: 1.0001735 seconds
[2019-06-24T10:39:22.385+0000][1][safepoint    ] Entering safepoint region: Cleanup
[2019-06-24T10:39:22.385+0000][1][safepoint    ] Leaving safepoint region
[2019-06-24T10:39:22.385+0000][1][safepoint    ] Total time for which application threads were stopped: 0.0002428 seconds, Stopping threads took: 0.0000612 seconds
[2019-06-24T10:39:23.385+0000][1][safepoint    ] Application time: 1.0002756 seconds
[2019-06-24T10:39:23.385+0000][1][safepoint    ] Entering safepoint region: Cleanup
[2019-06-24T10:39:23.386+0000][1][safepoint    ] Leaving safepoint region
[2019-06-24T10:39:23.386+0000][1][safepoint    ] Total time for which application threads were stopped: 0.0002936 seconds, Stopping threads took: 0.0000638 seconds
[2019-06-24T10:39:24.386+0000][1][safepoint    ] Application time: 1.0002155 seconds
[2019-06-24T10:39:24.386+0000][1][safepoint    ] Entering safepoint region: Cleanup
[2019-06-24T10:39:24.386+0000][1][safepoint    ] Leaving safepoint region
[2019-06-24T10:39:24.386+0000][1][safepoint    ] Total time for which application threads were stopped: 0.0003104 seconds, Stopping threads took: 0.0000851 seconds
[2019-06-24T10:39:25.387+0000][1][safepoint    ] Application time: 1.0002424 seconds
[2019-06-24T10:39:25.387+0000][1][safepoint    ] Entering safepoint region: Cleanup
[2019-06-24T10:39:25.387+0000][1][safepoint    ] Leaving safepoint region
[2019-06-24T10:39:25.387+0000][1][safepoint    ] Total time for which application threads were stopped: 0.0001875 seconds, Stopping threads took: 0.0000571 seconds
[2019-06-24T10:39:26.387+0000][1][safepoint    ] Application time: 1.0002487 seconds
[2019-06-24T10:39:26.387+0000][1][safepoint    ] Entering safepoint region: Cleanup
[2019-06-24T10:39:26.387+0000][1][safepoint    ] Leaving safepoint region
[2019-06-24T10:39:26.388+0000][1][safepoint    ] Total time for which application threads were stopped: 0.0002887 seconds, Stopping threads took: 0.0000642 seconds
[2019-06-24T10:39:27.388+0000][1][safepoint    ] Application time: 1.0002729 seconds
[2019-06-24T10:39:27.388+0000][1][safepoint    ] Entering safepoint region: Cleanup
[2019-06-24T10:39:27.388+0000][1][safepoint    ] Leaving safepoint region
[2019-06-24T10:39:27.388+0000][1][safepoint    ] Total time for which application threads were stopped: 0.0002197 seconds, Stopping threads took: 0.0000657 seconds
[2019-06-24T10:39:28.388+0000][1][safepoint    ] Application time: 1.0002570 seconds
[2019-06-24T10:39:28.389+0000][1][safepoint    ] Entering safepoint region: Cleanup
[2019-06-24T10:39:28.389+0000][1][safepoint    ] Leaving safepoint region
[2019-06-24T10:39:28.389+0000][1][safepoint    ] Total time for which application threads were stopped: 0.0002298 seconds, Stopping threads took: 0.0000874 seconds
[2019-06-24T10:39:29.389+0000][1][safepoint    ] Application time: 1.0001872 seconds
[2019-06-24T10:39:29.389+0000][1][safepoint    ] Entering safepoint region: Cleanup
[2019-06-24T10:39:29.389+0000][1][safepoint    ] Leaving safepoint region
[2019-06-24T10:39:29.389+0000][1][safepoint    ] Total time for which application threads were stopped: 0.0001940 seconds, Stopping threads took: 0.0000567 seconds
[2019-06-24T10:39:30.390+0000][1][safepoint    ] Application time: 1.0001869 seconds
[2019-06-24T10:39:30.390+0000][1][safepoint    ] Entering safepoint region: Cleanup
[2019-06-24T10:39:30.390+0000][1][safepoint    ] Leaving safepoint region
[2019-06-24T10:39:30.390+0000][1][safepoint    ] Total time for which application threads were stopped: 0.0003247 seconds, Stopping threads took: 0.0001528 seconds
[2019-06-24T10:39:31.390+0000][1][safepoint    ] Application time: 1.0002789 seconds
[2019-06-24T10:39:31.391+0000][1][safepoint    ] Entering safepoint region: Cleanup
[2019-06-24T10:39:31.391+0000][1][safepoint    ] Leaving safepoint region
[2019-06-24T10:39:31.391+0000][1][safepoint    ] Total time for which application threads were stopped: 0.0004033 seconds, Stopping threads took: 0.0002351 seconds
[2019-06-24T10:39:32.391+0000][1][safepoint    ] Application time: 1.0002384 seconds
[2019-06-24T10:39:32.391+0000][1][safepoint    ] Entering safepoint region: Cleanup
[2019-06-24T10:39:32.391+0000][1][safepoint    ] Leaving safepoint region
[2019-06-24T10:39:32.391+0000][1][safepoint    ] Total time for which application threads were stopped: 0.0002212 seconds, Stopping threads took: 0.0000664 seconds
[2019-06-24T10:39:33.392+0000][1][safepoint    ] Application time: 1.0002445 seconds
[2019-06-24T10:39:33.392+0000][1][safepoint    ] Entering safepoint region: Cleanup
[2019-06-24T10:39:33.392+0000][1][safepoint    ] Leaving safepoint region
[2019-06-24T10:39:33.392+0000][1][safepoint    ] Total time for which application threads were stopped: 0.0002192 seconds, Stopping threads took: 0.0000643 seconds
[2019-06-24T10:39:34.392+0000][1][safepoint    ] Application time: 1.0002750 seconds
[2019-06-24T10:39:34.392+0000][1][safepoint    ] Entering safepoint region: Cleanup
[2019-06-24T10:39:34.393+0000][1][safepoint    ] Leaving safepoint region
[2019-06-24T10:39:34.393+0000][1][safepoint    ] Total time for which application threads were stopped: 0.0002693 seconds, Stopping threads took: 0.0000836 seconds
[2019-06-24T10:39:35.393+0000][1][safepoint    ] Application time: 1.0002690 seconds
[2019-06-24T10:39:35.393+0000][1][safepoint    ] Entering safepoint region: Cleanup
[2019-06-24T10:39:35.393+0000][1][safepoint    ] Leaving safepoint region
[2019-06-24T10:39:35.393+0000][1][safepoint    ] Total time for which application threads were stopped: 0.0002541 seconds, Stopping threads took: 0.0000966 seconds
[2019-06-24T10:39:36.394+0000][1][safepoint    ] Application time: 1.0002690 seconds
[2019-06-24T10:39:36.394+0000][1][safepoint    ] Entering safepoint region: Cleanup
[2019-06-24T10:39:36.394+0000][1][safepoint    ] Leaving safepoint region
[2019-06-24T10:39:36.394+0000][1][safepoint    ] Total time for which application threads were stopped: 0.0002265 seconds, Stopping threads took: 0.0000676 seconds
[2019-06-24T10:39:37.394+0000][1][safepoint    ] Application time: 1.0002615 seconds
[2019-06-24T10:39:37.394+0000][1][safepoint    ] Entering safepoint region: Cleanup
[2019-06-24T10:39:37.395+0000][1][safepoint    ] Leaving safepoint region
[2019-06-24T10:39:37.395+0000][1][safepoint    ] Total time for which application threads were stopped: 0.0003110 seconds, Stopping threads took: 0.0001401 seconds
[2019-06-24T10:39:38.395+0000][1][safepoint    ] Application time: 1.0002068 seconds
[2019-06-24T10:39:38.395+0000][1][safepoint    ] Entering safepoint region: Cleanup
[2019-06-24T10:39:38.395+0000][1][safepoint    ] Leaving safepoint region
[2019-06-24T10:39:38.395+0000][1][safepoint    ] Total time for which application threads were stopped: 0.0002584 seconds, Stopping threads took: 0.0001009 seconds
[2019-06-24T10:39:39.396+0000][1][safepoint    ] Application time: 1.0002524 seconds
[2019-06-24T10:39:39.396+0000][1][safepoint    ] Entering safepoint region: Cleanup
[2019-06-24T10:39:39.396+0000][1][safepoint    ] Leaving safepoint region
[2019-06-24T10:39:39.396+0000][1][safepoint    ] Total time for which application threads were stopped: 0.0002177 seconds, Stopping threads took: 0.0000635 seconds
[2019-06-24T10:39:40.413+0000][1][safepoint    ] Application time: 1.0171193 seconds
[2019-06-24T10:39:40.413+0000][1][safepoint    ] Entering safepoint region: Cleanup
[2019-06-24T10:39:40.413+0000][1][safepoint    ] Leaving safepoint region
[2019-06-24T10:39:40.413+0000][1][safepoint    ] Total time for which application threads were stopped: 0.0002348 seconds, Stopping threads took: 0.0000645 seconds
[2019-06-24T10:39:41.414+0000][1][safepoint    ] Application time: 1.0002701 seconds
[2019-06-24T10:39:41.414+0000][1][safepoint    ] Entering safepoint region: Cleanup
[2019-06-24T10:39:41.414+0000][1][safepoint    ] Leaving safepoint region
[2019-06-24T10:39:41.414+0000][1][safepoint    ] Total time for which application threads were stopped: 0.0002199 seconds, Stopping threads took: 0.0000643 seconds
[2019-06-24T10:39:42.414+0000][1][safepoint    ] Application time: 1.0002732 seconds
[2019-06-24T10:39:42.415+0000][1][safepoint    ] Entering safepoint region: Cleanup
[2019-06-24T10:39:42.415+0000][1][safepoint    ] Leaving safepoint region
[2019-06-24T10:39:42.415+0000][1][safepoint    ] Total time for which application threads were stopped: 0.0002272 seconds, Stopping threads took: 0.0000708 seconds
[2019-06-24T10:39:43.415+0000][1][safepoint    ] Application time: 1.0002460 seconds
[2019-06-24T10:39:43.415+0000][1][safepoint    ] Entering safepoint region: Cleanup
[2019-06-24T10:39:43.415+0000][1][safepoint    ] Leaving safepoint region
[2019-06-24T10:39:43.415+0000][1][safepoint    ] Total time for which application threads were stopped: 0.0002209 seconds, Stopping threads took: 0.0000661 seconds
[2019-06-24T10:39:44.416+0000][1][safepoint    ] Application time: 1.0003038 seconds
[2019-06-24T10:39:44.416+0000][1][safepoint    ] Entering safepoint region: Cleanup
[2019-06-24T10:39:44.416+0000][1][safepoint    ] Leaving safepoint region
[2019-06-24T10:39:44.416+0000][1][safepoint    ] Total time for which application threads were stopped: 0.0000989 seconds, Stopping threads took: 0.0000284 seconds
[2019-06-24T10:39:45.416+0000][1][safepoint    ] Application time: 1.0002525 seconds
[2019-06-24T10:39:45.416+0000][1][safepoint    ] Entering safepoint region: Cleanup
[2019-06-24T10:39:45.416+0000][1][safepoint    ] Leaving safepoint region
[2019-06-24T10:39:45.417+0000][1][safepoint    ] Total time for which application threads were stopped: 0.0002504 seconds, Stopping threads took: 0.0000945 seconds
[2019-06-24T10:39:46.417+0000][1][safepoint    ] Application time: 1.0002159 seconds
[2019-06-24T10:39:46.417+0000][1][safepoint    ] Entering safepoint region: Cleanup
[2019-06-24T10:39:46.417+0000][1][safepoint    ] Leaving safepoint region
[2019-06-24T10:39:46.417+0000][1][safepoint    ] Total time for which application threads were stopped: 0.0002731 seconds, Stopping threads took: 0.0000620 seconds
[2019-06-24T10:39:47.417+0000][1][safepoint    ] Application time: 1.0001557 seconds
[2019-06-24T10:39:47.418+0000][1][safepoint    ] Entering safepoint region: Cleanup
[2019-06-24T10:39:47.418+0000][1][safepoint    ] Leaving safepoint region
[2019-06-24T10:39:47.418+0000][1][safepoint    ] Total time for which application threads were stopped: 0.0003271 seconds, Stopping threads took: 0.0000972 seconds
[2019-06-24T10:39:48.418+0000][1][safepoint    ] Application time: 1.0002791 seconds
[2019-06-24T10:39:48.418+0000][1][safepoint    ] Entering safepoint region: Cleanup
[2019-06-24T10:39:48.419+0000][1][safepoint    ] Leaving safepoint region
[2019-06-24T10:39:48.419+0000][1][safepoint    ] Total time for which application threads were stopped: 0.0003509 seconds, Stopping threads took: 0.0000672 seconds
[2019-06-24T10:39:49.419+0000][1][safepoint    ] Application time: 1.0001657 seconds
[2019-06-24T10:39:49.419+0000][1][safepoint    ] Entering safepoint region: Cleanup
[2019-06-24T10:39:49.420+0000][1][safepoint    ] Leaving safepoint region
[2019-06-24T10:39:49.420+0000][1][safepoint    ] Total time for which application threads were stopped: 0.0006107 seconds, Stopping threads took: 0.0003291 seconds
[2019-06-24T10:39:50.420+0000][1][safepoint    ] Application time: 1.0002011 seconds
[2019-06-24T10:39:50.420+0000][1][safepoint    ] Entering safepoint region: Cleanup
[2019-06-24T10:39:50.420+0000][1][safepoint    ] Leaving safepoint region
[2019-06-24T10:39:50.420+0000][1][safepoint    ] Total time for which application threads were stopped: 0.0002240 seconds, Stopping threads took: 0.0000647 seconds
[2019-06-24T10:39:51.421+0000][1][safepoint    ] Application time: 1.0002840 seconds
[2019-06-24T10:39:51.421+0000][1][safepoint    ] Entering safepoint region: Cleanup
[2019-06-24T10:39:51.421+0000][1][safepoint    ] Leaving safepoint region
[2019-06-24T10:39:51.421+0000][1][safepoint    ] Total time for which application threads were stopped: 0.0002569 seconds, Stopping threads took: 0.0000751 seconds
[2019-06-24T10:39:52.421+0000][1][safepoint    ] Application time: 1.0002635 seconds
[2019-06-24T10:39:52.421+0000][1][safepoint    ] Entering safepoint region: Cleanup
[2019-06-24T10:39:52.421+0000][1][safepoint    ] Leaving safepoint region
[2019-06-24T10:39:52.422+0000][1][safepoint    ] Total time for which application threads were stopped: 0.0002186 seconds, Stopping threads took: 0.0000634 seconds
[2019-06-24T10:39:53.422+0000][1][safepoint    ] Application time: 1.0002668 seconds
[2019-06-24T10:39:53.422+0000][1][safepoint    ] Entering safepoint region: Cleanup
[2019-06-24T10:39:53.422+0000][1][safepoint    ] Leaving safepoint region
[2019-06-24T10:39:53.422+0000][1][safepoint    ] Total time for which application threads were stopped: 0.0002239 seconds, Stopping threads took: 0.0000657 seconds
[2019-06-24T10:39:54.422+0000][1][safepoint    ] Application time: 1.0001872 seconds
[2019-06-24T10:39:54.423+0000][1][safepoint    ] Entering safepoint region: Cleanup
[2019-06-24T10:39:54.423+0000][1][safepoint    ] Leaving safepoint region
[2019-06-24T10:39:54.423+0000][1][safepoint    ] Total time for which application threads were stopped: 0.0003885 seconds, Stopping threads took: 0.0002166 seconds
[2019-06-24T10:39:55.423+0000][1][safepoint    ] Application time: 1.0002631 seconds
[2019-06-24T10:39:55.423+0000][1][safepoint    ] Entering safepoint region: Cleanup
[2019-06-24T10:39:55.423+0000][1][safepoint    ] Leaving safepoint region
[2019-06-24T10:39:55.423+0000][1][safepoint    ] Total time for which application threads were stopped: 0.0002196 seconds, Stopping threads took: 0.0000628 seconds
[2019-06-24T10:39:56.424+0000][1][safepoint    ] Application time: 1.0001885 seconds
[2019-06-24T10:39:56.424+0000][1][safepoint    ] Entering safepoint region: Cleanup
[2019-06-24T10:39:56.424+0000][1][safepoint    ] Leaving safepoint region
[2019-06-24T10:39:56.424+0000][1][safepoint    ] Total time for which application threads were stopped: 0.0002154 seconds, Stopping threads took: 0.0000617 seconds
[2019-06-24T10:39:57.424+0000][1][safepoint    ] Application time: 1.0001964 seconds
[2019-06-24T10:39:57.424+0000][1][safepoint    ] Entering safepoint region: Cleanup
[2019-06-24T10:39:57.425+0000][1][safepoint    ] Leaving safepoint region
[2019-06-24T10:39:57.425+0000][1][safepoint    ] Total time for which application threads were stopped: 0.0002181 seconds, Stopping threads took: 0.0000636 seconds
[2019-06-24T10:39:58.425+0000][1][safepoint    ] Application time: 1.0001702 seconds
[2019-06-24T10:39:58.425+0000][1][safepoint    ] Entering safepoint region: Cleanup
[2019-06-24T10:39:58.425+0000][1][safepoint    ] Leaving safepoint region
[2019-06-24T10:39:58.425+0000][1][safepoint    ] Total time for which application threads were stopped: 0.0003223 seconds, Stopping threads took: 0.0001490 seconds
[2019-06-24T10:39:59.425+0000][1][safepoint    ] Application time: 1.0001954 seconds
[2019-06-24T10:39:59.426+0000][1][safepoint    ] Entering safepoint region: Cleanup
[2019-06-24T10:39:59.426+0000][1][safepoint    ] Leaving safepoint region
[2019-06-24T10:39:59.426+0000][1][safepoint    ] Total time for which application threads were stopped: 0.0001920 seconds, Stopping threads took: 0.0000562 seconds
[2019-06-24T10:40:00.426+0000][1][safepoint    ] Application time: 1.0002078 seconds
[2019-06-24T10:40:00.426+0000][1][safepoint    ] Entering safepoint region: Cleanup
[2019-06-24T10:40:00.426+0000][1][safepoint    ] Leaving safepoint region
[2019-06-24T10:40:00.426+0000][1][safepoint    ] Total time for which application threads were stopped: 0.0002142 seconds, Stopping threads took: 0.0000624 seconds
[2019-06-24T10:40:01.427+0000][1][safepoint    ] Application time: 1.0003161 seconds
[2019-06-24T10:40:01.427+0000][1][safepoint    ] Entering safepoint region: Cleanup
[2019-06-24T10:40:01.427+0000][1][safepoint    ] Leaving safepoint region
[2019-06-24T10:40:01.427+0000][1][safepoint    ] Total time for which application threads were stopped: 0.0002130 seconds, Stopping threads took: 0.0000625 seconds
[2019-06-24T10:40:02.427+0000][1][safepoint    ] Application time: 1.0001944 seconds
[2019-06-24T10:40:02.427+0000][1][safepoint    ] Entering safepoint region: Cleanup
[2019-06-24T10:40:02.427+0000][1][safepoint    ] Leaving safepoint region
[2019-06-24T10:40:02.427+0000][1][safepoint    ] Total time for which application threads were stopped: 0.0002139 seconds, Stopping threads took: 0.0000619 seconds
[2019-06-24T10:40:03.428+0000][1][safepoint    ] Application time: 1.0002259 seconds
[2019-06-24T10:40:03.428+0000][1][safepoint    ] Entering safepoint region: Cleanup
[2019-06-24T10:40:03.428+0000][1][safepoint    ] Leaving safepoint region
[2019-06-24T10:40:03.428+0000][1][safepoint    ] Total time for which application threads were stopped: 0.0002150 seconds, Stopping threads took: 0.0000630 seconds
[2019-06-24T10:40:04.428+0000][1][safepoint    ] Application time: 1.0002324 seconds
[2019-06-24T10:40:04.428+0000][1][safepoint    ] Entering safepoint region: Cleanup
[2019-06-24T10:40:04.429+0000][1][safepoint    ] Leaving safepoint region
[2019-06-24T10:40:04.429+0000][1][safepoint    ] Total time for which application threads were stopped: 0.0002162 seconds, Stopping threads took: 0.0000626 seconds
[2019-06-24T10:40:05.429+0000][1][safepoint    ] Application time: 1.0001883 seconds
[2019-06-24T10:40:05.429+0000][1][safepoint    ] Entering safepoint region: Cleanup
[2019-06-24T10:40:05.429+0000][1][safepoint    ] Leaving safepoint region
[2019-06-24T10:40:05.429+0000][1][safepoint    ] Total time for which application threads were stopped: 0.0002401 seconds, Stopping threads took: 0.0000906 seconds
[2019-06-24T10:40:06.429+0000][1][safepoint    ] Application time: 1.0002539 seconds
[2019-06-24T10:40:06.430+0000][1][safepoint    ] Entering safepoint region: Cleanup
[2019-06-24T10:40:06.430+0000][1][safepoint    ] Leaving safepoint region
[2019-06-24T10:40:06.430+0000][1][safepoint    ] Total time for which application threads were stopped: 0.0002222 seconds, Stopping threads took: 0.0000647 seconds
[2019-06-24T10:40:07.430+0000][1][safepoint    ] Application time: 1.0001823 seconds
[2019-06-24T10:40:07.430+0000][1][safepoint    ] Entering safepoint region: Cleanup
[2019-06-24T10:40:07.430+0000][1][safepoint    ] Leaving safepoint region
[2019-06-24T10:40:07.430+0000][1][safepoint    ] Total time for which application threads were stopped: 0.0002177 seconds, Stopping threads took: 0.0000647 seconds
[2019-06-24T10:40:08.431+0000][1][safepoint    ] Application time: 1.0003003 seconds
[2019-06-24T10:40:08.431+0000][1][safepoint    ] Entering safepoint region: Cleanup
[2019-06-24T10:40:08.431+0000][1][safepoint    ] Leaving safepoint region
[2019-06-24T10:40:08.431+0000][1][safepoint    ] Total time for which application threads were stopped: 0.0002893 seconds, Stopping threads took: 0.0000729 seconds
[2019-06-24T10:40:09.431+0000][1][safepoint    ] Application time: 1.0001470 seconds
[2019-06-24T10:40:09.431+0000][1][safepoint    ] Entering safepoint region: Cleanup
[2019-06-24T10:40:09.432+0000][1][safepoint    ] Leaving safepoint region
[2019-06-24T10:40:09.432+0000][1][safepoint    ] Total time for which application threads were stopped: 0.0001839 seconds, Stopping threads took: 0.0000539 seconds
[2019-06-24T10:40:10.432+0000][1][safepoint    ] Application time: 1.0001878 seconds
[2019-06-24T10:40:10.432+0000][1][safepoint    ] Entering safepoint region: Cleanup
[2019-06-24T10:40:10.432+0000][1][safepoint    ] Leaving safepoint region
[2019-06-24T10:40:10.432+0000][1][safepoint    ] Total time for which application threads were stopped: 0.0001897 seconds, Stopping threads took: 0.0000556 seconds
[2019-06-24T10:40:11.432+0000][1][safepoint    ] Application time: 1.0001702 seconds
[2019-06-24T10:40:11.432+0000][1][safepoint    ] Entering safepoint region: Cleanup
[2019-06-24T10:40:11.432+0000][1][safepoint    ] Leaving safepoint region
[2019-06-24T10:40:11.433+0000][1][safepoint    ] Total time for which application threads were stopped: 0.0001894 seconds, Stopping threads took: 0.0000563 seconds
[2019-06-24T10:40:12.433+0000][1][safepoint    ] Application time: 1.0001298 seconds
[2019-06-24T10:40:12.433+0000][1][safepoint    ] Entering safepoint region: Cleanup
[2019-06-24T10:40:12.433+0000][1][safepoint    ] Leaving safepoint region
[2019-06-24T10:40:12.433+0000][1][safepoint    ] Total time for which application threads were stopped: 0.0002125 seconds, Stopping threads took: 0.0000637 seconds
[2019-06-24T10:40:13.433+0000][1][safepoint    ] Application time: 1.0001880 seconds
[2019-06-24T10:40:13.433+0000][1][safepoint    ] Entering safepoint region: Cleanup
[2019-06-24T10:40:13.434+0000][1][safepoint    ] Leaving safepoint region
[2019-06-24T10:40:13.434+0000][1][safepoint    ] Total time for which application threads were stopped: 0.0003495 seconds, Stopping threads took: 0.0001019 seconds
[2019-06-24T10:40:14.434+0000][1][safepoint    ] Application time: 1.0002320 seconds
[2019-06-24T10:40:14.434+0000][1][safepoint    ] Entering safepoint region: Cleanup
[2019-06-24T10:40:14.434+0000][1][safepoint    ] Leaving safepoint region
[2019-06-24T10:40:14.434+0000][1][safepoint    ] Total time for which application threads were stopped: 0.0002772 seconds, Stopping threads took: 0.0000630 seconds
[2019-06-24T10:40:15.435+0000][1][safepoint    ] Application time: 1.0001932 seconds
[2019-06-24T10:40:15.435+0000][1][safepoint    ] Entering safepoint region: Cleanup
[2019-06-24T10:40:15.435+0000][1][safepoint    ] Leaving safepoint region
[2019-06-24T10:40:15.435+0000][1][safepoint    ] Total time for which application threads were stopped: 0.0002494 seconds, Stopping threads took: 0.0000716 seconds
[2019-06-24T10:40:16.435+0000][1][safepoint    ] Application time: 1.0002138 seconds
[2019-06-24T10:40:16.435+0000][1][safepoint    ] Entering safepoint region: Cleanup
[2019-06-24T10:40:16.435+0000][1][safepoint    ] Leaving safepoint region
[2019-06-24T10:40:16.435+0000][1][safepoint    ] Total time for which application threads were stopped: 0.0002152 seconds, Stopping threads took: 0.0000640 seconds
[2019-06-24T10:40:17.436+0000][1][safepoint    ] Application time: 1.0002411 seconds
[2019-06-24T10:40:17.436+0000][1][safepoint    ] Entering safepoint region: Cleanup
[2019-06-24T10:40:17.436+0000][1][safepoint    ] Leaving safepoint region
[2019-06-24T10:40:17.436+0000][1][safepoint    ] Total time for which application threads were stopped: 0.0002527 seconds, Stopping threads took: 0.0000777 seconds
[2019-06-24T10:40:18.436+0000][1][safepoint    ] Application time: 1.0002621 seconds
[2019-06-24T10:40:18.437+0000][1][safepoint    ] Entering safepoint region: Cleanup
[2019-06-24T10:40:18.437+0000][1][safepoint    ] Leaving safepoint region
[2019-06-24T10:40:18.437+0000][1][safepoint    ] Total time for which application threads were stopped: 0.0002170 seconds, Stopping threads took: 0.0000625 seconds
[2019-06-24T10:40:19.437+0000][1][safepoint    ] Application time: 1.0002608 seconds
[2019-06-24T10:40:19.437+0000][1][safepoint    ] Entering safepoint region: Cleanup
[2019-06-24T10:40:19.437+0000][1][safepoint    ] Leaving safepoint region
[2019-06-24T10:40:19.438+0000][1][safepoint    ] Total time for which application threads were stopped: 0.0003118 seconds, Stopping threads took: 0.0000641 seconds
[2019-06-24T10:40:20.438+0000][1][safepoint    ] Application time: 1.0001487 seconds
[2019-06-24T10:40:20.438+0000][1][safepoint    ] Entering safepoint region: Cleanup
[2019-06-24T10:40:20.438+0000][1][safepoint    ] Leaving safepoint region
[2019-06-24T10:40:20.438+0000][1][safepoint    ] Total time for which application threads were stopped: 0.0002150 seconds, Stopping threads took: 0.0000641 seconds
[2019-06-24T10:40:21.438+0000][1][safepoint    ] Application time: 1.0001399 seconds
[2019-06-24T10:40:21.438+0000][1][safepoint    ] Entering safepoint region: Cleanup
[2019-06-24T10:40:21.439+0000][1][safepoint    ] Leaving safepoint region
[2019-06-24T10:40:21.439+0000][1][safepoint    ] Total time for which application threads were stopped: 0.0003664 seconds, Stopping threads took: 0.0000668 seconds
[2019-06-24T10:40:22.439+0000][1][safepoint    ] Application time: 1.0002699 seconds
[2019-06-24T10:40:22.439+0000][1][safepoint    ] Entering safepoint region: Cleanup
[2019-06-24T10:40:22.439+0000][1][safepoint    ] Leaving safepoint region
[2019-06-24T10:40:22.439+0000][1][safepoint    ] Total time for which application threads were stopped: 0.0002199 seconds, Stopping threads took: 0.0000626 seconds
[2019-06-24T10:40:23.440+0000][1][safepoint    ] Application time: 1.0002177 seconds
[2019-06-24T10:40:23.440+0000][1][safepoint    ] Entering safepoint region: Cleanup
[2019-06-24T10:40:23.440+0000][1][safepoint    ] Leaving safepoint region
[2019-06-24T10:40:23.440+0000][1][safepoint    ] Total time for which application threads were stopped: 0.0002176 seconds, Stopping threads took: 0.0000627 seconds
[2019-06-24T10:40:24.440+0000][1][safepoint    ] Application time: 1.0001955 seconds
[2019-06-24T10:40:24.440+0000][1][safepoint    ] Entering safepoint region: Cleanup
[2019-06-24T10:40:24.440+0000][1][safepoint    ] Leaving safepoint region
[2019-06-24T10:40:24.440+0000][1][safepoint    ] Total time for which application threads were stopped: 0.0002147 seconds, Stopping threads took: 0.0000610 seconds
[2019-06-24T10:40:25.441+0000][1][safepoint    ] Application time: 1.0002685 seconds
[2019-06-24T10:40:25.441+0000][1][safepoint    ] Entering safepoint region: Cleanup
[2019-06-24T10:40:25.441+0000][1][safepoint    ] Leaving safepoint region
[2019-06-24T10:40:25.441+0000][1][safepoint    ] Total time for which application threads were stopped: 0.0002489 seconds, Stopping threads took: 0.0000642 seconds
[2019-06-24T10:40:26.441+0000][1][safepoint    ] Application time: 1.0002454 seconds
[2019-06-24T10:40:26.441+0000][1][safepoint    ] Entering safepoint region: Cleanup
[2019-06-24T10:40:26.442+0000][1][safepoint    ] Leaving safepoint region
[2019-06-24T10:40:26.442+0000][1][safepoint    ] Total time for which application threads were stopped: 0.0002748 seconds, Stopping threads took: 0.0000626 seconds
[2019-06-24T10:40:27.442+0000][1][safepoint    ] Application time: 1.0002724 seconds
[2019-06-24T10:40:27.442+0000][1][safepoint    ] Entering safepoint region: Cleanup
[2019-06-24T10:40:27.442+0000][1][safepoint    ] Leaving safepoint region
[2019-06-24T10:40:27.442+0000][1][safepoint    ] Total time for which application threads were stopped: 0.0002795 seconds, Stopping threads took: 0.0000630 seconds
[2019-06-24T10:40:28.443+0000][1][safepoint    ] Application time: 1.0002595 seconds
[2019-06-24T10:40:28.443+0000][1][safepoint    ] Entering safepoint region: Cleanup
[2019-06-24T10:40:28.443+0000][1][safepoint    ] Leaving safepoint region
[2019-06-24T10:40:28.443+0000][1][safepoint    ] Total time for which application threads were stopped: 0.0002544 seconds, Stopping threads took: 0.0000784 seconds
[2019-06-24T10:40:29.473+0000][1][safepoint    ] Application time: 1.0301828 seconds
[2019-06-24T10:40:29.473+0000][1][safepoint    ] Entering safepoint region: Cleanup
[2019-06-24T10:40:29.474+0000][1][safepoint    ] Leaving safepoint region
[2019-06-24T10:40:29.474+0000][1][safepoint    ] Total time for which application threads were stopped: 0.0002154 seconds, Stopping threads took: 0.0000538 seconds
[2019-06-24T10:40:30.474+0000][1][safepoint    ] Application time: 1.0002552 seconds
[2019-06-24T10:40:30.474+0000][1][safepoint    ] Entering safepoint region: Cleanup
[2019-06-24T10:40:30.474+0000][1][safepoint    ] Leaving safepoint region
[2019-06-24T10:40:30.474+0000][1][safepoint    ] Total time for which application threads were stopped: 0.0002176 seconds, Stopping threads took: 0.0000626 seconds
[2019-06-24T10:40:31.475+0000][1][safepoint    ] Application time: 1.0003269 seconds
[2019-06-24T10:40:31.475+0000][1][safepoint    ] Entering safepoint region: Cleanup
[2019-06-24T10:40:31.475+0000][1][safepoint    ] Leaving safepoint region
[2019-06-24T10:40:31.475+0000][1][safepoint    ] Total time for which application threads were stopped: 0.0002127 seconds, Stopping threads took: 0.0000656 seconds
[2019-06-24T10:40:32.475+0000][1][safepoint    ] Application time: 1.0001952 seconds
[2019-06-24T10:40:32.475+0000][1][safepoint    ] Entering safepoint region: Cleanup
[2019-06-24T10:40:32.475+0000][1][safepoint    ] Leaving safepoint region
[2019-06-24T10:40:32.475+0000][1][safepoint    ] Total time for which application threads were stopped: 0.0002163 seconds, Stopping threads took: 0.0000644 seconds
[2019-06-24T10:40:33.476+0000][1][safepoint    ] Application time: 1.0001712 seconds
[2019-06-24T10:40:33.476+0000][1][safepoint    ] Entering safepoint region: Cleanup
[2019-06-24T10:40:33.476+0000][1][safepoint    ] Leaving safepoint region
[2019-06-24T10:40:33.476+0000][1][safepoint    ] Total time for which application threads were stopped: 0.0001822 seconds, Stopping threads took: 0.0000529 seconds
[2019-06-24T10:40:34.476+0000][1][safepoint    ] Application time: 1.0001965 seconds
[2019-06-24T10:40:34.476+0000][1][safepoint    ] Entering safepoint region: Cleanup
[2019-06-24T10:40:34.476+0000][1][safepoint    ] Leaving safepoint region
[2019-06-24T10:40:34.476+0000][1][safepoint    ] Total time for which application threads were stopped: 0.0002125 seconds, Stopping threads took: 0.0000607 seconds
[2019-06-24T10:40:35.477+0000][1][safepoint    ] Application time: 1.0002522 seconds
[2019-06-24T10:40:35.477+0000][1][safepoint    ] Entering safepoint region: Cleanup
[2019-06-24T10:40:35.477+0000][1][safepoint    ] Leaving safepoint region
[2019-06-24T10:40:35.477+0000][1][safepoint    ] Total time for which application threads were stopped: 0.0002296 seconds, Stopping threads took: 0.0000703 seconds
[2019-06-24T10:40:36.477+0000][1][safepoint    ] Application time: 1.0002292 seconds
[2019-06-24T10:40:36.478+0000][1][safepoint    ] Entering safepoint region: Cleanup
[2019-06-24T10:40:36.478+0000][1][safepoint    ] Leaving safepoint region
[2019-06-24T10:40:36.478+0000][1][safepoint    ] Total time for which application threads were stopped: 0.0002954 seconds, Stopping threads took: 0.0001090 seconds
[2019-06-24T10:40:37.478+0000][1][safepoint    ] Application time: 1.0002804 seconds
[2019-06-24T10:40:37.478+0000][1][safepoint    ] Entering safepoint region: Cleanup
[2019-06-24T10:40:37.478+0000][1][safepoint    ] Leaving safepoint region
[2019-06-24T10:40:37.479+0000][1][safepoint    ] Total time for which application threads were stopped: 0.0002918 seconds, Stopping threads took: 0.0000638 seconds
[2019-06-24T10:40:38.479+0000][1][safepoint    ] Application time: 1.0001424 seconds
[2019-06-24T10:40:38.479+0000][1][safepoint    ] Entering safepoint region: Cleanup
[2019-06-24T10:40:38.479+0000][1][safepoint    ] Leaving safepoint region
[2019-06-24T10:40:38.479+0000][1][safepoint    ] Total time for which application threads were stopped: 0.0002139 seconds, Stopping threads took: 0.0000629 seconds
[2019-06-24T10:40:39.479+0000][1][safepoint    ] Application time: 1.0001834 seconds
[2019-06-24T10:40:39.480+0000][1][safepoint    ] Entering safepoint region: Cleanup
[2019-06-24T10:40:39.480+0000][1][safepoint    ] Leaving safepoint region
[2019-06-24T10:40:39.480+0000][1][safepoint    ] Total time for which application threads were stopped: 0.0002920 seconds, Stopping threads took: 0.0001323 seconds
[2019-06-24T10:40:40.480+0000][1][safepoint    ] Application time: 1.0001947 seconds
[2019-06-24T10:40:40.480+0000][1][safepoint    ] Entering safepoint region: Cleanup
[2019-06-24T10:40:40.480+0000][1][safepoint    ] Leaving safepoint region
[2019-06-24T10:40:40.480+0000][1][safepoint    ] Total time for which application threads were stopped: 0.0002670 seconds, Stopping threads took: 0.0000925 seconds
[2019-06-24T10:40:41.481+0000][1][safepoint    ] Application time: 1.0002594 seconds
[2019-06-24T10:40:41.481+0000][1][safepoint    ] Entering safepoint region: Cleanup
[2019-06-24T10:40:41.482+0000][1][safepoint    ] Leaving safepoint region
[2019-06-24T10:40:41.482+0000][1][safepoint    ] Total time for which application threads were stopped: 0.0011980 seconds, Stopping threads took: 0.0009550 seconds
[2019-06-24T10:40:42.482+0000][1][safepoint    ] Application time: 1.0002719 seconds
[2019-06-24T10:40:42.482+0000][1][safepoint    ] Entering safepoint region: Cleanup
[2019-06-24T10:40:42.483+0000][1][safepoint    ] Leaving safepoint region
[2019-06-24T10:40:42.483+0000][1][safepoint    ] Total time for which application threads were stopped: 0.0003425 seconds, Stopping threads took: 0.0000935 seconds
[2019-06-24T10:40:43.483+0000][1][safepoint    ] Application time: 1.0001563 seconds
[2019-06-24T10:40:43.483+0000][1][safepoint    ] Entering safepoint region: Cleanup
[2019-06-24T10:40:43.483+0000][1][safepoint    ] Leaving safepoint region
[2019-06-24T10:40:43.483+0000][1][safepoint    ] Total time for which application threads were stopped: 0.0002651 seconds, Stopping threads took: 0.0000805 seconds
[2019-06-24T10:40:44.483+0000][1][safepoint    ] Application time: 1.0001622 seconds
[2019-06-24T10:40:44.484+0000][1][safepoint    ] Entering safepoint region: Cleanup
[2019-06-24T10:40:44.484+0000][1][safepoint    ] Leaving safepoint region
[2019-06-24T10:40:44.484+0000][1][safepoint    ] Total time for which application threads were stopped: 0.0001348 seconds, Stopping threads took: 0.0000611 seconds
[2019-06-24T10:40:45.484+0000][1][safepoint    ] Application time: 1.0002511 seconds
[2019-06-24T10:40:45.484+0000][1][safepoint    ] Entering safepoint region: Cleanup
[2019-06-24T10:40:45.484+0000][1][safepoint    ] Leaving safepoint region
[2019-06-24T10:40:45.484+0000][1][safepoint    ] Total time for which application threads were stopped: 0.0002594 seconds, Stopping threads took: 0.0000807 seconds
[2019-06-24T10:40:46.485+0000][1][safepoint    ] Application time: 1.0002660 seconds
[2019-06-24T10:40:46.485+0000][1][safepoint    ] Entering safepoint region: Cleanup
[2019-06-24T10:40:46.485+0000][1][safepoint    ] Leaving safepoint region
[2019-06-24T10:40:46.485+0000][1][safepoint    ] Total time for which application threads were stopped: 0.0002739 seconds, Stopping threads took: 0.0000950 seconds
[2019-06-24T10:40:47.485+0000][1][safepoint    ] Application time: 1.0002613 seconds
[2019-06-24T10:40:47.485+0000][1][safepoint    ] Entering safepoint region: Cleanup
[2019-06-24T10:40:47.486+0000][1][safepoint    ] Leaving safepoint region
[2019-06-24T10:40:47.486+0000][1][safepoint    ] Total time for which application threads were stopped: 0.0002583 seconds, Stopping threads took: 0.0000799 seconds
[2019-06-24T10:40:48.486+0000][1][safepoint    ] Application time: 1.0001494 seconds
[2019-06-24T10:40:48.486+0000][1][safepoint    ] Entering safepoint region: Cleanup
[2019-06-24T10:40:48.486+0000][1][safepoint    ] Leaving safepoint region
[2019-06-24T10:40:48.486+0000][1][safepoint    ] Total time for which application threads were stopped: 0.0002724 seconds, Stopping threads took: 0.0001310 seconds
[2019-06-24T10:40:49.487+0000][1][safepoint    ] Application time: 1.0002146 seconds
[2019-06-24T10:40:49.487+0000][1][safepoint    ] Entering safepoint region: Cleanup
[2019-06-24T10:40:49.487+0000][1][safepoint    ] Leaving safepoint region
[2019-06-24T10:40:49.487+0000][1][safepoint    ] Total time for which application threads were stopped: 0.0003013 seconds, Stopping threads took: 0.0001460 seconds
[2019-06-24T10:40:50.487+0000][1][safepoint    ] Application time: 1.0002127 seconds
[2019-06-24T10:40:50.487+0000][1][safepoint    ] Entering safepoint region: Cleanup
[2019-06-24T10:40:50.487+0000][1][safepoint    ] Leaving safepoint region
[2019-06-24T10:40:50.487+0000][1][safepoint    ] Total time for which application threads were stopped: 0.0002277 seconds, Stopping threads took: 0.0000730 seconds
[2019-06-24T10:40:51.488+0000][1][safepoint    ] Application time: 1.0002532 seconds
[2019-06-24T10:40:51.488+0000][1][safepoint    ] Entering safepoint region: Cleanup
[2019-06-24T10:40:51.489+0000][1][safepoint    ] Leaving safepoint region
[2019-06-24T10:40:51.489+0000][1][safepoint    ] Total time for which application threads were stopped: 0.0012756 seconds, Stopping threads took: 0.0010066 seconds
[2019-06-24T10:40:52.489+0000][1][safepoint    ] Application time: 1.0002470 seconds
[2019-06-24T10:40:52.490+0000][1][safepoint    ] Entering safepoint region: Cleanup
[2019-06-24T10:40:52.490+0000][1][safepoint    ] Leaving safepoint region
[2019-06-24T10:40:52.490+0000][1][safepoint    ] Total time for which application threads were stopped: 0.0001967 seconds, Stopping threads took: 0.0000577 seconds
[2019-06-24T10:40:53.490+0000][1][safepoint    ] Application time: 1.0002589 seconds
[2019-06-24T10:40:53.490+0000][1][safepoint    ] Entering safepoint region: Cleanup
[2019-06-24T10:40:53.490+0000][1][safepoint    ] Leaving safepoint region
[2019-06-24T10:40:53.490+0000][1][safepoint    ] Total time for which application threads were stopped: 0.0002205 seconds, Stopping threads took: 0.0000659 seconds
[2019-06-24T10:40:54.491+0000][1][safepoint    ] Application time: 1.0003084 seconds
[2019-06-24T10:40:54.491+0000][1][safepoint    ] Entering safepoint region: Cleanup
[2019-06-24T10:40:54.491+0000][1][safepoint    ] Leaving safepoint region
[2019-06-24T10:40:54.491+0000][1][safepoint    ] Total time for which application threads were stopped: 0.0003008 seconds, Stopping threads took: 0.0000674 seconds
[2019-06-24T10:40:55.491+0000][1][safepoint    ] Application time: 1.0002407 seconds
[2019-06-24T10:40:55.492+0000][1][safepoint    ] Entering safepoint region: Cleanup
[2019-06-24T10:40:55.492+0000][1][safepoint    ] Leaving safepoint region
[2019-06-24T10:40:55.492+0000][1][safepoint    ] Total time for which application threads were stopped: 0.0002200 seconds, Stopping threads took: 0.0000644 seconds
[2019-06-24T10:40:56.492+0000][1][safepoint    ] Application time: 1.0001743 seconds
[2019-06-24T10:40:56.492+0000][1][safepoint    ] Entering safepoint region: Cleanup
[2019-06-24T10:40:56.492+0000][1][safepoint    ] Leaving safepoint region
[2019-06-24T10:40:56.492+0000][1][safepoint    ] Total time for which application threads were stopped: 0.0002349 seconds, Stopping threads took: 0.0000592 seconds
[2019-06-24T10:40:57.493+0000][1][safepoint    ] Application time: 1.0002611 seconds
[2019-06-24T10:40:57.493+0000][1][safepoint    ] Entering safepoint region: Cleanup
[2019-06-24T10:40:57.493+0000][1][safepoint    ] Leaving safepoint region
[2019-06-24T10:40:57.493+0000][1][safepoint    ] Total time for which application threads were stopped: 0.0002443 seconds, Stopping threads took: 0.0000643 seconds
[2019-06-24T10:40:58.493+0000][1][safepoint    ] Application time: 1.0001625 seconds
[2019-06-24T10:40:58.493+0000][1][safepoint    ] Entering safepoint region: Cleanup
[2019-06-24T10:40:58.494+0000][1][safepoint    ] Leaving safepoint region
[2019-06-24T10:40:58.494+0000][1][safepoint    ] Total time for which application threads were stopped: 0.0003186 seconds, Stopping threads took: 0.0000716 seconds
[2019-06-24T10:40:59.494+0000][1][safepoint    ] Application time: 1.0002709 seconds
[2019-06-24T10:40:59.494+0000][1][safepoint    ] Entering safepoint region: Cleanup
[2019-06-24T10:40:59.494+0000][1][safepoint    ] Leaving safepoint region
[2019-06-24T10:40:59.494+0000][1][safepoint    ] Total time for which application threads were stopped: 0.0002915 seconds, Stopping threads took: 0.0001049 seconds
[2019-06-24T10:41:00.495+0000][1][safepoint    ] Application time: 1.0003251 seconds
[2019-06-24T10:41:00.495+0000][1][safepoint    ] Entering safepoint region: Cleanup
[2019-06-24T10:41:00.495+0000][1][safepoint    ] Leaving safepoint region
[2019-06-24T10:41:00.495+0000][1][safepoint    ] Total time for which application threads were stopped: 0.0002148 seconds, Stopping threads took: 0.0000641 seconds
[2019-06-24T10:41:01.495+0000][1][safepoint    ] Application time: 1.0002717 seconds
[2019-06-24T10:41:01.495+0000][1][safepoint    ] Entering safepoint region: Cleanup
[2019-06-24T10:41:01.496+0000][1][safepoint    ] Leaving safepoint region
[2019-06-24T10:41:01.496+0000][1][safepoint    ] Total time for which application threads were stopped: 0.0002169 seconds, Stopping threads took: 0.0000618 seconds
[2019-06-24T10:41:02.496+0000][1][safepoint    ] Application time: 1.0001595 seconds
[2019-06-24T10:41:02.496+0000][1][safepoint    ] Entering safepoint region: Cleanup
[2019-06-24T10:41:02.496+0000][1][safepoint    ] Leaving safepoint region
[2019-06-24T10:41:02.496+0000][1][safepoint    ] Total time for which application threads were stopped: 0.0002306 seconds, Stopping threads took: 0.0000646 seconds
[2019-06-24T10:41:03.496+0000][1][safepoint    ] Application time: 1.0002441 seconds
[2019-06-24T10:41:03.497+0000][1][safepoint    ] Entering safepoint region: Cleanup
[2019-06-24T10:41:03.497+0000][1][safepoint    ] Leaving safepoint region
[2019-06-24T10:41:03.497+0000][1][safepoint    ] Total time for which application threads were stopped: 0.0003901 seconds, Stopping threads took: 0.0001225 seconds
[2019-06-24T10:41:04.497+0000][1][safepoint    ] Application time: 1.0002736 seconds
[2019-06-24T10:41:04.498+0000][1][safepoint    ] Entering safepoint region: Cleanup
[2019-06-24T10:41:04.498+0000][1][safepoint    ] Leaving safepoint region
[2019-06-24T10:41:04.498+0000][1][safepoint    ] Total time for which application threads were stopped: 0.0002180 seconds, Stopping threads took: 0.0000622 seconds
[2019-06-24T10:41:05.498+0000][1][safepoint    ] Application time: 1.0001870 seconds
[2019-06-24T10:41:05.498+0000][1][safepoint    ] Entering safepoint region: Cleanup
[2019-06-24T10:41:05.498+0000][1][safepoint    ] Leaving safepoint region
[2019-06-24T10:41:05.498+0000][1][safepoint    ] Total time for which application threads were stopped: 0.0001946 seconds, Stopping threads took: 0.0000568 seconds
[2019-06-24T10:41:06.499+0000][1][safepoint    ] Application time: 1.0003216 seconds
[2019-06-24T10:41:06.499+0000][1][safepoint    ] Entering safepoint region: Cleanup
[2019-06-24T10:41:06.499+0000][1][safepoint    ] Leaving safepoint region
[2019-06-24T10:41:06.499+0000][1][safepoint    ] Total time for which application threads were stopped: 0.0002640 seconds, Stopping threads took: 0.0000782 seconds
[2019-06-24T10:41:07.499+0000][1][safepoint    ] Application time: 1.0002438 seconds
[2019-06-24T10:41:07.499+0000][1][safepoint    ] Entering safepoint region: Cleanup
[2019-06-24T10:41:07.500+0000][1][safepoint    ] Leaving safepoint region
[2019-06-24T10:41:07.500+0000][1][safepoint    ] Total time for which application threads were stopped: 0.0002609 seconds, Stopping threads took: 0.0000777 seconds
[2019-06-24T10:41:08.519+0000][1][safepoint    ] Application time: 1.0192293 seconds
[2019-06-24T10:41:08.519+0000][1][safepoint    ] Entering safepoint region: Cleanup
[2019-06-24T10:41:08.519+0000][1][safepoint    ] Leaving safepoint region
[2019-06-24T10:41:08.519+0000][1][safepoint    ] Total time for which application threads were stopped: 0.0002698 seconds, Stopping threads took: 0.0000786 seconds
[2019-06-24T10:41:09.516+0000][1][safepoint    ] Application time: 0.9969626 seconds
[2019-06-24T10:41:09.516+0000][1][safepoint    ] Entering safepoint region: GenCollectForAllocation
[2019-06-24T10:41:09.517+0000][1][gc,start     ] GC(39) Pause Young (Allocation Failure)
[2019-06-24T10:41:09.517+0000][1][gc,task      ] GC(39) Using 5 workers of 8 for evacuation
[2019-06-24T10:41:09.519+0000][1][gc,age       ] GC(39) Desired survivor size 4456448 bytes, new threshold 6 (max threshold 6)
[2019-06-24T10:41:09.519+0000][1][gc,age       ] GC(39) Age table with threshold 6 (max threshold 6)
[2019-06-24T10:41:09.519+0000][1][gc,age       ] GC(39) - age   1:       3872 bytes,       3872 total
[2019-06-24T10:41:09.519+0000][1][gc,age       ] GC(39) - age   3:       1752 bytes,       5624 total
[2019-06-24T10:41:09.519+0000][1][gc,age       ] GC(39) - age   4:         56 bytes,       5680 total
[2019-06-24T10:41:09.519+0000][1][gc,age       ] GC(39) - age   5:       1392 bytes,       7072 total
[2019-06-24T10:41:09.519+0000][1][gc,age       ] GC(39) - age   6:        216 bytes,       7288 total
[2019-06-24T10:41:09.519+0000][1][gc,heap      ] GC(39) ParNew: 69968K->12K(78656K)
[2019-06-24T10:41:09.519+0000][1][gc,heap      ] GC(39) CMS: 69765K->69767K(174784K)
[2019-06-24T10:41:09.519+0000][1][gc,metaspace ] GC(39) Metaspace: 68033K->68033K(1112064K)
[2019-06-24T10:41:09.519+0000][1][gc           ] GC(39) Pause Young (Allocation Failure) 136M->68M(247M) 2.491ms
[2019-06-24T10:41:09.519+0000][1][gc,cpu       ] GC(39) User=0.01s Sys=0.00s Real=0.00s
[2019-06-24T10:41:09.519+0000][1][safepoint    ] Leaving safepoint region
[2019-06-24T10:41:09.519+0000][1][safepoint    ] Total time for which application threads were stopped: 0.0029007 seconds, Stopping threads took: 0.0000611 seconds
[2019-06-24T10:41:10.520+0000][1][safepoint    ] Application time: 1.0002513 seconds
[2019-06-24T10:41:10.520+0000][1][safepoint    ] Entering safepoint region: Cleanup
[2019-06-24T10:41:10.520+0000][1][safepoint    ] Leaving safepoint region
[2019-06-24T10:41:10.521+0000][1][safepoint    ] Total time for which application threads were stopped: 0.0005845 seconds, Stopping threads took: 0.0003162 seconds
[2019-06-24T10:41:11.521+0000][1][safepoint    ] Application time: 1.0002820 seconds
[2019-06-24T10:41:11.521+0000][1][safepoint    ] Entering safepoint region: Cleanup
[2019-06-24T10:41:11.521+0000][1][safepoint    ] Leaving safepoint region
[2019-06-24T10:41:11.521+0000][1][safepoint    ] Total time for which application threads were stopped: 0.0002225 seconds, Stopping threads took: 0.0000635 seconds
[2019-06-24T10:41:12.521+0000][1][safepoint    ] Application time: 1.0001929 seconds
[2019-06-24T10:41:12.522+0000][1][safepoint    ] Entering safepoint region: Cleanup
[2019-06-24T10:41:12.522+0000][1][safepoint    ] Leaving safepoint region
[2019-06-24T10:41:12.522+0000][1][safepoint    ] Total time for which application threads were stopped: 0.0002231 seconds, Stopping threads took: 0.0000677 seconds
[2019-06-24T10:41:13.522+0000][1][safepoint    ] Application time: 1.0002283 seconds
[2019-06-24T10:41:13.522+0000][1][safepoint    ] Entering safepoint region: Cleanup
[2019-06-24T10:41:13.522+0000][1][safepoint    ] Leaving safepoint region
[2019-06-24T10:41:13.522+0000][1][safepoint    ] Total time for which application threads were stopped: 0.0002220 seconds, Stopping threads took: 0.0000632 seconds
[2019-06-24T10:41:14.523+0000][1][safepoint    ] Application time: 1.0001751 seconds
[2019-06-24T10:41:14.523+0000][1][safepoint    ] Entering safepoint region: Cleanup
[2019-06-24T10:41:14.523+0000][1][safepoint    ] Leaving safepoint region
[2019-06-24T10:41:14.523+0000][1][safepoint    ] Total time for which application threads were stopped: 0.0003320 seconds, Stopping threads took: 0.0001631 seconds
[2019-06-24T10:41:15.523+0000][1][safepoint    ] Application time: 1.0002753 seconds
[2019-06-24T10:41:15.523+0000][1][safepoint    ] Entering safepoint region: Cleanup
[2019-06-24T10:41:15.524+0000][1][safepoint    ] Leaving safepoint region
[2019-06-24T10:41:15.524+0000][1][safepoint    ] Total time for which application threads were stopped: 0.0002904 seconds, Stopping threads took: 0.0000605 seconds
[2019-06-24T10:41:16.524+0000][1][safepoint    ] Application time: 1.0002851 seconds
[2019-06-24T10:41:16.524+0000][1][safepoint    ] Entering safepoint region: Cleanup
[2019-06-24T10:41:16.524+0000][1][safepoint    ] Leaving safepoint region
[2019-06-24T10:41:16.524+0000][1][safepoint    ] Total time for which application threads were stopped: 0.0002974 seconds, Stopping threads took: 0.0000923 seconds
[2019-06-24T10:41:17.525+0000][1][safepoint    ] Application time: 1.0001859 seconds
[2019-06-24T10:41:17.525+0000][1][safepoint    ] Entering safepoint region: Cleanup
[2019-06-24T10:41:17.525+0000][1][safepoint    ] Leaving safepoint region
[2019-06-24T10:41:17.525+0000][1][safepoint    ] Total time for which application threads were stopped: 0.0002861 seconds, Stopping threads took: 0.0001381 seconds
[2019-06-24T10:41:18.525+0000][1][safepoint    ] Application time: 1.0002705 seconds
[2019-06-24T10:41:18.525+0000][1][safepoint    ] Entering safepoint region: Cleanup
[2019-06-24T10:41:18.526+0000][1][safepoint    ] Leaving safepoint region
[2019-06-24T10:41:18.526+0000][1][safepoint    ] Total time for which application threads were stopped: 0.0002618 seconds, Stopping threads took: 0.0000774 seconds
[2019-06-24T10:41:19.526+0000][1][safepoint    ] Application time: 1.0001849 seconds
[2019-06-24T10:41:19.526+0000][1][safepoint    ] Entering safepoint region: Cleanup
[2019-06-24T10:41:19.526+0000][1][safepoint    ] Leaving safepoint region
[2019-06-24T10:41:19.527+0000][1][safepoint    ] Total time for which application threads were stopped: 0.0005742 seconds, Stopping threads took: 0.0001795 seconds
[2019-06-24T10:41:20.527+0000][1][safepoint    ] Application time: 1.0001603 seconds
[2019-06-24T10:41:20.527+0000][1][safepoint    ] Entering safepoint region: Cleanup
[2019-06-24T10:41:20.527+0000][1][safepoint    ] Leaving safepoint region
[2019-06-24T10:41:20.527+0000][1][safepoint    ] Total time for which application threads were stopped: 0.0000969 seconds, Stopping threads took: 0.0000346 seconds
[2019-06-24T10:41:21.527+0000][1][safepoint    ] Application time: 1.0001719 seconds
[2019-06-24T10:41:21.527+0000][1][safepoint    ] Entering safepoint region: Cleanup
[2019-06-24T10:41:21.528+0000][1][safepoint    ] Leaving safepoint region
[2019-06-24T10:41:21.528+0000][1][safepoint    ] Total time for which application threads were stopped: 0.0002804 seconds, Stopping threads took: 0.0001155 seconds
[2019-06-24T10:41:22.528+0000][1][safepoint    ] Application time: 1.0002146 seconds
[2019-06-24T10:41:22.528+0000][1][safepoint    ] Entering safepoint region: Cleanup
[2019-06-24T10:41:22.528+0000][1][safepoint    ] Leaving safepoint region
[2019-06-24T10:41:22.528+0000][1][safepoint    ] Total time for which application threads were stopped: 0.0002202 seconds, Stopping threads took: 0.0000738 seconds
[2019-06-24T10:41:23.528+0000][1][safepoint    ] Application time: 1.0002785 seconds
[2019-06-24T10:41:23.529+0000][1][safepoint    ] Entering safepoint region: Cleanup
[2019-06-24T10:41:23.529+0000][1][safepoint    ] Leaving safepoint region
[2019-06-24T10:41:23.529+0000][1][safepoint    ] Total time for which application threads were stopped: 0.0003077 seconds, Stopping threads took: 0.0000940 seconds
[2019-06-24T10:41:24.529+0000][1][safepoint    ] Application time: 1.0002899 seconds
[2019-06-24T10:41:24.529+0000][1][safepoint    ] Entering safepoint region: Cleanup
[2019-06-24T10:41:24.530+0000][1][safepoint    ] Leaving safepoint region
[2019-06-24T10:41:24.530+0000][1][safepoint    ] Total time for which application threads were stopped: 0.0003076 seconds, Stopping threads took: 0.0000926 seconds
[2019-06-24T10:41:25.543+0000][1][safepoint    ] Application time: 1.0134489 seconds
[2019-06-24T10:41:25.543+0000][1][safepoint    ] Entering safepoint region: Cleanup
[2019-06-24T10:41:25.544+0000][1][safepoint    ] Leaving safepoint region
[2019-06-24T10:41:25.544+0000][1][safepoint    ] Total time for which application threads were stopped: 0.0004153 seconds, Stopping threads took: 0.0001743 seconds
[2019-06-24T10:41:26.544+0000][1][safepoint    ] Application time: 1.0002977 seconds
[2019-06-24T10:41:26.544+0000][1][safepoint    ] Entering safepoint region: Cleanup
[2019-06-24T10:41:26.545+0000][1][safepoint    ] Leaving safepoint region
[2019-06-24T10:41:26.545+0000][1][safepoint    ] Total time for which application threads were stopped: 0.0003285 seconds, Stopping threads took: 0.0001418 seconds
[2019-06-24T10:41:27.545+0000][1][safepoint    ] Application time: 1.0001648 seconds
[2019-06-24T10:41:27.545+0000][1][safepoint    ] Entering safepoint region: Cleanup
[2019-06-24T10:41:27.545+0000][1][safepoint    ] Leaving safepoint region
[2019-06-24T10:41:27.545+0000][1][safepoint    ] Total time for which application threads were stopped: 0.0000838 seconds, Stopping threads took: 0.0000245 seconds
[2019-06-24T10:41:28.545+0000][1][safepoint    ] Application time: 1.0001119 seconds
[2019-06-24T10:41:28.545+0000][1][safepoint    ] Entering safepoint region: Cleanup
[2019-06-24T10:41:28.545+0000][1][safepoint    ] Leaving safepoint region
[2019-06-24T10:41:28.545+0000][1][safepoint    ] Total time for which application threads were stopped: 0.0002436 seconds, Stopping threads took: 0.0000910 seconds
[2019-06-24T10:41:29.546+0000][1][safepoint    ] Application time: 1.0001891 seconds
[2019-06-24T10:41:29.546+0000][1][safepoint    ] Entering safepoint region: Cleanup
[2019-06-24T10:41:29.546+0000][1][safepoint    ] Leaving safepoint region
[2019-06-24T10:41:29.546+0000][1][safepoint    ] Total time for which application threads were stopped: 0.0002833 seconds, Stopping threads took: 0.0001231 seconds
[2019-06-24T10:41:30.546+0000][1][safepoint    ] Application time: 1.0002733 seconds
[2019-06-24T10:41:30.546+0000][1][safepoint    ] Entering safepoint region: Cleanup
[2019-06-24T10:41:30.547+0000][1][safepoint    ] Leaving safepoint region
[2019-06-24T10:41:30.547+0000][1][safepoint    ] Total time for which application threads were stopped: 0.0003118 seconds, Stopping threads took: 0.0000628 seconds
[2019-06-24T10:41:31.547+0000][1][safepoint    ] Application time: 1.0001398 seconds
[2019-06-24T10:41:31.547+0000][1][safepoint    ] Entering safepoint region: Cleanup
[2019-06-24T10:41:31.547+0000][1][safepoint    ] Leaving safepoint region
[2019-06-24T10:41:31.547+0000][1][safepoint    ] Total time for which application threads were stopped: 0.0002172 seconds, Stopping threads took: 0.0000648 seconds
[2019-06-24T10:41:32.547+0000][1][safepoint    ] Application time: 1.0002369 seconds
[2019-06-24T10:41:32.548+0000][1][safepoint    ] Entering safepoint region: Cleanup
[2019-06-24T10:41:32.548+0000][1][safepoint    ] Leaving safepoint region
[2019-06-24T10:41:32.548+0000][1][safepoint    ] Total time for which application threads were stopped: 0.0002591 seconds, Stopping threads took: 0.0000644 seconds
[2019-06-24T10:41:33.548+0000][1][safepoint    ] Application time: 1.0002356 seconds
[2019-06-24T10:41:33.548+0000][1][safepoint    ] Entering safepoint region: Cleanup
[2019-06-24T10:41:33.548+0000][1][safepoint    ] Leaving safepoint region
[2019-06-24T10:41:33.548+0000][1][safepoint    ] Total time for which application threads were stopped: 0.0002261 seconds, Stopping threads took: 0.0000620 seconds
[2019-06-24T10:41:34.549+0000][1][safepoint    ] Application time: 1.0001953 seconds
[2019-06-24T10:41:34.549+0000][1][safepoint    ] Entering safepoint region: Cleanup
[2019-06-24T10:41:34.549+0000][1][safepoint    ] Leaving safepoint region
[2019-06-24T10:41:34.549+0000][1][safepoint    ] Total time for which application threads were stopped: 0.0003291 seconds, Stopping threads took: 0.0001494 seconds
[2019-06-24T10:41:35.549+0000][1][safepoint    ] Application time: 1.0002356 seconds
[2019-06-24T10:41:35.549+0000][1][safepoint    ] Entering safepoint region: Cleanup
[2019-06-24T10:41:35.550+0000][1][safepoint    ] Leaving safepoint region
[2019-06-24T10:41:35.550+0000][1][safepoint    ] Total time for which application threads were stopped: 0.0002219 seconds, Stopping threads took: 0.0000627 seconds
[2019-06-24T10:41:36.550+0000][1][safepoint    ] Application time: 1.0002325 seconds
[2019-06-24T10:41:36.550+0000][1][safepoint    ] Entering safepoint region: Cleanup
[2019-06-24T10:41:36.550+0000][1][safepoint    ] Leaving safepoint region
[2019-06-24T10:41:36.550+0000][1][safepoint    ] Total time for which application threads were stopped: 0.0001954 seconds, Stopping threads took: 0.0000579 seconds
[2019-06-24T10:41:37.551+0000][1][safepoint    ] Application time: 1.0003280 seconds
[2019-06-24T10:41:37.551+0000][1][safepoint    ] Entering safepoint region: Cleanup
[2019-06-24T10:41:37.551+0000][1][safepoint    ] Leaving safepoint region
[2019-06-24T10:41:37.551+0000][1][safepoint    ] Total time for which application threads were stopped: 0.0002184 seconds, Stopping threads took: 0.0000641 seconds
[2019-06-24T10:41:38.551+0000][1][safepoint    ] Application time: 1.0002440 seconds
[2019-06-24T10:41:38.551+0000][1][safepoint    ] Entering safepoint region: Cleanup
[2019-06-24T10:41:38.552+0000][1][safepoint    ] Leaving safepoint region
[2019-06-24T10:41:38.552+0000][1][safepoint    ] Total time for which application threads were stopped: 0.0002165 seconds, Stopping threads took: 0.0000633 seconds
[2019-06-24T10:41:39.552+0000][1][safepoint    ] Application time: 1.0002321 seconds
[2019-06-24T10:41:39.552+0000][1][safepoint    ] Entering safepoint region: Cleanup
[2019-06-24T10:41:39.552+0000][1][safepoint    ] Leaving safepoint region
[2019-06-24T10:41:39.552+0000][1][safepoint    ] Total time for which application threads were stopped: 0.0002135 seconds, Stopping threads took: 0.0000631 seconds
[2019-06-24T10:41:40.552+0000][1][safepoint    ] Application time: 1.0001488 seconds
[2019-06-24T10:41:40.552+0000][1][safepoint    ] Entering safepoint region: Cleanup
[2019-06-24T10:41:40.553+0000][1][safepoint    ] Leaving safepoint region
[2019-06-24T10:41:40.553+0000][1][safepoint    ] Total time for which application threads were stopped: 0.0002914 seconds, Stopping threads took: 0.0000843 seconds
[2019-06-24T10:41:41.553+0000][1][safepoint    ] Application time: 1.0002737 seconds
[2019-06-24T10:41:41.553+0000][1][safepoint    ] Entering safepoint region: Cleanup
[2019-06-24T10:41:41.553+0000][1][safepoint    ] Leaving safepoint region
[2019-06-24T10:41:41.553+0000][1][safepoint    ] Total time for which application threads were stopped: 0.0002079 seconds, Stopping threads took: 0.0000622 seconds
[2019-06-24T10:41:42.554+0000][1][safepoint    ] Application time: 1.0002655 seconds
[2019-06-24T10:41:42.554+0000][1][safepoint    ] Entering safepoint region: Cleanup
[2019-06-24T10:41:42.554+0000][1][safepoint    ] Leaving safepoint region
[2019-06-24T10:41:42.554+0000][1][safepoint    ] Total time for which application threads were stopped: 0.0002778 seconds, Stopping threads took: 0.0000638 seconds
[2019-06-24T10:41:43.554+0000][1][safepoint    ] Application time: 1.0002691 seconds
[2019-06-24T10:41:43.555+0000][1][safepoint    ] Entering safepoint region: Cleanup
[2019-06-24T10:41:43.555+0000][1][safepoint    ] Leaving safepoint region
[2019-06-24T10:41:43.555+0000][1][safepoint    ] Total time for which application threads were stopped: 0.0003349 seconds, Stopping threads took: 0.0000983 seconds
[2019-06-24T10:41:44.555+0000][1][safepoint    ] Application time: 1.0001932 seconds
[2019-06-24T10:41:44.555+0000][1][safepoint    ] Entering safepoint region: Cleanup
[2019-06-24T10:41:44.555+0000][1][safepoint    ] Leaving safepoint region
[2019-06-24T10:41:44.555+0000][1][safepoint    ] Total time for which application threads were stopped: 0.0002175 seconds, Stopping threads took: 0.0000562 seconds
[2019-06-24T10:41:45.556+0000][1][safepoint    ] Application time: 1.0002405 seconds
[2019-06-24T10:41:45.556+0000][1][safepoint    ] Entering safepoint region: Cleanup
[2019-06-24T10:41:45.556+0000][1][safepoint    ] Leaving safepoint region
[2019-06-24T10:41:45.556+0000][1][safepoint    ] Total time for which application threads were stopped: 0.0002463 seconds, Stopping threads took: 0.0000635 seconds
[2019-06-24T10:41:46.556+0000][1][safepoint    ] Application time: 1.0001646 seconds
[2019-06-24T10:41:46.556+0000][1][safepoint    ] Entering safepoint region: Cleanup
[2019-06-24T10:41:46.556+0000][1][safepoint    ] Leaving safepoint region
[2019-06-24T10:41:46.556+0000][1][safepoint    ] Total time for which application threads were stopped: 0.0001522 seconds, Stopping threads took: 0.0000463 seconds
[2019-06-24T10:41:47.557+0000][1][safepoint    ] Application time: 1.0001958 seconds
[2019-06-24T10:41:47.557+0000][1][safepoint    ] Entering safepoint region: Cleanup
[2019-06-24T10:41:47.557+0000][1][safepoint    ] Leaving safepoint region
[2019-06-24T10:41:47.557+0000][1][safepoint    ] Total time for which application threads were stopped: 0.0002700 seconds, Stopping threads took: 0.0000820 seconds
[2019-06-24T10:41:48.557+0000][1][safepoint    ] Application time: 1.0001182 seconds
[2019-06-24T10:41:48.557+0000][1][safepoint    ] Entering safepoint region: Cleanup
[2019-06-24T10:41:48.558+0000][1][safepoint    ] Leaving safepoint region
[2019-06-24T10:41:48.558+0000][1][safepoint    ] Total time for which application threads were stopped: 0.0004148 seconds, Stopping threads took: 0.0000635 seconds
[2019-06-24T10:41:49.558+0000][1][safepoint    ] Application time: 1.0002933 seconds
[2019-06-24T10:41:49.558+0000][1][safepoint    ] Entering safepoint region: Cleanup
[2019-06-24T10:41:49.558+0000][1][safepoint    ] Leaving safepoint region
[2019-06-24T10:41:49.558+0000][1][safepoint    ] Total time for which application threads were stopped: 0.0002196 seconds, Stopping threads took: 0.0000643 seconds
[2019-06-24T10:41:50.559+0000][1][safepoint    ] Application time: 1.0003181 seconds
[2019-06-24T10:41:50.559+0000][1][safepoint    ] Entering safepoint region: Cleanup
[2019-06-24T10:41:50.559+0000][1][safepoint    ] Leaving safepoint region
[2019-06-24T10:41:50.559+0000][1][safepoint    ] Total time for which application threads were stopped: 0.0002109 seconds, Stopping threads took: 0.0000626 seconds
[2019-06-24T10:41:51.559+0000][1][safepoint    ] Application time: 1.0001616 seconds
[2019-06-24T10:41:51.559+0000][1][safepoint    ] Entering safepoint region: Cleanup
[2019-06-24T10:41:51.559+0000][1][safepoint    ] Leaving safepoint region
[2019-06-24T10:41:51.559+0000][1][safepoint    ] Total time for which application threads were stopped: 0.0001115 seconds, Stopping threads took: 0.0000331 seconds
[2019-06-24T10:41:52.560+0000][1][safepoint    ] Application time: 1.0002482 seconds
[2019-06-24T10:41:52.560+0000][1][safepoint    ] Entering safepoint region: Cleanup
[2019-06-24T10:41:52.560+0000][1][safepoint    ] Leaving safepoint region
[2019-06-24T10:41:52.560+0000][1][safepoint    ] Total time for which application threads were stopped: 0.0002204 seconds, Stopping threads took: 0.0000632 seconds
[2019-06-24T10:41:53.560+0000][1][safepoint    ] Application time: 1.0002632 seconds
[2019-06-24T10:41:53.560+0000][1][safepoint    ] Entering safepoint region: Cleanup
[2019-06-24T10:41:53.561+0000][1][safepoint    ] Leaving safepoint region
[2019-06-24T10:41:53.561+0000][1][safepoint    ] Total time for which application threads were stopped: 0.0003280 seconds, Stopping threads took: 0.0001486 seconds
[2019-06-24T10:41:54.561+0000][1][safepoint    ] Application time: 1.0001919 seconds
[2019-06-24T10:41:54.561+0000][1][safepoint    ] Entering safepoint region: Cleanup
[2019-06-24T10:41:54.561+0000][1][safepoint    ] Leaving safepoint region
[2019-06-24T10:41:54.561+0000][1][safepoint    ] Total time for which application threads were stopped: 0.0001996 seconds, Stopping threads took: 0.0000593 seconds
[2019-06-24T10:41:55.561+0000][1][safepoint    ] Application time: 1.0001489 seconds
[2019-06-24T10:41:55.562+0000][1][safepoint    ] Entering safepoint region: Cleanup
[2019-06-24T10:41:55.562+0000][1][safepoint    ] Leaving safepoint region
[2019-06-24T10:41:55.562+0000][1][safepoint    ] Total time for which application threads were stopped: 0.0003029 seconds, Stopping threads took: 0.0000863 seconds
[2019-06-24T10:41:56.562+0000][1][safepoint    ] Application time: 1.0002838 seconds
[2019-06-24T10:41:56.562+0000][1][safepoint    ] Entering safepoint region: Cleanup
[2019-06-24T10:41:56.563+0000][1][safepoint    ] Leaving safepoint region
[2019-06-24T10:41:56.563+0000][1][safepoint    ] Total time for which application threads were stopped: 0.0003775 seconds, Stopping threads took: 0.0000786 seconds
[2019-06-24T10:41:57.563+0000][1][safepoint    ] Application time: 1.0002603 seconds
[2019-06-24T10:41:57.563+0000][1][safepoint    ] Entering safepoint region: Cleanup
[2019-06-24T10:41:57.563+0000][1][safepoint    ] Leaving safepoint region
[2019-06-24T10:41:57.563+0000][1][safepoint    ] Total time for which application threads were stopped: 0.0002976 seconds, Stopping threads took: 0.0000637 seconds
[2019-06-24T10:41:58.564+0000][1][safepoint    ] Application time: 1.0002706 seconds
[2019-06-24T10:41:58.564+0000][1][safepoint    ] Entering safepoint region: Cleanup
[2019-06-24T10:41:58.564+0000][1][safepoint    ] Leaving safepoint region
[2019-06-24T10:41:58.564+0000][1][safepoint    ] Total time for which application threads were stopped: 0.0003017 seconds, Stopping threads took: 0.0000632 seconds
[2019-06-24T10:41:59.564+0000][1][safepoint    ] Application time: 1.0002623 seconds
[2019-06-24T10:41:59.565+0000][1][safepoint    ] Entering safepoint region: Cleanup
[2019-06-24T10:41:59.565+0000][1][safepoint    ] Leaving safepoint region
[2019-06-24T10:41:59.565+0000][1][safepoint    ] Total time for which application threads were stopped: 0.0003572 seconds, Stopping threads took: 0.0000632 seconds
[2019-06-24T10:42:00.565+0000][1][safepoint    ] Application time: 1.0002631 seconds
[2019-06-24T10:42:00.565+0000][1][safepoint    ] Entering safepoint region: Cleanup
[2019-06-24T10:42:00.565+0000][1][safepoint    ] Leaving safepoint region
[2019-06-24T10:42:00.565+0000][1][safepoint    ] Total time for which application threads were stopped: 0.0002163 seconds, Stopping threads took: 0.0000616 seconds
[2019-06-24T10:42:01.566+0000][1][safepoint    ] Application time: 1.0002632 seconds
[2019-06-24T10:42:01.566+0000][1][safepoint    ] Entering safepoint region: Cleanup
[2019-06-24T10:42:01.566+0000][1][safepoint    ] Leaving safepoint region
[2019-06-24T10:42:01.566+0000][1][safepoint    ] Total time for which application threads were stopped: 0.0002168 seconds, Stopping threads took: 0.0000614 seconds
[2019-06-24T10:42:02.566+0000][1][safepoint    ] Application time: 1.0002494 seconds
[2019-06-24T10:42:02.567+0000][1][safepoint    ] Entering safepoint region: Cleanup
[2019-06-24T10:42:02.567+0000][1][safepoint    ] Leaving safepoint region
[2019-06-24T10:42:02.567+0000][1][safepoint    ] Total time for which application threads were stopped: 0.0002535 seconds, Stopping threads took: 0.0000691 seconds
[2019-06-24T10:42:03.567+0000][1][safepoint    ] Application time: 1.0001374 seconds
[2019-06-24T10:42:03.567+0000][1][safepoint    ] Entering safepoint region: Cleanup
[2019-06-24T10:42:03.567+0000][1][safepoint    ] Leaving safepoint region
[2019-06-24T10:42:03.567+0000][1][safepoint    ] Total time for which application threads were stopped: 0.0002590 seconds, Stopping threads took: 0.0000975 seconds
[2019-06-24T10:42:04.568+0000][1][safepoint    ] Application time: 1.0001301 seconds
[2019-06-24T10:42:04.568+0000][1][safepoint    ] Entering safepoint region: Cleanup
[2019-06-24T10:42:04.568+0000][1][safepoint    ] Leaving safepoint region
[2019-06-24T10:42:04.568+0000][1][safepoint    ] Total time for which application threads were stopped: 0.0002956 seconds, Stopping threads took: 0.0000839 seconds
[2019-06-24T10:42:05.568+0000][1][safepoint    ] Application time: 1.0001912 seconds
[2019-06-24T10:42:05.568+0000][1][safepoint    ] Entering safepoint region: Cleanup
[2019-06-24T10:42:05.568+0000][1][safepoint    ] Leaving safepoint region
[2019-06-24T10:42:05.568+0000][1][safepoint    ] Total time for which application threads were stopped: 0.0002220 seconds, Stopping threads took: 0.0000613 seconds
[2019-06-24T10:42:06.569+0000][1][safepoint    ] Application time: 1.0002390 seconds
[2019-06-24T10:42:06.569+0000][1][safepoint    ] Entering safepoint region: Cleanup
[2019-06-24T10:42:06.569+0000][1][safepoint    ] Leaving safepoint region
[2019-06-24T10:42:06.570+0000][1][safepoint    ] Total time for which application threads were stopped: 0.0004823 seconds, Stopping threads took: 0.0001416 seconds
[2019-06-24T10:42:07.570+0000][1][safepoint    ] Application time: 1.0003135 seconds
[2019-06-24T10:42:07.570+0000][1][safepoint    ] Entering safepoint region: Cleanup
[2019-06-24T10:42:07.570+0000][1][safepoint    ] Leaving safepoint region
[2019-06-24T10:42:07.570+0000][1][safepoint    ] Total time for which application threads were stopped: 0.0002137 seconds, Stopping threads took: 0.0000617 seconds
[2019-06-24T10:42:08.571+0000][1][safepoint    ] Application time: 1.0003353 seconds
[2019-06-24T10:42:08.571+0000][1][safepoint    ] Entering safepoint region: Cleanup
[2019-06-24T10:42:08.571+0000][1][safepoint    ] Leaving safepoint region
[2019-06-24T10:42:08.571+0000][1][safepoint    ] Total time for which application threads were stopped: 0.0002161 seconds, Stopping threads took: 0.0000625 seconds
[2019-06-24T10:42:09.601+0000][1][safepoint    ] Application time: 1.0298013 seconds
[2019-06-24T10:42:09.601+0000][1][safepoint    ] Entering safepoint region: Cleanup
[2019-06-24T10:42:09.601+0000][1][safepoint    ] Leaving safepoint region
[2019-06-24T10:42:09.601+0000][1][safepoint    ] Total time for which application threads were stopped: 0.0002179 seconds, Stopping threads took: 0.0000625 seconds
[2019-06-24T10:42:10.601+0000][1][safepoint    ] Application time: 1.0001740 seconds
[2019-06-24T10:42:10.601+0000][1][safepoint    ] Entering safepoint region: Cleanup
[2019-06-24T10:42:10.601+0000][1][safepoint    ] Leaving safepoint region
[2019-06-24T10:42:10.602+0000][1][safepoint    ] Total time for which application threads were stopped: 0.0001785 seconds, Stopping threads took: 0.0000526 seconds
[2019-06-24T10:42:11.602+0000][1][safepoint    ] Application time: 1.0002367 seconds
[2019-06-24T10:42:11.602+0000][1][safepoint    ] Entering safepoint region: Cleanup
[2019-06-24T10:42:11.602+0000][1][safepoint    ] Leaving safepoint region
[2019-06-24T10:42:11.602+0000][1][safepoint    ] Total time for which application threads were stopped: 0.0001203 seconds, Stopping threads took: 0.0000356 seconds
[2019-06-24T10:42:12.602+0000][1][safepoint    ] Application time: 1.0001987 seconds
[2019-06-24T10:42:12.602+0000][1][safepoint    ] Entering safepoint region: Cleanup
[2019-06-24T10:42:12.603+0000][1][safepoint    ] Leaving safepoint region
[2019-06-24T10:42:12.603+0000][1][safepoint    ] Total time for which application threads were stopped: 0.0002856 seconds, Stopping threads took: 0.0000621 seconds
[2019-06-24T10:42:13.603+0000][1][safepoint    ] Application time: 1.0001355 seconds
[2019-06-24T10:42:13.603+0000][1][safepoint    ] Entering safepoint region: Cleanup
[2019-06-24T10:42:13.603+0000][1][safepoint    ] Leaving safepoint region
[2019-06-24T10:42:13.603+0000][1][safepoint    ] Total time for which application threads were stopped: 0.0002433 seconds, Stopping threads took: 0.0000820 seconds
[2019-06-24T10:42:14.603+0000][1][safepoint    ] Application time: 1.0002031 seconds
[2019-06-24T10:42:14.603+0000][1][safepoint    ] Entering safepoint region: Cleanup
[2019-06-24T10:42:14.604+0000][1][safepoint    ] Leaving safepoint region
[2019-06-24T10:42:14.604+0000][1][safepoint    ] Total time for which application threads were stopped: 0.0001992 seconds, Stopping threads took: 0.0000599 seconds
[2019-06-24T10:42:15.604+0000][1][safepoint    ] Application time: 1.0002058 seconds
[2019-06-24T10:42:15.604+0000][1][safepoint    ] Entering safepoint region: Cleanup
[2019-06-24T10:42:15.604+0000][1][safepoint    ] Leaving safepoint region
[2019-06-24T10:42:15.604+0000][1][safepoint    ] Total time for which application threads were stopped: 0.0002029 seconds, Stopping threads took: 0.0000689 seconds
[2019-06-24T10:42:16.604+0000][1][safepoint    ] Application time: 1.0001860 seconds
[2019-06-24T10:42:16.604+0000][1][safepoint    ] Entering safepoint region: Cleanup
[2019-06-24T10:42:16.605+0000][1][safepoint    ] Leaving safepoint region
[2019-06-24T10:42:16.605+0000][1][safepoint    ] Total time for which application threads were stopped: 0.0002025 seconds, Stopping threads took: 0.0000681 seconds
[2019-06-24T10:42:17.605+0000][1][safepoint    ] Application time: 1.0001710 seconds
[2019-06-24T10:42:17.605+0000][1][safepoint    ] Entering safepoint region: Cleanup
[2019-06-24T10:42:17.605+0000][1][safepoint    ] Leaving safepoint region
[2019-06-24T10:42:17.605+0000][1][safepoint    ] Total time for which application threads were stopped: 0.0002128 seconds, Stopping threads took: 0.0000685 seconds
[2019-06-24T10:42:18.605+0000][1][safepoint    ] Application time: 1.0001863 seconds
[2019-06-24T10:42:18.606+0000][1][safepoint    ] Entering safepoint region: Cleanup
[2019-06-24T10:42:18.606+0000][1][safepoint    ] Leaving safepoint region
[2019-06-24T10:42:18.606+0000][1][safepoint    ] Total time for which application threads were stopped: 0.0002317 seconds, Stopping threads took: 0.0000958 seconds
[2019-06-24T10:42:19.606+0000][1][safepoint    ] Application time: 1.0003040 seconds
[2019-06-24T10:42:19.606+0000][1][safepoint    ] Entering safepoint region: Cleanup
[2019-06-24T10:42:19.606+0000][1][safepoint    ] Leaving safepoint region
[2019-06-24T10:42:19.606+0000][1][safepoint    ] Total time for which application threads were stopped: 0.0000846 seconds, Stopping threads took: 0.0000290 seconds
[2019-06-24T10:42:20.606+0000][1][safepoint    ] Application time: 1.0001285 seconds
[2019-06-24T10:42:20.606+0000][1][safepoint    ] Entering safepoint region: Cleanup
[2019-06-24T10:42:20.607+0000][1][safepoint    ] Leaving safepoint region
[2019-06-24T10:42:20.607+0000][1][safepoint    ] Total time for which application threads were stopped: 0.0003646 seconds, Stopping threads took: 0.0001481 seconds
[2019-06-24T10:42:21.607+0000][1][safepoint    ] Application time: 1.0001861 seconds
[2019-06-24T10:42:21.607+0000][1][safepoint    ] Entering safepoint region: Cleanup
[2019-06-24T10:42:21.607+0000][1][safepoint    ] Leaving safepoint region
[2019-06-24T10:42:21.607+0000][1][safepoint    ] Total time for which application threads were stopped: 0.0002853 seconds, Stopping threads took: 0.0001017 seconds
[2019-06-24T10:42:22.608+0000][1][safepoint    ] Application time: 1.0002345 seconds
[2019-06-24T10:42:22.608+0000][1][safepoint    ] Entering safepoint region: Cleanup
[2019-06-24T10:42:22.608+0000][1][safepoint    ] Leaving safepoint region
[2019-06-24T10:42:22.608+0000][1][safepoint    ] Total time for which application threads were stopped: 0.0002048 seconds, Stopping threads took: 0.0000622 seconds
[2019-06-24T10:42:23.608+0000][1][safepoint    ] Application time: 1.0002137 seconds
[2019-06-24T10:42:23.608+0000][1][safepoint    ] Entering safepoint region: Cleanup
[2019-06-24T10:42:23.608+0000][1][safepoint    ] Leaving safepoint region
[2019-06-24T10:42:23.609+0000][1][safepoint    ] Total time for which application threads were stopped: 0.0002161 seconds, Stopping threads took: 0.0000606 seconds
[2019-06-24T10:42:24.609+0000][1][safepoint    ] Application time: 1.0001850 seconds
[2019-06-24T10:42:24.609+0000][1][safepoint    ] Entering safepoint region: Cleanup
[2019-06-24T10:42:24.609+0000][1][safepoint    ] Leaving safepoint region
[2019-06-24T10:42:24.609+0000][1][safepoint    ] Total time for which application threads were stopped: 0.0001093 seconds, Stopping threads took: 0.0000292 seconds
[2019-06-24T10:42:25.609+0000][1][safepoint    ] Application time: 1.0002466 seconds
[2019-06-24T10:42:25.609+0000][1][safepoint    ] Entering safepoint region: Cleanup
[2019-06-24T10:42:25.609+0000][1][safepoint    ] Leaving safepoint region
[2019-06-24T10:42:25.610+0000][1][safepoint    ] Total time for which application threads were stopped: 0.0002117 seconds, Stopping threads took: 0.0000634 seconds
[2019-06-24T10:42:26.610+0000][1][safepoint    ] Application time: 1.0001995 seconds
[2019-06-24T10:42:26.610+0000][1][safepoint    ] Entering safepoint region: Cleanup
[2019-06-24T10:42:26.610+0000][1][safepoint    ] Leaving safepoint region
[2019-06-24T10:42:26.610+0000][1][safepoint    ] Total time for which application threads were stopped: 0.0002262 seconds, Stopping threads took: 0.0000738 seconds
[2019-06-24T10:42:27.610+0000][1][safepoint    ] Application time: 1.0002221 seconds
[2019-06-24T10:42:27.611+0000][1][safepoint    ] Entering safepoint region: Cleanup
[2019-06-24T10:42:27.611+0000][1][safepoint    ] Leaving safepoint region
[2019-06-24T10:42:27.611+0000][1][safepoint    ] Total time for which application threads were stopped: 0.0003005 seconds, Stopping threads took: 0.0001620 seconds
[2019-06-24T10:42:28.611+0000][1][safepoint    ] Application time: 1.0001949 seconds
[2019-06-24T10:42:28.611+0000][1][safepoint    ] Entering safepoint region: Cleanup
[2019-06-24T10:42:28.611+0000][1][safepoint    ] Leaving safepoint region
[2019-06-24T10:42:28.611+0000][1][safepoint    ] Total time for which application threads were stopped: 0.0002260 seconds, Stopping threads took: 0.0000842 seconds
[2019-06-24T10:42:29.611+0000][1][safepoint    ] Application time: 1.0001945 seconds
[2019-06-24T10:42:29.612+0000][1][safepoint    ] Entering safepoint region: Cleanup
[2019-06-24T10:42:29.612+0000][1][safepoint    ] Leaving safepoint region
[2019-06-24T10:42:29.612+0000][1][safepoint    ] Total time for which application threads were stopped: 0.0002189 seconds, Stopping threads took: 0.0000602 seconds
[2019-06-24T10:42:30.612+0000][1][safepoint    ] Application time: 1.0001885 seconds
[2019-06-24T10:42:30.612+0000][1][safepoint    ] Entering safepoint region: Cleanup
[2019-06-24T10:42:30.612+0000][1][safepoint    ] Leaving safepoint region
[2019-06-24T10:42:30.612+0000][1][safepoint    ] Total time for which application threads were stopped: 0.0003202 seconds, Stopping threads took: 0.0000732 seconds
[2019-06-24T10:42:31.613+0000][1][safepoint    ] Application time: 1.0001956 seconds
[2019-06-24T10:42:31.613+0000][1][safepoint    ] Entering safepoint region: Cleanup
[2019-06-24T10:42:31.613+0000][1][safepoint    ] Leaving safepoint region
[2019-06-24T10:42:31.613+0000][1][safepoint    ] Total time for which application threads were stopped: 0.0002220 seconds, Stopping threads took: 0.0000657 seconds
[2019-06-24T10:42:32.613+0000][1][safepoint    ] Application time: 1.0001935 seconds
[2019-06-24T10:42:32.613+0000][1][safepoint    ] Entering safepoint region: Cleanup
[2019-06-24T10:42:32.614+0000][1][safepoint    ] Leaving safepoint region
[2019-06-24T10:42:32.614+0000][1][safepoint    ] Total time for which application threads were stopped: 0.0002458 seconds, Stopping threads took: 0.0000623 seconds
[2019-06-24T10:42:33.614+0000][1][safepoint    ] Application time: 1.0001880 seconds
[2019-06-24T10:42:33.614+0000][1][safepoint    ] Entering safepoint region: Cleanup
[2019-06-24T10:42:33.614+0000][1][safepoint    ] Leaving safepoint region
[2019-06-24T10:42:33.614+0000][1][safepoint    ] Total time for which application threads were stopped: 0.0002600 seconds, Stopping threads took: 0.0000762 seconds
[2019-06-24T10:42:34.614+0000][1][safepoint    ] Application time: 1.0001811 seconds
[2019-06-24T10:42:34.615+0000][1][safepoint    ] Entering safepoint region: Cleanup
[2019-06-24T10:42:34.615+0000][1][safepoint    ] Leaving safepoint region
[2019-06-24T10:42:34.615+0000][1][safepoint    ] Total time for which application threads were stopped: 0.0004018 seconds, Stopping threads took: 0.0002438 seconds
[2019-06-24T10:42:35.615+0000][1][safepoint    ] Application time: 1.0003159 seconds
[2019-06-24T10:42:35.616+0000][1][safepoint    ] Entering safepoint region: Cleanup
[2019-06-24T10:42:35.616+0000][1][safepoint    ] Leaving safepoint region
[2019-06-24T10:42:35.616+0000][1][safepoint    ] Total time for which application threads were stopped: 0.0002166 seconds, Stopping threads took: 0.0000638 seconds
[2019-06-24T10:42:36.616+0000][1][safepoint    ] Application time: 1.0001343 seconds
[2019-06-24T10:42:36.616+0000][1][safepoint    ] Entering safepoint region: Cleanup
[2019-06-24T10:42:36.616+0000][1][safepoint    ] Leaving safepoint region
[2019-06-24T10:42:36.616+0000][1][safepoint    ] Total time for which application threads were stopped: 0.0002057 seconds, Stopping threads took: 0.0000626 seconds
[2019-06-24T10:42:37.617+0000][1][safepoint    ] Application time: 1.0002768 seconds
[2019-06-24T10:42:37.617+0000][1][safepoint    ] Entering safepoint region: Cleanup
[2019-06-24T10:42:37.617+0000][1][safepoint    ] Leaving safepoint region
[2019-06-24T10:42:37.617+0000][1][safepoint    ] Total time for which application threads were stopped: 0.0002460 seconds, Stopping threads took: 0.0000627 seconds
[2019-06-24T10:42:38.617+0000][1][safepoint    ] Application time: 1.0001446 seconds
[2019-06-24T10:42:38.617+0000][1][safepoint    ] Entering safepoint region: Cleanup
[2019-06-24T10:42:38.617+0000][1][safepoint    ] Leaving safepoint region
[2019-06-24T10:42:38.617+0000][1][safepoint    ] Total time for which application threads were stopped: 0.0002155 seconds, Stopping threads took: 0.0000623 seconds
[2019-06-24T10:42:39.618+0000][1][safepoint    ] Application time: 1.0002622 seconds
[2019-06-24T10:42:39.618+0000][1][safepoint    ] Entering safepoint region: Cleanup
[2019-06-24T10:42:39.618+0000][1][safepoint    ] Leaving safepoint region
[2019-06-24T10:42:39.618+0000][1][safepoint    ] Total time for which application threads were stopped: 0.0002137 seconds, Stopping threads took: 0.0000613 seconds
[2019-06-24T10:42:40.618+0000][1][safepoint    ] Application time: 1.0001394 seconds
[2019-06-24T10:42:40.618+0000][1][safepoint    ] Entering safepoint region: Cleanup
[2019-06-24T10:42:40.618+0000][1][safepoint    ] Leaving safepoint region
[2019-06-24T10:42:40.619+0000][1][safepoint    ] Total time for which application threads were stopped: 0.0002826 seconds, Stopping threads took: 0.0000605 seconds
[2019-06-24T10:42:41.619+0000][1][safepoint    ] Application time: 1.0001546 seconds
[2019-06-24T10:42:41.619+0000][1][safepoint    ] Entering safepoint region: Cleanup
[2019-06-24T10:42:41.619+0000][1][safepoint    ] Leaving safepoint region
[2019-06-24T10:42:41.619+0000][1][safepoint    ] Total time for which application threads were stopped: 0.0002480 seconds, Stopping threads took: 0.0000772 seconds
[2019-06-24T10:42:42.619+0000][1][safepoint    ] Application time: 1.0001979 seconds
[2019-06-24T10:42:42.619+0000][1][safepoint    ] Entering safepoint region: Cleanup
[2019-06-24T10:42:42.620+0000][1][safepoint    ] Leaving safepoint region
[2019-06-24T10:42:42.620+0000][1][safepoint    ] Total time for which application threads were stopped: 0.0002207 seconds, Stopping threads took: 0.0000636 seconds
[2019-06-24T10:42:43.620+0000][1][safepoint    ] Application time: 1.0001312 seconds
[2019-06-24T10:42:43.620+0000][1][safepoint    ] Entering safepoint region: Cleanup
[2019-06-24T10:42:43.620+0000][1][safepoint    ] Leaving safepoint region
[2019-06-24T10:42:43.620+0000][1][safepoint    ] Total time for which application threads were stopped: 0.0001902 seconds, Stopping threads took: 0.0000564 seconds
[2019-06-24T10:42:44.620+0000][1][safepoint    ] Application time: 1.0002580 seconds
[2019-06-24T10:42:44.621+0000][1][safepoint    ] Entering safepoint region: Cleanup
[2019-06-24T10:42:44.621+0000][1][safepoint    ] Leaving safepoint region
[2019-06-24T10:42:44.621+0000][1][safepoint    ] Total time for which application threads were stopped: 0.0002962 seconds, Stopping threads took: 0.0000624 seconds
[2019-06-24T10:42:45.621+0000][1][safepoint    ] Application time: 1.0002772 seconds
[2019-06-24T10:42:45.621+0000][1][safepoint    ] Entering safepoint region: Cleanup
[2019-06-24T10:42:45.621+0000][1][safepoint    ] Leaving safepoint region
[2019-06-24T10:42:45.621+0000][1][safepoint    ] Total time for which application threads were stopped: 0.0002161 seconds, Stopping threads took: 0.0000620 seconds
[2019-06-24T10:42:46.622+0000][1][safepoint    ] Application time: 1.0002624 seconds
[2019-06-24T10:42:46.622+0000][1][safepoint    ] Entering safepoint region: Cleanup
[2019-06-24T10:42:46.622+0000][1][safepoint    ] Leaving safepoint region
[2019-06-24T10:42:46.622+0000][1][safepoint    ] Total time for which application threads were stopped: 0.0002521 seconds, Stopping threads took: 0.0000868 seconds
[2019-06-24T10:42:47.622+0000][1][safepoint    ] Application time: 1.0002622 seconds
[2019-06-24T10:42:47.623+0000][1][safepoint    ] Entering safepoint region: Cleanup
[2019-06-24T10:42:47.623+0000][1][safepoint    ] Leaving safepoint region
[2019-06-24T10:42:47.623+0000][1][safepoint    ] Total time for which application threads were stopped: 0.0002133 seconds, Stopping threads took: 0.0000642 seconds
[2019-06-24T10:42:48.623+0000][1][safepoint    ] Application time: 1.0002252 seconds
[2019-06-24T10:42:48.623+0000][1][safepoint    ] Entering safepoint region: Cleanup
[2019-06-24T10:42:48.623+0000][1][safepoint    ] Leaving safepoint region
[2019-06-24T10:42:48.623+0000][1][safepoint    ] Total time for which application threads were stopped: 0.0002133 seconds, Stopping threads took: 0.0000632 seconds
[2019-06-24T10:42:49.624+0000][1][safepoint    ] Application time: 1.0002599 seconds
[2019-06-24T10:42:49.624+0000][1][safepoint    ] Entering safepoint region: Cleanup
[2019-06-24T10:42:49.624+0000][1][safepoint    ] Leaving safepoint region
[2019-06-24T10:42:49.624+0000][1][safepoint    ] Total time for which application threads were stopped: 0.0002143 seconds, Stopping threads took: 0.0000650 seconds
[2019-06-24T10:42:50.624+0000][1][safepoint    ] Application time: 1.0001418 seconds
[2019-06-24T10:42:50.624+0000][1][safepoint    ] Entering safepoint region: Cleanup
[2019-06-24T10:42:50.624+0000][1][safepoint    ] Leaving safepoint region
[2019-06-24T10:42:50.624+0000][1][safepoint    ] Total time for which application threads were stopped: 0.0001904 seconds, Stopping threads took: 0.0000567 seconds
[2019-06-24T10:42:51.625+0000][1][safepoint    ] Application time: 1.0002570 seconds
[2019-06-24T10:42:51.625+0000][1][safepoint    ] Entering safepoint region: Cleanup
[2019-06-24T10:42:51.626+0000][1][safepoint    ] Leaving safepoint region
[2019-06-24T10:42:51.626+0000][1][safepoint    ] Total time for which application threads were stopped: 0.0011221 seconds, Stopping threads took: 0.0008504 seconds
[2019-06-24T10:42:52.626+0000][1][safepoint    ] Application time: 1.0002406 seconds
[2019-06-24T10:42:52.626+0000][1][safepoint    ] Entering safepoint region: Cleanup
[2019-06-24T10:42:52.627+0000][1][safepoint    ] Leaving safepoint region
[2019-06-24T10:42:52.627+0000][1][safepoint    ] Total time for which application threads were stopped: 0.0003202 seconds, Stopping threads took: 0.0000646 seconds
[2019-06-24T10:42:53.627+0000][1][safepoint    ] Application time: 1.0001504 seconds
[2019-06-24T10:42:53.627+0000][1][safepoint    ] Entering safepoint region: Cleanup
[2019-06-24T10:42:53.627+0000][1][safepoint    ] Leaving safepoint region
[2019-06-24T10:42:53.627+0000][1][safepoint    ] Total time for which application threads were stopped: 0.0002145 seconds, Stopping threads took: 0.0000619 seconds
[2019-06-24T10:42:54.627+0000][1][safepoint    ] Application time: 1.0002008 seconds
[2019-06-24T10:42:54.628+0000][1][safepoint    ] Entering safepoint region: Cleanup
[2019-06-24T10:42:54.628+0000][1][safepoint    ] Leaving safepoint region
[2019-06-24T10:42:54.628+0000][1][safepoint    ] Total time for which application threads were stopped: 0.0002185 seconds, Stopping threads took: 0.0000625 seconds
[2019-06-24T10:42:55.628+0000][1][safepoint    ] Application time: 1.0002504 seconds
[2019-06-24T10:42:55.628+0000][1][safepoint    ] Entering safepoint region: Cleanup
[2019-06-24T10:42:55.628+0000][1][safepoint    ] Leaving safepoint region
[2019-06-24T10:42:55.628+0000][1][safepoint    ] Total time for which application threads were stopped: 0.0001920 seconds, Stopping threads took: 0.0000564 seconds
[2019-06-24T10:42:56.629+0000][1][safepoint    ] Application time: 1.0002608 seconds
[2019-06-24T10:42:56.630+0000][1][safepoint    ] Entering safepoint region: Cleanup
[2019-06-24T10:42:56.630+0000][1][safepoint    ] Leaving safepoint region
[2019-06-24T10:42:56.630+0000][1][safepoint    ] Total time for which application threads were stopped: 0.0002796 seconds, Stopping threads took: 0.0001038 seconds
[2019-06-24T10:42:57.630+0000][1][safepoint    ] Application time: 1.0002557 seconds
[2019-06-24T10:42:57.630+0000][1][safepoint    ] Entering safepoint region: Cleanup
[2019-06-24T10:42:57.630+0000][1][safepoint    ] Leaving safepoint region
[2019-06-24T10:42:57.630+0000][1][safepoint    ] Total time for which application threads were stopped: 0.0002035 seconds, Stopping threads took: 0.0000569 seconds
[2019-06-24T10:42:58.631+0000][1][safepoint    ] Application time: 1.0001429 seconds
[2019-06-24T10:42:58.631+0000][1][safepoint    ] Entering safepoint region: Cleanup
[2019-06-24T10:42:58.631+0000][1][safepoint    ] Leaving safepoint region
[2019-06-24T10:42:58.631+0000][1][safepoint    ] Total time for which application threads were stopped: 0.0001936 seconds, Stopping threads took: 0.0000552 seconds
[2019-06-24T10:42:59.631+0000][1][safepoint    ] Application time: 1.0002147 seconds
[2019-06-24T10:42:59.631+0000][1][safepoint    ] Entering safepoint region: Cleanup
[2019-06-24T10:42:59.632+0000][1][safepoint    ] Leaving safepoint region
[2019-06-24T10:42:59.632+0000][1][safepoint    ] Total time for which application threads were stopped: 0.0002194 seconds, Stopping threads took: 0.0000631 seconds
[2019-06-24T10:43:00.632+0000][1][safepoint    ] Application time: 1.0002429 seconds
[2019-06-24T10:43:00.632+0000][1][safepoint    ] Entering safepoint region: Cleanup
[2019-06-24T10:43:00.632+0000][1][safepoint    ] Leaving safepoint region
[2019-06-24T10:43:00.632+0000][1][safepoint    ] Total time for which application threads were stopped: 0.0002178 seconds, Stopping threads took: 0.0000638 seconds
[2019-06-24T10:43:01.632+0000][1][safepoint    ] Application time: 1.0002166 seconds
[2019-06-24T10:43:01.633+0000][1][safepoint    ] Entering safepoint region: Cleanup
[2019-06-24T10:43:01.634+0000][1][safepoint    ] Leaving safepoint region
[2019-06-24T10:43:01.634+0000][1][safepoint    ] Total time for which application threads were stopped: 0.0011828 seconds, Stopping threads took: 0.0009018 seconds
[2019-06-24T10:43:02.634+0000][1][safepoint    ] Application time: 1.0002769 seconds
[2019-06-24T10:43:02.634+0000][1][safepoint    ] Entering safepoint region: Cleanup
[2019-06-24T10:43:02.634+0000][1][safepoint    ] Leaving safepoint region
[2019-06-24T10:43:02.634+0000][1][safepoint    ] Total time for which application threads were stopped: 0.0002579 seconds, Stopping threads took: 0.0000644 seconds
[2019-06-24T10:43:03.635+0000][1][safepoint    ] Application time: 1.0002647 seconds
[2019-06-24T10:43:03.635+0000][1][safepoint    ] Entering safepoint region: Cleanup
[2019-06-24T10:43:03.635+0000][1][safepoint    ] Leaving safepoint region
[2019-06-24T10:43:03.635+0000][1][safepoint    ] Total time for which application threads were stopped: 0.0002187 seconds, Stopping threads took: 0.0000556 seconds
[2019-06-24T10:43:04.635+0000][1][safepoint    ] Application time: 1.0002800 seconds
[2019-06-24T10:43:04.636+0000][1][safepoint    ] Entering safepoint region: Cleanup
[2019-06-24T10:43:04.636+0000][1][safepoint    ] Leaving safepoint region
[2019-06-24T10:43:04.636+0000][1][safepoint    ] Total time for which application threads were stopped: 0.0002974 seconds, Stopping threads took: 0.0000997 seconds
[2019-06-24T10:43:05.636+0000][1][safepoint    ] Application time: 1.0002715 seconds
[2019-06-24T10:43:05.636+0000][1][safepoint    ] Entering safepoint region: Cleanup
[2019-06-24T10:43:05.636+0000][1][safepoint    ] Leaving safepoint region
[2019-06-24T10:43:05.636+0000][1][safepoint    ] Total time for which application threads were stopped: 0.0002911 seconds, Stopping threads took: 0.0000641 seconds
[2019-06-24T10:43:06.637+0000][1][safepoint    ] Application time: 1.0002809 seconds
[2019-06-24T10:43:06.637+0000][1][safepoint    ] Entering safepoint region: Cleanup
[2019-06-24T10:43:06.637+0000][1][safepoint    ] Leaving safepoint region
[2019-06-24T10:43:06.637+0000][1][safepoint    ] Total time for which application threads were stopped: 0.0003402 seconds, Stopping threads took: 0.0001058 seconds
[2019-06-24T10:43:07.638+0000][1][safepoint    ] Application time: 1.0002790 seconds
[2019-06-24T10:43:07.638+0000][1][safepoint    ] Entering safepoint region: Cleanup
[2019-06-24T10:43:07.638+0000][1][safepoint    ] Leaving safepoint region
[2019-06-24T10:43:07.638+0000][1][safepoint    ] Total time for which application threads were stopped: 0.0002159 seconds, Stopping threads took: 0.0000622 seconds
[2019-06-24T10:43:08.638+0000][1][safepoint    ] Application time: 1.0002695 seconds
[2019-06-24T10:43:08.638+0000][1][safepoint    ] Entering safepoint region: Cleanup
[2019-06-24T10:43:08.639+0000][1][safepoint    ] Leaving safepoint region
[2019-06-24T10:43:08.639+0000][1][safepoint    ] Total time for which application threads were stopped: 0.0002988 seconds, Stopping threads took: 0.0000641 seconds
[2019-06-24T10:43:09.639+0000][1][safepoint    ] Application time: 1.0002666 seconds
[2019-06-24T10:43:09.639+0000][1][safepoint    ] Entering safepoint region: Cleanup
[2019-06-24T10:43:09.639+0000][1][safepoint    ] Leaving safepoint region
[2019-06-24T10:43:09.639+0000][1][safepoint    ] Total time for which application threads were stopped: 0.0002258 seconds, Stopping threads took: 0.0000671 seconds
[2019-06-24T10:43:10.640+0000][1][safepoint    ] Application time: 1.0002432 seconds
[2019-06-24T10:43:10.640+0000][1][safepoint    ] Entering safepoint region: Cleanup
[2019-06-24T10:43:10.640+0000][1][safepoint    ] Leaving safepoint region
[2019-06-24T10:43:10.640+0000][1][safepoint    ] Total time for which application threads were stopped: 0.0002236 seconds, Stopping threads took: 0.0000659 seconds
[2019-06-24T10:43:11.640+0000][1][safepoint    ] Application time: 1.0002548 seconds
[2019-06-24T10:43:11.640+0000][1][safepoint    ] Entering safepoint region: Cleanup
[2019-06-24T10:43:11.640+0000][1][safepoint    ] Leaving safepoint region
[2019-06-24T10:43:11.640+0000][1][safepoint    ] Total time for which application threads were stopped: 0.0002422 seconds, Stopping threads took: 0.0000771 seconds
[2019-06-24T10:43:12.641+0000][1][safepoint    ] Application time: 1.0001377 seconds
[2019-06-24T10:43:12.641+0000][1][safepoint    ] Entering safepoint region: Cleanup
[2019-06-24T10:43:12.641+0000][1][safepoint    ] Leaving safepoint region
[2019-06-24T10:43:12.641+0000][1][safepoint    ] Total time for which application threads were stopped: 0.0000812 seconds, Stopping threads took: 0.0000240 seconds
[2019-06-24T10:43:13.641+0000][1][safepoint    ] Application time: 1.0002309 seconds
[2019-06-24T10:43:13.641+0000][1][safepoint    ] Entering safepoint region: Cleanup
[2019-06-24T10:43:13.641+0000][1][safepoint    ] Leaving safepoint region
[2019-06-24T10:43:13.641+0000][1][safepoint    ] Total time for which application threads were stopped: 0.0001989 seconds, Stopping threads took: 0.0000577 seconds
[2019-06-24T10:43:13.673+0000][1][safepoint    ] Application time: 0.0319170 seconds
[2019-06-24T10:43:13.673+0000][1][safepoint    ] Entering safepoint region: GenCollectForAllocation
[2019-06-24T10:43:13.674+0000][1][gc,start     ] GC(40) Pause Young (Allocation Failure)
[2019-06-24T10:43:13.674+0000][1][gc,task      ] GC(40) Using 5 workers of 8 for evacuation
[2019-06-24T10:43:13.676+0000][1][gc,age       ] GC(40) Desired survivor size 4456448 bytes, new threshold 6 (max threshold 6)
[2019-06-24T10:43:13.676+0000][1][gc,age       ] GC(40) Age table with threshold 6 (max threshold 6)
[2019-06-24T10:43:13.676+0000][1][gc,age       ] GC(40) - age   1:       3896 bytes,       3896 total
[2019-06-24T10:43:13.676+0000][1][gc,age       ] GC(40) - age   2:         32 bytes,       3928 total
[2019-06-24T10:43:13.676+0000][1][gc,age       ] GC(40) - age   4:       1752 bytes,       5680 total
[2019-06-24T10:43:13.676+0000][1][gc,age       ] GC(40) - age   5:         56 bytes,       5736 total
[2019-06-24T10:43:13.676+0000][1][gc,age       ] GC(40) - age   6:       1392 bytes,       7128 total
[2019-06-24T10:43:13.676+0000][1][gc,heap      ] GC(40) ParNew: 69951K->14K(78656K)
[2019-06-24T10:43:13.676+0000][1][gc,heap      ] GC(40) CMS: 69767K->69767K(174784K)
[2019-06-24T10:43:13.676+0000][1][gc,metaspace ] GC(40) Metaspace: 68042K->68042K(1112064K)
[2019-06-24T10:43:13.676+0000][1][gc           ] GC(40) Pause Young (Allocation Failure) 136M->68M(247M) 2.812ms
[2019-06-24T10:43:13.677+0000][1][gc,cpu       ] GC(40) User=0.01s Sys=0.00s Real=0.01s
[2019-06-24T10:43:13.677+0000][1][safepoint    ] Leaving safepoint region
[2019-06-24T10:43:13.677+0000][1][safepoint    ] Total time for which application threads were stopped: 0.0032322 seconds, Stopping threads took: 0.0000648 seconds
[2019-06-24T10:43:14.677+0000][1][safepoint    ] Application time: 1.0003029 seconds
[2019-06-24T10:43:14.677+0000][1][safepoint    ] Entering safepoint region: Cleanup
[2019-06-24T10:43:14.677+0000][1][safepoint    ] Leaving safepoint region
[2019-06-24T10:43:14.677+0000][1][safepoint    ] Total time for which application threads were stopped: 0.0001354 seconds, Stopping threads took: 0.0000321 seconds
[2019-06-24T10:43:15.677+0000][1][safepoint    ] Application time: 1.0002250 seconds
[2019-06-24T10:43:15.677+0000][1][safepoint    ] Entering safepoint region: Cleanup
[2019-06-24T10:43:15.678+0000][1][safepoint    ] Leaving safepoint region
[2019-06-24T10:43:15.678+0000][1][safepoint    ] Total time for which application threads were stopped: 0.0002175 seconds, Stopping threads took: 0.0000618 seconds
[2019-06-24T10:43:16.678+0000][1][safepoint    ] Application time: 1.0002669 seconds
[2019-06-24T10:43:16.678+0000][1][safepoint    ] Entering safepoint region: Cleanup
[2019-06-24T10:43:16.679+0000][1][safepoint    ] Leaving safepoint region
[2019-06-24T10:43:16.679+0000][1][safepoint    ] Total time for which application threads were stopped: 0.0011938 seconds, Stopping threads took: 0.0009486 seconds
[2019-06-24T10:43:17.680+0000][1][safepoint    ] Application time: 1.0002602 seconds
[2019-06-24T10:43:17.680+0000][1][safepoint    ] Entering safepoint region: Cleanup
[2019-06-24T10:43:17.680+0000][1][safepoint    ] Leaving safepoint region
[2019-06-24T10:43:17.680+0000][1][safepoint    ] Total time for which application threads were stopped: 0.0002966 seconds, Stopping threads took: 0.0000646 seconds
[2019-06-24T10:43:18.680+0000][1][safepoint    ] Application time: 1.0002571 seconds
[2019-06-24T10:43:18.680+0000][1][safepoint    ] Entering safepoint region: Cleanup
[2019-06-24T10:43:18.681+0000][1][safepoint    ] Leaving safepoint region
[2019-06-24T10:43:18.681+0000][1][safepoint    ] Total time for which application threads were stopped: 0.0001959 seconds, Stopping threads took: 0.0000574 seconds
[2019-06-24T10:43:19.681+0000][1][safepoint    ] Application time: 1.0002529 seconds
[2019-06-24T10:43:19.681+0000][1][safepoint    ] Entering safepoint region: Cleanup
[2019-06-24T10:43:19.681+0000][1][safepoint    ] Leaving safepoint region
[2019-06-24T10:43:19.681+0000][1][safepoint    ] Total time for which application threads were stopped: 0.0001198 seconds, Stopping threads took: 0.0000331 seconds
[2019-06-24T10:43:20.681+0000][1][safepoint    ] Application time: 1.0002540 seconds
[2019-06-24T10:43:20.681+0000][1][safepoint    ] Entering safepoint region: Cleanup
[2019-06-24T10:43:20.682+0000][1][safepoint    ] Leaving safepoint region
[2019-06-24T10:43:20.682+0000][1][safepoint    ] Total time for which application threads were stopped: 0.0002129 seconds, Stopping threads took: 0.0000624 seconds
[2019-06-24T10:43:21.682+0000][1][safepoint    ] Application time: 1.0002597 seconds
[2019-06-24T10:43:21.682+0000][1][safepoint    ] Entering safepoint region: Cleanup
[2019-06-24T10:43:21.683+0000][1][safepoint    ] Leaving safepoint region
[2019-06-24T10:43:21.683+0000][1][safepoint    ] Total time for which application threads were stopped: 0.0010574 seconds, Stopping threads took: 0.0008535 seconds
[2019-06-24T10:43:22.683+0000][1][safepoint    ] Application time: 1.0002677 seconds
[2019-06-24T10:43:22.684+0000][1][safepoint    ] Entering safepoint region: Cleanup
[2019-06-24T10:43:22.684+0000][1][safepoint    ] Leaving safepoint region
[2019-06-24T10:43:22.684+0000][1][safepoint    ] Total time for which application threads were stopped: 0.0002200 seconds, Stopping threads took: 0.0000636 seconds
[2019-06-24T10:43:23.684+0000][1][safepoint    ] Application time: 1.0002616 seconds
[2019-06-24T10:43:23.684+0000][1][safepoint    ] Entering safepoint region: Cleanup
[2019-06-24T10:43:23.684+0000][1][safepoint    ] Leaving safepoint region
[2019-06-24T10:43:23.684+0000][1][safepoint    ] Total time for which application threads were stopped: 0.0002171 seconds, Stopping threads took: 0.0000633 seconds
[2019-06-24T10:43:24.685+0000][1][safepoint    ] Application time: 1.0001062 seconds
[2019-06-24T10:43:24.685+0000][1][safepoint    ] Entering safepoint region: Cleanup
[2019-06-24T10:43:24.685+0000][1][safepoint    ] Leaving safepoint region
[2019-06-24T10:43:24.685+0000][1][safepoint    ] Total time for which application threads were stopped: 0.0001054 seconds, Stopping threads took: 0.0000313 seconds
[2019-06-24T10:43:25.685+0000][1][safepoint    ] Application time: 1.0002493 seconds
[2019-06-24T10:43:25.685+0000][1][safepoint    ] Entering safepoint region: Cleanup
[2019-06-24T10:43:25.685+0000][1][safepoint    ] Leaving safepoint region
[2019-06-24T10:43:25.685+0000][1][safepoint    ] Total time for which application threads were stopped: 0.0002139 seconds, Stopping threads took: 0.0000631 seconds
[2019-06-24T10:43:26.686+0000][1][safepoint    ] Application time: 1.0002741 seconds
[2019-06-24T10:43:26.686+0000][1][safepoint    ] Entering safepoint region: Cleanup
[2019-06-24T10:43:26.687+0000][1][safepoint    ] Leaving safepoint region
[2019-06-24T10:43:26.687+0000][1][safepoint    ] Total time for which application threads were stopped: 0.0010917 seconds, Stopping threads took: 0.0008842 seconds
[2019-06-24T10:43:27.687+0000][1][safepoint    ] Application time: 1.0001372 seconds
[2019-06-24T10:43:27.687+0000][1][safepoint    ] Entering safepoint region: Cleanup
[2019-06-24T10:43:27.687+0000][1][safepoint    ] Leaving safepoint region
[2019-06-24T10:43:27.687+0000][1][safepoint    ] Total time for which application threads were stopped: 0.0002199 seconds, Stopping threads took: 0.0000646 seconds
[2019-06-24T10:43:28.688+0000][1][safepoint    ] Application time: 1.0002447 seconds
[2019-06-24T10:43:28.688+0000][1][safepoint    ] Entering safepoint region: Cleanup
[2019-06-24T10:43:28.688+0000][1][safepoint    ] Leaving safepoint region
[2019-06-24T10:43:28.688+0000][1][safepoint    ] Total time for which application threads were stopped: 0.0002163 seconds, Stopping threads took: 0.0000641 seconds
[2019-06-24T10:43:29.688+0000][1][safepoint    ] Application time: 1.0001697 seconds
[2019-06-24T10:43:29.688+0000][1][safepoint    ] Entering safepoint region: Cleanup
[2019-06-24T10:43:29.688+0000][1][safepoint    ] Leaving safepoint region
[2019-06-24T10:43:29.688+0000][1][safepoint    ] Total time for which application threads were stopped: 0.0002450 seconds, Stopping threads took: 0.0000703 seconds
[2019-06-24T10:43:30.689+0000][1][safepoint    ] Application time: 1.0001431 seconds
[2019-06-24T10:43:30.689+0000][1][safepoint    ] Entering safepoint region: Cleanup
[2019-06-24T10:43:30.689+0000][1][safepoint    ] Leaving safepoint region
[2019-06-24T10:43:30.689+0000][1][safepoint    ] Total time for which application threads were stopped: 0.0003080 seconds, Stopping threads took: 0.0000859 seconds
[2019-06-24T10:43:31.689+0000][1][safepoint    ] Application time: 1.0002718 seconds
[2019-06-24T10:43:31.690+0000][1][safepoint    ] Entering safepoint region: Cleanup
[2019-06-24T10:43:31.690+0000][1][safepoint    ] Leaving safepoint region
[2019-06-24T10:43:31.690+0000][1][safepoint    ] Total time for which application threads were stopped: 0.0002455 seconds, Stopping threads took: 0.0000757 seconds
[2019-06-24T10:43:32.690+0000][1][safepoint    ] Application time: 1.0002605 seconds
[2019-06-24T10:43:32.690+0000][1][safepoint    ] Entering safepoint region: Cleanup
[2019-06-24T10:43:32.690+0000][1][safepoint    ] Leaving safepoint region
[2019-06-24T10:43:32.690+0000][1][safepoint    ] Total time for which application threads were stopped: 0.0002423 seconds, Stopping threads took: 0.0000712 seconds
[2019-06-24T10:43:33.691+0000][1][safepoint    ] Application time: 1.0002284 seconds
[2019-06-24T10:43:33.691+0000][1][safepoint    ] Entering safepoint region: Cleanup
[2019-06-24T10:43:33.691+0000][1][safepoint    ] Leaving safepoint region
[2019-06-24T10:43:33.691+0000][1][safepoint    ] Total time for which application threads were stopped: 0.0002386 seconds, Stopping threads took: 0.0000674 seconds
[2019-06-24T10:43:34.691+0000][1][safepoint    ] Application time: 1.0002156 seconds
[2019-06-24T10:43:34.691+0000][1][safepoint    ] Entering safepoint region: Cleanup
[2019-06-24T10:43:34.692+0000][1][safepoint    ] Leaving safepoint region
[2019-06-24T10:43:34.692+0000][1][safepoint    ] Total time for which application threads were stopped: 0.0002880 seconds, Stopping threads took: 0.0000627 seconds
[2019-06-24T10:43:35.786+0000][1][safepoint    ] Application time: 1.0946673 seconds
[2019-06-24T10:43:35.787+0000][1][safepoint    ] Entering safepoint region: Cleanup
[2019-06-24T10:43:35.787+0000][1][safepoint    ] Leaving safepoint region
[2019-06-24T10:43:35.787+0000][1][safepoint    ] Total time for which application threads were stopped: 0.0002628 seconds, Stopping threads took: 0.0000950 seconds
[2019-06-24T10:43:36.787+0000][1][safepoint    ] Application time: 1.0000990 seconds
[2019-06-24T10:43:36.787+0000][1][safepoint    ] Entering safepoint region: Cleanup
[2019-06-24T10:43:36.787+0000][1][safepoint    ] Leaving safepoint region
[2019-06-24T10:43:36.787+0000][1][safepoint    ] Total time for which application threads were stopped: 0.0000887 seconds, Stopping threads took: 0.0000370 seconds
[2019-06-24T10:43:37.787+0000][1][safepoint    ] Application time: 1.0002244 seconds
[2019-06-24T10:43:37.787+0000][1][safepoint    ] Entering safepoint region: Cleanup
[2019-06-24T10:43:37.788+0000][1][safepoint    ] Leaving safepoint region
[2019-06-24T10:43:37.788+0000][1][safepoint    ] Total time for which application threads were stopped: 0.0002168 seconds, Stopping threads took: 0.0000646 seconds
[2019-06-24T10:43:38.788+0000][1][safepoint    ] Application time: 1.0001969 seconds
[2019-06-24T10:43:38.788+0000][1][safepoint    ] Entering safepoint region: Cleanup
[2019-06-24T10:43:38.788+0000][1][safepoint    ] Leaving safepoint region
[2019-06-24T10:43:38.788+0000][1][safepoint    ] Total time for which application threads were stopped: 0.0001763 seconds, Stopping threads took: 0.0000537 seconds
[2019-06-24T10:43:39.788+0000][1][safepoint    ] Application time: 1.0001943 seconds
[2019-06-24T10:43:39.788+0000][1][safepoint    ] Entering safepoint region: Cleanup
[2019-06-24T10:43:39.789+0000][1][safepoint    ] Leaving safepoint region
[2019-06-24T10:43:39.789+0000][1][safepoint    ] Total time for which application threads were stopped: 0.0002095 seconds, Stopping threads took: 0.0000629 seconds
[2019-06-24T10:43:40.789+0000][1][safepoint    ] Application time: 1.0002358 seconds
[2019-06-24T10:43:40.789+0000][1][safepoint    ] Entering safepoint region: Cleanup
[2019-06-24T10:43:40.789+0000][1][safepoint    ] Leaving safepoint region
[2019-06-24T10:43:40.789+0000][1][safepoint    ] Total time for which application threads were stopped: 0.0002316 seconds, Stopping threads took: 0.0000910 seconds
[2019-06-24T10:43:41.789+0000][1][safepoint    ] Application time: 1.0002187 seconds
[2019-06-24T10:43:41.790+0000][1][safepoint    ] Entering safepoint region: Cleanup
[2019-06-24T10:43:41.790+0000][1][safepoint    ] Leaving safepoint region
[2019-06-24T10:43:41.790+0000][1][safepoint    ] Total time for which application threads were stopped: 0.0001994 seconds, Stopping threads took: 0.0000592 seconds
[2019-06-24T10:43:42.790+0000][1][safepoint    ] Application time: 1.0001126 seconds
[2019-06-24T10:43:42.790+0000][1][safepoint    ] Entering safepoint region: Cleanup
[2019-06-24T10:43:42.790+0000][1][safepoint    ] Leaving safepoint region
[2019-06-24T10:43:42.790+0000][1][safepoint    ] Total time for which application threads were stopped: 0.0001771 seconds, Stopping threads took: 0.0000550 seconds
[2019-06-24T10:43:43.790+0000][1][safepoint    ] Application time: 1.0001800 seconds
[2019-06-24T10:43:43.791+0000][1][safepoint    ] Entering safepoint region: Cleanup
[2019-06-24T10:43:43.791+0000][1][safepoint    ] Leaving safepoint region
[2019-06-24T10:43:43.791+0000][1][safepoint    ] Total time for which application threads were stopped: 0.0002124 seconds, Stopping threads took: 0.0000679 seconds
[2019-06-24T10:43:44.791+0000][1][safepoint    ] Application time: 1.0002231 seconds
[2019-06-24T10:43:44.791+0000][1][safepoint    ] Entering safepoint region: Cleanup
[2019-06-24T10:43:44.791+0000][1][safepoint    ] Leaving safepoint region
[2019-06-24T10:43:44.791+0000][1][safepoint    ] Total time for which application threads were stopped: 0.0001837 seconds, Stopping threads took: 0.0000542 seconds
[2019-06-24T10:43:45.792+0000][1][safepoint    ] Application time: 1.0001931 seconds
[2019-06-24T10:43:45.792+0000][1][safepoint    ] Entering safepoint region: Cleanup
[2019-06-24T10:43:45.792+0000][1][safepoint    ] Leaving safepoint region
[2019-06-24T10:43:45.792+0000][1][safepoint    ] Total time for which application threads were stopped: 0.0002067 seconds, Stopping threads took: 0.0000624 seconds
[2019-06-24T10:43:46.792+0000][1][safepoint    ] Application time: 1.0001873 seconds
[2019-06-24T10:43:46.792+0000][1][safepoint    ] Entering safepoint region: Cleanup
[2019-06-24T10:43:46.792+0000][1][safepoint    ] Leaving safepoint region
[2019-06-24T10:43:46.792+0000][1][safepoint    ] Total time for which application threads were stopped: 0.0002003 seconds, Stopping threads took: 0.0000532 seconds
[2019-06-24T10:43:47.792+0000][1][safepoint    ] Application time: 1.0001336 seconds
[2019-06-24T10:43:47.793+0000][1][safepoint    ] Entering safepoint region: Cleanup
[2019-06-24T10:43:47.793+0000][1][safepoint    ] Leaving safepoint region
[2019-06-24T10:43:47.793+0000][1][safepoint    ] Total time for which application threads were stopped: 0.0002731 seconds, Stopping threads took: 0.0001342 seconds
[2019-06-24T10:43:48.793+0000][1][safepoint    ] Application time: 1.0001313 seconds
[2019-06-24T10:43:48.793+0000][1][safepoint    ] Entering safepoint region: Cleanup
[2019-06-24T10:43:48.793+0000][1][safepoint    ] Leaving safepoint region
[2019-06-24T10:43:48.793+0000][1][safepoint    ] Total time for which application threads were stopped: 0.0001999 seconds, Stopping threads took: 0.0000631 seconds
[2019-06-24T10:43:49.793+0000][1][safepoint    ] Application time: 1.0001185 seconds
[2019-06-24T10:43:49.794+0000][1][safepoint    ] Entering safepoint region: Cleanup
[2019-06-24T10:43:49.794+0000][1][safepoint    ] Leaving safepoint region
[2019-06-24T10:43:49.794+0000][1][safepoint    ] Total time for which application threads were stopped: 0.0001794 seconds, Stopping threads took: 0.0000538 seconds
[2019-06-24T10:43:50.794+0000][1][safepoint    ] Application time: 1.0001199 seconds
[2019-06-24T10:43:50.794+0000][1][safepoint    ] Entering safepoint region: Cleanup
[2019-06-24T10:43:50.794+0000][1][safepoint    ] Leaving safepoint region
[2019-06-24T10:43:50.794+0000][1][safepoint    ] Total time for which application threads were stopped: 0.0002482 seconds, Stopping threads took: 0.0000722 seconds
[2019-06-24T10:43:51.803+0000][1][safepoint    ] Application time: 1.0087530 seconds
[2019-06-24T10:43:51.803+0000][1][safepoint    ] Entering safepoint region: Cleanup
[2019-06-24T10:43:51.803+0000][1][safepoint    ] Leaving safepoint region
[2019-06-24T10:43:51.803+0000][1][safepoint    ] Total time for which application threads were stopped: 0.0001793 seconds, Stopping threads took: 0.0000530 seconds
[2019-06-24T10:43:52.803+0000][1][safepoint    ] Application time: 1.0001354 seconds
[2019-06-24T10:43:52.803+0000][1][safepoint    ] Entering safepoint region: Cleanup
[2019-06-24T10:43:52.804+0000][1][safepoint    ] Leaving safepoint region
[2019-06-24T10:43:52.804+0000][1][safepoint    ] Total time for which application threads were stopped: 0.0000827 seconds, Stopping threads took: 0.0000247 seconds
[2019-06-24T10:43:53.804+0000][1][safepoint    ] Application time: 1.0002177 seconds
[2019-06-24T10:43:53.804+0000][1][safepoint    ] Entering safepoint region: Cleanup
[2019-06-24T10:43:53.804+0000][1][safepoint    ] Leaving safepoint region
[2019-06-24T10:43:53.804+0000][1][safepoint    ] Total time for which application threads were stopped: 0.0001854 seconds, Stopping threads took: 0.0000551 seconds
[2019-06-24T10:43:54.804+0000][1][safepoint    ] Application time: 1.0002557 seconds
[2019-06-24T10:43:54.805+0000][1][safepoint    ] Entering safepoint region: Cleanup
[2019-06-24T10:43:54.805+0000][1][safepoint    ] Leaving safepoint region
[2019-06-24T10:43:54.805+0000][1][safepoint    ] Total time for which application threads were stopped: 0.0002088 seconds, Stopping threads took: 0.0000633 seconds
[2019-06-24T10:43:55.805+0000][1][safepoint    ] Application time: 1.0001788 seconds
[2019-06-24T10:43:55.805+0000][1][safepoint    ] Entering safepoint region: Cleanup
[2019-06-24T10:43:55.805+0000][1][safepoint    ] Leaving safepoint region
[2019-06-24T10:43:55.805+0000][1][safepoint    ] Total time for which application threads were stopped: 0.0001828 seconds, Stopping threads took: 0.0000535 seconds
[2019-06-24T10:43:56.805+0000][1][safepoint    ] Application time: 1.0002660 seconds
[2019-06-24T10:43:56.805+0000][1][safepoint    ] Entering safepoint region: Cleanup
[2019-06-24T10:43:56.806+0000][1][safepoint    ] Leaving safepoint region
[2019-06-24T10:43:56.806+0000][1][safepoint    ] Total time for which application threads were stopped: 0.0000791 seconds, Stopping threads took: 0.0000232 seconds
[2019-06-24T10:43:57.806+0000][1][safepoint    ] Application time: 1.0001090 seconds
[2019-06-24T10:43:57.806+0000][1][safepoint    ] Entering safepoint region: Cleanup
[2019-06-24T10:43:57.806+0000][1][safepoint    ] Leaving safepoint region
[2019-06-24T10:43:57.806+0000][1][safepoint    ] Total time for which application threads were stopped: 0.0002021 seconds, Stopping threads took: 0.0000601 seconds
[2019-06-24T10:43:58.806+0000][1][safepoint    ] Application time: 1.0001748 seconds
[2019-06-24T10:43:58.806+0000][1][safepoint    ] Entering safepoint region: Cleanup
[2019-06-24T10:43:58.807+0000][1][safepoint    ] Leaving safepoint region
[2019-06-24T10:43:58.807+0000][1][safepoint    ] Total time for which application threads were stopped: 0.0002571 seconds, Stopping threads took: 0.0000600 seconds
[2019-06-24T10:43:59.807+0000][1][safepoint    ] Application time: 1.0001510 seconds
[2019-06-24T10:43:59.807+0000][1][safepoint    ] Entering safepoint region: Cleanup
[2019-06-24T10:43:59.807+0000][1][safepoint    ] Leaving safepoint region
[2019-06-24T10:43:59.807+0000][1][safepoint    ] Total time for which application threads were stopped: 0.0002125 seconds, Stopping threads took: 0.0000615 seconds
[2019-06-24T10:44:00.807+0000][1][safepoint    ] Application time: 1.0001585 seconds
[2019-06-24T10:44:00.807+0000][1][safepoint    ] Entering safepoint region: Cleanup
[2019-06-24T10:44:00.808+0000][1][safepoint    ] Leaving safepoint region
[2019-06-24T10:44:00.808+0000][1][safepoint    ] Total time for which application threads were stopped: 0.0002424 seconds, Stopping threads took: 0.0000902 seconds
[2019-06-24T10:44:01.808+0000][1][safepoint    ] Application time: 1.0001355 seconds
[2019-06-24T10:44:01.808+0000][1][safepoint    ] Entering safepoint region: Cleanup
[2019-06-24T10:44:01.808+0000][1][safepoint    ] Leaving safepoint region
[2019-06-24T10:44:01.808+0000][1][safepoint    ] Total time for which application threads were stopped: 0.0002918 seconds, Stopping threads took: 0.0000687 seconds
[2019-06-24T10:44:02.808+0000][1][safepoint    ] Application time: 1.0001937 seconds
[2019-06-24T10:44:02.809+0000][1][safepoint    ] Entering safepoint region: Cleanup
[2019-06-24T10:44:02.809+0000][1][safepoint    ] Leaving safepoint region
[2019-06-24T10:44:02.809+0000][1][safepoint    ] Total time for which application threads were stopped: 0.0003342 seconds, Stopping threads took: 0.0000959 seconds
[2019-06-24T10:44:03.809+0000][1][safepoint    ] Application time: 1.0001489 seconds
[2019-06-24T10:44:03.809+0000][1][safepoint    ] Entering safepoint region: Cleanup
[2019-06-24T10:44:03.809+0000][1][safepoint    ] Leaving safepoint region
[2019-06-24T10:44:03.809+0000][1][safepoint    ] Total time for which application threads were stopped: 0.0000950 seconds, Stopping threads took: 0.0000262 seconds
[2019-06-24T10:44:04.809+0000][1][safepoint    ] Application time: 1.0001759 seconds
[2019-06-24T10:44:04.810+0000][1][safepoint    ] Entering safepoint region: Cleanup
[2019-06-24T10:44:04.810+0000][1][safepoint    ] Leaving safepoint region
[2019-06-24T10:44:04.810+0000][1][safepoint    ] Total time for which application threads were stopped: 0.0005223 seconds, Stopping threads took: 0.0002976 seconds
[2019-06-24T10:44:05.810+0000][1][safepoint    ] Application time: 1.0001950 seconds
[2019-06-24T10:44:05.810+0000][1][safepoint    ] Entering safepoint region: Cleanup
[2019-06-24T10:44:05.811+0000][1][safepoint    ] Leaving safepoint region
[2019-06-24T10:44:05.811+0000][1][safepoint    ] Total time for which application threads were stopped: 0.0003642 seconds, Stopping threads took: 0.0000635 seconds
[2019-06-24T10:44:06.811+0000][1][safepoint    ] Application time: 1.0001901 seconds
[2019-06-24T10:44:06.811+0000][1][safepoint    ] Entering safepoint region: Cleanup
[2019-06-24T10:44:06.812+0000][1][safepoint    ] Leaving safepoint region
[2019-06-24T10:44:06.812+0000][1][safepoint    ] Total time for which application threads were stopped: 0.0011570 seconds, Stopping threads took: 0.0009271 seconds
[2019-06-24T10:44:07.812+0000][1][safepoint    ] Application time: 1.0001952 seconds
[2019-06-24T10:44:07.813+0000][1][safepoint    ] Entering safepoint region: Cleanup
[2019-06-24T10:44:07.813+0000][1][safepoint    ] Leaving safepoint region
[2019-06-24T10:44:07.813+0000][1][safepoint    ] Total time for which application threads were stopped: 0.0002898 seconds, Stopping threads took: 0.0000659 seconds
[2019-06-24T10:44:08.813+0000][1][safepoint    ] Application time: 1.0002711 seconds
[2019-06-24T10:44:08.813+0000][1][safepoint    ] Entering safepoint region: Cleanup
[2019-06-24T10:44:08.813+0000][1][safepoint    ] Leaving safepoint region
[2019-06-24T10:44:08.813+0000][1][safepoint    ] Total time for which application threads were stopped: 0.0001157 seconds, Stopping threads took: 0.0000320 seconds
[2019-06-24T10:44:09.813+0000][1][safepoint    ] Application time: 1.0001420 seconds
[2019-06-24T10:44:09.814+0000][1][safepoint    ] Entering safepoint region: Cleanup
[2019-06-24T10:44:09.814+0000][1][safepoint    ] Leaving safepoint region
[2019-06-24T10:44:09.814+0000][1][safepoint    ] Total time for which application threads were stopped: 0.0002897 seconds, Stopping threads took: 0.0000795 seconds
[2019-06-24T10:44:10.814+0000][1][safepoint    ] Application time: 1.0001957 seconds
[2019-06-24T10:44:10.814+0000][1][safepoint    ] Entering safepoint region: Cleanup
[2019-06-24T10:44:10.814+0000][1][safepoint    ] Leaving safepoint region
[2019-06-24T10:44:10.815+0000][1][safepoint    ] Total time for which application threads were stopped: 0.0003224 seconds, Stopping threads took: 0.0000630 seconds
[2019-06-24T10:44:11.815+0000][1][safepoint    ] Application time: 1.0001028 seconds
[2019-06-24T10:44:11.815+0000][1][safepoint    ] Entering safepoint region: Cleanup
[2019-06-24T10:44:11.815+0000][1][safepoint    ] Leaving safepoint region
[2019-06-24T10:44:11.815+0000][1][safepoint    ] Total time for which application threads were stopped: 0.0002823 seconds, Stopping threads took: 0.0001918 seconds
[2019-06-24T10:44:12.815+0000][1][safepoint    ] Application time: 1.0001049 seconds
[2019-06-24T10:44:12.815+0000][1][safepoint    ] Entering safepoint region: Cleanup
[2019-06-24T10:44:12.815+0000][1][safepoint    ] Leaving safepoint region
[2019-06-24T10:44:12.815+0000][1][safepoint    ] Total time for which application threads were stopped: 0.0002072 seconds, Stopping threads took: 0.0000763 seconds
[2019-06-24T10:44:13.816+0000][1][safepoint    ] Application time: 1.0001437 seconds
[2019-06-24T10:44:13.816+0000][1][safepoint    ] Entering safepoint region: Cleanup
[2019-06-24T10:44:13.816+0000][1][safepoint    ] Leaving safepoint region
[2019-06-24T10:44:13.816+0000][1][safepoint    ] Total time for which application threads were stopped: 0.0001120 seconds, Stopping threads took: 0.0000328 seconds
[2019-06-24T10:44:14.816+0000][1][safepoint    ] Application time: 1.0001242 seconds
[2019-06-24T10:44:14.816+0000][1][safepoint    ] Entering safepoint region: Cleanup
[2019-06-24T10:44:14.816+0000][1][safepoint    ] Leaving safepoint region
[2019-06-24T10:44:14.816+0000][1][safepoint    ] Total time for which application threads were stopped: 0.0002182 seconds, Stopping threads took: 0.0000620 seconds
[2019-06-24T10:44:15.816+0000][1][safepoint    ] Application time: 1.0001945 seconds
[2019-06-24T10:44:15.817+0000][1][safepoint    ] Entering safepoint region: Cleanup
[2019-06-24T10:44:15.817+0000][1][safepoint    ] Leaving safepoint region
[2019-06-24T10:44:15.817+0000][1][safepoint    ] Total time for which application threads were stopped: 0.0002077 seconds, Stopping threads took: 0.0000630 seconds
[2019-06-24T10:44:16.817+0000][1][safepoint    ] Application time: 1.0001378 seconds
[2019-06-24T10:44:16.817+0000][1][safepoint    ] Entering safepoint region: Cleanup
[2019-06-24T10:44:16.817+0000][1][safepoint    ] Leaving safepoint region
[2019-06-24T10:44:16.817+0000][1][safepoint    ] Total time for which application threads were stopped: 0.0000941 seconds, Stopping threads took: 0.0000268 seconds
[2019-06-24T10:44:17.817+0000][1][safepoint    ] Application time: 1.0001841 seconds
[2019-06-24T10:44:17.817+0000][1][safepoint    ] Entering safepoint region: Cleanup
[2019-06-24T10:44:17.818+0000][1][safepoint    ] Leaving safepoint region
[2019-06-24T10:44:17.818+0000][1][safepoint    ] Total time for which application threads were stopped: 0.0002243 seconds, Stopping threads took: 0.0000641 seconds
[2019-06-24T10:44:18.818+0000][1][safepoint    ] Application time: 1.0001338 seconds
[2019-06-24T10:44:18.818+0000][1][safepoint    ] Entering safepoint region: Cleanup
[2019-06-24T10:44:18.818+0000][1][safepoint    ] Leaving safepoint region
[2019-06-24T10:44:18.818+0000][1][safepoint    ] Total time for which application threads were stopped: 0.0002174 seconds, Stopping threads took: 0.0000661 seconds
[2019-06-24T10:44:19.818+0000][1][safepoint    ] Application time: 1.0002042 seconds
[2019-06-24T10:44:19.818+0000][1][safepoint    ] Entering safepoint region: Cleanup
[2019-06-24T10:44:19.819+0000][1][safepoint    ] Leaving safepoint region
[2019-06-24T10:44:19.819+0000][1][safepoint    ] Total time for which application threads were stopped: 0.0003613 seconds, Stopping threads took: 0.0001532 seconds
[2019-06-24T10:44:20.819+0000][1][safepoint    ] Application time: 1.0001940 seconds
[2019-06-24T10:44:20.819+0000][1][safepoint    ] Entering safepoint region: Cleanup
[2019-06-24T10:44:20.819+0000][1][safepoint    ] Leaving safepoint region
[2019-06-24T10:44:20.819+0000][1][safepoint    ] Total time for which application threads were stopped: 0.0002516 seconds, Stopping threads took: 0.0000810 seconds
[2019-06-24T10:44:21.820+0000][1][safepoint    ] Application time: 1.0001884 seconds
[2019-06-24T10:44:21.820+0000][1][safepoint    ] Entering safepoint region: Cleanup
[2019-06-24T10:44:21.820+0000][1][safepoint    ] Leaving safepoint region
[2019-06-24T10:44:21.820+0000][1][safepoint    ] Total time for which application threads were stopped: 0.0002516 seconds, Stopping threads took: 0.0000650 seconds
[2019-06-24T10:44:22.820+0000][1][safepoint    ] Application time: 1.0001993 seconds
[2019-06-24T10:44:22.820+0000][1][safepoint    ] Entering safepoint region: Cleanup
[2019-06-24T10:44:22.821+0000][1][safepoint    ] Leaving safepoint region
[2019-06-24T10:44:22.821+0000][1][safepoint    ] Total time for which application threads were stopped: 0.0002561 seconds, Stopping threads took: 0.0000941 seconds
[2019-06-24T10:44:23.821+0000][1][safepoint    ] Application time: 1.0002070 seconds
[2019-06-24T10:44:23.821+0000][1][safepoint    ] Entering safepoint region: Cleanup
[2019-06-24T10:44:23.821+0000][1][safepoint    ] Leaving safepoint region
[2019-06-24T10:44:23.821+0000][1][safepoint    ] Total time for which application threads were stopped: 0.0002165 seconds, Stopping threads took: 0.0000642 seconds
[2019-06-24T10:44:24.821+0000][1][safepoint    ] Application time: 1.0001824 seconds
[2019-06-24T10:44:24.821+0000][1][safepoint    ] Entering safepoint region: Cleanup
[2019-06-24T10:44:24.822+0000][1][safepoint    ] Leaving safepoint region
[2019-06-24T10:44:24.822+0000][1][safepoint    ] Total time for which application threads were stopped: 0.0002106 seconds, Stopping threads took: 0.0000612 seconds
[2019-06-24T10:44:25.822+0000][1][safepoint    ] Application time: 1.0002018 seconds
[2019-06-24T10:44:25.822+0000][1][safepoint    ] Entering safepoint region: Cleanup
[2019-06-24T10:44:25.822+0000][1][safepoint    ] Leaving safepoint region
[2019-06-24T10:44:25.822+0000][1][safepoint    ] Total time for which application threads were stopped: 0.0002963 seconds, Stopping threads took: 0.0001119 seconds
[2019-06-24T10:44:26.823+0000][1][safepoint    ] Application time: 1.0002713 seconds
[2019-06-24T10:44:26.823+0000][1][safepoint    ] Entering safepoint region: Cleanup
[2019-06-24T10:44:26.823+0000][1][safepoint    ] Leaving safepoint region
[2019-06-24T10:44:26.823+0000][1][safepoint    ] Total time for which application threads were stopped: 0.0002701 seconds, Stopping threads took: 0.0001208 seconds
[2019-06-24T10:44:27.823+0000][1][safepoint    ] Application time: 1.0002238 seconds
[2019-06-24T10:44:27.823+0000][1][safepoint    ] Entering safepoint region: Cleanup
[2019-06-24T10:44:27.824+0000][1][safepoint    ] Leaving safepoint region
[2019-06-24T10:44:27.824+0000][1][safepoint    ] Total time for which application threads were stopped: 0.0002632 seconds, Stopping threads took: 0.0000745 seconds
[2019-06-24T10:44:28.824+0000][1][safepoint    ] Application time: 1.0001104 seconds
[2019-06-24T10:44:28.824+0000][1][safepoint    ] Entering safepoint region: Cleanup
[2019-06-24T10:44:28.824+0000][1][safepoint    ] Leaving safepoint region
[2019-06-24T10:44:28.824+0000][1][safepoint    ] Total time for which application threads were stopped: 0.0001098 seconds, Stopping threads took: 0.0000346 seconds
[2019-06-24T10:44:29.824+0000][1][safepoint    ] Application time: 1.0002023 seconds
[2019-06-24T10:44:29.824+0000][1][safepoint    ] Entering safepoint region: Cleanup
[2019-06-24T10:44:29.824+0000][1][safepoint    ] Leaving safepoint region
[2019-06-24T10:44:29.824+0000][1][safepoint    ] Total time for which application threads were stopped: 0.0002170 seconds, Stopping threads took: 0.0000656 seconds
[2019-06-24T10:44:30.825+0000][1][safepoint    ] Application time: 1.0002723 seconds
[2019-06-24T10:44:30.825+0000][1][safepoint    ] Entering safepoint region: Cleanup
[2019-06-24T10:44:30.825+0000][1][safepoint    ] Leaving safepoint region
[2019-06-24T10:44:30.825+0000][1][safepoint    ] Total time for which application threads were stopped: 0.0003124 seconds, Stopping threads took: 0.0000661 seconds
[2019-06-24T10:44:31.825+0000][1][safepoint    ] Application time: 1.0001907 seconds
[2019-06-24T10:44:31.826+0000][1][safepoint    ] Entering safepoint region: Cleanup
[2019-06-24T10:44:31.826+0000][1][safepoint    ] Leaving safepoint region
[2019-06-24T10:44:31.826+0000][1][safepoint    ] Total time for which application threads were stopped: 0.0002693 seconds, Stopping threads took: 0.0000859 seconds
[2019-06-24T10:44:32.826+0000][1][safepoint    ] Application time: 1.0001705 seconds
[2019-06-24T10:44:32.826+0000][1][safepoint    ] Entering safepoint region: Cleanup
[2019-06-24T10:44:32.827+0000][1][safepoint    ] Leaving safepoint region
[2019-06-24T10:44:32.827+0000][1][safepoint    ] Total time for which application threads were stopped: 0.0005297 seconds, Stopping threads took: 0.0001527 seconds
[2019-06-24T10:44:33.827+0000][1][safepoint    ] Application time: 1.0001676 seconds
[2019-06-24T10:44:33.827+0000][1][safepoint    ] Entering safepoint region: Cleanup
[2019-06-24T10:44:33.827+0000][1][safepoint    ] Leaving safepoint region
[2019-06-24T10:44:33.827+0000][1][safepoint    ] Total time for which application threads were stopped: 0.0002572 seconds, Stopping threads took: 0.0000796 seconds
[2019-06-24T10:44:34.828+0000][1][safepoint    ] Application time: 1.0001858 seconds
[2019-06-24T10:44:34.828+0000][1][safepoint    ] Entering safepoint region: Cleanup
[2019-06-24T10:44:34.828+0000][1][safepoint    ] Leaving safepoint region
[2019-06-24T10:44:34.828+0000][1][safepoint    ] Total time for which application threads were stopped: 0.0002307 seconds, Stopping threads took: 0.0000814 seconds
[2019-06-24T10:44:36.776+0000][1][safepoint    ] Application time: 1.9477557 seconds
[2019-06-24T10:44:36.776+0000][1][safepoint    ] Entering safepoint region: Cleanup
[2019-06-24T10:44:36.776+0000][1][safepoint    ] Leaving safepoint region
[2019-06-24T10:44:36.776+0000][1][safepoint    ] Total time for which application threads were stopped: 0.0000798 seconds, Stopping threads took: 0.0000218 seconds
[2019-06-24T10:44:37.776+0000][1][safepoint    ] Application time: 1.0001218 seconds
[2019-06-24T10:44:37.776+0000][1][safepoint    ] Entering safepoint region: Cleanup
[2019-06-24T10:44:37.776+0000][1][safepoint    ] Leaving safepoint region
[2019-06-24T10:44:37.776+0000][1][safepoint    ] Total time for which application threads were stopped: 0.0000786 seconds, Stopping threads took: 0.0000221 seconds
[2019-06-24T10:44:38.776+0000][1][safepoint    ] Application time: 1.0000807 seconds
[2019-06-24T10:44:38.776+0000][1][safepoint    ] Entering safepoint region: Cleanup
[2019-06-24T10:44:38.776+0000][1][safepoint    ] Leaving safepoint region
[2019-06-24T10:44:38.776+0000][1][safepoint    ] Total time for which application threads were stopped: 0.0000902 seconds, Stopping threads took: 0.0000347 seconds
[2019-06-24T10:44:39.777+0000][1][safepoint    ] Application time: 1.0002874 seconds
[2019-06-24T10:44:39.777+0000][1][safepoint    ] Entering safepoint region: Cleanup
[2019-06-24T10:44:39.777+0000][1][safepoint    ] Leaving safepoint region
[2019-06-24T10:44:39.777+0000][1][safepoint    ] Total time for which application threads were stopped: 0.0000816 seconds, Stopping threads took: 0.0000228 seconds
[2019-06-24T10:44:40.777+0000][1][safepoint    ] Application time: 1.0001684 seconds
[2019-06-24T10:44:40.777+0000][1][safepoint    ] Entering safepoint region: Cleanup
[2019-06-24T10:44:40.777+0000][1][safepoint    ] Leaving safepoint region
[2019-06-24T10:44:40.777+0000][1][safepoint    ] Total time for which application threads were stopped: 0.0002818 seconds, Stopping threads took: 0.0000841 seconds
[2019-06-24T10:44:41.778+0000][1][safepoint    ] Application time: 1.0001705 seconds
[2019-06-24T10:44:41.778+0000][1][safepoint    ] Entering safepoint region: Cleanup
[2019-06-24T10:44:41.778+0000][1][safepoint    ] Leaving safepoint region
[2019-06-24T10:44:41.778+0000][1][safepoint    ] Total time for which application threads were stopped: 0.0002485 seconds, Stopping threads took: 0.0000937 seconds
[2019-06-24T10:44:42.778+0000][1][safepoint    ] Application time: 1.0001955 seconds
[2019-06-24T10:44:42.778+0000][1][safepoint    ] Entering safepoint region: Cleanup
[2019-06-24T10:44:42.778+0000][1][safepoint    ] Leaving safepoint region
[2019-06-24T10:44:42.778+0000][1][safepoint    ] Total time for which application threads were stopped: 0.0000965 seconds, Stopping threads took: 0.0000287 seconds
[2019-06-24T10:44:43.778+0000][1][safepoint    ] Application time: 1.0001720 seconds
[2019-06-24T10:44:43.779+0000][1][safepoint    ] Entering safepoint region: Cleanup
[2019-06-24T10:44:43.779+0000][1][safepoint    ] Leaving safepoint region
[2019-06-24T10:44:43.779+0000][1][safepoint    ] Total time for which application threads were stopped: 0.0002701 seconds, Stopping threads took: 0.0000695 seconds
[2019-06-24T10:44:44.779+0000][1][safepoint    ] Application time: 1.0002019 seconds
[2019-06-24T10:44:44.779+0000][1][safepoint    ] Entering safepoint region: Cleanup
[2019-06-24T10:44:44.780+0000][1][safepoint    ] Leaving safepoint region
[2019-06-24T10:44:44.780+0000][1][safepoint    ] Total time for which application threads were stopped: 0.0004441 seconds, Stopping threads took: 0.0001289 seconds
[2019-06-24T10:44:45.780+0000][1][safepoint    ] Application time: 1.0001955 seconds
[2019-06-24T10:44:45.780+0000][1][safepoint    ] Entering safepoint region: Cleanup
[2019-06-24T10:44:45.780+0000][1][safepoint    ] Leaving safepoint region
[2019-06-24T10:44:45.780+0000][1][safepoint    ] Total time for which application threads were stopped: 0.0002938 seconds, Stopping threads took: 0.0001044 seconds
[2019-06-24T10:44:46.781+0000][1][safepoint    ] Application time: 1.0002376 seconds
[2019-06-24T10:44:46.781+0000][1][safepoint    ] Entering safepoint region: Cleanup
[2019-06-24T10:44:46.781+0000][1][safepoint    ] Leaving safepoint region
[2019-06-24T10:44:46.781+0000][1][safepoint    ] Total time for which application threads were stopped: 0.0001970 seconds, Stopping threads took: 0.0000565 seconds
[2019-06-24T10:44:47.781+0000][1][safepoint    ] Application time: 1.0002570 seconds
[2019-06-24T10:44:47.781+0000][1][safepoint    ] Entering safepoint region: Cleanup
[2019-06-24T10:44:47.781+0000][1][safepoint    ] Leaving safepoint region
[2019-06-24T10:44:47.782+0000][1][safepoint    ] Total time for which application threads were stopped: 0.0002226 seconds, Stopping threads took: 0.0000629 seconds
[2019-06-24T10:44:48.782+0000][1][safepoint    ] Application time: 1.0002147 seconds
[2019-06-24T10:44:48.782+0000][1][safepoint    ] Entering safepoint region: Cleanup
[2019-06-24T10:44:48.782+0000][1][safepoint    ] Leaving safepoint region
[2019-06-24T10:44:48.782+0000][1][safepoint    ] Total time for which application threads were stopped: 0.0002645 seconds, Stopping threads took: 0.0000629 seconds
[2019-06-24T10:44:49.782+0000][1][safepoint    ] Application time: 1.0002472 seconds
[2019-06-24T10:44:49.783+0000][1][safepoint    ] Entering safepoint region: Cleanup
[2019-06-24T10:44:49.783+0000][1][safepoint    ] Leaving safepoint region
[2019-06-24T10:44:49.783+0000][1][safepoint    ] Total time for which application threads were stopped: 0.0001889 seconds, Stopping threads took: 0.0000507 seconds
[2019-06-24T10:44:50.783+0000][1][safepoint    ] Application time: 1.0002773 seconds
[2019-06-24T10:44:50.783+0000][1][safepoint    ] Entering safepoint region: Cleanup
[2019-06-24T10:44:50.783+0000][1][safepoint    ] Leaving safepoint region
[2019-06-24T10:44:50.783+0000][1][safepoint    ] Total time for which application threads were stopped: 0.0002246 seconds, Stopping threads took: 0.0000630 seconds
[2019-06-24T10:44:51.784+0000][1][safepoint    ] Application time: 1.0002687 seconds
[2019-06-24T10:44:51.784+0000][1][safepoint    ] Entering safepoint region: Cleanup
[2019-06-24T10:44:51.784+0000][1][safepoint    ] Leaving safepoint region
[2019-06-24T10:44:51.784+0000][1][safepoint    ] Total time for which application threads were stopped: 0.0002261 seconds, Stopping threads took: 0.0000645 seconds
[2019-06-24T10:44:52.738+0000][1][safepoint    ] Application time: 0.9542419 seconds
[2019-06-24T10:44:52.738+0000][1][safepoint    ] Entering safepoint region: RevokeBias
[2019-06-24T10:44:52.739+0000][1][safepoint    ] Leaving safepoint region
[2019-06-24T10:44:52.739+0000][1][safepoint    ] Total time for which application threads were stopped: 0.0005664 seconds, Stopping threads took: 0.0000333 seconds
[2019-06-24T10:44:52.739+0000][1][safepoint    ] Application time: 0.0001224 seconds
[2019-06-24T10:44:52.739+0000][1][safepoint    ] Entering safepoint region: RevokeBias
[2019-06-24T10:44:52.739+0000][1][safepoint    ] Leaving safepoint region
[2019-06-24T10:44:52.739+0000][1][safepoint    ] Total time for which application threads were stopped: 0.0001184 seconds, Stopping threads took: 0.0000240 seconds
[2019-06-24T10:44:52.747+0000][1][safepoint    ] Application time: 0.0074644 seconds
[2019-06-24T10:44:52.747+0000][1][safepoint    ] Entering safepoint region: RevokeBias
[2019-06-24T10:44:52.747+0000][1][safepoint    ] Leaving safepoint region
[2019-06-24T10:44:52.747+0000][1][safepoint    ] Total time for which application threads were stopped: 0.0001263 seconds, Stopping threads took: 0.0000313 seconds
[2019-06-24T10:44:52.751+0000][1][safepoint    ] Application time: 0.0037284 seconds
[2019-06-24T10:44:52.751+0000][1][safepoint    ] Entering safepoint region: RevokeBias
[2019-06-24T10:44:52.751+0000][1][safepoint    ] Leaving safepoint region
[2019-06-24T10:44:52.751+0000][1][safepoint    ] Total time for which application threads were stopped: 0.0001623 seconds, Stopping threads took: 0.0000383 seconds
[2019-06-24T10:44:52.751+0000][1][safepoint    ] Application time: 0.0004045 seconds
[2019-06-24T10:44:52.751+0000][1][safepoint    ] Entering safepoint region: RevokeBias
[2019-06-24T10:44:52.751+0000][1][safepoint    ] Leaving safepoint region
[2019-06-24T10:44:52.751+0000][1][safepoint    ] Total time for which application threads were stopped: 0.0000919 seconds, Stopping threads took: 0.0000202 seconds
[2019-06-24T10:44:52.752+0000][1][safepoint    ] Application time: 0.0007442 seconds
[2019-06-24T10:44:52.754+0000][1][safepoint    ] Entering safepoint region: RevokeBias
[2019-06-24T10:44:52.754+0000][1][safepoint    ] Leaving safepoint region
[2019-06-24T10:44:52.754+0000][1][safepoint    ] Total time for which application threads were stopped: 0.0016563 seconds, Stopping threads took: 0.0015571 seconds
[2019-06-24T10:44:52.754+0000][1][safepoint    ] Application time: 0.0003620 seconds
[2019-06-24T10:44:52.755+0000][1][safepoint    ] Entering safepoint region: RevokeBias
[2019-06-24T10:44:52.755+0000][1][safepoint    ] Leaving safepoint region
[2019-06-24T10:44:52.755+0000][1][safepoint    ] Total time for which application threads were stopped: 0.0007359 seconds, Stopping threads took: 0.0006212 seconds
[2019-06-24T10:44:52.755+0000][1][safepoint    ] Application time: 0.0001207 seconds
[2019-06-24T10:44:52.755+0000][1][safepoint    ] Entering safepoint region: RevokeBias
[2019-06-24T10:44:52.755+0000][1][safepoint    ] Leaving safepoint region
[2019-06-24T10:44:52.755+0000][1][safepoint    ] Total time for which application threads were stopped: 0.0002213 seconds, Stopping threads took: 0.0000915 seconds
[2019-06-24T10:44:52.758+0000][1][safepoint    ] Application time: 0.0022838 seconds
[2019-06-24T10:44:52.766+0000][1][safepoint    ] Entering safepoint region: RevokeBias
[2019-06-24T10:44:52.766+0000][1][safepoint    ] Leaving safepoint region
[2019-06-24T10:44:52.766+0000][1][safepoint    ] Total time for which application threads were stopped: 0.0081033 seconds, Stopping threads took: 0.0079777 seconds
[2019-06-24T10:44:52.766+0000][1][safepoint    ] Application time: 0.0002478 seconds
[2019-06-24T10:44:52.767+0000][1][safepoint    ] Entering safepoint region: BulkRevokeBias
[2019-06-24T10:44:52.770+0000][1][safepoint    ] Leaving safepoint region
[2019-06-24T10:44:52.770+0000][1][safepoint    ] Total time for which application threads were stopped: 0.0037164 seconds, Stopping threads took: 0.0026892 seconds
[2019-06-24T10:44:52.774+0000][1][safepoint    ] Application time: 0.0042602 seconds
[2019-06-24T10:44:52.774+0000][1][safepoint    ] Entering safepoint region: RevokeBias
[2019-06-24T10:44:52.774+0000][1][safepoint    ] Leaving safepoint region
[2019-06-24T10:44:52.774+0000][1][safepoint    ] Total time for which application threads were stopped: 0.0003333 seconds, Stopping threads took: 0.0001098 seconds
[2019-06-24T10:44:52.775+0000][1][safepoint    ] Application time: 0.0005870 seconds
[2019-06-24T10:44:52.781+0000][1][safepoint    ] Entering safepoint region: RevokeBias
[2019-06-24T10:44:52.782+0000][1][safepoint    ] Leaving safepoint region
[2019-06-24T10:44:52.782+0000][1][safepoint    ] Total time for which application threads were stopped: 0.0066698 seconds, Stopping threads took: 0.0063525 seconds
[2019-06-24T10:44:52.786+0000][1][safepoint    ] Application time: 0.0047420 seconds
[2019-06-24T10:44:52.787+0000][1][safepoint    ] Entering safepoint region: RevokeBias
[2019-06-24T10:44:52.787+0000][1][safepoint    ] Leaving safepoint region
[2019-06-24T10:44:52.787+0000][1][safepoint    ] Total time for which application threads were stopped: 0.0003822 seconds, Stopping threads took: 0.0001877 seconds
[2019-06-24T10:44:52.787+0000][1][safepoint    ] Application time: 0.0001804 seconds
[2019-06-24T10:44:52.787+0000][1][safepoint    ] Entering safepoint region: RevokeBias
[2019-06-24T10:44:52.787+0000][1][safepoint    ] Leaving safepoint region
[2019-06-24T10:44:52.787+0000][1][safepoint    ] Total time for which application threads were stopped: 0.0001205 seconds, Stopping threads took: 0.0000490 seconds
[2019-06-24T10:44:52.787+0000][1][safepoint    ] Application time: 0.0003157 seconds
[2019-06-24T10:44:52.788+0000][1][safepoint    ] Entering safepoint region: RevokeBias
[2019-06-24T10:44:52.788+0000][1][safepoint    ] Leaving safepoint region
[2019-06-24T10:44:52.788+0000][1][safepoint    ] Total time for which application threads were stopped: 0.0008900 seconds, Stopping threads took: 0.0005537 seconds
[2019-06-24T10:44:52.789+0000][1][safepoint    ] Application time: 0.0009863 seconds
[2019-06-24T10:44:52.789+0000][1][safepoint    ] Entering safepoint region: RevokeBias
[2019-06-24T10:44:52.790+0000][1][safepoint    ] Leaving safepoint region
[2019-06-24T10:44:52.790+0000][1][safepoint    ] Total time for which application threads were stopped: 0.0001170 seconds, Stopping threads took: 0.0000191 seconds
[2019-06-24T10:44:52.790+0000][1][safepoint    ] Application time: 0.0001110 seconds
[2019-06-24T10:44:52.790+0000][1][safepoint    ] Entering safepoint region: RevokeBias
[2019-06-24T10:44:52.790+0000][1][safepoint    ] Leaving safepoint region
[2019-06-24T10:44:52.790+0000][1][safepoint    ] Total time for which application threads were stopped: 0.0000841 seconds, Stopping threads took: 0.0000201 seconds
[2019-06-24T10:44:52.790+0000][1][safepoint    ] Application time: 0.0002631 seconds
[2019-06-24T10:44:52.790+0000][1][safepoint    ] Entering safepoint region: RevokeBias
[2019-06-24T10:44:52.790+0000][1][safepoint    ] Leaving safepoint region
[2019-06-24T10:44:52.790+0000][1][safepoint    ] Total time for which application threads were stopped: 0.0000829 seconds, Stopping threads took: 0.0000174 seconds
[2019-06-24T10:44:52.790+0000][1][safepoint    ] Application time: 0.0000710 seconds
[2019-06-24T10:44:52.790+0000][1][safepoint    ] Entering safepoint region: RevokeBias
[2019-06-24T10:44:52.790+0000][1][safepoint    ] Leaving safepoint region
[2019-06-24T10:44:52.790+0000][1][safepoint    ] Total time for which application threads were stopped: 0.0000745 seconds, Stopping threads took: 0.0000162 seconds
[2019-06-24T10:44:52.790+0000][1][safepoint    ] Application time: 0.0000670 seconds
[2019-06-24T10:44:52.790+0000][1][safepoint    ] Entering safepoint region: RevokeBias
[2019-06-24T10:44:52.791+0000][1][safepoint    ] Leaving safepoint region
[2019-06-24T10:44:52.791+0000][1][safepoint    ] Total time for which application threads were stopped: 0.0001071 seconds, Stopping threads took: 0.0000144 seconds
[2019-06-24T10:44:52.791+0000][1][safepoint    ] Application time: 0.0000642 seconds
[2019-06-24T10:44:52.791+0000][1][safepoint    ] Entering safepoint region: RevokeBias
[2019-06-24T10:44:52.791+0000][1][safepoint    ] Leaving safepoint region
[2019-06-24T10:44:52.791+0000][1][safepoint    ] Total time for which application threads were stopped: 0.0000640 seconds, Stopping threads took: 0.0000133 seconds
[2019-06-24T10:44:52.791+0000][1][safepoint    ] Application time: 0.0000657 seconds
[2019-06-24T10:44:52.791+0000][1][safepoint    ] Entering safepoint region: RevokeBias
[2019-06-24T10:44:52.791+0000][1][safepoint    ] Leaving safepoint region
[2019-06-24T10:44:52.791+0000][1][safepoint    ] Total time for which application threads were stopped: 0.0000823 seconds, Stopping threads took: 0.0000157 seconds
[2019-06-24T10:44:52.791+0000][1][safepoint    ] Application time: 0.0000656 seconds
[2019-06-24T10:44:52.791+0000][1][safepoint    ] Entering safepoint region: RevokeBias
[2019-06-24T10:44:52.791+0000][1][safepoint    ] Leaving safepoint region
[2019-06-24T10:44:52.791+0000][1][safepoint    ] Total time for which application threads were stopped: 0.0000897 seconds, Stopping threads took: 0.0000156 seconds
[2019-06-24T10:44:52.791+0000][1][safepoint    ] Application time: 0.0000678 seconds
[2019-06-24T10:44:52.791+0000][1][safepoint    ] Entering safepoint region: RevokeBias
[2019-06-24T10:44:52.791+0000][1][safepoint    ] Leaving safepoint region
[2019-06-24T10:44:52.791+0000][1][safepoint    ] Total time for which application threads were stopped: 0.0000603 seconds, Stopping threads took: 0.0000130 seconds
[2019-06-24T10:44:52.791+0000][1][safepoint    ] Application time: 0.0001173 seconds
[2019-06-24T10:44:52.791+0000][1][safepoint    ] Entering safepoint region: RevokeBias
[2019-06-24T10:44:52.791+0000][1][safepoint    ] Leaving safepoint region
[2019-06-24T10:44:52.791+0000][1][safepoint    ] Total time for which application threads were stopped: 0.0000670 seconds, Stopping threads took: 0.0000143 seconds
[2019-06-24T10:44:52.791+0000][1][safepoint    ] Application time: 0.0000631 seconds
[2019-06-24T10:44:52.791+0000][1][safepoint    ] Entering safepoint region: RevokeBias
[2019-06-24T10:44:52.792+0000][1][safepoint    ] Leaving safepoint region
[2019-06-24T10:44:52.792+0000][1][safepoint    ] Total time for which application threads were stopped: 0.0000553 seconds, Stopping threads took: 0.0000156 seconds
[2019-06-24T10:44:52.792+0000][1][safepoint    ] Application time: 0.0000594 seconds
[2019-06-24T10:44:52.792+0000][1][safepoint    ] Entering safepoint region: RevokeBias
[2019-06-24T10:44:52.792+0000][1][safepoint    ] Leaving safepoint region
[2019-06-24T10:44:52.792+0000][1][safepoint    ] Total time for which application threads were stopped: 0.0000879 seconds, Stopping threads took: 0.0000464 seconds
[2019-06-24T10:44:52.792+0000][1][safepoint    ] Application time: 0.0005531 seconds
[2019-06-24T10:44:52.792+0000][1][safepoint    ] Entering safepoint region: RevokeBias
[2019-06-24T10:44:52.792+0000][1][safepoint    ] Leaving safepoint region
[2019-06-24T10:44:52.792+0000][1][safepoint    ] Total time for which application threads were stopped: 0.0000583 seconds, Stopping threads took: 0.0000110 seconds
[2019-06-24T10:44:52.803+0000][1][safepoint    ] Application time: 0.0107185 seconds
[2019-06-24T10:44:52.803+0000][1][safepoint    ] Entering safepoint region: RevokeBias
[2019-06-24T10:44:52.803+0000][1][safepoint    ] Leaving safepoint region
[2019-06-24T10:44:52.803+0000][1][safepoint    ] Total time for which application threads were stopped: 0.0001830 seconds, Stopping threads took: 0.0000606 seconds
[2019-06-24T10:44:52.812+0000][1][safepoint    ] Application time: 0.0087844 seconds
[2019-06-24T10:44:52.812+0000][1][safepoint    ] Entering safepoint region: RevokeBias
[2019-06-24T10:44:52.812+0000][1][safepoint    ] Leaving safepoint region
[2019-06-24T10:44:52.812+0000][1][safepoint    ] Total time for which application threads were stopped: 0.0002293 seconds, Stopping threads took: 0.0000742 seconds
[2019-06-24T10:44:52.813+0000][1][safepoint    ] Application time: 0.0008312 seconds
[2019-06-24T10:44:52.813+0000][1][safepoint    ] Entering safepoint region: RevokeBias
[2019-06-24T10:44:52.813+0000][1][safepoint    ] Leaving safepoint region
[2019-06-24T10:44:52.813+0000][1][safepoint    ] Total time for which application threads were stopped: 0.0001837 seconds, Stopping threads took: 0.0000259 seconds
[2019-06-24T10:44:52.814+0000][1][safepoint    ] Application time: 0.0004607 seconds
[2019-06-24T10:44:52.814+0000][1][safepoint    ] Entering safepoint region: RevokeBias
[2019-06-24T10:44:52.814+0000][1][safepoint    ] Leaving safepoint region
[2019-06-24T10:44:52.814+0000][1][safepoint    ] Total time for which application threads were stopped: 0.0002874 seconds, Stopping threads took: 0.0001380 seconds
[2019-06-24T10:44:52.816+0000][1][safepoint    ] Application time: 0.0021656 seconds
[2019-06-24T10:44:52.817+0000][1][safepoint    ] Entering safepoint region: RevokeBias
[2019-06-24T10:44:52.817+0000][1][safepoint    ] Leaving safepoint region
[2019-06-24T10:44:52.817+0000][1][safepoint    ] Total time for which application threads were stopped: 0.0003972 seconds, Stopping threads took: 0.0002542 seconds
[2019-06-24T10:44:52.819+0000][1][safepoint    ] Application time: 0.0017737 seconds
[2019-06-24T10:44:52.820+0000][1][safepoint    ] Entering safepoint region: RevokeBias
[2019-06-24T10:44:52.820+0000][1][safepoint    ] Leaving safepoint region
[2019-06-24T10:44:52.820+0000][1][safepoint    ] Total time for which application threads were stopped: 0.0014149 seconds, Stopping threads took: 0.0012535 seconds
[2019-06-24T10:44:52.821+0000][1][safepoint    ] Application time: 0.0005762 seconds
[2019-06-24T10:44:52.821+0000][1][safepoint    ] Entering safepoint region: RevokeBias
[2019-06-24T10:44:52.821+0000][1][safepoint    ] Leaving safepoint region
[2019-06-24T10:44:52.821+0000][1][safepoint    ] Total time for which application threads were stopped: 0.0001618 seconds, Stopping threads took: 0.0000264 seconds
[2019-06-24T10:44:52.831+0000][1][safepoint    ] Application time: 0.0098009 seconds
[2019-06-24T10:44:52.831+0000][1][safepoint    ] Entering safepoint region: RevokeBias
[2019-06-24T10:44:52.831+0000][1][safepoint    ] Leaving safepoint region
[2019-06-24T10:44:52.831+0000][1][safepoint    ] Total time for which application threads were stopped: 0.0001477 seconds, Stopping threads took: 0.0000321 seconds
[2019-06-24T10:44:52.832+0000][1][safepoint    ] Application time: 0.0009175 seconds
[2019-06-24T10:44:52.832+0000][1][safepoint    ] Entering safepoint region: RevokeBias
[2019-06-24T10:44:52.832+0000][1][safepoint    ] Leaving safepoint region
[2019-06-24T10:44:52.832+0000][1][safepoint    ] Total time for which application threads were stopped: 0.0007191 seconds, Stopping threads took: 0.0000573 seconds
[2019-06-24T10:44:52.836+0000][1][safepoint    ] Application time: 0.0030962 seconds
[2019-06-24T10:44:52.836+0000][1][safepoint    ] Entering safepoint region: RevokeBias
[2019-06-24T10:44:52.836+0000][1][safepoint    ] Leaving safepoint region
[2019-06-24T10:44:52.836+0000][1][safepoint    ] Total time for which application threads were stopped: 0.0002013 seconds, Stopping threads took: 0.0000697 seconds
[2019-06-24T10:44:52.836+0000][1][safepoint    ] Application time: 0.0005263 seconds
[2019-06-24T10:44:52.836+0000][1][safepoint    ] Entering safepoint region: RevokeBias
[2019-06-24T10:44:52.837+0000][1][safepoint    ] Leaving safepoint region
[2019-06-24T10:44:52.837+0000][1][safepoint    ] Total time for which application threads were stopped: 0.0001776 seconds, Stopping threads took: 0.0000304 seconds
[2019-06-24T10:44:52.837+0000][1][safepoint    ] Application time: 0.0001905 seconds
[2019-06-24T10:44:52.837+0000][1][safepoint    ] Entering safepoint region: RevokeBias
[2019-06-24T10:44:52.837+0000][1][safepoint    ] Leaving safepoint region
[2019-06-24T10:44:52.837+0000][1][safepoint    ] Total time for which application threads were stopped: 0.0001876 seconds, Stopping threads took: 0.0000556 seconds
[2019-06-24T10:44:52.837+0000][1][safepoint    ] Application time: 0.0001549 seconds
[2019-06-24T10:44:52.837+0000][1][safepoint    ] Entering safepoint region: RevokeBias
[2019-06-24T10:44:52.837+0000][1][safepoint    ] Leaving safepoint region
[2019-06-24T10:44:52.837+0000][1][safepoint    ] Total time for which application threads were stopped: 0.0000830 seconds, Stopping threads took: 0.0000130 seconds
[2019-06-24T10:44:52.837+0000][1][safepoint    ] Application time: 0.0000595 seconds
[2019-06-24T10:44:52.837+0000][1][safepoint    ] Entering safepoint region: RevokeBias
[2019-06-24T10:44:52.837+0000][1][safepoint    ] Leaving safepoint region
[2019-06-24T10:44:52.837+0000][1][safepoint    ] Total time for which application threads were stopped: 0.0000834 seconds, Stopping threads took: 0.0000111 seconds
[2019-06-24T10:44:52.843+0000][1][safepoint    ] Application time: 0.0051281 seconds
[2019-06-24T10:44:52.843+0000][1][safepoint    ] Entering safepoint region: RevokeBias
[2019-06-24T10:44:52.844+0000][1][safepoint    ] Leaving safepoint region
[2019-06-24T10:44:52.844+0000][1][safepoint    ] Total time for which application threads were stopped: 0.0015353 seconds, Stopping threads took: 0.0005547 seconds
[2019-06-24T10:44:52.845+0000][1][safepoint    ] Application time: 0.0010600 seconds
[2019-06-24T10:44:52.845+0000][1][safepoint    ] Entering safepoint region: RevokeBias
[2019-06-24T10:44:52.845+0000][1][safepoint    ] Leaving safepoint region
[2019-06-24T10:44:52.845+0000][1][safepoint    ] Total time for which application threads were stopped: 0.0001394 seconds, Stopping threads took: 0.0000163 seconds
[2019-06-24T10:44:52.848+0000][1][safepoint    ] Application time: 0.0026106 seconds
[2019-06-24T10:44:52.848+0000][1][safepoint    ] Entering safepoint region: RevokeBias
[2019-06-24T10:44:52.848+0000][1][safepoint    ] Leaving safepoint region
[2019-06-24T10:44:52.848+0000][1][safepoint    ] Total time for which application threads were stopped: 0.0003419 seconds, Stopping threads took: 0.0000290 seconds
[2019-06-24T10:44:52.855+0000][1][safepoint    ] Application time: 0.0067707 seconds
[2019-06-24T10:44:52.858+0000][1][safepoint    ] Entering safepoint region: RevokeBias
[2019-06-24T10:44:52.858+0000][1][safepoint    ] Leaving safepoint region
[2019-06-24T10:44:52.858+0000][1][safepoint    ] Total time for which application threads were stopped: 0.0029496 seconds, Stopping threads took: 0.0026271 seconds
[2019-06-24T10:44:52.860+0000][1][safepoint    ] Application time: 0.0018218 seconds
[2019-06-24T10:44:52.860+0000][1][safepoint    ] Entering safepoint region: BulkRevokeBias
[2019-06-24T10:44:52.862+0000][1][safepoint    ] Leaving safepoint region
[2019-06-24T10:44:52.862+0000][1][safepoint    ] Total time for which application threads were stopped: 0.0019638 seconds, Stopping threads took: 0.0000591 seconds
[2019-06-24T10:44:52.872+0000][1][safepoint    ] Application time: 0.0095133 seconds
[2019-06-24T10:44:52.872+0000][1][safepoint    ] Entering safepoint region: RevokeBias
[2019-06-24T10:44:52.872+0000][1][safepoint    ] Leaving safepoint region
[2019-06-24T10:44:52.872+0000][1][safepoint    ] Total time for which application threads were stopped: 0.0001861 seconds, Stopping threads took: 0.0000508 seconds
[2019-06-24T10:44:52.883+0000][1][safepoint    ] Application time: 0.0107405 seconds
[2019-06-24T10:44:52.883+0000][1][safepoint    ] Entering safepoint region: RevokeBias
[2019-06-24T10:44:52.883+0000][1][safepoint    ] Leaving safepoint region
[2019-06-24T10:44:52.883+0000][1][safepoint    ] Total time for which application threads were stopped: 0.0002242 seconds, Stopping threads took: 0.0000613 seconds
[2019-06-24T10:44:52.883+0000][1][safepoint    ] Application time: 0.0001818 seconds
[2019-06-24T10:44:52.883+0000][1][safepoint    ] Entering safepoint region: RevokeBias
[2019-06-24T10:44:52.883+0000][1][safepoint    ] Leaving safepoint region
[2019-06-24T10:44:52.883+0000][1][safepoint    ] Total time for which application threads were stopped: 0.0001284 seconds, Stopping threads took: 0.0000224 seconds
[2019-06-24T10:44:52.902+0000][1][safepoint    ] Application time: 0.0184651 seconds
[2019-06-24T10:44:52.902+0000][1][safepoint    ] Entering safepoint region: RevokeBias
[2019-06-24T10:44:52.902+0000][1][safepoint    ] Leaving safepoint region
[2019-06-24T10:44:52.902+0000][1][safepoint    ] Total time for which application threads were stopped: 0.0001671 seconds, Stopping threads took: 0.0000716 seconds
[2019-06-24T10:44:52.902+0000][1][safepoint    ] Application time: 0.0000721 seconds
[2019-06-24T10:44:52.902+0000][1][safepoint    ] Entering safepoint region: RevokeBias
[2019-06-24T10:44:52.902+0000][1][safepoint    ] Leaving safepoint region
[2019-06-24T10:44:52.902+0000][1][safepoint    ] Total time for which application threads were stopped: 0.0001613 seconds, Stopping threads took: 0.0000480 seconds
[2019-06-24T10:44:52.977+0000][1][safepoint    ] Application time: 0.0749908 seconds
[2019-06-24T10:44:52.977+0000][1][safepoint    ] Entering safepoint region: RevokeBias
[2019-06-24T10:44:52.977+0000][1][safepoint    ] Leaving safepoint region
[2019-06-24T10:44:52.977+0000][1][safepoint    ] Total time for which application threads were stopped: 0.0001709 seconds, Stopping threads took: 0.0000649 seconds
[2019-06-24T10:44:52.978+0000][1][safepoint    ] Application time: 0.0003927 seconds
[2019-06-24T10:44:52.978+0000][1][safepoint    ] Entering safepoint region: RevokeBias
[2019-06-24T10:44:52.978+0000][1][safepoint    ] Leaving safepoint region
[2019-06-24T10:44:52.978+0000][1][safepoint    ] Total time for which application threads were stopped: 0.0000963 seconds, Stopping threads took: 0.0000177 seconds
[2019-06-24T10:44:52.978+0000][1][safepoint    ] Application time: 0.0002661 seconds
[2019-06-24T10:44:52.978+0000][1][safepoint    ] Entering safepoint region: RevokeBias
[2019-06-24T10:44:52.978+0000][1][safepoint    ] Leaving safepoint region
[2019-06-24T10:44:52.978+0000][1][safepoint    ] Total time for which application threads were stopped: 0.0001074 seconds, Stopping threads took: 0.0000217 seconds
[2019-06-24T10:44:52.978+0000][1][safepoint    ] Application time: 0.0000764 seconds
[2019-06-24T10:44:52.978+0000][1][safepoint    ] Entering safepoint region: RevokeBias
[2019-06-24T10:44:52.978+0000][1][safepoint    ] Leaving safepoint region
[2019-06-24T10:44:52.978+0000][1][safepoint    ] Total time for which application threads were stopped: 0.0001419 seconds, Stopping threads took: 0.0000738 seconds
[2019-06-24T10:44:52.979+0000][1][safepoint    ] Application time: 0.0002299 seconds
[2019-06-24T10:44:52.979+0000][1][safepoint    ] Entering safepoint region: RevokeBias
[2019-06-24T10:44:52.979+0000][1][safepoint    ] Leaving safepoint region
[2019-06-24T10:44:52.979+0000][1][safepoint    ] Total time for which application threads were stopped: 0.0001183 seconds, Stopping threads took: 0.0000407 seconds
[2019-06-24T10:44:52.982+0000][1][safepoint    ] Application time: 0.0034782 seconds
[2019-06-24T10:44:52.983+0000][1][safepoint    ] Entering safepoint region: RevokeBias
[2019-06-24T10:44:52.983+0000][1][safepoint    ] Leaving safepoint region
[2019-06-24T10:44:52.983+0000][1][safepoint    ] Total time for which application threads were stopped: 0.0004945 seconds, Stopping threads took: 0.0003325 seconds
[2019-06-24T10:44:52.984+0000][1][safepoint    ] Application time: 0.0011033 seconds
[2019-06-24T10:44:52.984+0000][1][safepoint    ] Entering safepoint region: RevokeBias
[2019-06-24T10:44:52.984+0000][1][safepoint    ] Leaving safepoint region
[2019-06-24T10:44:52.984+0000][1][safepoint    ] Total time for which application threads were stopped: 0.0001836 seconds, Stopping threads took: 0.0000559 seconds
[2019-06-24T10:44:52.985+0000][1][safepoint    ] Application time: 0.0008370 seconds
[2019-06-24T10:44:52.985+0000][1][safepoint    ] Entering safepoint region: RevokeBias
[2019-06-24T10:44:52.985+0000][1][safepoint    ] Leaving safepoint region
[2019-06-24T10:44:52.985+0000][1][safepoint    ] Total time for which application threads were stopped: 0.0001528 seconds, Stopping threads took: 0.0000777 seconds
[2019-06-24T10:44:52.989+0000][1][safepoint    ] Application time: 0.0034891 seconds
[2019-06-24T10:44:52.989+0000][1][safepoint    ] Entering safepoint region: RevokeBias
[2019-06-24T10:44:52.989+0000][1][safepoint    ] Leaving safepoint region
[2019-06-24T10:44:52.989+0000][1][safepoint    ] Total time for which application threads were stopped: 0.0001422 seconds, Stopping threads took: 0.0000834 seconds
[2019-06-24T10:44:52.990+0000][1][safepoint    ] Application time: 0.0010612 seconds
[2019-06-24T10:44:52.990+0000][1][safepoint    ] Entering safepoint region: RevokeBias
[2019-06-24T10:44:52.990+0000][1][safepoint    ] Leaving safepoint region
[2019-06-24T10:44:52.990+0000][1][safepoint    ] Total time for which application threads were stopped: 0.0000731 seconds, Stopping threads took: 0.0000180 seconds
[2019-06-24T10:44:52.998+0000][1][safepoint    ] Application time: 0.0084388 seconds
[2019-06-24T10:44:52.999+0000][1][safepoint    ] Entering safepoint region: RevokeBias
[2019-06-24T10:44:52.999+0000][1][safepoint    ] Leaving safepoint region
[2019-06-24T10:44:52.999+0000][1][safepoint    ] Total time for which application threads were stopped: 0.0001128 seconds, Stopping threads took: 0.0000582 seconds
[2019-06-24T10:44:52.999+0000][1][safepoint    ] Application time: 0.0004539 seconds
[2019-06-24T10:44:52.999+0000][1][safepoint    ] Entering safepoint region: RevokeBias
[2019-06-24T10:44:52.999+0000][1][safepoint    ] Leaving safepoint region
[2019-06-24T10:44:52.999+0000][1][safepoint    ] Total time for which application threads were stopped: 0.0000526 seconds, Stopping threads took: 0.0000119 seconds
[2019-06-24T10:44:53.000+0000][1][safepoint    ] Application time: 0.0006804 seconds
[2019-06-24T10:44:53.000+0000][1][safepoint    ] Entering safepoint region: RevokeBias
[2019-06-24T10:44:53.000+0000][1][safepoint    ] Leaving safepoint region
[2019-06-24T10:44:53.000+0000][1][safepoint    ] Total time for which application threads were stopped: 0.0000514 seconds, Stopping threads took: 0.0000119 seconds
[2019-06-24T10:44:53.000+0000][1][safepoint    ] Application time: 0.0002687 seconds
[2019-06-24T10:44:53.000+0000][1][safepoint    ] Entering safepoint region: RevokeBias
[2019-06-24T10:44:53.000+0000][1][safepoint    ] Leaving safepoint region
[2019-06-24T10:44:53.000+0000][1][safepoint    ] Total time for which application threads were stopped: 0.0000676 seconds, Stopping threads took: 0.0000303 seconds
[2019-06-24T10:44:53.001+0000][1][safepoint    ] Application time: 0.0004754 seconds
[2019-06-24T10:44:53.001+0000][1][safepoint    ] Entering safepoint region: GenCollectForAllocation
[2019-06-24T10:44:53.001+0000][1][gc,start     ] GC(41) Pause Young (Allocation Failure)
[2019-06-24T10:44:53.001+0000][1][gc,task      ] GC(41) Using 6 workers of 8 for evacuation
[2019-06-24T10:44:53.002+0000][1][gc,age       ] GC(41) Desired survivor size 4456448 bytes, new threshold 6 (max threshold 6)
[2019-06-24T10:44:53.002+0000][1][gc,age       ] GC(41) Age table with threshold 6 (max threshold 6)
[2019-06-24T10:44:53.002+0000][1][gc,age       ] GC(41) - age   1:     166288 bytes,     166288 total
[2019-06-24T10:44:53.002+0000][1][gc,age       ] GC(41) - age   2:         88 bytes,     166376 total
[2019-06-24T10:44:53.002+0000][1][gc,age       ] GC(41) - age   3:         32 bytes,     166408 total
[2019-06-24T10:44:53.002+0000][1][gc,age       ] GC(41) - age   5:       1752 bytes,     168160 total
[2019-06-24T10:44:53.002+0000][1][gc,age       ] GC(41) - age   6:         56 bytes,     168216 total
[2019-06-24T10:44:53.002+0000][1][gc,heap      ] GC(41) ParNew: 69966K->172K(78656K)
[2019-06-24T10:44:53.002+0000][1][gc,heap      ] GC(41) CMS: 69767K->69768K(174784K)
[2019-06-24T10:44:53.002+0000][1][gc,metaspace ] GC(41) Metaspace: 68300K->68300K(1112064K)
[2019-06-24T10:44:53.002+0000][1][gc           ] GC(41) Pause Young (Allocation Failure) 136M->68M(247M) 1.516ms
[2019-06-24T10:44:53.002+0000][1][gc,cpu       ] GC(41) User=0.01s Sys=0.00s Real=0.00s
[2019-06-24T10:44:53.002+0000][1][safepoint    ] Leaving safepoint region
[2019-06-24T10:44:53.002+0000][1][safepoint    ] Total time for which application threads were stopped: 0.0016482 seconds, Stopping threads took: 0.0000338 seconds
[2019-06-24T10:44:53.003+0000][1][safepoint    ] Application time: 0.0009968 seconds
[2019-06-24T10:44:53.003+0000][1][safepoint    ] Entering safepoint region: RevokeBias
[2019-06-24T10:44:53.004+0000][1][safepoint    ] Leaving safepoint region
[2019-06-24T10:44:53.004+0000][1][safepoint    ] Total time for which application threads were stopped: 0.0000483 seconds, Stopping threads took: 0.0000186 seconds
[2019-06-24T10:44:53.004+0000][1][safepoint    ] Application time: 0.0001706 seconds
[2019-06-24T10:44:53.004+0000][1][safepoint    ] Entering safepoint region: RevokeBias
[2019-06-24T10:44:53.004+0000][1][safepoint    ] Leaving safepoint region
[2019-06-24T10:44:53.004+0000][1][safepoint    ] Total time for which application threads were stopped: 0.0000330 seconds, Stopping threads took: 0.0000094 seconds
[2019-06-24T10:44:53.005+0000][1][safepoint    ] Application time: 0.0012813 seconds
[2019-06-24T10:44:53.005+0000][1][safepoint    ] Entering safepoint region: RevokeBias
[2019-06-24T10:44:53.005+0000][1][safepoint    ] Leaving safepoint region
[2019-06-24T10:44:53.005+0000][1][safepoint    ] Total time for which application threads were stopped: 0.0001151 seconds, Stopping threads took: 0.0000786 seconds
[2019-06-24T10:44:53.008+0000][1][gc,heap,exit ] Heap
[2019-06-24T10:44:53.008+0000][1][gc,heap,exit ]  par new generation   total 78656K, used 742K [0x00000000f0000000, 0x00000000f5550000, 0x00000000f5550000)
[2019-06-24T10:44:53.008+0000][1][gc,heap,exit ]   eden space 69952K,   0% used [0x00000000f0000000, 0x00000000f008e948, 0x00000000f4450000)
[2019-06-24T10:44:53.008+0000][1][gc,heap,exit ]   from space 8704K,   1% used [0x00000000f4450000, 0x00000000f447b0d8, 0x00000000f4cd0000)
[2019-06-24T10:44:53.008+0000][1][gc,heap,exit ]   to   space 8704K,   0% used [0x00000000f4cd0000, 0x00000000f4cd0000, 0x00000000f5550000)
[2019-06-24T10:44:53.008+0000][1][gc,heap,exit ]  concurrent mark-sweep generation total 174784K, used 69768K [0x00000000f5550000, 0x0000000100000000, 0x0000000100000000)
[2019-06-24T10:44:53.008+0000][1][gc,heap,exit ]  Metaspace       used 68315K, capacity 73330K, committed 73444K, reserved 1112064K
[2019-06-24T10:44:53.008+0000][1][gc,heap,exit ]   class space    used 9208K, capacity 11311K, committed 11328K, reserved 1048576K
[2019-06-24T10:44:53.008+0000][1][safepoint    ] Application time: 0.0028286 seconds
[2019-06-24T10:44:53.008+0000][1][safepoint    ] Entering safepoint region: Exit
