[2019-06-24T14:06:39.348+0000][1][gc] Using Concurrent Mark Sweep
[2019-06-24T14:06:39.348+0000][1][gc,heap,coops] Heap address: 0x00000000f0000000, size: 256 MB, Compressed Oops mode: 32-bit
[2019-06-24T14:06:39.464+0000][1][safepoint    ] Entering safepoint region: EnableBiasedLocking
[2019-06-24T14:06:39.464+0000][1][safepoint    ] Leaving safepoint region
[2019-06-24T14:06:39.464+0000][1][safepoint    ] Total time for which application threads were stopped: 0.0008567 seconds, Stopping threads took: 0.0007698 seconds
[2019-06-24T14:06:39.479+0000][1][safepoint    ] Application time: 0.0060350 seconds
[2019-06-24T14:06:39.484+0000][1][safepoint    ] Entering safepoint region: RevokeBias
[2019-06-24T14:06:39.484+0000][1][safepoint    ] Leaving safepoint region
[2019-06-24T14:06:39.484+0000][1][safepoint    ] Total time for which application threads were stopped: 0.0045492 seconds, Stopping threads took: 0.0044087 seconds
[2019-06-24T14:06:39.508+0000][1][safepoint    ] Application time: 0.0240628 seconds
[2019-06-24T14:06:39.508+0000][1][safepoint    ] Entering safepoint region: Deoptimize
[2019-06-24T14:06:39.508+0000][1][safepoint    ] Leaving safepoint region
[2019-06-24T14:06:39.508+0000][1][safepoint    ] Total time for which application threads were stopped: 0.0000774 seconds, Stopping threads took: 0.0000154 seconds
[2019-06-24T14:06:39.726+0000][1][safepoint    ] Application time: 0.2184749 seconds
[2019-06-24T14:06:39.727+0000][1][safepoint    ] Entering safepoint region: RevokeBias
[2019-06-24T14:06:39.727+0000][1][safepoint    ] Leaving safepoint region
[2019-06-24T14:06:39.727+0000][1][safepoint    ] Total time for which application threads were stopped: 0.0001278 seconds, Stopping threads took: 0.0000192 seconds
[2019-06-24T14:06:39.813+0000][1][safepoint    ] Application time: 0.0859359 seconds
[2019-06-24T14:06:39.813+0000][1][safepoint    ] Entering safepoint region: Deoptimize
[2019-06-24T14:06:39.813+0000][1][safepoint    ] Leaving safepoint region
[2019-06-24T14:06:39.813+0000][1][safepoint    ] Total time for which application threads were stopped: 0.0001317 seconds, Stopping threads took: 0.0000451 seconds
[2019-06-24T14:06:40.534+0000][1][safepoint    ] Application time: 0.7211652 seconds
[2019-06-24T14:06:40.534+0000][1][safepoint    ] Entering safepoint region: Deoptimize
[2019-06-24T14:06:40.534+0000][1][safepoint    ] Leaving safepoint region
[2019-06-24T14:06:40.534+0000][1][safepoint    ] Total time for which application threads were stopped: 0.0002171 seconds, Stopping threads took: 0.0000381 seconds
[2019-06-24T14:06:40.635+0000][1][safepoint    ] Application time: 0.1003892 seconds
[2019-06-24T14:06:40.635+0000][1][safepoint    ] Entering safepoint region: Deoptimize
[2019-06-24T14:06:40.635+0000][1][safepoint    ] Leaving safepoint region
[2019-06-24T14:06:40.635+0000][1][safepoint    ] Total time for which application threads were stopped: 0.0001865 seconds, Stopping threads took: 0.0000535 seconds
[2019-06-24T14:06:40.673+0000][1][safepoint    ] Application time: 0.0382993 seconds
[2019-06-24T14:06:40.673+0000][1][safepoint    ] Entering safepoint region: Deoptimize
[2019-06-24T14:06:40.673+0000][1][safepoint    ] Leaving safepoint region
[2019-06-24T14:06:40.673+0000][1][safepoint    ] Total time for which application threads were stopped: 0.0001717 seconds, Stopping threads took: 0.0000399 seconds
[2019-06-24T14:06:41.674+0000][1][safepoint    ] Application time: 1.0001129 seconds
[2019-06-24T14:06:41.674+0000][1][safepoint    ] Entering safepoint region: Cleanup
[2019-06-24T14:06:41.674+0000][1][safepoint    ] Leaving safepoint region
[2019-06-24T14:06:41.674+0000][1][safepoint    ] Total time for which application threads were stopped: 0.0001237 seconds, Stopping threads took: 0.0000246 seconds
[2019-06-24T14:06:41.762+0000][1][safepoint    ] Application time: 0.0882242 seconds
[2019-06-24T14:06:41.762+0000][1][safepoint    ] Entering safepoint region: Deoptimize
[2019-06-24T14:06:41.762+0000][1][safepoint    ] Leaving safepoint region
[2019-06-24T14:06:41.762+0000][1][safepoint    ] Total time for which application threads were stopped: 0.0002635 seconds, Stopping threads took: 0.0000345 seconds
[2019-06-24T14:06:42.270+0000][1][safepoint    ] Application time: 0.5076551 seconds
[2019-06-24T14:06:42.270+0000][1][safepoint    ] Entering safepoint region: RevokeBias
[2019-06-24T14:06:42.270+0000][1][safepoint    ] Leaving safepoint region
[2019-06-24T14:06:42.270+0000][1][safepoint    ] Total time for which application threads were stopped: 0.0001744 seconds, Stopping threads took: 0.0000165 seconds
[2019-06-24T14:06:42.549+0000][1][safepoint    ] Application time: 0.2788941 seconds
[2019-06-24T14:06:42.549+0000][1][safepoint    ] Entering safepoint region: Deoptimize
[2019-06-24T14:06:42.550+0000][1][safepoint    ] Leaving safepoint region
[2019-06-24T14:06:42.550+0000][1][safepoint    ] Total time for which application threads were stopped: 0.0003414 seconds, Stopping threads took: 0.0000181 seconds
[2019-06-24T14:06:42.905+0000][1][safepoint    ] Application time: 0.3552087 seconds
[2019-06-24T14:06:42.905+0000][1][safepoint    ] Entering safepoint region: Deoptimize
[2019-06-24T14:06:42.905+0000][1][safepoint    ] Leaving safepoint region
[2019-06-24T14:06:42.905+0000][1][safepoint    ] Total time for which application threads were stopped: 0.0003022 seconds, Stopping threads took: 0.0000230 seconds
[2019-06-24T14:06:42.909+0000][1][safepoint    ] Application time: 0.0040246 seconds
[2019-06-24T14:06:42.909+0000][1][safepoint    ] Entering safepoint region: Deoptimize
[2019-06-24T14:06:42.909+0000][1][safepoint    ] Leaving safepoint region
[2019-06-24T14:06:42.909+0000][1][safepoint    ] Total time for which application threads were stopped: 0.0002373 seconds, Stopping threads took: 0.0000146 seconds
[2019-06-24T14:06:42.973+0000][1][safepoint    ] Application time: 0.0637717 seconds
[2019-06-24T14:06:42.973+0000][1][safepoint    ] Entering safepoint region: Deoptimize
[2019-06-24T14:06:42.974+0000][1][safepoint    ] Leaving safepoint region
[2019-06-24T14:06:42.974+0000][1][safepoint    ] Total time for which application threads were stopped: 0.0002927 seconds, Stopping threads took: 0.0000448 seconds
[2019-06-24T14:06:42.994+0000][1][safepoint    ] Application time: 0.0200564 seconds
[2019-06-24T14:06:43.001+0000][1][safepoint    ] Entering safepoint region: RevokeBias
[2019-06-24T14:06:43.001+0000][1][safepoint    ] Leaving safepoint region
[2019-06-24T14:06:43.001+0000][1][safepoint    ] Total time for which application threads were stopped: 0.0074993 seconds, Stopping threads took: 0.0074111 seconds
[2019-06-24T14:06:43.009+0000][1][safepoint    ] Application time: 0.0080267 seconds
[2019-06-24T14:06:43.011+0000][1][safepoint    ] Entering safepoint region: RevokeBias
[2019-06-24T14:06:43.011+0000][1][safepoint    ] Leaving safepoint region
[2019-06-24T14:06:43.011+0000][1][safepoint    ] Total time for which application threads were stopped: 0.0016649 seconds, Stopping threads took: 0.0015745 seconds
[2019-06-24T14:06:43.012+0000][1][safepoint    ] Application time: 0.0013888 seconds
[2019-06-24T14:06:43.012+0000][1][safepoint    ] Entering safepoint region: RevokeBias
[2019-06-24T14:06:43.012+0000][1][safepoint    ] Leaving safepoint region
[2019-06-24T14:06:43.012+0000][1][safepoint    ] Total time for which application threads were stopped: 0.0001168 seconds, Stopping threads took: 0.0000478 seconds
[2019-06-24T14:06:43.013+0000][1][safepoint    ] Application time: 0.0001773 seconds
[2019-06-24T14:06:43.013+0000][1][safepoint    ] Entering safepoint region: RevokeBias
[2019-06-24T14:06:43.013+0000][1][safepoint    ] Leaving safepoint region
[2019-06-24T14:06:43.013+0000][1][safepoint    ] Total time for which application threads were stopped: 0.0000769 seconds, Stopping threads took: 0.0000368 seconds
[2019-06-24T14:06:43.021+0000][1][safepoint    ] Application time: 0.0077429 seconds
[2019-06-24T14:06:43.021+0000][1][safepoint    ] Entering safepoint region: Deoptimize
[2019-06-24T14:06:43.021+0000][1][safepoint    ] Leaving safepoint region
[2019-06-24T14:06:43.021+0000][1][safepoint    ] Total time for which application threads were stopped: 0.0002930 seconds, Stopping threads took: 0.0000226 seconds
[2019-06-24T14:06:43.293+0000][1][safepoint    ] Application time: 0.2722666 seconds
[2019-06-24T14:06:43.304+0000][1][safepoint    ] Entering safepoint region: GenCollectForAllocation
[2019-06-24T14:06:43.305+0000][1][gc,start     ] GC(0) Pause Young (Allocation Failure)
[2019-06-24T14:06:43.321+0000][1][gc,task      ] GC(0) Using 5 workers of 8 for evacuation
[2019-06-24T14:06:43.361+0000][1][gc,age       ] GC(0) Desired survivor size 4456448 bytes, new threshold 1 (max threshold 6)
[2019-06-24T14:06:43.362+0000][1][gc,age       ] GC(0) Age table with threshold 1 (max threshold 6)
[2019-06-24T14:06:43.362+0000][1][gc,age       ] GC(0) - age   1:    8081984 bytes,    8081984 total
[2019-06-24T14:06:43.362+0000][1][gc,heap      ] GC(0) ParNew: 69952K->7998K(78656K)
[2019-06-24T14:06:43.362+0000][1][gc,heap      ] GC(0) CMS: 0K->0K(174784K)
[2019-06-24T14:06:43.362+0000][1][gc,metaspace ] GC(0) Metaspace: 12077K->12077K(1060864K)
[2019-06-24T14:06:43.362+0000][1][gc           ] GC(0) Pause Young (Allocation Failure) 68M->7M(247M) 56.919ms
[2019-06-24T14:06:43.362+0000][1][gc,cpu       ] GC(0) User=0.02s Sys=0.00s Real=0.06s
[2019-06-24T14:06:43.362+0000][1][safepoint    ] Leaving safepoint region
[2019-06-24T14:06:43.362+0000][1][safepoint    ] Total time for which application threads were stopped: 0.0684783 seconds, Stopping threads took: 0.0112696 seconds
[2019-06-24T14:06:43.395+0000][1][safepoint    ] Application time: 0.0328607 seconds
[2019-06-24T14:06:43.395+0000][1][safepoint    ] Entering safepoint region: RevokeBias
[2019-06-24T14:06:43.395+0000][1][safepoint    ] Leaving safepoint region
[2019-06-24T14:06:43.395+0000][1][safepoint    ] Total time for which application threads were stopped: 0.0002098 seconds, Stopping threads took: 0.0000749 seconds
[2019-06-24T14:06:43.395+0000][1][safepoint    ] Application time: 0.0000598 seconds
[2019-06-24T14:06:43.395+0000][1][safepoint    ] Entering safepoint region: RevokeBias
[2019-06-24T14:06:43.395+0000][1][safepoint    ] Leaving safepoint region
[2019-06-24T14:06:43.395+0000][1][safepoint    ] Total time for which application threads were stopped: 0.0001302 seconds, Stopping threads took: 0.0000580 seconds
[2019-06-24T14:06:43.395+0000][1][safepoint    ] Application time: 0.0000805 seconds
[2019-06-24T14:06:43.395+0000][1][safepoint    ] Entering safepoint region: RevokeBias
[2019-06-24T14:06:43.395+0000][1][safepoint    ] Leaving safepoint region
[2019-06-24T14:06:43.395+0000][1][safepoint    ] Total time for which application threads were stopped: 0.0000611 seconds, Stopping threads took: 0.0000107 seconds
[2019-06-24T14:06:43.395+0000][1][safepoint    ] Application time: 0.0000516 seconds
[2019-06-24T14:06:43.395+0000][1][safepoint    ] Entering safepoint region: RevokeBias
[2019-06-24T14:06:43.395+0000][1][safepoint    ] Leaving safepoint region
[2019-06-24T14:06:43.395+0000][1][safepoint    ] Total time for which application threads were stopped: 0.0000589 seconds, Stopping threads took: 0.0000108 seconds
[2019-06-24T14:06:43.396+0000][1][safepoint    ] Application time: 0.0000512 seconds
[2019-06-24T14:06:43.396+0000][1][safepoint    ] Entering safepoint region: RevokeBias
[2019-06-24T14:06:43.396+0000][1][safepoint    ] Leaving safepoint region
[2019-06-24T14:06:43.396+0000][1][safepoint    ] Total time for which application threads were stopped: 0.0000558 seconds, Stopping threads took: 0.0000108 seconds
[2019-06-24T14:06:43.396+0000][1][safepoint    ] Application time: 0.0000432 seconds
[2019-06-24T14:06:43.396+0000][1][safepoint    ] Entering safepoint region: RevokeBias
[2019-06-24T14:06:43.396+0000][1][safepoint    ] Leaving safepoint region
[2019-06-24T14:06:43.396+0000][1][safepoint    ] Total time for which application threads were stopped: 0.0000570 seconds, Stopping threads took: 0.0000115 seconds
[2019-06-24T14:06:43.396+0000][1][safepoint    ] Application time: 0.0000484 seconds
[2019-06-24T14:06:43.396+0000][1][safepoint    ] Entering safepoint region: RevokeBias
[2019-06-24T14:06:43.396+0000][1][safepoint    ] Leaving safepoint region
[2019-06-24T14:06:43.396+0000][1][safepoint    ] Total time for which application threads were stopped: 0.0000758 seconds, Stopping threads took: 0.0000262 seconds
[2019-06-24T14:06:43.396+0000][1][safepoint    ] Application time: 0.0000444 seconds
[2019-06-24T14:06:43.396+0000][1][safepoint    ] Entering safepoint region: RevokeBias
[2019-06-24T14:06:43.396+0000][1][safepoint    ] Leaving safepoint region
[2019-06-24T14:06:43.396+0000][1][safepoint    ] Total time for which application threads were stopped: 0.0000609 seconds, Stopping threads took: 0.0000109 seconds
[2019-06-24T14:06:43.396+0000][1][safepoint    ] Application time: 0.0000505 seconds
[2019-06-24T14:06:43.396+0000][1][safepoint    ] Entering safepoint region: RevokeBias
[2019-06-24T14:06:43.396+0000][1][safepoint    ] Leaving safepoint region
[2019-06-24T14:06:43.396+0000][1][safepoint    ] Total time for which application threads were stopped: 0.0000597 seconds, Stopping threads took: 0.0000117 seconds
[2019-06-24T14:06:43.396+0000][1][safepoint    ] Application time: 0.0000449 seconds
[2019-06-24T14:06:43.396+0000][1][safepoint    ] Entering safepoint region: RevokeBias
[2019-06-24T14:06:43.396+0000][1][safepoint    ] Leaving safepoint region
[2019-06-24T14:06:43.396+0000][1][safepoint    ] Total time for which application threads were stopped: 0.0000582 seconds, Stopping threads took: 0.0000110 seconds
[2019-06-24T14:06:43.396+0000][1][safepoint    ] Application time: 0.0000500 seconds
[2019-06-24T14:06:43.396+0000][1][safepoint    ] Entering safepoint region: RevokeBias
[2019-06-24T14:06:43.396+0000][1][safepoint    ] Leaving safepoint region
[2019-06-24T14:06:43.396+0000][1][safepoint    ] Total time for which application threads were stopped: 0.0000636 seconds, Stopping threads took: 0.0000116 seconds
[2019-06-24T14:06:43.396+0000][1][safepoint    ] Application time: 0.0000440 seconds
[2019-06-24T14:06:43.396+0000][1][safepoint    ] Entering safepoint region: RevokeBias
[2019-06-24T14:06:43.396+0000][1][safepoint    ] Leaving safepoint region
[2019-06-24T14:06:43.396+0000][1][safepoint    ] Total time for which application threads were stopped: 0.0000620 seconds, Stopping threads took: 0.0000118 seconds
[2019-06-24T14:06:43.397+0000][1][safepoint    ] Application time: 0.0003403 seconds
[2019-06-24T14:06:43.397+0000][1][safepoint    ] Entering safepoint region: RevokeBias
[2019-06-24T14:06:43.397+0000][1][safepoint    ] Leaving safepoint region
[2019-06-24T14:06:43.397+0000][1][safepoint    ] Total time for which application threads were stopped: 0.0000693 seconds, Stopping threads took: 0.0000128 seconds
[2019-06-24T14:06:43.397+0000][1][safepoint    ] Application time: 0.0000458 seconds
[2019-06-24T14:06:43.397+0000][1][safepoint    ] Entering safepoint region: RevokeBias
[2019-06-24T14:06:43.397+0000][1][safepoint    ] Leaving safepoint region
[2019-06-24T14:06:43.397+0000][1][safepoint    ] Total time for which application threads were stopped: 0.0000647 seconds, Stopping threads took: 0.0000113 seconds
[2019-06-24T14:06:43.397+0000][1][safepoint    ] Application time: 0.0000695 seconds
[2019-06-24T14:06:43.397+0000][1][safepoint    ] Entering safepoint region: RevokeBias
[2019-06-24T14:06:43.397+0000][1][safepoint    ] Leaving safepoint region
[2019-06-24T14:06:43.397+0000][1][safepoint    ] Total time for which application threads were stopped: 0.0000695 seconds, Stopping threads took: 0.0000114 seconds
[2019-06-24T14:06:43.397+0000][1][safepoint    ] Application time: 0.0000472 seconds
[2019-06-24T14:06:43.397+0000][1][safepoint    ] Entering safepoint region: RevokeBias
[2019-06-24T14:06:43.397+0000][1][safepoint    ] Leaving safepoint region
[2019-06-24T14:06:43.397+0000][1][safepoint    ] Total time for which application threads were stopped: 0.0000617 seconds, Stopping threads took: 0.0000116 seconds
[2019-06-24T14:06:43.397+0000][1][safepoint    ] Application time: 0.0000526 seconds
[2019-06-24T14:06:43.397+0000][1][safepoint    ] Entering safepoint region: RevokeBias
[2019-06-24T14:06:43.397+0000][1][safepoint    ] Leaving safepoint region
[2019-06-24T14:06:43.398+0000][1][safepoint    ] Total time for which application threads were stopped: 0.0000766 seconds, Stopping threads took: 0.0000232 seconds
[2019-06-24T14:06:43.398+0000][1][safepoint    ] Application time: 0.0000451 seconds
[2019-06-24T14:06:43.398+0000][1][safepoint    ] Entering safepoint region: RevokeBias
[2019-06-24T14:06:43.398+0000][1][safepoint    ] Leaving safepoint region
[2019-06-24T14:06:43.398+0000][1][safepoint    ] Total time for which application threads were stopped: 0.0000601 seconds, Stopping threads took: 0.0000118 seconds
[2019-06-24T14:06:43.398+0000][1][safepoint    ] Application time: 0.0000514 seconds
[2019-06-24T14:06:43.398+0000][1][safepoint    ] Entering safepoint region: RevokeBias
[2019-06-24T14:06:43.398+0000][1][safepoint    ] Leaving safepoint region
[2019-06-24T14:06:43.398+0000][1][safepoint    ] Total time for which application threads were stopped: 0.0000618 seconds, Stopping threads took: 0.0000121 seconds
[2019-06-24T14:06:43.398+0000][1][safepoint    ] Application time: 0.0000449 seconds
[2019-06-24T14:06:43.398+0000][1][safepoint    ] Entering safepoint region: RevokeBias
[2019-06-24T14:06:43.398+0000][1][safepoint    ] Leaving safepoint region
[2019-06-24T14:06:43.398+0000][1][safepoint    ] Total time for which application threads were stopped: 0.0000704 seconds, Stopping threads took: 0.0000115 seconds
[2019-06-24T14:06:43.398+0000][1][safepoint    ] Application time: 0.0000549 seconds
[2019-06-24T14:06:43.398+0000][1][safepoint    ] Entering safepoint region: RevokeBias
[2019-06-24T14:06:43.398+0000][1][safepoint    ] Leaving safepoint region
[2019-06-24T14:06:43.398+0000][1][safepoint    ] Total time for which application threads were stopped: 0.0000556 seconds, Stopping threads took: 0.0000102 seconds
[2019-06-24T14:06:43.398+0000][1][safepoint    ] Application time: 0.0000413 seconds
[2019-06-24T14:06:43.398+0000][1][safepoint    ] Entering safepoint region: RevokeBias
[2019-06-24T14:06:43.398+0000][1][safepoint    ] Leaving safepoint region
[2019-06-24T14:06:43.398+0000][1][safepoint    ] Total time for which application threads were stopped: 0.0000537 seconds, Stopping threads took: 0.0000104 seconds
[2019-06-24T14:06:43.398+0000][1][safepoint    ] Application time: 0.0000743 seconds
[2019-06-24T14:06:43.398+0000][1][safepoint    ] Entering safepoint region: RevokeBias
[2019-06-24T14:06:43.398+0000][1][safepoint    ] Leaving safepoint region
[2019-06-24T14:06:43.398+0000][1][safepoint    ] Total time for which application threads were stopped: 0.0000549 seconds, Stopping threads took: 0.0000104 seconds
[2019-06-24T14:06:43.398+0000][1][safepoint    ] Application time: 0.0000411 seconds
[2019-06-24T14:06:43.398+0000][1][safepoint    ] Entering safepoint region: RevokeBias
[2019-06-24T14:06:43.398+0000][1][safepoint    ] Leaving safepoint region
[2019-06-24T14:06:43.398+0000][1][safepoint    ] Total time for which application threads were stopped: 0.0000535 seconds, Stopping threads took: 0.0000106 seconds
[2019-06-24T14:06:43.398+0000][1][safepoint    ] Application time: 0.0000480 seconds
[2019-06-24T14:06:43.398+0000][1][safepoint    ] Entering safepoint region: RevokeBias
[2019-06-24T14:06:43.399+0000][1][safepoint    ] Leaving safepoint region
[2019-06-24T14:06:43.399+0000][1][safepoint    ] Total time for which application threads were stopped: 0.0000569 seconds, Stopping threads took: 0.0000110 seconds
[2019-06-24T14:06:43.399+0000][1][safepoint    ] Application time: 0.0000410 seconds
[2019-06-24T14:06:43.399+0000][1][safepoint    ] Entering safepoint region: RevokeBias
[2019-06-24T14:06:43.399+0000][1][safepoint    ] Leaving safepoint region
[2019-06-24T14:06:43.399+0000][1][safepoint    ] Total time for which application threads were stopped: 0.0000543 seconds, Stopping threads took: 0.0000105 seconds
[2019-06-24T14:06:44.239+0000][1][safepoint    ] Application time: 0.8402791 seconds
[2019-06-24T14:06:44.239+0000][1][safepoint    ] Entering safepoint region: Deoptimize
[2019-06-24T14:06:44.239+0000][1][safepoint    ] Leaving safepoint region
[2019-06-24T14:06:44.239+0000][1][safepoint    ] Total time for which application threads were stopped: 0.0004219 seconds, Stopping threads took: 0.0000378 seconds
[2019-06-24T14:06:44.813+0000][1][safepoint    ] Application time: 0.5735037 seconds
[2019-06-24T14:06:44.813+0000][1][safepoint    ] Entering safepoint region: RevokeBias
[2019-06-24T14:06:44.813+0000][1][safepoint    ] Leaving safepoint region
[2019-06-24T14:06:44.813+0000][1][safepoint    ] Total time for which application threads were stopped: 0.0002497 seconds, Stopping threads took: 0.0000578 seconds
[2019-06-24T14:06:45.121+0000][1][safepoint    ] Application time: 0.3080399 seconds
[2019-06-24T14:06:45.121+0000][1][safepoint    ] Entering safepoint region: RevokeBias
[2019-06-24T14:06:45.122+0000][1][safepoint    ] Leaving safepoint region
[2019-06-24T14:06:45.122+0000][1][safepoint    ] Total time for which application threads were stopped: 0.0001703 seconds, Stopping threads took: 0.0000622 seconds
[2019-06-24T14:06:45.150+0000][1][safepoint    ] Application time: 0.0283555 seconds
[2019-06-24T14:06:45.150+0000][1][safepoint    ] Entering safepoint region: RevokeBias
[2019-06-24T14:06:45.150+0000][1][safepoint    ] Leaving safepoint region
[2019-06-24T14:06:45.150+0000][1][safepoint    ] Total time for which application threads were stopped: 0.0001415 seconds, Stopping threads took: 0.0000556 seconds
[2019-06-24T14:06:45.155+0000][1][safepoint    ] Application time: 0.0046100 seconds
[2019-06-24T14:06:45.155+0000][1][safepoint    ] Entering safepoint region: RevokeBias
[2019-06-24T14:06:45.155+0000][1][safepoint    ] Leaving safepoint region
[2019-06-24T14:06:45.155+0000][1][safepoint    ] Total time for which application threads were stopped: 0.0001343 seconds, Stopping threads took: 0.0000518 seconds
[2019-06-24T14:06:45.236+0000][1][safepoint    ] Application time: 0.0810293 seconds
[2019-06-24T14:06:45.236+0000][1][safepoint    ] Entering safepoint region: GenCollectForAllocation
[2019-06-24T14:06:45.236+0000][1][gc,start     ] GC(1) Pause Young (Allocation Failure)
[2019-06-24T14:06:45.236+0000][1][gc,task      ] GC(1) Using 5 workers of 8 for evacuation
[2019-06-24T14:06:45.303+0000][1][gc,age       ] GC(1) Desired survivor size 4456448 bytes, new threshold 6 (max threshold 6)
[2019-06-24T14:06:45.303+0000][1][gc,age       ] GC(1) Age table with threshold 6 (max threshold 6)
[2019-06-24T14:06:45.303+0000][1][gc,age       ] GC(1) - age   1:    2342456 bytes,    2342456 total
[2019-06-24T14:06:45.303+0000][1][gc,heap      ] GC(1) ParNew: 77950K->6379K(78656K)
[2019-06-24T14:06:45.303+0000][1][gc,heap      ] GC(1) CMS: 0K->6642K(174784K)
[2019-06-24T14:06:45.303+0000][1][gc,metaspace ] GC(1) Metaspace: 14688K->14688K(1062912K)
[2019-06-24T14:06:45.303+0000][1][gc           ] GC(1) Pause Young (Allocation Failure) 76M->12M(247M) 66.900ms
[2019-06-24T14:06:45.303+0000][1][gc,cpu       ] GC(1) User=0.09s Sys=0.00s Real=0.07s
[2019-06-24T14:06:45.303+0000][1][safepoint    ] Leaving safepoint region
[2019-06-24T14:06:45.303+0000][1][safepoint    ] Total time for which application threads were stopped: 0.0670938 seconds, Stopping threads took: 0.0000470 seconds
[2019-06-24T14:06:45.321+0000][1][safepoint    ] Application time: 0.0179789 seconds
[2019-06-24T14:06:45.322+0000][1][safepoint    ] Entering safepoint region: BulkRevokeBias
[2019-06-24T14:06:45.322+0000][1][safepoint    ] Leaving safepoint region
[2019-06-24T14:06:45.322+0000][1][safepoint    ] Total time for which application threads were stopped: 0.0006724 seconds, Stopping threads took: 0.0005267 seconds
[2019-06-24T14:06:45.325+0000][1][safepoint    ] Application time: 0.0034160 seconds
[2019-06-24T14:06:45.331+0000][1][safepoint    ] Entering safepoint region: RevokeBias
[2019-06-24T14:06:45.331+0000][1][safepoint    ] Leaving safepoint region
[2019-06-24T14:06:45.331+0000][1][safepoint    ] Total time for which application threads were stopped: 0.0053434 seconds, Stopping threads took: 0.0052526 seconds
[2019-06-24T14:06:45.331+0000][1][safepoint    ] Application time: 0.0001068 seconds
[2019-06-24T14:06:45.331+0000][1][safepoint    ] Entering safepoint region: RevokeBias
[2019-06-24T14:06:45.331+0000][1][safepoint    ] Leaving safepoint region
[2019-06-24T14:06:45.331+0000][1][safepoint    ] Total time for which application threads were stopped: 0.0000720 seconds, Stopping threads took: 0.0000125 seconds
[2019-06-24T14:06:45.331+0000][1][safepoint    ] Application time: 0.0000602 seconds
[2019-06-24T14:06:45.331+0000][1][safepoint    ] Entering safepoint region: RevokeBias
[2019-06-24T14:06:45.331+0000][1][safepoint    ] Leaving safepoint region
[2019-06-24T14:06:45.331+0000][1][safepoint    ] Total time for which application threads were stopped: 0.0000651 seconds, Stopping threads took: 0.0000109 seconds
[2019-06-24T14:06:45.331+0000][1][safepoint    ] Application time: 0.0000656 seconds
[2019-06-24T14:06:45.331+0000][1][safepoint    ] Entering safepoint region: RevokeBias
[2019-06-24T14:06:45.331+0000][1][safepoint    ] Leaving safepoint region
[2019-06-24T14:06:45.331+0000][1][safepoint    ] Total time for which application threads were stopped: 0.0000632 seconds, Stopping threads took: 0.0000108 seconds
[2019-06-24T14:06:45.331+0000][1][safepoint    ] Application time: 0.0000570 seconds
[2019-06-24T14:06:45.331+0000][1][safepoint    ] Entering safepoint region: RevokeBias
[2019-06-24T14:06:45.331+0000][1][safepoint    ] Leaving safepoint region
[2019-06-24T14:06:45.331+0000][1][safepoint    ] Total time for which application threads were stopped: 0.0000613 seconds, Stopping threads took: 0.0000103 seconds
[2019-06-24T14:06:45.331+0000][1][safepoint    ] Application time: 0.0000637 seconds
[2019-06-24T14:06:45.331+0000][1][safepoint    ] Entering safepoint region: RevokeBias
[2019-06-24T14:06:45.331+0000][1][safepoint    ] Leaving safepoint region
[2019-06-24T14:06:45.331+0000][1][safepoint    ] Total time for which application threads were stopped: 0.0000630 seconds, Stopping threads took: 0.0000109 seconds
[2019-06-24T14:06:45.332+0000][1][safepoint    ] Application time: 0.0000613 seconds
[2019-06-24T14:06:45.332+0000][1][safepoint    ] Entering safepoint region: RevokeBias
[2019-06-24T14:06:45.332+0000][1][safepoint    ] Leaving safepoint region
[2019-06-24T14:06:45.332+0000][1][safepoint    ] Total time for which application threads were stopped: 0.0000692 seconds, Stopping threads took: 0.0000107 seconds
[2019-06-24T14:06:45.332+0000][1][safepoint    ] Application time: 0.0000660 seconds
[2019-06-24T14:06:45.332+0000][1][safepoint    ] Entering safepoint region: RevokeBias
[2019-06-24T14:06:45.332+0000][1][safepoint    ] Leaving safepoint region
[2019-06-24T14:06:45.332+0000][1][safepoint    ] Total time for which application threads were stopped: 0.0000649 seconds, Stopping threads took: 0.0000105 seconds
[2019-06-24T14:06:45.332+0000][1][safepoint    ] Application time: 0.0000582 seconds
[2019-06-24T14:06:45.332+0000][1][safepoint    ] Entering safepoint region: RevokeBias
[2019-06-24T14:06:45.332+0000][1][safepoint    ] Leaving safepoint region
[2019-06-24T14:06:45.332+0000][1][safepoint    ] Total time for which application threads were stopped: 0.0000632 seconds, Stopping threads took: 0.0000104 seconds
[2019-06-24T14:06:45.332+0000][1][safepoint    ] Application time: 0.0000640 seconds
[2019-06-24T14:06:45.332+0000][1][safepoint    ] Entering safepoint region: BulkRevokeBias
[2019-06-24T14:06:45.332+0000][1][safepoint    ] Leaving safepoint region
[2019-06-24T14:06:45.332+0000][1][safepoint    ] Total time for which application threads were stopped: 0.0001038 seconds, Stopping threads took: 0.0000108 seconds
[2019-06-24T14:06:45.332+0000][1][safepoint    ] Application time: 0.0000588 seconds
[2019-06-24T14:06:45.332+0000][1][safepoint    ] Entering safepoint region: RevokeBias
[2019-06-24T14:06:45.332+0000][1][safepoint    ] Leaving safepoint region
[2019-06-24T14:06:45.332+0000][1][safepoint    ] Total time for which application threads were stopped: 0.0000648 seconds, Stopping threads took: 0.0000107 seconds
[2019-06-24T14:06:45.332+0000][1][safepoint    ] Application time: 0.0000673 seconds
[2019-06-24T14:06:45.332+0000][1][safepoint    ] Entering safepoint region: BulkRevokeBias
[2019-06-24T14:06:45.332+0000][1][safepoint    ] Leaving safepoint region
[2019-06-24T14:06:45.332+0000][1][safepoint    ] Total time for which application threads were stopped: 0.0000933 seconds, Stopping threads took: 0.0000105 seconds
[2019-06-24T14:06:45.765+0000][1][safepoint    ] Application time: 0.4326656 seconds
[2019-06-24T14:06:45.765+0000][1][safepoint    ] Entering safepoint region: GenCollectForAllocation
[2019-06-24T14:06:45.765+0000][1][gc,start     ] GC(2) Pause Young (Allocation Failure)
[2019-06-24T14:06:45.765+0000][1][gc,task      ] GC(2) Using 5 workers of 8 for evacuation
[2019-06-24T14:06:45.797+0000][1][gc,age       ] GC(2) Desired survivor size 4456448 bytes, new threshold 6 (max threshold 6)
[2019-06-24T14:06:45.797+0000][1][gc,age       ] GC(2) Age table with threshold 6 (max threshold 6)
[2019-06-24T14:06:45.797+0000][1][gc,age       ] GC(2) - age   1:    2812896 bytes,    2812896 total
[2019-06-24T14:06:45.797+0000][1][gc,age       ] GC(2) - age   2:    1204584 bytes,    4017480 total
[2019-06-24T14:06:45.797+0000][1][gc,heap      ] GC(2) ParNew: 76331K->4230K(78656K)
[2019-06-24T14:06:45.797+0000][1][gc,heap      ] GC(2) CMS: 6642K->6642K(174784K)
[2019-06-24T14:06:45.797+0000][1][gc,metaspace ] GC(2) Metaspace: 14825K->14825K(1062912K)
[2019-06-24T14:06:45.797+0000][1][gc           ] GC(2) Pause Young (Allocation Failure) 81M->10M(247M) 32.046ms
[2019-06-24T14:06:45.797+0000][1][gc,cpu       ] GC(2) User=0.03s Sys=0.00s Real=0.03s
[2019-06-24T14:06:45.798+0000][1][safepoint    ] Leaving safepoint region
[2019-06-24T14:06:45.798+0000][1][safepoint    ] Total time for which application threads were stopped: 0.0322990 seconds, Stopping threads took: 0.0000267 seconds
[2019-06-24T14:06:45.806+0000][1][safepoint    ] Application time: 0.0081868 seconds
[2019-06-24T14:06:45.825+0000][1][safepoint    ] Entering safepoint region: RevokeBias
[2019-06-24T14:06:45.825+0000][1][safepoint    ] Leaving safepoint region
[2019-06-24T14:06:45.825+0000][1][safepoint    ] Total time for which application threads were stopped: 0.0195844 seconds, Stopping threads took: 0.0194671 seconds
[2019-06-24T14:06:45.825+0000][1][safepoint    ] Application time: 0.0000938 seconds
[2019-06-24T14:06:45.825+0000][1][safepoint    ] Entering safepoint region: RevokeBias
[2019-06-24T14:06:45.826+0000][1][safepoint    ] Leaving safepoint region
[2019-06-24T14:06:45.826+0000][1][safepoint    ] Total time for which application threads were stopped: 0.0000687 seconds, Stopping threads took: 0.0000132 seconds
[2019-06-24T14:06:45.826+0000][1][safepoint    ] Application time: 0.0000842 seconds
[2019-06-24T14:06:45.826+0000][1][safepoint    ] Entering safepoint region: RevokeBias
[2019-06-24T14:06:45.826+0000][1][safepoint    ] Leaving safepoint region
[2019-06-24T14:06:45.826+0000][1][safepoint    ] Total time for which application threads were stopped: 0.0000574 seconds, Stopping threads took: 0.0000114 seconds
[2019-06-24T14:06:45.826+0000][1][safepoint    ] Application time: 0.0000587 seconds
[2019-06-24T14:06:45.826+0000][1][safepoint    ] Entering safepoint region: RevokeBias
[2019-06-24T14:06:45.826+0000][1][safepoint    ] Leaving safepoint region
[2019-06-24T14:06:45.826+0000][1][safepoint    ] Total time for which application threads were stopped: 0.0000549 seconds, Stopping threads took: 0.0000112 seconds
[2019-06-24T14:06:45.826+0000][1][safepoint    ] Application time: 0.0000643 seconds
[2019-06-24T14:06:45.826+0000][1][safepoint    ] Entering safepoint region: RevokeBias
[2019-06-24T14:06:45.826+0000][1][safepoint    ] Leaving safepoint region
[2019-06-24T14:06:45.826+0000][1][safepoint    ] Total time for which application threads were stopped: 0.0000537 seconds, Stopping threads took: 0.0000114 seconds
[2019-06-24T14:06:45.826+0000][1][safepoint    ] Application time: 0.0000577 seconds
[2019-06-24T14:06:45.826+0000][1][safepoint    ] Entering safepoint region: RevokeBias
[2019-06-24T14:06:45.826+0000][1][safepoint    ] Leaving safepoint region
[2019-06-24T14:06:45.826+0000][1][safepoint    ] Total time for which application threads were stopped: 0.0000706 seconds, Stopping threads took: 0.0000254 seconds
[2019-06-24T14:06:46.277+0000][1][safepoint    ] Application time: 0.4511714 seconds
[2019-06-24T14:06:46.281+0000][1][safepoint    ] Entering safepoint region: Deoptimize
[2019-06-24T14:06:46.282+0000][1][safepoint    ] Leaving safepoint region
[2019-06-24T14:06:46.282+0000][1][safepoint    ] Total time for which application threads were stopped: 0.0006056 seconds, Stopping threads took: 0.0000873 seconds
[2019-06-24T14:06:46.283+0000][1][safepoint    ] Application time: 0.0007502 seconds
[2019-06-24T14:06:46.283+0000][1][safepoint    ] Entering safepoint region: Deoptimize
[2019-06-24T14:06:46.283+0000][1][safepoint    ] Leaving safepoint region
[2019-06-24T14:06:46.283+0000][1][safepoint    ] Total time for which application threads were stopped: 0.0004423 seconds, Stopping threads took: 0.0000429 seconds
[2019-06-24T14:06:47.170+0000][1][safepoint    ] Application time: 0.8874257 seconds
[2019-06-24T14:06:47.173+0000][1][safepoint    ] Entering safepoint region: GenCollectForAllocation
[2019-06-24T14:06:47.173+0000][1][gc,start     ] GC(3) Pause Young (Allocation Failure)
[2019-06-24T14:06:47.174+0000][1][gc,task      ] GC(3) Using 5 workers of 8 for evacuation
[2019-06-24T14:06:47.194+0000][1][gc,age       ] GC(3) Desired survivor size 4456448 bytes, new threshold 3 (max threshold 6)
[2019-06-24T14:06:47.194+0000][1][gc,age       ] GC(3) Age table with threshold 3 (max threshold 6)
[2019-06-24T14:06:47.194+0000][1][gc,age       ] GC(3) - age   1:    3982488 bytes,    3982488 total
[2019-06-24T14:06:47.194+0000][1][gc,age       ] GC(3) - age   2:     293920 bytes,    4276408 total
[2019-06-24T14:06:47.194+0000][1][gc,age       ] GC(3) - age   3:    1201176 bytes,    5477584 total
[2019-06-24T14:06:47.194+0000][1][gc,heap      ] GC(3) ParNew: 74182K->6769K(78656K)
[2019-06-24T14:06:47.194+0000][1][gc,heap      ] GC(3) CMS: 6642K->6642K(174784K)
[2019-06-24T14:06:47.194+0000][1][gc,metaspace ] GC(3) Metaspace: 18293K->18293K(1067008K)
[2019-06-24T14:06:47.194+0000][1][gc           ] GC(3) Pause Young (Allocation Failure) 78M->13M(247M) 20.202ms
[2019-06-24T14:06:47.194+0000][1][gc,cpu       ] GC(3) User=0.03s Sys=0.00s Real=0.02s
[2019-06-24T14:06:47.194+0000][1][safepoint    ] Leaving safepoint region
[2019-06-24T14:06:47.194+0000][1][safepoint    ] Total time for which application threads were stopped: 0.0205694 seconds, Stopping threads took: 0.0001223 seconds
[2019-06-24T14:06:47.194+0000][1][safepoint    ] Application time: 0.0003914 seconds
[2019-06-24T14:06:47.194+0000][1][safepoint    ] Entering safepoint region: BulkRevokeBias
[2019-06-24T14:06:47.194+0000][1][safepoint    ] Leaving safepoint region
[2019-06-24T14:06:47.194+0000][1][safepoint    ] Total time for which application threads were stopped: 0.0002019 seconds, Stopping threads took: 0.0000438 seconds
[2019-06-24T14:06:47.195+0000][1][safepoint    ] Application time: 0.0009948 seconds
[2019-06-24T14:06:47.195+0000][1][safepoint    ] Entering safepoint region: RevokeBias
[2019-06-24T14:06:47.195+0000][1][safepoint    ] Leaving safepoint region
[2019-06-24T14:06:47.196+0000][1][safepoint    ] Total time for which application threads were stopped: 0.0000844 seconds, Stopping threads took: 0.0000173 seconds
[2019-06-24T14:06:47.196+0000][1][safepoint    ] Application time: 0.0000872 seconds
[2019-06-24T14:06:47.196+0000][1][safepoint    ] Entering safepoint region: RevokeBias
[2019-06-24T14:06:47.196+0000][1][safepoint    ] Leaving safepoint region
[2019-06-24T14:06:47.196+0000][1][safepoint    ] Total time for which application threads were stopped: 0.0000566 seconds, Stopping threads took: 0.0000119 seconds
[2019-06-24T14:06:47.196+0000][1][safepoint    ] Application time: 0.0000610 seconds
[2019-06-24T14:06:47.196+0000][1][safepoint    ] Entering safepoint region: RevokeBias
[2019-06-24T14:06:47.196+0000][1][safepoint    ] Leaving safepoint region
[2019-06-24T14:06:47.196+0000][1][safepoint    ] Total time for which application threads were stopped: 0.0000709 seconds, Stopping threads took: 0.0000298 seconds
[2019-06-24T14:06:47.196+0000][1][safepoint    ] Application time: 0.0000634 seconds
[2019-06-24T14:06:47.196+0000][1][safepoint    ] Entering safepoint region: RevokeBias
[2019-06-24T14:06:47.196+0000][1][safepoint    ] Leaving safepoint region
[2019-06-24T14:06:47.196+0000][1][safepoint    ] Total time for which application threads were stopped: 0.0000412 seconds, Stopping threads took: 0.0000093 seconds
[2019-06-24T14:06:47.196+0000][1][safepoint    ] Application time: 0.0000513 seconds
[2019-06-24T14:06:47.196+0000][1][safepoint    ] Entering safepoint region: RevokeBias
[2019-06-24T14:06:47.196+0000][1][safepoint    ] Leaving safepoint region
[2019-06-24T14:06:47.196+0000][1][safepoint    ] Total time for which application threads were stopped: 0.0000397 seconds, Stopping threads took: 0.0000090 seconds
[2019-06-24T14:06:47.196+0000][1][safepoint    ] Application time: 0.0000569 seconds
[2019-06-24T14:06:47.196+0000][1][safepoint    ] Entering safepoint region: RevokeBias
[2019-06-24T14:06:47.196+0000][1][safepoint    ] Leaving safepoint region
[2019-06-24T14:06:47.196+0000][1][safepoint    ] Total time for which application threads were stopped: 0.0000389 seconds, Stopping threads took: 0.0000088 seconds
[2019-06-24T14:06:47.196+0000][1][safepoint    ] Application time: 0.0000510 seconds
[2019-06-24T14:06:47.196+0000][1][safepoint    ] Entering safepoint region: RevokeBias
[2019-06-24T14:06:47.196+0000][1][safepoint    ] Leaving safepoint region
[2019-06-24T14:06:47.196+0000][1][safepoint    ] Total time for which application threads were stopped: 0.0000396 seconds, Stopping threads took: 0.0000085 seconds
[2019-06-24T14:06:47.196+0000][1][safepoint    ] Application time: 0.0000560 seconds
[2019-06-24T14:06:47.196+0000][1][safepoint    ] Entering safepoint region: RevokeBias
[2019-06-24T14:06:47.196+0000][1][safepoint    ] Leaving safepoint region
[2019-06-24T14:06:47.196+0000][1][safepoint    ] Total time for which application threads were stopped: 0.0000426 seconds, Stopping threads took: 0.0000089 seconds
[2019-06-24T14:06:47.196+0000][1][safepoint    ] Application time: 0.0000510 seconds
[2019-06-24T14:06:47.196+0000][1][safepoint    ] Entering safepoint region: RevokeBias
[2019-06-24T14:06:47.197+0000][1][safepoint    ] Leaving safepoint region
[2019-06-24T14:06:47.197+0000][1][safepoint    ] Total time for which application threads were stopped: 0.0000390 seconds, Stopping threads took: 0.0000086 seconds
[2019-06-24T14:06:47.197+0000][1][safepoint    ] Application time: 0.0000569 seconds
[2019-06-24T14:06:47.197+0000][1][safepoint    ] Entering safepoint region: RevokeBias
[2019-06-24T14:06:47.197+0000][1][safepoint    ] Leaving safepoint region
[2019-06-24T14:06:47.197+0000][1][safepoint    ] Total time for which application threads were stopped: 0.0000382 seconds, Stopping threads took: 0.0000086 seconds
[2019-06-24T14:06:47.197+0000][1][safepoint    ] Application time: 0.0000513 seconds
[2019-06-24T14:06:47.197+0000][1][safepoint    ] Entering safepoint region: RevokeBias
[2019-06-24T14:06:47.197+0000][1][safepoint    ] Leaving safepoint region
[2019-06-24T14:06:47.197+0000][1][safepoint    ] Total time for which application threads were stopped: 0.0000619 seconds, Stopping threads took: 0.0000227 seconds
[2019-06-24T14:06:47.197+0000][1][safepoint    ] Application time: 0.0000624 seconds
[2019-06-24T14:06:47.197+0000][1][safepoint    ] Entering safepoint region: RevokeBias
[2019-06-24T14:06:47.197+0000][1][safepoint    ] Leaving safepoint region
[2019-06-24T14:06:47.197+0000][1][safepoint    ] Total time for which application threads were stopped: 0.0000401 seconds, Stopping threads took: 0.0000092 seconds
[2019-06-24T14:06:47.197+0000][1][safepoint    ] Application time: 0.0000534 seconds
[2019-06-24T14:06:47.197+0000][1][safepoint    ] Entering safepoint region: RevokeBias
[2019-06-24T14:06:47.197+0000][1][safepoint    ] Leaving safepoint region
[2019-06-24T14:06:47.197+0000][1][safepoint    ] Total time for which application threads were stopped: 0.0000543 seconds, Stopping threads took: 0.0000212 seconds
[2019-06-24T14:06:47.197+0000][1][safepoint    ] Application time: 0.0000669 seconds
[2019-06-24T14:06:47.197+0000][1][safepoint    ] Entering safepoint region: RevokeBias
[2019-06-24T14:06:47.197+0000][1][safepoint    ] Leaving safepoint region
[2019-06-24T14:06:47.197+0000][1][safepoint    ] Total time for which application threads were stopped: 0.0000575 seconds, Stopping threads took: 0.0000085 seconds
[2019-06-24T14:06:47.197+0000][1][safepoint    ] Application time: 0.0000606 seconds
[2019-06-24T14:06:47.197+0000][1][safepoint    ] Entering safepoint region: RevokeBias
[2019-06-24T14:06:47.197+0000][1][safepoint    ] Leaving safepoint region
[2019-06-24T14:06:47.197+0000][1][safepoint    ] Total time for which application threads were stopped: 0.0000446 seconds, Stopping threads took: 0.0000083 seconds
[2019-06-24T14:06:47.197+0000][1][safepoint    ] Application time: 0.0000582 seconds
[2019-06-24T14:06:47.197+0000][1][safepoint    ] Entering safepoint region: RevokeBias
[2019-06-24T14:06:47.197+0000][1][safepoint    ] Leaving safepoint region
[2019-06-24T14:06:47.197+0000][1][safepoint    ] Total time for which application threads were stopped: 0.0000432 seconds, Stopping threads took: 0.0000092 seconds
[2019-06-24T14:06:47.198+0000][1][safepoint    ] Application time: 0.0002598 seconds
[2019-06-24T14:06:47.198+0000][1][safepoint    ] Entering safepoint region: RevokeBias
[2019-06-24T14:06:47.198+0000][1][safepoint    ] Leaving safepoint region
[2019-06-24T14:06:47.198+0000][1][safepoint    ] Total time for which application threads were stopped: 0.0000496 seconds, Stopping threads took: 0.0000095 seconds
[2019-06-24T14:06:47.198+0000][1][safepoint    ] Application time: 0.0000536 seconds
[2019-06-24T14:06:47.198+0000][1][safepoint    ] Entering safepoint region: RevokeBias
[2019-06-24T14:06:47.198+0000][1][safepoint    ] Leaving safepoint region
[2019-06-24T14:06:47.198+0000][1][safepoint    ] Total time for which application threads were stopped: 0.0000412 seconds, Stopping threads took: 0.0000091 seconds
[2019-06-24T14:06:47.198+0000][1][safepoint    ] Application time: 0.0000587 seconds
[2019-06-24T14:06:47.198+0000][1][safepoint    ] Entering safepoint region: RevokeBias
[2019-06-24T14:06:47.198+0000][1][safepoint    ] Leaving safepoint region
[2019-06-24T14:06:47.198+0000][1][safepoint    ] Total time for which application threads were stopped: 0.0000417 seconds, Stopping threads took: 0.0000087 seconds
[2019-06-24T14:06:47.198+0000][1][safepoint    ] Application time: 0.0000534 seconds
[2019-06-24T14:06:47.198+0000][1][safepoint    ] Entering safepoint region: RevokeBias
[2019-06-24T14:06:47.198+0000][1][safepoint    ] Leaving safepoint region
[2019-06-24T14:06:47.198+0000][1][safepoint    ] Total time for which application threads were stopped: 0.0000424 seconds, Stopping threads took: 0.0000087 seconds
[2019-06-24T14:06:47.555+0000][1][safepoint    ] Application time: 0.3572867 seconds
[2019-06-24T14:06:47.555+0000][1][safepoint    ] Entering safepoint region: GenCollectForAllocation
[2019-06-24T14:06:47.557+0000][1][gc,start     ] GC(4) Pause Young (Allocation Failure)
[2019-06-24T14:06:47.557+0000][1][gc,task      ] GC(4) Using 5 workers of 8 for evacuation
[2019-06-24T14:06:47.594+0000][1][gc,age       ] GC(4) Desired survivor size 4456448 bytes, new threshold 2 (max threshold 6)
[2019-06-24T14:06:47.601+0000][1][gc,age       ] GC(4) Age table with threshold 2 (max threshold 6)
[2019-06-24T14:06:47.601+0000][1][gc,age       ] GC(4) - age   1:    1927472 bytes,    1927472 total
[2019-06-24T14:06:47.601+0000][1][gc,age       ] GC(4) - age   2:    3330032 bytes,    5257504 total
[2019-06-24T14:06:47.601+0000][1][gc,age       ] GC(4) - age   3:     293392 bytes,    5550896 total
[2019-06-24T14:06:47.602+0000][1][gc,heap      ] GC(4) ParNew: 76721K->7932K(78656K)
[2019-06-24T14:06:47.602+0000][1][gc,heap      ] GC(4) CMS: 6642K->7871K(174784K)
[2019-06-24T14:06:47.602+0000][1][gc,metaspace ] GC(4) Metaspace: 18497K->18497K(1067008K)
[2019-06-24T14:06:47.602+0000][1][gc           ] GC(4) Pause Young (Allocation Failure) 81M->15M(247M) 44.274ms
[2019-06-24T14:06:47.602+0000][1][gc,cpu       ] GC(4) User=0.05s Sys=0.00s Real=0.05s
[2019-06-24T14:06:47.602+0000][1][safepoint    ] Leaving safepoint region
[2019-06-24T14:06:47.602+0000][1][safepoint    ] Total time for which application threads were stopped: 0.0462088 seconds, Stopping threads took: 0.0000293 seconds
[2019-06-24T14:06:47.604+0000][1][safepoint    ] Application time: 0.0022858 seconds
[2019-06-24T14:06:47.604+0000][1][safepoint    ] Entering safepoint region: RevokeBias
[2019-06-24T14:06:47.604+0000][1][safepoint    ] Leaving safepoint region
[2019-06-24T14:06:47.604+0000][1][safepoint    ] Total time for which application threads were stopped: 0.0001766 seconds, Stopping threads took: 0.0000592 seconds
[2019-06-24T14:06:47.609+0000][1][safepoint    ] Application time: 0.0050409 seconds
[2019-06-24T14:06:47.609+0000][1][safepoint    ] Entering safepoint region: RevokeBias
[2019-06-24T14:06:47.609+0000][1][safepoint    ] Leaving safepoint region
[2019-06-24T14:06:47.609+0000][1][safepoint    ] Total time for which application threads were stopped: 0.0001242 seconds, Stopping threads took: 0.0000280 seconds
[2019-06-24T14:06:47.610+0000][1][safepoint    ] Application time: 0.0000904 seconds
[2019-06-24T14:06:47.610+0000][1][safepoint    ] Entering safepoint region: RevokeBias
[2019-06-24T14:06:47.610+0000][1][safepoint    ] Leaving safepoint region
[2019-06-24T14:06:47.610+0000][1][safepoint    ] Total time for which application threads were stopped: 0.0000583 seconds, Stopping threads took: 0.0000116 seconds
[2019-06-24T14:06:47.610+0000][1][safepoint    ] Application time: 0.0000827 seconds
[2019-06-24T14:06:47.612+0000][1][safepoint    ] Entering safepoint region: RevokeBias
[2019-06-24T14:06:47.612+0000][1][safepoint    ] Leaving safepoint region
[2019-06-24T14:06:47.612+0000][1][safepoint    ] Total time for which application threads were stopped: 0.0022422 seconds, Stopping threads took: 0.0021694 seconds
[2019-06-24T14:06:47.686+0000][1][safepoint    ] Application time: 0.0740369 seconds
[2019-06-24T14:06:47.701+0000][1][safepoint    ] Entering safepoint region: Deoptimize
[2019-06-24T14:06:47.702+0000][1][safepoint    ] Leaving safepoint region
[2019-06-24T14:06:47.702+0000][1][safepoint    ] Total time for which application threads were stopped: 0.0154685 seconds, Stopping threads took: 0.0151007 seconds
[2019-06-24T14:06:47.801+0000][1][safepoint    ] Application time: 0.0998996 seconds
[2019-06-24T14:06:47.802+0000][1][safepoint    ] Entering safepoint region: Deoptimize
[2019-06-24T14:06:47.802+0000][1][safepoint    ] Leaving safepoint region
[2019-06-24T14:06:47.802+0000][1][safepoint    ] Total time for which application threads were stopped: 0.0004965 seconds, Stopping threads took: 0.0000500 seconds
[2019-06-24T14:06:48.121+0000][1][safepoint    ] Application time: 0.3188102 seconds
[2019-06-24T14:06:48.121+0000][1][safepoint    ] Entering safepoint region: GenCollectForAllocation
[2019-06-24T14:06:48.122+0000][1][gc,start     ] GC(5) Pause Young (Allocation Failure)
[2019-06-24T14:06:48.122+0000][1][gc,task      ] GC(5) Using 5 workers of 8 for evacuation
[2019-06-24T14:06:48.153+0000][1][gc,age       ] GC(5) Desired survivor size 4456448 bytes, new threshold 6 (max threshold 6)
[2019-06-24T14:06:48.153+0000][1][gc,age       ] GC(5) Age table with threshold 6 (max threshold 6)
[2019-06-24T14:06:48.153+0000][1][gc,age       ] GC(5) - age   1:    2930968 bytes,    2930968 total
[2019-06-24T14:06:48.153+0000][1][gc,age       ] GC(5) - age   2:     442712 bytes,    3373680 total
[2019-06-24T14:06:48.153+0000][1][gc,heap      ] GC(5) ParNew: 77884K->6183K(78656K)
[2019-06-24T14:06:48.153+0000][1][gc,heap      ] GC(5) CMS: 7871K->11441K(174784K)
[2019-06-24T14:06:48.153+0000][1][gc,metaspace ] GC(5) Metaspace: 18870K->18870K(1067008K)
[2019-06-24T14:06:48.153+0000][1][gc           ] GC(5) Pause Young (Allocation Failure) 83M->17M(247M) 31.879ms
[2019-06-24T14:06:48.154+0000][1][gc,cpu       ] GC(5) User=0.03s Sys=0.00s Real=0.03s
[2019-06-24T14:06:48.154+0000][1][safepoint    ] Leaving safepoint region
[2019-06-24T14:06:48.154+0000][1][safepoint    ] Total time for which application threads were stopped: 0.0321322 seconds, Stopping threads took: 0.0000818 seconds
[2019-06-24T14:06:48.156+0000][1][safepoint    ] Application time: 0.0021848 seconds
[2019-06-24T14:06:48.156+0000][1][safepoint    ] Entering safepoint region: RevokeBias
[2019-06-24T14:06:48.156+0000][1][safepoint    ] Leaving safepoint region
[2019-06-24T14:06:48.156+0000][1][safepoint    ] Total time for which application threads were stopped: 0.0001397 seconds, Stopping threads took: 0.0000588 seconds
[2019-06-24T14:06:48.156+0000][1][safepoint    ] Application time: 0.0000728 seconds
[2019-06-24T14:06:48.156+0000][1][safepoint    ] Entering safepoint region: RevokeBias
[2019-06-24T14:06:48.156+0000][1][safepoint    ] Leaving safepoint region
[2019-06-24T14:06:48.156+0000][1][safepoint    ] Total time for which application threads were stopped: 0.0000721 seconds, Stopping threads took: 0.0000144 seconds
[2019-06-24T14:06:48.156+0000][1][safepoint    ] Application time: 0.0000773 seconds
[2019-06-24T14:06:48.156+0000][1][safepoint    ] Entering safepoint region: RevokeBias
[2019-06-24T14:06:48.156+0000][1][safepoint    ] Leaving safepoint region
[2019-06-24T14:06:48.156+0000][1][safepoint    ] Total time for which application threads were stopped: 0.0000693 seconds, Stopping threads took: 0.0000138 seconds
[2019-06-24T14:06:48.156+0000][1][safepoint    ] Application time: 0.0000619 seconds
[2019-06-24T14:06:48.156+0000][1][safepoint    ] Entering safepoint region: RevokeBias
[2019-06-24T14:06:48.156+0000][1][safepoint    ] Leaving safepoint region
[2019-06-24T14:06:48.156+0000][1][safepoint    ] Total time for which application threads were stopped: 0.0000689 seconds, Stopping threads took: 0.0000140 seconds
[2019-06-24T14:06:48.157+0000][1][safepoint    ] Application time: 0.0000666 seconds
[2019-06-24T14:06:48.157+0000][1][safepoint    ] Entering safepoint region: RevokeBias
[2019-06-24T14:06:48.157+0000][1][safepoint    ] Leaving safepoint region
[2019-06-24T14:06:48.157+0000][1][safepoint    ] Total time for which application threads were stopped: 0.0000701 seconds, Stopping threads took: 0.0000141 seconds
[2019-06-24T14:06:48.157+0000][1][safepoint    ] Application time: 0.0000631 seconds
[2019-06-24T14:06:48.157+0000][1][safepoint    ] Entering safepoint region: RevokeBias
[2019-06-24T14:06:48.157+0000][1][safepoint    ] Leaving safepoint region
[2019-06-24T14:06:48.157+0000][1][safepoint    ] Total time for which application threads were stopped: 0.0000691 seconds, Stopping threads took: 0.0000141 seconds
[2019-06-24T14:06:48.549+0000][1][safepoint    ] Application time: 0.3924239 seconds
[2019-06-24T14:06:48.549+0000][1][safepoint    ] Entering safepoint region: RevokeBias
[2019-06-24T14:06:48.549+0000][1][safepoint    ] Leaving safepoint region
[2019-06-24T14:06:48.549+0000][1][safepoint    ] Total time for which application threads were stopped: 0.0001848 seconds, Stopping threads took: 0.0000907 seconds
[2019-06-24T14:06:48.550+0000][1][safepoint    ] Application time: 0.0003392 seconds
[2019-06-24T14:06:48.550+0000][1][safepoint    ] Entering safepoint region: BulkRevokeBias
[2019-06-24T14:06:48.550+0000][1][safepoint    ] Leaving safepoint region
[2019-06-24T14:06:48.550+0000][1][safepoint    ] Total time for which application threads were stopped: 0.0001976 seconds, Stopping threads took: 0.0000405 seconds
[2019-06-24T14:06:48.642+0000][1][safepoint    ] Application time: 0.0918491 seconds
[2019-06-24T14:06:48.642+0000][1][safepoint    ] Entering safepoint region: GenCollectForAllocation
[2019-06-24T14:06:48.642+0000][1][gc,start     ] GC(6) Pause Young (Allocation Failure)
[2019-06-24T14:06:48.642+0000][1][gc,task      ] GC(6) Using 5 workers of 8 for evacuation
[2019-06-24T14:06:48.673+0000][1][gc,age       ] GC(6) Desired survivor size 4456448 bytes, new threshold 3 (max threshold 6)
[2019-06-24T14:06:48.673+0000][1][gc,age       ] GC(6) Age table with threshold 3 (max threshold 6)
[2019-06-24T14:06:48.673+0000][1][gc,age       ] GC(6) - age   1:    1895576 bytes,    1895576 total
[2019-06-24T14:06:48.673+0000][1][gc,age       ] GC(6) - age   2:    2198928 bytes,    4094504 total
[2019-06-24T14:06:48.673+0000][1][gc,age       ] GC(6) - age   3:     442712 bytes,    4537216 total
[2019-06-24T14:06:48.673+0000][1][gc,heap      ] GC(6) ParNew: 76135K->5693K(78656K)
[2019-06-24T14:06:48.673+0000][1][gc,heap      ] GC(6) CMS: 11441K->11441K(174784K)
[2019-06-24T14:06:48.673+0000][1][gc,metaspace ] GC(6) Metaspace: 19175K->19175K(1067008K)
[2019-06-24T14:06:48.673+0000][1][gc           ] GC(6) Pause Young (Allocation Failure) 85M->16M(247M) 30.571ms
[2019-06-24T14:06:48.673+0000][1][gc,cpu       ] GC(6) User=0.04s Sys=0.00s Real=0.02s
[2019-06-24T14:06:48.673+0000][1][safepoint    ] Leaving safepoint region
[2019-06-24T14:06:48.673+0000][1][safepoint    ] Total time for which application threads were stopped: 0.0307962 seconds, Stopping threads took: 0.0000797 seconds
[2019-06-24T14:06:48.673+0000][1][safepoint    ] Application time: 0.0002058 seconds
[2019-06-24T14:06:48.673+0000][1][safepoint    ] Entering safepoint region: BulkRevokeBias
[2019-06-24T14:06:48.673+0000][1][safepoint    ] Leaving safepoint region
[2019-06-24T14:06:48.673+0000][1][safepoint    ] Total time for which application threads were stopped: 0.0001652 seconds, Stopping threads took: 0.0000434 seconds
[2019-06-24T14:06:49.192+0000][1][safepoint    ] Application time: 0.5184223 seconds
[2019-06-24T14:06:49.192+0000][1][safepoint    ] Entering safepoint region: CollectForMetadataAllocation
[2019-06-24T14:06:49.192+0000][1][safepoint    ] Leaving safepoint region
[2019-06-24T14:06:49.192+0000][1][safepoint    ] Total time for which application threads were stopped: 0.0003684 seconds, Stopping threads took: 0.0000977 seconds
[2019-06-24T14:06:49.212+0000][1][safepoint    ] Application time: 0.0194885 seconds
[2019-06-24T14:06:49.212+0000][1][safepoint    ] Entering safepoint region: GenCollectForAllocation
[2019-06-24T14:06:49.212+0000][1][gc,start     ] GC(7) Pause Young (Allocation Failure)
[2019-06-24T14:06:49.212+0000][1][gc,task      ] GC(7) Using 5 workers of 8 for evacuation
[2019-06-24T14:06:49.225+0000][1][gc,age       ] GC(7) Desired survivor size 4456448 bytes, new threshold 6 (max threshold 6)
[2019-06-24T14:06:49.226+0000][1][gc,age       ] GC(7) Age table with threshold 6 (max threshold 6)
[2019-06-24T14:06:49.226+0000][1][gc,age       ] GC(7) - age   1:     770888 bytes,     770888 total
[2019-06-24T14:06:49.226+0000][1][gc,age       ] GC(7) - age   2:    1129520 bytes,    1900408 total
[2019-06-24T14:06:49.226+0000][1][gc,age       ] GC(7) - age   3:    2196920 bytes,    4097328 total
[2019-06-24T14:06:49.226+0000][1][gc,heap      ] GC(7) ParNew: 75645K->5564K(78656K)
[2019-06-24T14:06:49.226+0000][1][gc,heap      ] GC(7) CMS: 11441K->11878K(174784K)
[2019-06-24T14:06:49.226+0000][1][gc,metaspace ] GC(7) Metaspace: 20143K->20143K(1069056K)
[2019-06-24T14:06:49.226+0000][1][gc           ] GC(7) Pause Young (Allocation Failure) 85M->17M(247M) 13.668ms
[2019-06-24T14:06:49.226+0000][1][gc,cpu       ] GC(7) User=0.04s Sys=0.00s Real=0.02s
[2019-06-24T14:06:49.226+0000][1][safepoint    ] Leaving safepoint region
[2019-06-24T14:06:49.226+0000][1][safepoint    ] Total time for which application threads were stopped: 0.0138602 seconds, Stopping threads took: 0.0000512 seconds
[2019-06-24T14:06:49.238+0000][1][safepoint    ] Application time: 0.0123999 seconds
[2019-06-24T14:06:49.238+0000][1][safepoint    ] Entering safepoint region: CMS_Initial_Mark
[2019-06-24T14:06:49.238+0000][1][gc,start     ] GC(8) Pause Initial Mark
[2019-06-24T14:06:49.243+0000][1][gc           ] GC(8) Pause Initial Mark 18M->18M(247M) 4.749ms
[2019-06-24T14:06:49.243+0000][1][gc,cpu       ] GC(8) User=0.01s Sys=0.00s Real=0.01s
[2019-06-24T14:06:49.243+0000][1][safepoint    ] Leaving safepoint region
[2019-06-24T14:06:49.243+0000][1][safepoint    ] Total time for which application threads were stopped: 0.0050467 seconds, Stopping threads took: 0.0001105 seconds
[2019-06-24T14:06:49.243+0000][1][gc           ] GC(8) Concurrent Mark
[2019-06-24T14:06:49.250+0000][1][gc,task      ] GC(8) Using 2 workers of 2 for marking
[2019-06-24T14:06:49.292+0000][1][gc           ] GC(8) Concurrent Mark 48.388ms
[2019-06-24T14:06:49.292+0000][1][gc,cpu       ] GC(8) User=0.11s Sys=0.01s Real=0.04s
[2019-06-24T14:06:49.292+0000][1][gc           ] GC(8) Concurrent Preclean
[2019-06-24T14:06:49.293+0000][1][gc           ] GC(8) Concurrent Preclean 1.087ms
[2019-06-24T14:06:49.293+0000][1][gc,cpu       ] GC(8) User=0.00s Sys=0.00s Real=0.00s
[2019-06-24T14:06:49.293+0000][1][gc           ] GC(8) Concurrent Abortable Preclean
[2019-06-24T14:06:49.648+0000][1][gc           ] GC(8) Concurrent Abortable Preclean 355.185ms
[2019-06-24T14:06:49.648+0000][1][gc,cpu       ] GC(8) User=0.51s Sys=0.00s Real=0.36s
[2019-06-24T14:06:49.648+0000][1][safepoint    ] Application time: 0.4052275 seconds
[2019-06-24T14:06:49.650+0000][1][safepoint    ] Entering safepoint region: CMS_Final_Remark
[2019-06-24T14:06:49.650+0000][1][gc,start     ] GC(8) Pause Remark
[2019-06-24T14:06:49.737+0000][1][gc           ] GC(8) Pause Remark 81M->81M(247M) 87.689ms
[2019-06-24T14:06:49.738+0000][1][gc,cpu       ] GC(8) User=0.10s Sys=0.00s Real=0.09s
[2019-06-24T14:06:49.738+0000][1][safepoint    ] Leaving safepoint region
[2019-06-24T14:06:49.738+0000][1][safepoint    ] Total time for which application threads were stopped: 0.0891343 seconds, Stopping threads took: 0.0012678 seconds
[2019-06-24T14:06:49.738+0000][1][gc           ] GC(8) Concurrent Sweep
[2019-06-24T14:06:49.749+0000][1][gc           ] GC(8) Concurrent Sweep 11.759ms
[2019-06-24T14:06:49.749+0000][1][gc,cpu       ] GC(8) User=0.02s Sys=0.00s Real=0.01s
[2019-06-24T14:06:49.750+0000][1][gc           ] GC(8) Concurrent Reset
[2019-06-24T14:06:49.750+0000][1][gc           ] GC(8) Concurrent Reset 0.548ms
[2019-06-24T14:06:49.750+0000][1][gc,cpu       ] GC(8) User=0.00s Sys=0.00s Real=0.00s
[2019-06-24T14:06:49.750+0000][1][gc,heap      ] GC(8) Old: 11878K->11852K(174784K)
[2019-06-24T14:06:49.794+0000][1][safepoint    ] Application time: 0.0559977 seconds
[2019-06-24T14:06:49.794+0000][1][safepoint    ] Entering safepoint region: GenCollectForAllocation
[2019-06-24T14:06:49.794+0000][1][gc,start     ] GC(9) Pause Young (Allocation Failure)
[2019-06-24T14:06:49.794+0000][1][gc,task      ] GC(9) Using 5 workers of 8 for evacuation
[2019-06-24T14:06:49.812+0000][1][gc,age       ] GC(9) Desired survivor size 4456448 bytes, new threshold 4 (max threshold 6)
[2019-06-24T14:06:49.812+0000][1][gc,age       ] GC(9) Age table with threshold 4 (max threshold 6)
[2019-06-24T14:06:49.812+0000][1][gc,age       ] GC(9) - age   1:     859400 bytes,     859400 total
[2019-06-24T14:06:49.812+0000][1][gc,age       ] GC(9) - age   2:     703400 bytes,    1562800 total
[2019-06-24T14:06:49.812+0000][1][gc,age       ] GC(9) - age   3:    1129424 bytes,    2692224 total
[2019-06-24T14:06:49.812+0000][1][gc,age       ] GC(9) - age   4:    2195720 bytes,    4887944 total
[2019-06-24T14:06:49.812+0000][1][gc,heap      ] GC(9) ParNew: 75516K->6383K(78656K)
[2019-06-24T14:06:49.812+0000][1][gc,heap      ] GC(9) CMS: 11852K->11852K(174784K)
[2019-06-24T14:06:49.812+0000][1][gc,metaspace ] GC(9) Metaspace: 20234K->20234K(1069056K)
[2019-06-24T14:06:49.813+0000][1][gc           ] GC(9) Pause Young (Allocation Failure) 85M->17M(247M) 18.344ms
[2019-06-24T14:06:49.813+0000][1][gc,cpu       ] GC(9) User=0.02s Sys=0.00s Real=0.01s
[2019-06-24T14:06:49.813+0000][1][safepoint    ] Leaving safepoint region
[2019-06-24T14:06:49.813+0000][1][safepoint    ] Total time for which application threads were stopped: 0.0189546 seconds, Stopping threads took: 0.0000218 seconds
[2019-06-24T14:06:50.285+0000][1][safepoint    ] Application time: 0.4726052 seconds
[2019-06-24T14:06:50.285+0000][1][safepoint    ] Entering safepoint region: GenCollectForAllocation
[2019-06-24T14:06:50.286+0000][1][gc,start     ] GC(10) Pause Young (Allocation Failure)
[2019-06-24T14:06:50.286+0000][1][gc,task      ] GC(10) Using 5 workers of 8 for evacuation
[2019-06-24T14:06:50.315+0000][1][gc,age       ] GC(10) Desired survivor size 4456448 bytes, new threshold 6 (max threshold 6)
[2019-06-24T14:06:50.315+0000][1][gc,age       ] GC(10) Age table with threshold 6 (max threshold 6)
[2019-06-24T14:06:50.315+0000][1][gc,age       ] GC(10) - age   1:     392208 bytes,     392208 total
[2019-06-24T14:06:50.315+0000][1][gc,age       ] GC(10) - age   2:     296024 bytes,     688232 total
[2019-06-24T14:06:50.315+0000][1][gc,age       ] GC(10) - age   3:     703280 bytes,    1391512 total
[2019-06-24T14:06:50.315+0000][1][gc,age       ] GC(10) - age   4:    1129424 bytes,    2520936 total
[2019-06-24T14:06:50.315+0000][1][gc,heap      ] GC(10) ParNew: 76335K->4087K(78656K)
[2019-06-24T14:06:50.315+0000][1][gc,heap      ] GC(10) CMS: 11852K->14011K(174784K)
[2019-06-24T14:06:50.315+0000][1][gc,metaspace ] GC(10) Metaspace: 20337K->20337K(1069056K)
[2019-06-24T14:06:50.315+0000][1][gc           ] GC(10) Pause Young (Allocation Failure) 86M->17M(247M) 29.607ms
[2019-06-24T14:06:50.315+0000][1][gc,cpu       ] GC(10) User=0.04s Sys=0.00s Real=0.03s
[2019-06-24T14:06:50.315+0000][1][safepoint    ] Leaving safepoint region
[2019-06-24T14:06:50.315+0000][1][safepoint    ] Total time for which application threads were stopped: 0.0299339 seconds, Stopping threads took: 0.0001203 seconds
[2019-06-24T14:06:50.799+0000][1][safepoint    ] Application time: 0.4834954 seconds
[2019-06-24T14:06:50.799+0000][1][safepoint    ] Entering safepoint region: GenCollectForAllocation
[2019-06-24T14:06:50.799+0000][1][gc,start     ] GC(11) Pause Young (Allocation Failure)
[2019-06-24T14:06:50.799+0000][1][gc,task      ] GC(11) Using 5 workers of 8 for evacuation
[2019-06-24T14:06:50.810+0000][1][gc,age       ] GC(11) Desired survivor size 4456448 bytes, new threshold 6 (max threshold 6)
[2019-06-24T14:06:50.811+0000][1][gc,age       ] GC(11) Age table with threshold 6 (max threshold 6)
[2019-06-24T14:06:50.811+0000][1][gc,age       ] GC(11) - age   1:    1975056 bytes,    1975056 total
[2019-06-24T14:06:50.811+0000][1][gc,age       ] GC(11) - age   2:     100440 bytes,    2075496 total
[2019-06-24T14:06:50.811+0000][1][gc,age       ] GC(11) - age   3:     296024 bytes,    2371520 total
[2019-06-24T14:06:50.811+0000][1][gc,age       ] GC(11) - age   4:     703128 bytes,    3074648 total
[2019-06-24T14:06:50.811+0000][1][gc,age       ] GC(11) - age   5:    1129136 bytes,    4203784 total
[2019-06-24T14:06:50.811+0000][1][gc,heap      ] GC(11) ParNew: 74039K->5029K(78656K)
[2019-06-24T14:06:50.811+0000][1][gc,heap      ] GC(11) CMS: 14011K->14011K(174784K)
[2019-06-24T14:06:50.811+0000][1][gc,metaspace ] GC(11) Metaspace: 20398K->20398K(1069056K)
[2019-06-24T14:06:50.811+0000][1][gc           ] GC(11) Pause Young (Allocation Failure) 85M->18M(247M) 11.595ms
[2019-06-24T14:06:50.811+0000][1][gc,cpu       ] GC(11) User=0.01s Sys=0.00s Real=0.01s
[2019-06-24T14:06:50.811+0000][1][safepoint    ] Leaving safepoint region
[2019-06-24T14:06:50.811+0000][1][safepoint    ] Total time for which application threads were stopped: 0.0118298 seconds, Stopping threads took: 0.0000632 seconds
[2019-06-24T14:06:51.045+0000][1][safepoint    ] Application time: 0.2344896 seconds
[2019-06-24T14:06:51.053+0000][1][safepoint    ] Entering safepoint region: Deoptimize
[2019-06-24T14:06:51.054+0000][1][safepoint    ] Leaving safepoint region
[2019-06-24T14:06:51.054+0000][1][safepoint    ] Total time for which application threads were stopped: 0.0006227 seconds, Stopping threads took: 0.0001091 seconds
[2019-06-24T14:06:52.054+0000][1][safepoint    ] Application time: 1.0001377 seconds
[2019-06-24T14:06:52.054+0000][1][safepoint    ] Entering safepoint region: Cleanup
[2019-06-24T14:06:52.055+0000][1][safepoint    ] Leaving safepoint region
[2019-06-24T14:06:52.055+0000][1][safepoint    ] Total time for which application threads were stopped: 0.0005459 seconds, Stopping threads took: 0.0000693 seconds
[2019-06-24T14:06:52.124+0000][1][safepoint    ] Application time: 0.0696774 seconds
[2019-06-24T14:06:52.124+0000][1][safepoint    ] Entering safepoint region: Deoptimize
[2019-06-24T14:06:52.125+0000][1][safepoint    ] Leaving safepoint region
[2019-06-24T14:06:52.125+0000][1][safepoint    ] Total time for which application threads were stopped: 0.0004882 seconds, Stopping threads took: 0.0000527 seconds
[2019-06-24T14:06:52.148+0000][1][safepoint    ] Application time: 0.0230633 seconds
[2019-06-24T14:06:52.148+0000][1][safepoint    ] Entering safepoint region: RevokeBias
[2019-06-24T14:06:52.148+0000][1][safepoint    ] Leaving safepoint region
[2019-06-24T14:06:52.148+0000][1][safepoint    ] Total time for which application threads were stopped: 0.0001280 seconds, Stopping threads took: 0.0000526 seconds
[2019-06-24T14:06:52.148+0000][1][safepoint    ] Application time: 0.0000818 seconds
[2019-06-24T14:06:52.148+0000][1][safepoint    ] Entering safepoint region: RevokeBias
[2019-06-24T14:06:52.148+0000][1][safepoint    ] Leaving safepoint region
[2019-06-24T14:06:52.148+0000][1][safepoint    ] Total time for which application threads were stopped: 0.0000817 seconds, Stopping threads took: 0.0000418 seconds
[2019-06-24T14:06:52.148+0000][1][safepoint    ] Application time: 0.0000935 seconds
[2019-06-24T14:06:52.148+0000][1][safepoint    ] Entering safepoint region: RevokeBias
[2019-06-24T14:06:52.148+0000][1][safepoint    ] Leaving safepoint region
[2019-06-24T14:06:52.148+0000][1][safepoint    ] Total time for which application threads were stopped: 0.0000743 seconds, Stopping threads took: 0.0000384 seconds
[2019-06-24T14:06:52.149+0000][1][safepoint    ] Application time: 0.0004528 seconds
[2019-06-24T14:06:52.149+0000][1][safepoint    ] Entering safepoint region: Deoptimize
[2019-06-24T14:06:52.149+0000][1][safepoint    ] Leaving safepoint region
[2019-06-24T14:06:52.149+0000][1][safepoint    ] Total time for which application threads were stopped: 0.0005465 seconds, Stopping threads took: 0.0000422 seconds
[2019-06-24T14:06:52.155+0000][1][safepoint    ] Application time: 0.0056122 seconds
[2019-06-24T14:06:52.155+0000][1][safepoint    ] Entering safepoint region: Deoptimize
[2019-06-24T14:06:52.156+0000][1][safepoint    ] Leaving safepoint region
[2019-06-24T14:06:52.156+0000][1][safepoint    ] Total time for which application threads were stopped: 0.0005002 seconds, Stopping threads took: 0.0000523 seconds
[2019-06-24T14:06:52.595+0000][1][safepoint    ] Application time: 0.4393149 seconds
[2019-06-24T14:06:52.607+0000][1][safepoint    ] Entering safepoint region: GenCollectForAllocation
[2019-06-24T14:06:52.608+0000][1][gc,start     ] GC(12) Pause Young (Allocation Failure)
[2019-06-24T14:06:52.608+0000][1][gc,task      ] GC(12) Using 5 workers of 8 for evacuation
[2019-06-24T14:06:52.634+0000][1][gc,age       ] GC(12) Desired survivor size 4456448 bytes, new threshold 4 (max threshold 6)
[2019-06-24T14:06:52.634+0000][1][gc,age       ] GC(12) Age table with threshold 4 (max threshold 6)
[2019-06-24T14:06:52.634+0000][1][gc,age       ] GC(12) - age   1:    3979376 bytes,    3979376 total
[2019-06-24T14:06:52.634+0000][1][gc,age       ] GC(12) - age   2:     345696 bytes,    4325072 total
[2019-06-24T14:06:52.634+0000][1][gc,age       ] GC(12) - age   3:     100176 bytes,    4425248 total
[2019-06-24T14:06:52.634+0000][1][gc,age       ] GC(12) - age   4:     296024 bytes,    4721272 total
[2019-06-24T14:06:52.634+0000][1][gc,age       ] GC(12) - age   5:     697768 bytes,    5419040 total
[2019-06-24T14:06:52.634+0000][1][gc,age       ] GC(12) - age   6:    1128976 bytes,    6548016 total
[2019-06-24T14:06:52.634+0000][1][gc,heap      ] GC(12) ParNew: 74981K->7923K(78656K)
[2019-06-24T14:06:52.634+0000][1][gc,heap      ] GC(12) CMS: 14011K->14011K(174784K)
[2019-06-24T14:06:52.634+0000][1][gc,metaspace ] GC(12) Metaspace: 26277K->26277K(1073152K)
[2019-06-24T14:06:52.634+0000][1][gc           ] GC(12) Pause Young (Allocation Failure) 86M->21M(247M) 26.330ms
[2019-06-24T14:06:52.634+0000][1][gc,cpu       ] GC(12) User=0.04s Sys=0.00s Real=0.03s
[2019-06-24T14:06:52.634+0000][1][safepoint    ] Leaving safepoint region
[2019-06-24T14:06:52.634+0000][1][safepoint    ] Total time for which application threads were stopped: 0.0266693 seconds, Stopping threads took: 0.0001507 seconds
[2019-06-24T14:06:53.637+0000][1][safepoint    ] Application time: 1.0030973 seconds
[2019-06-24T14:06:53.649+0000][1][safepoint    ] Entering safepoint region: Cleanup
[2019-06-24T14:06:53.650+0000][1][safepoint    ] Leaving safepoint region
[2019-06-24T14:06:53.650+0000][1][safepoint    ] Total time for which application threads were stopped: 0.0123346 seconds, Stopping threads took: 0.0119602 seconds
[2019-06-24T14:06:54.653+0000][1][safepoint    ] Application time: 1.0037102 seconds
[2019-06-24T14:06:54.658+0000][1][safepoint    ] Entering safepoint region: Cleanup
[2019-06-24T14:06:54.658+0000][1][safepoint    ] Leaving safepoint region
[2019-06-24T14:06:54.658+0000][1][safepoint    ] Total time for which application threads were stopped: 0.0045795 seconds, Stopping threads took: 0.0044951 seconds
[2019-06-24T14:06:55.086+0000][1][safepoint    ] Application time: 0.4279009 seconds
[2019-06-24T14:06:55.086+0000][1][safepoint    ] Entering safepoint region: GenCollectForAllocation
[2019-06-24T14:06:55.086+0000][1][gc,start     ] GC(13) Pause Young (Allocation Failure)
[2019-06-24T14:06:55.086+0000][1][gc,task      ] GC(13) Using 5 workers of 8 for evacuation
[2019-06-24T14:06:55.365+0000][1][gc,age       ] GC(13) Desired survivor size 4456448 bytes, new threshold 1 (max threshold 6)
[2019-06-24T14:06:55.365+0000][1][gc,age       ] GC(13) Age table with threshold 1 (max threshold 6)
[2019-06-24T14:06:55.365+0000][1][gc,age       ] GC(13) - age   1:    4862096 bytes,    4862096 total
[2019-06-24T14:06:55.365+0000][1][gc,age       ] GC(13) - age   2:    3580360 bytes,    8442456 total
[2019-06-24T14:06:55.365+0000][1][gc,age       ] GC(13) - age   3:     345464 bytes,    8787920 total
[2019-06-24T14:06:55.365+0000][1][gc,age       ] GC(13) - age   4:     100176 bytes,    8888096 total
[2019-06-24T14:06:55.365+0000][1][gc,heap      ] GC(13) ParNew: 77875K->8704K(78656K)
[2019-06-24T14:06:55.365+0000][1][gc,heap      ] GC(13) CMS: 14011K->25293K(174784K)
[2019-06-24T14:06:55.365+0000][1][gc,metaspace ] GC(13) Metaspace: 26872K->26872K(1075200K)
[2019-06-24T14:06:55.365+0000][1][gc           ] GC(13) Pause Young (Allocation Failure) 89M->33M(247M) 278.646ms
[2019-06-24T14:06:55.365+0000][1][gc,cpu       ] GC(13) User=0.41s Sys=0.00s Real=0.28s
[2019-06-24T14:06:55.365+0000][1][safepoint    ] Leaving safepoint region
[2019-06-24T14:06:55.365+0000][1][safepoint    ] Total time for which application threads were stopped: 0.2788531 seconds, Stopping threads took: 0.0000562 seconds
[2019-06-24T14:06:55.767+0000][1][safepoint    ] Application time: 0.4020599 seconds
[2019-06-24T14:06:55.767+0000][1][safepoint    ] Entering safepoint region: RevokeBias
[2019-06-24T14:06:55.767+0000][1][safepoint    ] Leaving safepoint region
[2019-06-24T14:06:55.767+0000][1][safepoint    ] Total time for which application threads were stopped: 0.0003060 seconds, Stopping threads took: 0.0000796 seconds
[2019-06-24T14:06:56.769+0000][1][safepoint    ] Application time: 1.0018366 seconds
[2019-06-24T14:06:56.796+0000][1][safepoint    ] Entering safepoint region: Cleanup
[2019-06-24T14:06:56.796+0000][1][safepoint    ] Leaving safepoint region
[2019-06-24T14:06:56.796+0000][1][safepoint    ] Total time for which application threads were stopped: 0.0264785 seconds, Stopping threads took: 0.0263718 seconds
[2019-06-24T14:06:57.796+0000][1][safepoint    ] Application time: 1.0001170 seconds
[2019-06-24T14:06:57.796+0000][1][safepoint    ] Entering safepoint region: Cleanup
[2019-06-24T14:06:57.796+0000][1][safepoint    ] Leaving safepoint region
[2019-06-24T14:06:57.796+0000][1][safepoint    ] Total time for which application threads were stopped: 0.0001076 seconds, Stopping threads took: 0.0000590 seconds
[2019-06-24T14:06:57.914+0000][1][safepoint    ] Application time: 0.1181566 seconds
[2019-06-24T14:06:57.915+0000][1][safepoint    ] Entering safepoint region: GenCollectForAllocation
[2019-06-24T14:06:57.915+0000][1][gc,start     ] GC(14) Pause Young (Allocation Failure)
[2019-06-24T14:06:57.915+0000][1][gc,task      ] GC(14) Using 5 workers of 8 for evacuation
[2019-06-24T14:06:58.053+0000][1][gc,age       ] GC(14) Desired survivor size 4456448 bytes, new threshold 1 (max threshold 6)
[2019-06-24T14:06:58.053+0000][1][gc,age       ] GC(14) Age table with threshold 1 (max threshold 6)
[2019-06-24T14:06:58.053+0000][1][gc,age       ] GC(14) - age   1:    8912680 bytes,    8912680 total
[2019-06-24T14:06:58.053+0000][1][gc,heap      ] GC(14) ParNew: 78656K->8704K(78656K)
[2019-06-24T14:06:58.053+0000][1][gc,heap      ] GC(14) CMS: 25293K->39115K(174784K)
[2019-06-24T14:06:58.053+0000][1][gc,metaspace ] GC(14) Metaspace: 27015K->27015K(1075200K)
[2019-06-24T14:06:58.053+0000][1][gc           ] GC(14) Pause Young (Allocation Failure) 101M->46M(247M) 138.491ms
[2019-06-24T14:06:58.053+0000][1][gc,cpu       ] GC(14) User=0.20s Sys=0.00s Real=0.14s
[2019-06-24T14:06:58.053+0000][1][safepoint    ] Leaving safepoint region
[2019-06-24T14:06:58.053+0000][1][safepoint    ] Total time for which application threads were stopped: 0.1386818 seconds, Stopping threads took: 0.0000563 seconds
[2019-06-24T14:06:59.057+0000][1][safepoint    ] Application time: 1.0039254 seconds
[2019-06-24T14:06:59.069+0000][1][safepoint    ] Entering safepoint region: Cleanup
[2019-06-24T14:06:59.069+0000][1][safepoint    ] Leaving safepoint region
[2019-06-24T14:06:59.069+0000][1][safepoint    ] Total time for which application threads were stopped: 0.0114703 seconds, Stopping threads took: 0.0113783 seconds
[2019-06-24T14:06:59.081+0000][1][safepoint    ] Application time: 0.0124231 seconds
[2019-06-24T14:06:59.081+0000][1][safepoint    ] Entering safepoint region: RevokeBias
[2019-06-24T14:06:59.081+0000][1][safepoint    ] Leaving safepoint region
[2019-06-24T14:06:59.081+0000][1][safepoint    ] Total time for which application threads were stopped: 0.0001406 seconds, Stopping threads took: 0.0000225 seconds
[2019-06-24T14:07:00.083+0000][1][safepoint    ] Application time: 1.0018885 seconds
[2019-06-24T14:07:00.089+0000][1][safepoint    ] Entering safepoint region: Cleanup
[2019-06-24T14:07:00.089+0000][1][safepoint    ] Leaving safepoint region
[2019-06-24T14:07:00.089+0000][1][safepoint    ] Total time for which application threads were stopped: 0.0061419 seconds, Stopping threads took: 0.0059980 seconds
[2019-06-24T14:07:00.329+0000][1][safepoint    ] Application time: 0.2399492 seconds
[2019-06-24T14:07:00.330+0000][1][safepoint    ] Entering safepoint region: RevokeBias
[2019-06-24T14:07:00.330+0000][1][safepoint    ] Leaving safepoint region
[2019-06-24T14:07:00.330+0000][1][safepoint    ] Total time for which application threads were stopped: 0.0001271 seconds, Stopping threads took: 0.0000490 seconds
[2019-06-24T14:07:00.877+0000][1][safepoint    ] Application time: 0.5475175 seconds
[2019-06-24T14:07:00.877+0000][1][safepoint    ] Entering safepoint region: GenCollectForAllocation
[2019-06-24T14:07:00.877+0000][1][gc,start     ] GC(15) Pause Young (Allocation Failure)
[2019-06-24T14:07:00.877+0000][1][gc,task      ] GC(15) Using 5 workers of 8 for evacuation
[2019-06-24T14:07:01.006+0000][1][gc,age       ] GC(15) Desired survivor size 4456448 bytes, new threshold 1 (max threshold 6)
[2019-06-24T14:07:01.006+0000][1][gc,age       ] GC(15) Age table with threshold 1 (max threshold 6)
[2019-06-24T14:07:01.006+0000][1][gc,age       ] GC(15) - age   1:    5273616 bytes,    5273616 total
[2019-06-24T14:07:01.006+0000][1][gc,heap      ] GC(15) ParNew: 78656K->8704K(78656K)
[2019-06-24T14:07:01.006+0000][1][gc,heap      ] GC(15) CMS: 39115K->50424K(174784K)
[2019-06-24T14:07:01.006+0000][1][gc,metaspace ] GC(15) Metaspace: 31869K->31869K(1079296K)
[2019-06-24T14:07:01.006+0000][1][gc           ] GC(15) Pause Young (Allocation Failure) 115M->57M(247M) 128.932ms
[2019-06-24T14:07:01.006+0000][1][gc,cpu       ] GC(15) User=0.17s Sys=0.00s Real=0.13s
[2019-06-24T14:07:01.006+0000][1][safepoint    ] Leaving safepoint region
[2019-06-24T14:07:01.006+0000][1][safepoint    ] Total time for which application threads were stopped: 0.1291734 seconds, Stopping threads took: 0.0000270 seconds
[2019-06-24T14:07:01.522+0000][1][safepoint    ] Application time: 0.5159478 seconds
[2019-06-24T14:07:01.525+0000][1][safepoint    ] Entering safepoint region: GenCollectForAllocation
[2019-06-24T14:07:01.525+0000][1][gc,start     ] GC(16) Pause Young (Allocation Failure)
[2019-06-24T14:07:01.525+0000][1][gc,task      ] GC(16) Using 5 workers of 8 for evacuation
[2019-06-24T14:07:01.574+0000][1][gc,age       ] GC(16) Desired survivor size 4456448 bytes, new threshold 6 (max threshold 6)
[2019-06-24T14:07:01.574+0000][1][gc,age       ] GC(16) Age table with threshold 6 (max threshold 6)
[2019-06-24T14:07:01.574+0000][1][gc,age       ] GC(16) - age   1:     379752 bytes,     379752 total
[2019-06-24T14:07:01.574+0000][1][gc,heap      ] GC(16) ParNew: 78656K->3239K(78656K)
[2019-06-24T14:07:01.574+0000][1][gc,heap      ] GC(16) CMS: 50424K->55616K(174784K)
[2019-06-24T14:07:01.574+0000][1][gc,metaspace ] GC(16) Metaspace: 32779K->32779K(1079296K)
[2019-06-24T14:07:01.574+0000][1][gc           ] GC(16) Pause Young (Allocation Failure) 126M->57M(247M) 48.440ms
[2019-06-24T14:07:01.574+0000][1][gc,cpu       ] GC(16) User=0.04s Sys=0.00s Real=0.05s
[2019-06-24T14:07:01.574+0000][1][safepoint    ] Leaving safepoint region
[2019-06-24T14:07:01.574+0000][1][safepoint    ] Total time for which application threads were stopped: 0.0514375 seconds, Stopping threads took: 0.0028101 seconds
[2019-06-24T14:07:02.093+0000][1][safepoint    ] Application time: 0.5192971 seconds
[2019-06-24T14:07:02.093+0000][1][safepoint    ] Entering safepoint region: CollectForMetadataAllocation
[2019-06-24T14:07:02.093+0000][1][safepoint    ] Leaving safepoint region
[2019-06-24T14:07:02.093+0000][1][safepoint    ] Total time for which application threads were stopped: 0.0002359 seconds, Stopping threads took: 0.0000233 seconds
[2019-06-24T14:07:02.385+0000][1][safepoint    ] Application time: 0.2915019 seconds
[2019-06-24T14:07:02.390+0000][1][safepoint    ] Entering safepoint region: CollectForMetadataAllocation
[2019-06-24T14:07:02.390+0000][1][safepoint    ] Leaving safepoint region
[2019-06-24T14:07:02.390+0000][1][safepoint    ] Total time for which application threads were stopped: 0.0051164 seconds, Stopping threads took: 0.0049045 seconds
[2019-06-24T14:07:02.442+0000][1][safepoint    ] Application time: 0.0517151 seconds
[2019-06-24T14:07:02.442+0000][1][safepoint    ] Entering safepoint region: CollectForMetadataAllocation
[2019-06-24T14:07:02.442+0000][1][safepoint    ] Leaving safepoint region
[2019-06-24T14:07:02.442+0000][1][safepoint    ] Total time for which application threads were stopped: 0.0002227 seconds, Stopping threads took: 0.0000570 seconds
[2019-06-24T14:07:02.579+0000][1][safepoint    ] Application time: 0.1363386 seconds
[2019-06-24T14:07:02.579+0000][1][safepoint    ] Entering safepoint region: CollectForMetadataAllocation
[2019-06-24T14:07:02.579+0000][1][safepoint    ] Leaving safepoint region
[2019-06-24T14:07:02.579+0000][1][safepoint    ] Total time for which application threads were stopped: 0.0002378 seconds, Stopping threads took: 0.0000253 seconds
[2019-06-24T14:07:02.720+0000][1][safepoint    ] Application time: 0.1407951 seconds
[2019-06-24T14:07:02.720+0000][1][safepoint    ] Entering safepoint region: CollectForMetadataAllocation
[2019-06-24T14:07:02.720+0000][1][safepoint    ] Leaving safepoint region
[2019-06-24T14:07:02.720+0000][1][safepoint    ] Total time for which application threads were stopped: 0.0003784 seconds, Stopping threads took: 0.0000660 seconds
[2019-06-24T14:07:02.804+0000][1][safepoint    ] Application time: 0.0841924 seconds
[2019-06-24T14:07:02.804+0000][1][safepoint    ] Entering safepoint region: CollectForMetadataAllocation
[2019-06-24T14:07:02.805+0000][1][safepoint    ] Leaving safepoint region
[2019-06-24T14:07:02.805+0000][1][safepoint    ] Total time for which application threads were stopped: 0.0007275 seconds, Stopping threads took: 0.0001350 seconds
[2019-06-24T14:07:02.852+0000][1][safepoint    ] Application time: 0.0463232 seconds
[2019-06-24T14:07:02.852+0000][1][safepoint    ] Entering safepoint region: CollectForMetadataAllocation
[2019-06-24T14:07:02.852+0000][1][safepoint    ] Leaving safepoint region
[2019-06-24T14:07:02.852+0000][1][safepoint    ] Total time for which application threads were stopped: 0.0002600 seconds, Stopping threads took: 0.0000547 seconds
[2019-06-24T14:07:02.945+0000][1][safepoint    ] Application time: 0.0931511 seconds
[2019-06-24T14:07:02.949+0000][1][safepoint    ] Entering safepoint region: CollectForMetadataAllocation
[2019-06-24T14:07:02.949+0000][1][safepoint    ] Leaving safepoint region
[2019-06-24T14:07:02.950+0000][1][safepoint    ] Total time for which application threads were stopped: 0.0043998 seconds, Stopping threads took: 0.0041596 seconds
[2019-06-24T14:07:03.008+0000][1][safepoint    ] Application time: 0.0581794 seconds
[2019-06-24T14:07:03.008+0000][1][safepoint    ] Entering safepoint region: CollectForMetadataAllocation
[2019-06-24T14:07:03.008+0000][1][safepoint    ] Leaving safepoint region
[2019-06-24T14:07:03.008+0000][1][safepoint    ] Total time for which application threads were stopped: 0.0002778 seconds, Stopping threads took: 0.0000587 seconds
[2019-06-24T14:07:03.062+0000][1][safepoint    ] Application time: 0.0542022 seconds
[2019-06-24T14:07:03.064+0000][1][safepoint    ] Entering safepoint region: CollectForMetadataAllocation
[2019-06-24T14:07:03.064+0000][1][safepoint    ] Leaving safepoint region
[2019-06-24T14:07:03.064+0000][1][safepoint    ] Total time for which application threads were stopped: 0.0020151 seconds, Stopping threads took: 0.0017970 seconds
[2019-06-24T14:07:03.134+0000][1][safepoint    ] Application time: 0.0696380 seconds
[2019-06-24T14:07:03.134+0000][1][safepoint    ] Entering safepoint region: CollectForMetadataAllocation
[2019-06-24T14:07:03.134+0000][1][safepoint    ] Leaving safepoint region
[2019-06-24T14:07:03.134+0000][1][safepoint    ] Total time for which application threads were stopped: 0.0002523 seconds, Stopping threads took: 0.0000479 seconds
[2019-06-24T14:07:03.166+0000][1][safepoint    ] Application time: 0.0317375 seconds
[2019-06-24T14:07:03.166+0000][1][safepoint    ] Entering safepoint region: RevokeBias
[2019-06-24T14:07:03.166+0000][1][safepoint    ] Leaving safepoint region
[2019-06-24T14:07:03.166+0000][1][safepoint    ] Total time for which application threads were stopped: 0.0001914 seconds, Stopping threads took: 0.0000595 seconds
[2019-06-24T14:07:03.273+0000][1][safepoint    ] Application time: 0.1068841 seconds
[2019-06-24T14:07:03.273+0000][1][safepoint    ] Entering safepoint region: CollectForMetadataAllocation
[2019-06-24T14:07:03.273+0000][1][safepoint    ] Leaving safepoint region
[2019-06-24T14:07:03.273+0000][1][safepoint    ] Total time for which application threads were stopped: 0.0002513 seconds, Stopping threads took: 0.0000221 seconds
[2019-06-24T14:07:03.309+0000][1][safepoint    ] Application time: 0.0359576 seconds
[2019-06-24T14:07:03.309+0000][1][safepoint    ] Entering safepoint region: CollectForMetadataAllocation
[2019-06-24T14:07:03.310+0000][1][safepoint    ] Leaving safepoint region
[2019-06-24T14:07:03.310+0000][1][safepoint    ] Total time for which application threads were stopped: 0.0002244 seconds, Stopping threads took: 0.0000213 seconds
[2019-06-24T14:07:03.343+0000][1][safepoint    ] Application time: 0.0332674 seconds
[2019-06-24T14:07:03.343+0000][1][safepoint    ] Entering safepoint region: CollectForMetadataAllocation
[2019-06-24T14:07:03.343+0000][1][safepoint    ] Leaving safepoint region
[2019-06-24T14:07:03.343+0000][1][safepoint    ] Total time for which application threads were stopped: 0.0002048 seconds, Stopping threads took: 0.0000196 seconds
[2019-06-24T14:07:03.392+0000][1][safepoint    ] Application time: 0.0483302 seconds
[2019-06-24T14:07:03.392+0000][1][safepoint    ] Entering safepoint region: CollectForMetadataAllocation
[2019-06-24T14:07:03.392+0000][1][safepoint    ] Leaving safepoint region
[2019-06-24T14:07:03.392+0000][1][safepoint    ] Total time for which application threads were stopped: 0.0003017 seconds, Stopping threads took: 0.0000274 seconds
[2019-06-24T14:07:03.426+0000][1][safepoint    ] Application time: 0.0336420 seconds
[2019-06-24T14:07:03.426+0000][1][safepoint    ] Entering safepoint region: CollectForMetadataAllocation
[2019-06-24T14:07:03.426+0000][1][safepoint    ] Leaving safepoint region
[2019-06-24T14:07:03.426+0000][1][safepoint    ] Total time for which application threads were stopped: 0.0002275 seconds, Stopping threads took: 0.0000222 seconds
[2019-06-24T14:07:03.465+0000][1][safepoint    ] Application time: 0.0387136 seconds
[2019-06-24T14:07:03.465+0000][1][safepoint    ] Entering safepoint region: CollectForMetadataAllocation
[2019-06-24T14:07:03.465+0000][1][safepoint    ] Leaving safepoint region
[2019-06-24T14:07:03.465+0000][1][safepoint    ] Total time for which application threads were stopped: 0.0002213 seconds, Stopping threads took: 0.0000227 seconds
[2019-06-24T14:07:03.507+0000][1][safepoint    ] Application time: 0.0419272 seconds
[2019-06-24T14:07:03.507+0000][1][safepoint    ] Entering safepoint region: CollectForMetadataAllocation
[2019-06-24T14:07:03.507+0000][1][safepoint    ] Leaving safepoint region
[2019-06-24T14:07:03.507+0000][1][safepoint    ] Total time for which application threads were stopped: 0.0002362 seconds, Stopping threads took: 0.0000288 seconds
[2019-06-24T14:07:03.551+0000][1][safepoint    ] Application time: 0.0442186 seconds
[2019-06-24T14:07:03.551+0000][1][safepoint    ] Entering safepoint region: CollectForMetadataAllocation
[2019-06-24T14:07:03.552+0000][1][safepoint    ] Leaving safepoint region
[2019-06-24T14:07:03.552+0000][1][safepoint    ] Total time for which application threads were stopped: 0.0002247 seconds, Stopping threads took: 0.0000264 seconds
[2019-06-24T14:07:03.577+0000][1][safepoint    ] Application time: 0.0253161 seconds
[2019-06-24T14:07:03.577+0000][1][safepoint    ] Entering safepoint region: CMS_Initial_Mark
[2019-06-24T14:07:03.578+0000][1][gc,start     ] GC(17) Pause Initial Mark
[2019-06-24T14:07:03.598+0000][1][gc           ] GC(17) Pause Initial Mark 99M->99M(247M) 20.790ms
[2019-06-24T14:07:03.598+0000][1][gc,cpu       ] GC(17) User=0.04s Sys=0.00s Real=0.02s
[2019-06-24T14:07:03.598+0000][1][safepoint    ] Leaving safepoint region
[2019-06-24T14:07:03.598+0000][1][safepoint    ] Total time for which application threads were stopped: 0.0212209 seconds, Stopping threads took: 0.0001756 seconds
[2019-06-24T14:07:03.601+0000][1][gc           ] GC(17) Concurrent Mark
[2019-06-24T14:07:03.601+0000][1][gc,task      ] GC(17) Using 2 workers of 2 for marking
[2019-06-24T14:07:03.653+0000][1][safepoint    ] Application time: 0.0546473 seconds
[2019-06-24T14:07:03.653+0000][1][safepoint    ] Entering safepoint region: CollectForMetadataAllocation
[2019-06-24T14:07:03.654+0000][1][safepoint    ] Leaving safepoint region
[2019-06-24T14:07:03.657+0000][1][safepoint    ] Total time for which application threads were stopped: 0.0033079 seconds, Stopping threads took: 0.0000332 seconds
[2019-06-24T14:07:03.777+0000][1][safepoint    ] Application time: 0.1205908 seconds
[2019-06-24T14:07:03.778+0000][1][safepoint    ] Entering safepoint region: CollectForMetadataAllocation
[2019-06-24T14:07:03.778+0000][1][safepoint    ] Leaving safepoint region
[2019-06-24T14:07:03.778+0000][1][safepoint    ] Total time for which application threads were stopped: 0.0009346 seconds, Stopping threads took: 0.0002838 seconds
[2019-06-24T14:07:03.877+0000][1][gc           ] GC(17) Concurrent Mark 276.001ms
[2019-06-24T14:07:03.877+0000][1][gc,cpu       ] GC(17) User=0.27s Sys=0.00s Real=0.27s
[2019-06-24T14:07:03.877+0000][1][gc           ] GC(17) Concurrent Preclean
[2019-06-24T14:07:03.881+0000][1][gc           ] GC(17) Concurrent Preclean 3.690ms
[2019-06-24T14:07:03.889+0000][1][gc,cpu       ] GC(17) User=0.00s Sys=0.00s Real=0.01s
[2019-06-24T14:07:03.889+0000][1][gc           ] GC(17) Concurrent Abortable Preclean
[2019-06-24T14:07:03.894+0000][1][safepoint    ] Application time: 0.1153541 seconds
[2019-06-24T14:07:03.894+0000][1][safepoint    ] Entering safepoint region: CollectForMetadataAllocation
[2019-06-24T14:07:03.894+0000][1][safepoint    ] Leaving safepoint region
[2019-06-24T14:07:03.894+0000][1][safepoint    ] Total time for which application threads were stopped: 0.0002424 seconds, Stopping threads took: 0.0000202 seconds
[2019-06-24T14:07:03.965+0000][1][safepoint    ] Application time: 0.0710493 seconds
[2019-06-24T14:07:03.965+0000][1][safepoint    ] Entering safepoint region: CollectForMetadataAllocation
[2019-06-24T14:07:03.965+0000][1][safepoint    ] Leaving safepoint region
[2019-06-24T14:07:03.965+0000][1][safepoint    ] Total time for which application threads were stopped: 0.0002283 seconds, Stopping threads took: 0.0000195 seconds
[2019-06-24T14:07:04.077+0000][1][safepoint    ] Application time: 0.1117144 seconds
[2019-06-24T14:07:04.077+0000][1][safepoint    ] Entering safepoint region: CollectForMetadataAllocation
[2019-06-24T14:07:04.078+0000][1][safepoint    ] Leaving safepoint region
[2019-06-24T14:07:04.078+0000][1][safepoint    ] Total time for which application threads were stopped: 0.0003234 seconds, Stopping threads took: 0.0000377 seconds
[2019-06-24T14:07:04.251+0000][1][safepoint    ] Application time: 0.1730373 seconds
[2019-06-24T14:07:04.257+0000][1][safepoint    ] Entering safepoint region: CollectForMetadataAllocation
[2019-06-24T14:07:04.258+0000][1][safepoint    ] Leaving safepoint region
[2019-06-24T14:07:04.258+0000][1][safepoint    ] Total time for which application threads were stopped: 0.0069592 seconds, Stopping threads took: 0.0066374 seconds
[2019-06-24T14:07:04.349+0000][1][safepoint    ] Application time: 0.0914168 seconds
[2019-06-24T14:07:04.349+0000][1][safepoint    ] Entering safepoint region: CollectForMetadataAllocation
[2019-06-24T14:07:04.349+0000][1][safepoint    ] Leaving safepoint region
[2019-06-24T14:07:04.349+0000][1][safepoint    ] Total time for which application threads were stopped: 0.0002445 seconds, Stopping threads took: 0.0000678 seconds
[2019-06-24T14:07:04.447+0000][1][safepoint    ] Application time: 0.0974424 seconds
[2019-06-24T14:07:04.449+0000][1][safepoint    ] Entering safepoint region: CollectForMetadataAllocation
[2019-06-24T14:07:04.449+0000][1][safepoint    ] Leaving safepoint region
[2019-06-24T14:07:04.449+0000][1][safepoint    ] Total time for which application threads were stopped: 0.0002476 seconds, Stopping threads took: 0.0000510 seconds
[2019-06-24T14:07:04.512+0000][1][safepoint    ] Application time: 0.0632015 seconds
[2019-06-24T14:07:04.512+0000][1][safepoint    ] Entering safepoint region: CollectForMetadataAllocation
[2019-06-24T14:07:04.513+0000][1][safepoint    ] Leaving safepoint region
[2019-06-24T14:07:04.513+0000][1][safepoint    ] Total time for which application threads were stopped: 0.0002106 seconds, Stopping threads took: 0.0000252 seconds
[2019-06-24T14:07:04.534+0000][1][safepoint    ] Application time: 0.0211048 seconds
[2019-06-24T14:07:04.534+0000][1][safepoint    ] Entering safepoint region: RevokeBias
[2019-06-24T14:07:04.534+0000][1][safepoint    ] Leaving safepoint region
[2019-06-24T14:07:04.534+0000][1][safepoint    ] Total time for which application threads were stopped: 0.0001488 seconds, Stopping threads took: 0.0000527 seconds
[2019-06-24T14:07:04.586+0000][1][safepoint    ] Application time: 0.0524504 seconds
[2019-06-24T14:07:04.586+0000][1][safepoint    ] Entering safepoint region: CollectForMetadataAllocation
[2019-06-24T14:07:04.587+0000][1][safepoint    ] Leaving safepoint region
[2019-06-24T14:07:04.587+0000][1][safepoint    ] Total time for which application threads were stopped: 0.0002916 seconds, Stopping threads took: 0.0000636 seconds
[2019-06-24T14:07:05.589+0000][1][safepoint    ] Application time: 1.0024745 seconds
[2019-06-24T14:07:05.589+0000][1][safepoint    ] Entering safepoint region: Cleanup
[2019-06-24T14:07:05.589+0000][1][safepoint    ] Leaving safepoint region
[2019-06-24T14:07:05.589+0000][1][safepoint    ] Total time for which application threads were stopped: 0.0001364 seconds, Stopping threads took: 0.0000760 seconds
[2019-06-24T14:07:05.624+0000][1][safepoint    ] Application time: 0.0351002 seconds
[2019-06-24T14:07:05.625+0000][1][safepoint    ] Entering safepoint region: CollectForMetadataAllocation
[2019-06-24T14:07:05.625+0000][1][safepoint    ] Leaving safepoint region
[2019-06-24T14:07:05.625+0000][1][safepoint    ] Total time for which application threads were stopped: 0.0002148 seconds, Stopping threads took: 0.0000422 seconds
[2019-06-24T14:07:06.087+0000][1][safepoint    ] Application time: 0.4622234 seconds
[2019-06-24T14:07:06.087+0000][1][safepoint    ] Entering safepoint region: GenCollectForAllocation
[2019-06-24T14:07:06.087+0000][1][gc,start     ] GC(18) Pause Young (Allocation Failure)
[2019-06-24T14:07:06.087+0000][1][gc,task      ] GC(18) Using 5 workers of 8 for evacuation
[2019-06-24T14:07:06.095+0000][1][gc,age       ] GC(18) Desired survivor size 4456448 bytes, new threshold 6 (max threshold 6)
[2019-06-24T14:07:06.095+0000][1][gc,age       ] GC(18) Age table with threshold 6 (max threshold 6)
[2019-06-24T14:07:06.095+0000][1][gc,age       ] GC(18) - age   1:    3743960 bytes,    3743960 total
[2019-06-24T14:07:06.095+0000][1][gc,age       ] GC(18) - age   2:     339888 bytes,    4083848 total
[2019-06-24T14:07:06.095+0000][1][gc,heap      ] GC(18) ParNew: 73191K->4327K(78656K)
[2019-06-24T14:07:06.095+0000][1][gc,heap      ] GC(18) CMS: 55616K->55616K(174784K)
[2019-06-24T14:07:06.095+0000][1][gc,metaspace ] GC(18) Metaspace: 42048K->42048K(1087488K)
[2019-06-24T14:07:06.095+0000][1][gc           ] GC(18) Pause Young (Allocation Failure) 125M->58M(247M) 7.508ms
[2019-06-24T14:07:06.095+0000][1][gc,cpu       ] GC(18) User=0.03s Sys=0.00s Real=0.01s
[2019-06-24T14:07:06.095+0000][1][safepoint    ] Leaving safepoint region
[2019-06-24T14:07:06.095+0000][1][safepoint    ] Total time for which application threads were stopped: 0.0076940 seconds, Stopping threads took: 0.0000471 seconds
[2019-06-24T14:07:06.133+0000][1][safepoint    ] Application time: 0.0384811 seconds
[2019-06-24T14:07:06.133+0000][1][safepoint    ] Entering safepoint region: RevokeBias
[2019-06-24T14:07:06.133+0000][1][safepoint    ] Leaving safepoint region
[2019-06-24T14:07:06.133+0000][1][safepoint    ] Total time for which application threads were stopped: 0.0001332 seconds, Stopping threads took: 0.0000291 seconds
[2019-06-24T14:07:06.218+0000][1][safepoint    ] Application time: 0.0843931 seconds
[2019-06-24T14:07:06.218+0000][1][safepoint    ] Entering safepoint region: CollectForMetadataAllocation
[2019-06-24T14:07:06.218+0000][1][safepoint    ] Leaving safepoint region
[2019-06-24T14:07:06.218+0000][1][safepoint    ] Total time for which application threads were stopped: 0.0001878 seconds, Stopping threads took: 0.0000325 seconds
[2019-06-24T14:07:06.431+0000][1][safepoint    ] Application time: 0.2133943 seconds
[2019-06-24T14:07:06.432+0000][1][safepoint    ] Entering safepoint region: CollectForMetadataAllocation
[2019-06-24T14:07:06.432+0000][1][safepoint    ] Leaving safepoint region
[2019-06-24T14:07:06.432+0000][1][safepoint    ] Total time for which application threads were stopped: 0.0004482 seconds, Stopping threads took: 0.0000349 seconds
[2019-06-24T14:07:07.205+0000][1][safepoint    ] Application time: 0.7731625 seconds
[2019-06-24T14:07:07.205+0000][1][safepoint    ] Entering safepoint region: CollectForMetadataAllocation
[2019-06-24T14:07:07.206+0000][1][safepoint    ] Leaving safepoint region
[2019-06-24T14:07:07.206+0000][1][safepoint    ] Total time for which application threads were stopped: 0.0002934 seconds, Stopping threads took: 0.0000340 seconds
[2019-06-24T14:07:07.285+0000][1][safepoint    ] Application time: 0.0795746 seconds
[2019-06-24T14:07:07.285+0000][1][safepoint    ] Entering safepoint region: CollectForMetadataAllocation
[2019-06-24T14:07:07.285+0000][1][safepoint    ] Leaving safepoint region
[2019-06-24T14:07:07.285+0000][1][safepoint    ] Total time for which application threads were stopped: 0.0002313 seconds, Stopping threads took: 0.0000263 seconds
[2019-06-24T14:07:07.335+0000][1][safepoint    ] Application time: 0.0495582 seconds
[2019-06-24T14:07:07.335+0000][1][safepoint    ] Entering safepoint region: CollectForMetadataAllocation
[2019-06-24T14:07:07.335+0000][1][safepoint    ] Leaving safepoint region
[2019-06-24T14:07:07.335+0000][1][safepoint    ] Total time for which application threads were stopped: 0.0002391 seconds, Stopping threads took: 0.0000271 seconds
[2019-06-24T14:07:07.486+0000][1][gc           ] GC(17) Concurrent Abortable Preclean 3597.005ms
[2019-06-24T14:07:07.486+0000][1][gc,cpu       ] GC(17) User=5.63s Sys=0.10s Real=3.60s
[2019-06-24T14:07:07.486+0000][1][safepoint    ] Application time: 0.1510178 seconds
[2019-06-24T14:07:07.486+0000][1][safepoint    ] Entering safepoint region: CMS_Final_Remark
[2019-06-24T14:07:07.487+0000][1][gc,start     ] GC(17) Pause Remark
[2019-06-24T14:07:07.583+0000][1][gc           ] GC(17) Pause Remark 95M->95M(247M) 96.103ms
[2019-06-24T14:07:07.583+0000][1][gc,cpu       ] GC(17) User=0.08s Sys=0.00s Real=0.10s
[2019-06-24T14:07:07.583+0000][1][safepoint    ] Leaving safepoint region
[2019-06-24T14:07:07.583+0000][1][safepoint    ] Total time for which application threads were stopped: 0.0965718 seconds, Stopping threads took: 0.0001310 seconds
[2019-06-24T14:07:07.609+0000][1][gc           ] GC(17) Concurrent Sweep
[2019-06-24T14:07:07.640+0000][1][safepoint    ] Application time: 0.0569426 seconds
[2019-06-24T14:07:07.640+0000][1][safepoint    ] Entering safepoint region: CollectForMetadataAllocation
[2019-06-24T14:07:07.641+0000][1][safepoint    ] Leaving safepoint region
[2019-06-24T14:07:07.643+0000][1][safepoint    ] Total time for which application threads were stopped: 0.0027954 seconds, Stopping threads took: 0.0000326 seconds
[2019-06-24T14:07:07.653+0000][1][safepoint    ] Application time: 0.0103664 seconds
[2019-06-24T14:07:07.653+0000][1][safepoint    ] Entering safepoint region: CollectForMetadataAllocation
[2019-06-24T14:07:07.653+0000][1][safepoint    ] Leaving safepoint region
[2019-06-24T14:07:07.653+0000][1][safepoint    ] Total time for which application threads were stopped: 0.0002277 seconds, Stopping threads took: 0.0000249 seconds
[2019-06-24T14:07:07.722+0000][1][gc           ] GC(17) Concurrent Sweep 112.932ms
[2019-06-24T14:07:07.722+0000][1][gc,cpu       ] GC(17) User=0.13s Sys=0.00s Real=0.12s
[2019-06-24T14:07:07.722+0000][1][gc           ] GC(17) Concurrent Reset
[2019-06-24T14:07:07.725+0000][1][gc           ] GC(17) Concurrent Reset 2.826ms
[2019-06-24T14:07:07.725+0000][1][gc,cpu       ] GC(17) User=0.00s Sys=0.00s Real=0.00s
[2019-06-24T14:07:07.725+0000][1][gc,heap      ] GC(17) Old: 55616K->55419K(174784K)
[2019-06-24T14:07:07.769+0000][1][safepoint    ] Application time: 0.1157181 seconds
[2019-06-24T14:07:07.769+0000][1][safepoint    ] Entering safepoint region: RevokeBias
[2019-06-24T14:07:07.769+0000][1][safepoint    ] Leaving safepoint region
[2019-06-24T14:07:07.769+0000][1][safepoint    ] Total time for which application threads were stopped: 0.0002419 seconds, Stopping threads took: 0.0001251 seconds
[2019-06-24T14:07:07.971+0000][1][safepoint    ] Application time: 0.2014625 seconds
[2019-06-24T14:07:07.982+0000][1][safepoint    ] Entering safepoint region: RevokeBias
[2019-06-24T14:07:07.983+0000][1][safepoint    ] Leaving safepoint region
[2019-06-24T14:07:07.983+0000][1][safepoint    ] Total time for which application threads were stopped: 0.0115411 seconds, Stopping threads took: 0.0113686 seconds
[2019-06-24T14:07:08.083+0000][1][safepoint    ] Application time: 0.1002835 seconds
[2019-06-24T14:07:08.083+0000][1][safepoint    ] Entering safepoint region: RevokeBias
[2019-06-24T14:07:08.084+0000][1][safepoint    ] Leaving safepoint region
[2019-06-24T14:07:08.084+0000][1][safepoint    ] Total time for which application threads were stopped: 0.0007185 seconds, Stopping threads took: 0.0000317 seconds
[2019-06-24T14:07:08.110+0000][1][safepoint    ] Application time: 0.0259656 seconds
[2019-06-24T14:07:08.110+0000][1][safepoint    ] Entering safepoint region: RevokeBias
[2019-06-24T14:07:08.110+0000][1][safepoint    ] Leaving safepoint region
[2019-06-24T14:07:08.110+0000][1][safepoint    ] Total time for which application threads were stopped: 0.0001859 seconds, Stopping threads took: 0.0000634 seconds
[2019-06-24T14:07:08.860+0000][1][safepoint    ] Application time: 0.7497214 seconds
[2019-06-24T14:07:08.876+0000][1][safepoint    ] Entering safepoint region: RevokeBias
[2019-06-24T14:07:08.876+0000][1][safepoint    ] Leaving safepoint region
[2019-06-24T14:07:08.876+0000][1][safepoint    ] Total time for which application threads were stopped: 0.0166659 seconds, Stopping threads took: 0.0160324 seconds
[2019-06-24T14:07:08.893+0000][1][safepoint    ] Application time: 0.0171276 seconds
[2019-06-24T14:07:08.899+0000][1][safepoint    ] Entering safepoint region: RevokeBias
[2019-06-24T14:07:08.899+0000][1][safepoint    ] Leaving safepoint region
[2019-06-24T14:07:08.899+0000][1][safepoint    ] Total time for which application threads were stopped: 0.0058763 seconds, Stopping threads took: 0.0057332 seconds
[2019-06-24T14:07:08.900+0000][1][safepoint    ] Application time: 0.0002768 seconds
[2019-06-24T14:07:08.900+0000][1][safepoint    ] Entering safepoint region: RevokeBias
[2019-06-24T14:07:08.900+0000][1][safepoint    ] Leaving safepoint region
[2019-06-24T14:07:08.900+0000][1][safepoint    ] Total time for which application threads were stopped: 0.0001156 seconds, Stopping threads took: 0.0000164 seconds
[2019-06-24T14:07:08.900+0000][1][safepoint    ] Application time: 0.0000821 seconds
[2019-06-24T14:07:08.900+0000][1][safepoint    ] Entering safepoint region: RevokeBias
[2019-06-24T14:07:08.900+0000][1][safepoint    ] Leaving safepoint region
[2019-06-24T14:07:08.900+0000][1][safepoint    ] Total time for which application threads were stopped: 0.0000964 seconds, Stopping threads took: 0.0000144 seconds
[2019-06-24T14:07:09.083+0000][1][safepoint    ] Application time: 0.1828740 seconds
[2019-06-24T14:07:09.083+0000][1][safepoint    ] Entering safepoint region: GenCollectForAllocation
[2019-06-24T14:07:09.083+0000][1][gc,start     ] GC(19) Pause Young (Allocation Failure)
[2019-06-24T14:07:09.083+0000][1][gc,task      ] GC(19) Using 5 workers of 8 for evacuation
[2019-06-24T14:07:09.134+0000][1][gc,age       ] GC(19) Desired survivor size 4456448 bytes, new threshold 2 (max threshold 6)
[2019-06-24T14:07:09.134+0000][1][gc,age       ] GC(19) Age table with threshold 2 (max threshold 6)
[2019-06-24T14:07:09.134+0000][1][gc,age       ] GC(19) - age   1:    3036456 bytes,    3036456 total
[2019-06-24T14:07:09.134+0000][1][gc,age       ] GC(19) - age   2:    3649168 bytes,    6685624 total
[2019-06-24T14:07:09.134+0000][1][gc,age       ] GC(19) - age   3:     338080 bytes,    7023704 total
[2019-06-24T14:07:09.134+0000][1][gc,heap      ] GC(19) ParNew: 74279K->8480K(78656K)
[2019-06-24T14:07:09.134+0000][1][gc,heap      ] GC(19) CMS: 55419K->55419K(174784K)
[2019-06-24T14:07:09.134+0000][1][gc,metaspace ] GC(19) Metaspace: 46751K->46751K(1091584K)
[2019-06-24T14:07:09.134+0000][1][gc           ] GC(19) Pause Young (Allocation Failure) 126M->62M(247M) 50.641ms
[2019-06-24T14:07:09.134+0000][1][gc,cpu       ] GC(19) User=0.07s Sys=0.00s Real=0.05s
[2019-06-24T14:07:09.134+0000][1][safepoint    ] Leaving safepoint region
[2019-06-24T14:07:09.134+0000][1][safepoint    ] Total time for which application threads were stopped: 0.0508820 seconds, Stopping threads took: 0.0000639 seconds
[2019-06-24T14:07:09.138+0000][1][safepoint    ] Application time: 0.0036314 seconds
[2019-06-24T14:07:09.138+0000][1][safepoint    ] Entering safepoint region: RevokeBias
[2019-06-24T14:07:09.138+0000][1][safepoint    ] Leaving safepoint region
[2019-06-24T14:07:09.138+0000][1][safepoint    ] Total time for which application threads were stopped: 0.0001374 seconds, Stopping threads took: 0.0000224 seconds
[2019-06-24T14:07:09.138+0000][1][safepoint    ] Application time: 0.0001286 seconds
[2019-06-24T14:07:09.138+0000][1][safepoint    ] Entering safepoint region: RevokeBias
[2019-06-24T14:07:09.138+0000][1][safepoint    ] Leaving safepoint region
[2019-06-24T14:07:09.138+0000][1][safepoint    ] Total time for which application threads were stopped: 0.0001140 seconds, Stopping threads took: 0.0000428 seconds
[2019-06-24T14:07:09.138+0000][1][safepoint    ] Application time: 0.0000814 seconds
[2019-06-24T14:07:09.138+0000][1][safepoint    ] Entering safepoint region: RevokeBias
[2019-06-24T14:07:09.138+0000][1][safepoint    ] Leaving safepoint region
[2019-06-24T14:07:09.138+0000][1][safepoint    ] Total time for which application threads were stopped: 0.0001059 seconds, Stopping threads took: 0.0000395 seconds
[2019-06-24T14:07:09.138+0000][1][safepoint    ] Application time: 0.0001593 seconds
[2019-06-24T14:07:09.138+0000][1][safepoint    ] Entering safepoint region: RevokeBias
[2019-06-24T14:07:09.138+0000][1][safepoint    ] Leaving safepoint region
[2019-06-24T14:07:09.139+0000][1][safepoint    ] Total time for which application threads were stopped: 0.0001083 seconds, Stopping threads took: 0.0000415 seconds
[2019-06-24T14:07:09.139+0000][1][safepoint    ] Application time: 0.0009221 seconds
[2019-06-24T14:07:09.140+0000][1][safepoint    ] Entering safepoint region: RevokeBias
[2019-06-24T14:07:09.140+0000][1][safepoint    ] Leaving safepoint region
[2019-06-24T14:07:09.140+0000][1][safepoint    ] Total time for which application threads were stopped: 0.0001303 seconds, Stopping threads took: 0.0000455 seconds
[2019-06-24T14:07:09.140+0000][1][safepoint    ] Application time: 0.0001116 seconds
[2019-06-24T14:07:09.140+0000][1][safepoint    ] Entering safepoint region: RevokeBias
[2019-06-24T14:07:09.140+0000][1][safepoint    ] Leaving safepoint region
[2019-06-24T14:07:09.140+0000][1][safepoint    ] Total time for which application threads were stopped: 0.0001102 seconds, Stopping threads took: 0.0000408 seconds
[2019-06-24T14:07:09.140+0000][1][safepoint    ] Application time: 0.0002287 seconds
[2019-06-24T14:07:09.140+0000][1][safepoint    ] Entering safepoint region: RevokeBias
[2019-06-24T14:07:09.140+0000][1][safepoint    ] Leaving safepoint region
[2019-06-24T14:07:09.140+0000][1][safepoint    ] Total time for which application threads were stopped: 0.0001418 seconds, Stopping threads took: 0.0000527 seconds
[2019-06-24T14:07:09.140+0000][1][safepoint    ] Application time: 0.0000746 seconds
[2019-06-24T14:07:09.140+0000][1][safepoint    ] Entering safepoint region: RevokeBias
[2019-06-24T14:07:09.140+0000][1][safepoint    ] Leaving safepoint region
[2019-06-24T14:07:09.140+0000][1][safepoint    ] Total time for which application threads were stopped: 0.0001251 seconds, Stopping threads took: 0.0000524 seconds
[2019-06-24T14:07:09.141+0000][1][safepoint    ] Application time: 0.0000831 seconds
[2019-06-24T14:07:09.141+0000][1][safepoint    ] Entering safepoint region: RevokeBias
[2019-06-24T14:07:09.141+0000][1][safepoint    ] Leaving safepoint region
[2019-06-24T14:07:09.141+0000][1][safepoint    ] Total time for which application threads were stopped: 0.0001089 seconds, Stopping threads took: 0.0000410 seconds
[2019-06-24T14:07:09.141+0000][1][safepoint    ] Application time: 0.0000728 seconds
[2019-06-24T14:07:09.141+0000][1][safepoint    ] Entering safepoint region: RevokeBias
[2019-06-24T14:07:09.141+0000][1][safepoint    ] Leaving safepoint region
[2019-06-24T14:07:09.141+0000][1][safepoint    ] Total time for which application threads were stopped: 0.0001065 seconds, Stopping threads took: 0.0000405 seconds
[2019-06-24T14:07:09.141+0000][1][safepoint    ] Application time: 0.0000753 seconds
[2019-06-24T14:07:09.141+0000][1][safepoint    ] Entering safepoint region: RevokeBias
[2019-06-24T14:07:09.141+0000][1][safepoint    ] Leaving safepoint region
[2019-06-24T14:07:09.141+0000][1][safepoint    ] Total time for which application threads were stopped: 0.0001398 seconds, Stopping threads took: 0.0000402 seconds
[2019-06-24T14:07:09.141+0000][1][safepoint    ] Application time: 0.0000725 seconds
[2019-06-24T14:07:09.141+0000][1][safepoint    ] Entering safepoint region: RevokeBias
[2019-06-24T14:07:09.141+0000][1][safepoint    ] Leaving safepoint region
[2019-06-24T14:07:09.141+0000][1][safepoint    ] Total time for which application threads were stopped: 0.0001100 seconds, Stopping threads took: 0.0000409 seconds
[2019-06-24T14:07:09.141+0000][1][safepoint    ] Application time: 0.0000674 seconds
[2019-06-24T14:07:09.142+0000][1][safepoint    ] Entering safepoint region: RevokeBias
[2019-06-24T14:07:09.142+0000][1][safepoint    ] Leaving safepoint region
[2019-06-24T14:07:09.142+0000][1][safepoint    ] Total time for which application threads were stopped: 0.0001014 seconds, Stopping threads took: 0.0000386 seconds
[2019-06-24T14:07:09.142+0000][1][safepoint    ] Application time: 0.0000684 seconds
[2019-06-24T14:07:09.142+0000][1][safepoint    ] Entering safepoint region: RevokeBias
[2019-06-24T14:07:09.142+0000][1][safepoint    ] Leaving safepoint region
[2019-06-24T14:07:09.142+0000][1][safepoint    ] Total time for which application threads were stopped: 0.0000974 seconds, Stopping threads took: 0.0000391 seconds
[2019-06-24T14:07:09.142+0000][1][safepoint    ] Application time: 0.0000681 seconds
[2019-06-24T14:07:09.142+0000][1][safepoint    ] Entering safepoint region: RevokeBias
[2019-06-24T14:07:09.142+0000][1][safepoint    ] Leaving safepoint region
[2019-06-24T14:07:09.142+0000][1][safepoint    ] Total time for which application threads were stopped: 0.0000982 seconds, Stopping threads took: 0.0000386 seconds
[2019-06-24T14:07:09.142+0000][1][safepoint    ] Application time: 0.0000684 seconds
[2019-06-24T14:07:09.142+0000][1][safepoint    ] Entering safepoint region: RevokeBias
[2019-06-24T14:07:09.142+0000][1][safepoint    ] Leaving safepoint region
[2019-06-24T14:07:09.142+0000][1][safepoint    ] Total time for which application threads were stopped: 0.0001154 seconds, Stopping threads took: 0.0000406 seconds
[2019-06-24T14:07:09.142+0000][1][safepoint    ] Application time: 0.0000667 seconds
[2019-06-24T14:07:09.142+0000][1][safepoint    ] Entering safepoint region: RevokeBias
[2019-06-24T14:07:09.142+0000][1][safepoint    ] Leaving safepoint region
[2019-06-24T14:07:09.142+0000][1][safepoint    ] Total time for which application threads were stopped: 0.0000981 seconds, Stopping threads took: 0.0000362 seconds
[2019-06-24T14:07:09.142+0000][1][safepoint    ] Application time: 0.0000638 seconds
[2019-06-24T14:07:09.142+0000][1][safepoint    ] Entering safepoint region: RevokeBias
[2019-06-24T14:07:09.143+0000][1][safepoint    ] Leaving safepoint region
[2019-06-24T14:07:09.143+0000][1][safepoint    ] Total time for which application threads were stopped: 0.0000926 seconds, Stopping threads took: 0.0000350 seconds
[2019-06-24T14:07:09.143+0000][1][safepoint    ] Application time: 0.0000656 seconds
[2019-06-24T14:07:09.143+0000][1][safepoint    ] Entering safepoint region: RevokeBias
[2019-06-24T14:07:09.143+0000][1][safepoint    ] Leaving safepoint region
[2019-06-24T14:07:09.143+0000][1][safepoint    ] Total time for which application threads were stopped: 0.0000906 seconds, Stopping threads took: 0.0000362 seconds
[2019-06-24T14:07:09.143+0000][1][safepoint    ] Application time: 0.0000645 seconds
[2019-06-24T14:07:09.143+0000][1][safepoint    ] Entering safepoint region: RevokeBias
[2019-06-24T14:07:09.143+0000][1][safepoint    ] Leaving safepoint region
[2019-06-24T14:07:09.143+0000][1][safepoint    ] Total time for which application threads were stopped: 0.0000892 seconds, Stopping threads took: 0.0000362 seconds
[2019-06-24T14:07:09.143+0000][1][safepoint    ] Application time: 0.0000647 seconds
[2019-06-24T14:07:09.143+0000][1][safepoint    ] Entering safepoint region: RevokeBias
[2019-06-24T14:07:09.143+0000][1][safepoint    ] Leaving safepoint region
[2019-06-24T14:07:09.143+0000][1][safepoint    ] Total time for which application threads were stopped: 0.0000994 seconds, Stopping threads took: 0.0000362 seconds
[2019-06-24T14:07:09.143+0000][1][safepoint    ] Application time: 0.0000654 seconds
[2019-06-24T14:07:09.143+0000][1][safepoint    ] Entering safepoint region: RevokeBias
[2019-06-24T14:07:09.143+0000][1][safepoint    ] Leaving safepoint region
[2019-06-24T14:07:09.143+0000][1][safepoint    ] Total time for which application threads were stopped: 0.0000883 seconds, Stopping threads took: 0.0000363 seconds
[2019-06-24T14:07:09.143+0000][1][safepoint    ] Application time: 0.0000643 seconds
[2019-06-24T14:07:09.143+0000][1][safepoint    ] Entering safepoint region: RevokeBias
[2019-06-24T14:07:09.143+0000][1][safepoint    ] Leaving safepoint region
[2019-06-24T14:07:09.143+0000][1][safepoint    ] Total time for which application threads were stopped: 0.0000897 seconds, Stopping threads took: 0.0000367 seconds
[2019-06-24T14:07:09.144+0000][1][safepoint    ] Application time: 0.0000674 seconds
[2019-06-24T14:07:09.144+0000][1][safepoint    ] Entering safepoint region: RevokeBias
[2019-06-24T14:07:09.144+0000][1][safepoint    ] Leaving safepoint region
[2019-06-24T14:07:09.144+0000][1][safepoint    ] Total time for which application threads were stopped: 0.0000882 seconds, Stopping threads took: 0.0000358 seconds
[2019-06-24T14:07:09.144+0000][1][safepoint    ] Application time: 0.0000662 seconds
[2019-06-24T14:07:09.144+0000][1][safepoint    ] Entering safepoint region: RevokeBias
[2019-06-24T14:07:09.144+0000][1][safepoint    ] Leaving safepoint region
[2019-06-24T14:07:09.144+0000][1][safepoint    ] Total time for which application threads were stopped: 0.0000904 seconds, Stopping threads took: 0.0000353 seconds
[2019-06-24T14:07:09.144+0000][1][safepoint    ] Application time: 0.0000640 seconds
[2019-06-24T14:07:09.144+0000][1][safepoint    ] Entering safepoint region: BulkRevokeBias
[2019-06-24T14:07:09.144+0000][1][safepoint    ] Leaving safepoint region
[2019-06-24T14:07:09.144+0000][1][safepoint    ] Total time for which application threads were stopped: 0.0001601 seconds, Stopping threads took: 0.0000359 seconds
[2019-06-24T14:07:09.144+0000][1][safepoint    ] Application time: 0.0002154 seconds
[2019-06-24T14:07:09.144+0000][1][safepoint    ] Entering safepoint region: RevokeBias
[2019-06-24T14:07:09.144+0000][1][safepoint    ] Leaving safepoint region
[2019-06-24T14:07:09.144+0000][1][safepoint    ] Total time for which application threads were stopped: 0.0001013 seconds, Stopping threads took: 0.0000383 seconds
[2019-06-24T14:07:09.145+0000][1][safepoint    ] Application time: 0.0001028 seconds
[2019-06-24T14:07:09.145+0000][1][safepoint    ] Entering safepoint region: RevokeBias
[2019-06-24T14:07:09.145+0000][1][safepoint    ] Leaving safepoint region
[2019-06-24T14:07:09.145+0000][1][safepoint    ] Total time for which application threads were stopped: 0.0000934 seconds, Stopping threads took: 0.0000367 seconds
[2019-06-24T14:07:09.145+0000][1][safepoint    ] Application time: 0.0001406 seconds
[2019-06-24T14:07:09.145+0000][1][safepoint    ] Entering safepoint region: RevokeBias
[2019-06-24T14:07:09.145+0000][1][safepoint    ] Leaving safepoint region
[2019-06-24T14:07:09.145+0000][1][safepoint    ] Total time for which application threads were stopped: 0.0000946 seconds, Stopping threads took: 0.0000373 seconds
[2019-06-24T14:07:09.145+0000][1][safepoint    ] Application time: 0.0000963 seconds
[2019-06-24T14:07:09.145+0000][1][safepoint    ] Entering safepoint region: RevokeBias
[2019-06-24T14:07:09.145+0000][1][safepoint    ] Leaving safepoint region
[2019-06-24T14:07:09.145+0000][1][safepoint    ] Total time for which application threads were stopped: 0.0000910 seconds, Stopping threads took: 0.0000366 seconds
[2019-06-24T14:07:09.145+0000][1][safepoint    ] Application time: 0.0001168 seconds
[2019-06-24T14:07:09.145+0000][1][safepoint    ] Entering safepoint region: RevokeBias
[2019-06-24T14:07:09.145+0000][1][safepoint    ] Leaving safepoint region
[2019-06-24T14:07:09.145+0000][1][safepoint    ] Total time for which application threads were stopped: 0.0001084 seconds, Stopping threads took: 0.0000348 seconds
[2019-06-24T14:07:09.145+0000][1][safepoint    ] Application time: 0.0000688 seconds
[2019-06-24T14:07:09.145+0000][1][safepoint    ] Entering safepoint region: RevokeBias
[2019-06-24T14:07:09.146+0000][1][safepoint    ] Leaving safepoint region
[2019-06-24T14:07:09.146+0000][1][safepoint    ] Total time for which application threads were stopped: 0.0000914 seconds, Stopping threads took: 0.0000340 seconds
[2019-06-24T14:07:09.146+0000][1][safepoint    ] Application time: 0.0001901 seconds
[2019-06-24T14:07:09.146+0000][1][safepoint    ] Entering safepoint region: RevokeBias
[2019-06-24T14:07:09.146+0000][1][safepoint    ] Leaving safepoint region
[2019-06-24T14:07:09.146+0000][1][safepoint    ] Total time for which application threads were stopped: 0.0000898 seconds, Stopping threads took: 0.0000345 seconds
[2019-06-24T14:07:09.146+0000][1][safepoint    ] Application time: 0.0000672 seconds
[2019-06-24T14:07:09.146+0000][1][safepoint    ] Entering safepoint region: RevokeBias
[2019-06-24T14:07:09.146+0000][1][safepoint    ] Leaving safepoint region
[2019-06-24T14:07:09.146+0000][1][safepoint    ] Total time for which application threads were stopped: 0.0000873 seconds, Stopping threads took: 0.0000337 seconds
[2019-06-24T14:07:09.146+0000][1][safepoint    ] Application time: 0.0003146 seconds
[2019-06-24T14:07:09.146+0000][1][safepoint    ] Entering safepoint region: RevokeBias
[2019-06-24T14:07:09.146+0000][1][safepoint    ] Leaving safepoint region
[2019-06-24T14:07:09.146+0000][1][safepoint    ] Total time for which application threads were stopped: 0.0000958 seconds, Stopping threads took: 0.0000354 seconds
[2019-06-24T14:07:09.147+0000][1][safepoint    ] Application time: 0.0000878 seconds
[2019-06-24T14:07:09.147+0000][1][safepoint    ] Entering safepoint region: RevokeBias
[2019-06-24T14:07:09.147+0000][1][safepoint    ] Leaving safepoint region
[2019-06-24T14:07:09.147+0000][1][safepoint    ] Total time for which application threads were stopped: 0.0000888 seconds, Stopping threads took: 0.0000338 seconds
[2019-06-24T14:07:09.147+0000][1][safepoint    ] Application time: 0.0000598 seconds
[2019-06-24T14:07:09.147+0000][1][safepoint    ] Entering safepoint region: RevokeBias
[2019-06-24T14:07:09.147+0000][1][safepoint    ] Leaving safepoint region
[2019-06-24T14:07:09.147+0000][1][safepoint    ] Total time for which application threads were stopped: 0.0000853 seconds, Stopping threads took: 0.0000327 seconds
[2019-06-24T14:07:09.147+0000][1][safepoint    ] Application time: 0.0000604 seconds
[2019-06-24T14:07:09.147+0000][1][safepoint    ] Entering safepoint region: RevokeBias
[2019-06-24T14:07:09.147+0000][1][safepoint    ] Leaving safepoint region
[2019-06-24T14:07:09.147+0000][1][safepoint    ] Total time for which application threads were stopped: 0.0000851 seconds, Stopping threads took: 0.0000328 seconds
[2019-06-24T14:07:09.147+0000][1][safepoint    ] Application time: 0.0000605 seconds
[2019-06-24T14:07:09.147+0000][1][safepoint    ] Entering safepoint region: RevokeBias
[2019-06-24T14:07:09.147+0000][1][safepoint    ] Leaving safepoint region
[2019-06-24T14:07:09.147+0000][1][safepoint    ] Total time for which application threads were stopped: 0.0000841 seconds, Stopping threads took: 0.0000327 seconds
[2019-06-24T14:07:09.147+0000][1][safepoint    ] Application time: 0.0000594 seconds
[2019-06-24T14:07:09.147+0000][1][safepoint    ] Entering safepoint region: RevokeBias
[2019-06-24T14:07:09.147+0000][1][safepoint    ] Leaving safepoint region
[2019-06-24T14:07:09.147+0000][1][safepoint    ] Total time for which application threads were stopped: 0.0000857 seconds, Stopping threads took: 0.0000346 seconds
[2019-06-24T14:07:09.147+0000][1][safepoint    ] Application time: 0.0000666 seconds
[2019-06-24T14:07:09.147+0000][1][safepoint    ] Entering safepoint region: RevokeBias
[2019-06-24T14:07:09.147+0000][1][safepoint    ] Leaving safepoint region
[2019-06-24T14:07:09.148+0000][1][safepoint    ] Total time for which application threads were stopped: 0.0001147 seconds, Stopping threads took: 0.0000368 seconds
[2019-06-24T14:07:09.148+0000][1][safepoint    ] Application time: 0.0000897 seconds
[2019-06-24T14:07:09.148+0000][1][safepoint    ] Entering safepoint region: RevokeBias
[2019-06-24T14:07:09.148+0000][1][safepoint    ] Leaving safepoint region
[2019-06-24T14:07:09.148+0000][1][safepoint    ] Total time for which application threads were stopped: 0.0000692 seconds, Stopping threads took: 0.0000127 seconds
[2019-06-24T14:07:09.165+0000][1][safepoint    ] Application time: 0.0175999 seconds
[2019-06-24T14:07:09.168+0000][1][safepoint    ] Entering safepoint region: RevokeBias
[2019-06-24T14:07:09.169+0000][1][safepoint    ] Leaving safepoint region
[2019-06-24T14:07:09.169+0000][1][safepoint    ] Total time for which application threads were stopped: 0.0032904 seconds, Stopping threads took: 0.0030821 seconds
[2019-06-24T14:07:09.198+0000][1][safepoint    ] Application time: 0.0295902 seconds
[2019-06-24T14:07:09.199+0000][1][safepoint    ] Entering safepoint region: BulkRevokeBias
[2019-06-24T14:07:09.199+0000][1][safepoint    ] Leaving safepoint region
[2019-06-24T14:07:09.200+0000][1][safepoint    ] Total time for which application threads were stopped: 0.0009732 seconds, Stopping threads took: 0.0005045 seconds
[2019-06-24T14:07:09.206+0000][1][safepoint    ] Application time: 0.0062204 seconds
[2019-06-24T14:07:09.206+0000][1][safepoint    ] Entering safepoint region: RevokeBias
[2019-06-24T14:07:09.206+0000][1][safepoint    ] Leaving safepoint region
[2019-06-24T14:07:09.206+0000][1][safepoint    ] Total time for which application threads were stopped: 0.0001652 seconds, Stopping threads took: 0.0000282 seconds
[2019-06-24T14:07:09.206+0000][1][safepoint    ] Application time: 0.0000701 seconds
[2019-06-24T14:07:09.206+0000][1][safepoint    ] Entering safepoint region: RevokeBias
[2019-06-24T14:07:09.206+0000][1][safepoint    ] Leaving safepoint region
[2019-06-24T14:07:09.206+0000][1][safepoint    ] Total time for which application threads were stopped: 0.0000908 seconds, Stopping threads took: 0.0000144 seconds
[2019-06-24T14:07:09.206+0000][1][safepoint    ] Application time: 0.0000509 seconds
[2019-06-24T14:07:09.206+0000][1][safepoint    ] Entering safepoint region: RevokeBias
[2019-06-24T14:07:09.206+0000][1][safepoint    ] Leaving safepoint region
[2019-06-24T14:07:09.206+0000][1][safepoint    ] Total time for which application threads were stopped: 0.0000754 seconds, Stopping threads took: 0.0000127 seconds
[2019-06-24T14:07:09.206+0000][1][safepoint    ] Application time: 0.0000498 seconds
[2019-06-24T14:07:09.206+0000][1][safepoint    ] Entering safepoint region: RevokeBias
[2019-06-24T14:07:09.206+0000][1][safepoint    ] Leaving safepoint region
[2019-06-24T14:07:09.207+0000][1][safepoint    ] Total time for which application threads were stopped: 0.0000774 seconds, Stopping threads took: 0.0000140 seconds
[2019-06-24T14:07:09.207+0000][1][safepoint    ] Application time: 0.0000496 seconds
[2019-06-24T14:07:09.207+0000][1][safepoint    ] Entering safepoint region: RevokeBias
[2019-06-24T14:07:09.207+0000][1][safepoint    ] Leaving safepoint region
[2019-06-24T14:07:09.207+0000][1][safepoint    ] Total time for which application threads were stopped: 0.0000747 seconds, Stopping threads took: 0.0000130 seconds
[2019-06-24T14:07:09.207+0000][1][safepoint    ] Application time: 0.0000472 seconds
[2019-06-24T14:07:09.207+0000][1][safepoint    ] Entering safepoint region: RevokeBias
[2019-06-24T14:07:09.207+0000][1][safepoint    ] Leaving safepoint region
[2019-06-24T14:07:09.207+0000][1][safepoint    ] Total time for which application threads were stopped: 0.0000948 seconds, Stopping threads took: 0.0000127 seconds
[2019-06-24T14:07:09.207+0000][1][safepoint    ] Application time: 0.0000465 seconds
[2019-06-24T14:07:09.207+0000][1][safepoint    ] Entering safepoint region: RevokeBias
[2019-06-24T14:07:09.207+0000][1][safepoint    ] Leaving safepoint region
[2019-06-24T14:07:09.207+0000][1][safepoint    ] Total time for which application threads were stopped: 0.0000886 seconds, Stopping threads took: 0.0000130 seconds
[2019-06-24T14:07:09.207+0000][1][safepoint    ] Application time: 0.0000489 seconds
[2019-06-24T14:07:09.207+0000][1][safepoint    ] Entering safepoint region: RevokeBias
[2019-06-24T14:07:09.207+0000][1][safepoint    ] Leaving safepoint region
[2019-06-24T14:07:09.207+0000][1][safepoint    ] Total time for which application threads were stopped: 0.0000701 seconds, Stopping threads took: 0.0000125 seconds
[2019-06-24T14:07:09.207+0000][1][safepoint    ] Application time: 0.0000464 seconds
[2019-06-24T14:07:09.207+0000][1][safepoint    ] Entering safepoint region: RevokeBias
[2019-06-24T14:07:09.207+0000][1][safepoint    ] Leaving safepoint region
[2019-06-24T14:07:09.207+0000][1][safepoint    ] Total time for which application threads were stopped: 0.0000676 seconds, Stopping threads took: 0.0000124 seconds
[2019-06-24T14:07:09.207+0000][1][safepoint    ] Application time: 0.0000464 seconds
[2019-06-24T14:07:09.207+0000][1][safepoint    ] Entering safepoint region: RevokeBias
[2019-06-24T14:07:09.207+0000][1][safepoint    ] Leaving safepoint region
[2019-06-24T14:07:09.207+0000][1][safepoint    ] Total time for which application threads were stopped: 0.0000719 seconds, Stopping threads took: 0.0000140 seconds
[2019-06-24T14:07:09.207+0000][1][safepoint    ] Application time: 0.0000471 seconds
[2019-06-24T14:07:09.207+0000][1][safepoint    ] Entering safepoint region: RevokeBias
[2019-06-24T14:07:09.208+0000][1][safepoint    ] Leaving safepoint region
[2019-06-24T14:07:09.208+0000][1][safepoint    ] Total time for which application threads were stopped: 0.0000685 seconds, Stopping threads took: 0.0000122 seconds
[2019-06-24T14:07:09.208+0000][1][safepoint    ] Application time: 0.0000475 seconds
[2019-06-24T14:07:09.208+0000][1][safepoint    ] Entering safepoint region: RevokeBias
[2019-06-24T14:07:09.208+0000][1][safepoint    ] Leaving safepoint region
[2019-06-24T14:07:09.208+0000][1][safepoint    ] Total time for which application threads were stopped: 0.0000676 seconds, Stopping threads took: 0.0000125 seconds
[2019-06-24T14:07:09.208+0000][1][safepoint    ] Application time: 0.0000464 seconds
[2019-06-24T14:07:09.208+0000][1][safepoint    ] Entering safepoint region: RevokeBias
[2019-06-24T14:07:09.208+0000][1][safepoint    ] Leaving safepoint region
[2019-06-24T14:07:09.208+0000][1][safepoint    ] Total time for which application threads were stopped: 0.0000701 seconds, Stopping threads took: 0.0000125 seconds
[2019-06-24T14:07:09.208+0000][1][safepoint    ] Application time: 0.0000502 seconds
[2019-06-24T14:07:09.208+0000][1][safepoint    ] Entering safepoint region: RevokeBias
[2019-06-24T14:07:09.208+0000][1][safepoint    ] Leaving safepoint region
[2019-06-24T14:07:09.208+0000][1][safepoint    ] Total time for which application threads were stopped: 0.0000695 seconds, Stopping threads took: 0.0000119 seconds
[2019-06-24T14:07:09.208+0000][1][safepoint    ] Application time: 0.0000479 seconds
[2019-06-24T14:07:09.208+0000][1][safepoint    ] Entering safepoint region: RevokeBias
[2019-06-24T14:07:09.208+0000][1][safepoint    ] Leaving safepoint region
[2019-06-24T14:07:09.208+0000][1][safepoint    ] Total time for which application threads were stopped: 0.0000676 seconds, Stopping threads took: 0.0000122 seconds
[2019-06-24T14:07:09.208+0000][1][safepoint    ] Application time: 0.0000467 seconds
[2019-06-24T14:07:09.208+0000][1][safepoint    ] Entering safepoint region: RevokeBias
[2019-06-24T14:07:09.208+0000][1][safepoint    ] Leaving safepoint region
[2019-06-24T14:07:09.208+0000][1][safepoint    ] Total time for which application threads were stopped: 0.0000718 seconds, Stopping threads took: 0.0000128 seconds
[2019-06-24T14:07:09.208+0000][1][safepoint    ] Application time: 0.0000508 seconds
[2019-06-24T14:07:09.208+0000][1][safepoint    ] Entering safepoint region: RevokeBias
[2019-06-24T14:07:09.208+0000][1][safepoint    ] Leaving safepoint region
[2019-06-24T14:07:09.208+0000][1][safepoint    ] Total time for which application threads were stopped: 0.0000822 seconds, Stopping threads took: 0.0000124 seconds
[2019-06-24T14:07:09.208+0000][1][safepoint    ] Application time: 0.0000515 seconds
[2019-06-24T14:07:09.208+0000][1][safepoint    ] Entering safepoint region: BulkRevokeBias
[2019-06-24T14:07:09.209+0000][1][safepoint    ] Leaving safepoint region
[2019-06-24T14:07:09.209+0000][1][safepoint    ] Total time for which application threads were stopped: 0.0001790 seconds, Stopping threads took: 0.0000124 seconds
[2019-06-24T14:07:09.212+0000][1][safepoint    ] Application time: 0.0036733 seconds
[2019-06-24T14:07:09.212+0000][1][safepoint    ] Entering safepoint region: RevokeBias
[2019-06-24T14:07:09.213+0000][1][safepoint    ] Leaving safepoint region
[2019-06-24T14:07:09.213+0000][1][safepoint    ] Total time for which application threads were stopped: 0.0001638 seconds, Stopping threads took: 0.0000274 seconds
[2019-06-24T14:07:09.216+0000][1][safepoint    ] Application time: 0.0034928 seconds
[2019-06-24T14:07:09.216+0000][1][safepoint    ] Entering safepoint region: RevokeBias
[2019-06-24T14:07:09.216+0000][1][safepoint    ] Leaving safepoint region
[2019-06-24T14:07:09.216+0000][1][safepoint    ] Total time for which application threads were stopped: 0.0001320 seconds, Stopping threads took: 0.0000205 seconds
[2019-06-24T14:07:09.218+0000][1][safepoint    ] Application time: 0.0021314 seconds
[2019-06-24T14:07:09.218+0000][1][safepoint    ] Entering safepoint region: RevokeBias
[2019-06-24T14:07:09.219+0000][1][safepoint    ] Leaving safepoint region
[2019-06-24T14:07:09.219+0000][1][safepoint    ] Total time for which application threads were stopped: 0.0001178 seconds, Stopping threads took: 0.0000184 seconds
[2019-06-24T14:07:09.224+0000][1][safepoint    ] Application time: 0.0051419 seconds
[2019-06-24T14:07:09.226+0000][1][safepoint    ] Entering safepoint region: RevokeBias
[2019-06-24T14:07:09.226+0000][1][safepoint    ] Leaving safepoint region
[2019-06-24T14:07:09.226+0000][1][safepoint    ] Total time for which application threads were stopped: 0.0020311 seconds, Stopping threads took: 0.0018922 seconds
[2019-06-24T14:07:09.226+0000][1][safepoint    ] Application time: 0.0002596 seconds
[2019-06-24T14:07:09.226+0000][1][safepoint    ] Entering safepoint region: RevokeBias
[2019-06-24T14:07:09.226+0000][1][safepoint    ] Leaving safepoint region
[2019-06-24T14:07:09.226+0000][1][safepoint    ] Total time for which application threads were stopped: 0.0001424 seconds, Stopping threads took: 0.0000212 seconds
[2019-06-24T14:07:09.227+0000][1][safepoint    ] Application time: 0.0004835 seconds
[2019-06-24T14:07:09.227+0000][1][safepoint    ] Entering safepoint region: RevokeBias
[2019-06-24T14:07:09.227+0000][1][safepoint    ] Leaving safepoint region
[2019-06-24T14:07:09.227+0000][1][safepoint    ] Total time for which application threads were stopped: 0.0001520 seconds, Stopping threads took: 0.0000214 seconds
[2019-06-24T14:07:09.227+0000][1][safepoint    ] Application time: 0.0002016 seconds
[2019-06-24T14:07:09.227+0000][1][safepoint    ] Entering safepoint region: RevokeBias
[2019-06-24T14:07:09.227+0000][1][safepoint    ] Leaving safepoint region
[2019-06-24T14:07:09.227+0000][1][safepoint    ] Total time for which application threads were stopped: 0.0001813 seconds, Stopping threads took: 0.0000207 seconds
[2019-06-24T14:07:09.228+0000][1][safepoint    ] Application time: 0.0009456 seconds
[2019-06-24T14:07:09.228+0000][1][safepoint    ] Entering safepoint region: RevokeBias
[2019-06-24T14:07:09.229+0000][1][safepoint    ] Leaving safepoint region
[2019-06-24T14:07:09.229+0000][1][safepoint    ] Total time for which application threads were stopped: 0.0001568 seconds, Stopping threads took: 0.0000240 seconds
[2019-06-24T14:07:09.229+0000][1][safepoint    ] Application time: 0.0007012 seconds
[2019-06-24T14:07:09.229+0000][1][safepoint    ] Entering safepoint region: RevokeBias
[2019-06-24T14:07:09.229+0000][1][safepoint    ] Leaving safepoint region
[2019-06-24T14:07:09.229+0000][1][safepoint    ] Total time for which application threads were stopped: 0.0001340 seconds, Stopping threads took: 0.0000250 seconds
[2019-06-24T14:07:09.230+0000][1][safepoint    ] Application time: 0.0001635 seconds
[2019-06-24T14:07:09.230+0000][1][safepoint    ] Entering safepoint region: RevokeBias
[2019-06-24T14:07:09.230+0000][1][safepoint    ] Leaving safepoint region
[2019-06-24T14:07:09.230+0000][1][safepoint    ] Total time for which application threads were stopped: 0.0000889 seconds, Stopping threads took: 0.0000141 seconds
[2019-06-24T14:07:09.230+0000][1][safepoint    ] Application time: 0.0002861 seconds
[2019-06-24T14:07:09.230+0000][1][safepoint    ] Entering safepoint region: RevokeBias
[2019-06-24T14:07:09.230+0000][1][safepoint    ] Leaving safepoint region
[2019-06-24T14:07:09.230+0000][1][safepoint    ] Total time for which application threads were stopped: 0.0000920 seconds, Stopping threads took: 0.0000151 seconds
[2019-06-24T14:07:09.232+0000][1][safepoint    ] Application time: 0.0020229 seconds
[2019-06-24T14:07:09.232+0000][1][safepoint    ] Entering safepoint region: RevokeBias
[2019-06-24T14:07:09.232+0000][1][safepoint    ] Leaving safepoint region
[2019-06-24T14:07:09.232+0000][1][safepoint    ] Total time for which application threads were stopped: 0.0001171 seconds, Stopping threads took: 0.0000179 seconds
[2019-06-24T14:07:09.232+0000][1][safepoint    ] Application time: 0.0000656 seconds
[2019-06-24T14:07:09.232+0000][1][safepoint    ] Entering safepoint region: RevokeBias
[2019-06-24T14:07:09.232+0000][1][safepoint    ] Leaving safepoint region
[2019-06-24T14:07:09.233+0000][1][safepoint    ] Total time for which application threads were stopped: 0.0000796 seconds, Stopping threads took: 0.0000120 seconds
[2019-06-24T14:07:09.235+0000][1][safepoint    ] Application time: 0.0024642 seconds
[2019-06-24T14:07:09.235+0000][1][safepoint    ] Entering safepoint region: RevokeBias
[2019-06-24T14:07:09.235+0000][1][safepoint    ] Leaving safepoint region
[2019-06-24T14:07:09.235+0000][1][safepoint    ] Total time for which application threads were stopped: 0.0001221 seconds, Stopping threads took: 0.0000199 seconds
[2019-06-24T14:07:09.238+0000][1][safepoint    ] Application time: 0.0032849 seconds
[2019-06-24T14:07:09.239+0000][1][safepoint    ] Entering safepoint region: RevokeBias
[2019-06-24T14:07:09.239+0000][1][safepoint    ] Leaving safepoint region
[2019-06-24T14:07:09.239+0000][1][safepoint    ] Total time for which application threads were stopped: 0.0008605 seconds, Stopping threads took: 0.0000253 seconds
[2019-06-24T14:07:09.251+0000][1][safepoint    ] Application time: 0.0111392 seconds
[2019-06-24T14:07:09.251+0000][1][safepoint    ] Entering safepoint region: RevokeBias
[2019-06-24T14:07:09.251+0000][1][safepoint    ] Leaving safepoint region
[2019-06-24T14:07:09.251+0000][1][safepoint    ] Total time for which application threads were stopped: 0.0001420 seconds, Stopping threads took: 0.0000257 seconds
[2019-06-24T14:07:09.526+0000][1][safepoint    ] Application time: 0.2755584 seconds
[2019-06-24T14:07:09.528+0000][1][safepoint    ] Entering safepoint region: RevokeBias
[2019-06-24T14:07:09.529+0000][1][safepoint    ] Leaving safepoint region
[2019-06-24T14:07:09.529+0000][1][safepoint    ] Total time for which application threads were stopped: 0.0023633 seconds, Stopping threads took: 0.0019259 seconds
[2019-06-24T14:07:09.530+0000][1][safepoint    ] Application time: 0.0008433 seconds
[2019-06-24T14:07:09.530+0000][1][safepoint    ] Entering safepoint region: RevokeBias
[2019-06-24T14:07:09.530+0000][1][safepoint    ] Leaving safepoint region
[2019-06-24T14:07:09.530+0000][1][safepoint    ] Total time for which application threads were stopped: 0.0001657 seconds, Stopping threads took: 0.0000228 seconds
[2019-06-24T14:07:09.530+0000][1][safepoint    ] Application time: 0.0000731 seconds
[2019-06-24T14:07:09.530+0000][1][safepoint    ] Entering safepoint region: RevokeBias
[2019-06-24T14:07:09.530+0000][1][safepoint    ] Leaving safepoint region
[2019-06-24T14:07:09.530+0000][1][safepoint    ] Total time for which application threads were stopped: 0.0001954 seconds, Stopping threads took: 0.0000535 seconds
[2019-06-24T14:07:09.849+0000][1][safepoint    ] Application time: 0.3191357 seconds
[2019-06-24T14:07:09.865+0000][1][safepoint    ] Entering safepoint region: RevokeBias
[2019-06-24T14:07:09.866+0000][1][safepoint    ] Leaving safepoint region
[2019-06-24T14:07:09.866+0000][1][safepoint    ] Total time for which application threads were stopped: 0.0162874 seconds, Stopping threads took: 0.0160276 seconds
[2019-06-24T14:07:10.264+0000][1][safepoint    ] Application time: 0.3978970 seconds
[2019-06-24T14:07:10.264+0000][1][safepoint    ] Entering safepoint region: RevokeBias
[2019-06-24T14:07:10.264+0000][1][safepoint    ] Leaving safepoint region
[2019-06-24T14:07:10.264+0000][1][safepoint    ] Total time for which application threads were stopped: 0.0000943 seconds, Stopping threads took: 0.0000270 seconds
[2019-06-24T14:07:10.450+0000][1][safepoint    ] Application time: 0.1858523 seconds
[2019-06-24T14:07:10.450+0000][1][safepoint    ] Entering safepoint region: RevokeBias
[2019-06-24T14:07:10.450+0000][1][safepoint    ] Leaving safepoint region
[2019-06-24T14:07:10.450+0000][1][safepoint    ] Total time for which application threads were stopped: 0.0001566 seconds, Stopping threads took: 0.0000426 seconds
[2019-06-24T14:07:10.452+0000][1][safepoint    ] Application time: 0.0022388 seconds
[2019-06-24T14:07:10.452+0000][1][safepoint    ] Entering safepoint region: RevokeBias
[2019-06-24T14:07:10.452+0000][1][safepoint    ] Leaving safepoint region
[2019-06-24T14:07:10.452+0000][1][safepoint    ] Total time for which application threads were stopped: 0.0001351 seconds, Stopping threads took: 0.0000632 seconds
[2019-06-24T14:07:10.460+0000][1][safepoint    ] Application time: 0.0071766 seconds
[2019-06-24T14:07:10.460+0000][1][safepoint    ] Entering safepoint region: RevokeBias
[2019-06-24T14:07:10.460+0000][1][safepoint    ] Leaving safepoint region
[2019-06-24T14:07:10.460+0000][1][safepoint    ] Total time for which application threads were stopped: 0.0001256 seconds, Stopping threads took: 0.0000598 seconds
[2019-06-24T14:07:10.463+0000][1][safepoint    ] Application time: 0.0030503 seconds
[2019-06-24T14:07:10.463+0000][1][safepoint    ] Entering safepoint region: RevokeBias
[2019-06-24T14:07:10.463+0000][1][safepoint    ] Leaving safepoint region
[2019-06-24T14:07:10.463+0000][1][safepoint    ] Total time for which application threads were stopped: 0.0001230 seconds, Stopping threads took: 0.0000554 seconds
[2019-06-24T14:07:10.472+0000][1][safepoint    ] Application time: 0.0085563 seconds
[2019-06-24T14:07:10.472+0000][1][safepoint    ] Entering safepoint region: RevokeBias
[2019-06-24T14:07:10.472+0000][1][safepoint    ] Leaving safepoint region
[2019-06-24T14:07:10.472+0000][1][safepoint    ] Total time for which application threads were stopped: 0.0001224 seconds, Stopping threads took: 0.0000604 seconds
[2019-06-24T14:07:10.484+0000][1][safepoint    ] Application time: 0.0122985 seconds
[2019-06-24T14:07:10.484+0000][1][safepoint    ] Entering safepoint region: RevokeBias
[2019-06-24T14:07:10.484+0000][1][safepoint    ] Leaving safepoint region
[2019-06-24T14:07:10.484+0000][1][safepoint    ] Total time for which application threads were stopped: 0.0001235 seconds, Stopping threads took: 0.0000691 seconds
[2019-06-24T14:07:10.495+0000][1][safepoint    ] Application time: 0.0105568 seconds
[2019-06-24T14:07:10.495+0000][1][safepoint    ] Entering safepoint region: RevokeBias
[2019-06-24T14:07:10.495+0000][1][safepoint    ] Leaving safepoint region
[2019-06-24T14:07:10.495+0000][1][safepoint    ] Total time for which application threads were stopped: 0.0002083 seconds, Stopping threads took: 0.0000733 seconds
[2019-06-24T14:07:10.525+0000][1][safepoint    ] Application time: 0.0302926 seconds
[2019-06-24T14:07:10.525+0000][1][safepoint    ] Entering safepoint region: RevokeBias
[2019-06-24T14:07:10.526+0000][1][safepoint    ] Leaving safepoint region
[2019-06-24T14:07:10.526+0000][1][safepoint    ] Total time for which application threads were stopped: 0.0001269 seconds, Stopping threads took: 0.0000503 seconds
[2019-06-24T14:07:10.612+0000][1][safepoint    ] Application time: 0.0862553 seconds
[2019-06-24T14:07:10.612+0000][1][safepoint    ] Entering safepoint region: RevokeBias
[2019-06-24T14:07:10.612+0000][1][safepoint    ] Leaving safepoint region
[2019-06-24T14:07:10.612+0000][1][safepoint    ] Total time for which application threads were stopped: 0.0000992 seconds, Stopping threads took: 0.0000226 seconds
[2019-06-24T14:07:10.612+0000][1][safepoint    ] Application time: 0.0000870 seconds
[2019-06-24T14:07:10.612+0000][1][safepoint    ] Entering safepoint region: RevokeBias
[2019-06-24T14:07:10.612+0000][1][safepoint    ] Leaving safepoint region
[2019-06-24T14:07:10.612+0000][1][safepoint    ] Total time for which application threads were stopped: 0.0000579 seconds, Stopping threads took: 0.0000148 seconds
[2019-06-24T14:07:10.617+0000][1][safepoint    ] Application time: 0.0044606 seconds
[2019-06-24T14:07:10.617+0000][1][safepoint    ] Entering safepoint region: RevokeBias
[2019-06-24T14:07:10.617+0000][1][safepoint    ] Leaving safepoint region
[2019-06-24T14:07:10.617+0000][1][safepoint    ] Total time for which application threads were stopped: 0.0001284 seconds, Stopping threads took: 0.0000529 seconds
[2019-06-24T14:07:10.617+0000][1][safepoint    ] Application time: 0.0000678 seconds
[2019-06-24T14:07:10.617+0000][1][safepoint    ] Entering safepoint region: RevokeBias
[2019-06-24T14:07:10.617+0000][1][safepoint    ] Leaving safepoint region
[2019-06-24T14:07:10.617+0000][1][safepoint    ] Total time for which application threads were stopped: 0.0000940 seconds, Stopping threads took: 0.0000401 seconds
[2019-06-24T14:07:10.876+0000][1][safepoint    ] Application time: 0.2590789 seconds
[2019-06-24T14:07:10.889+0000][1][safepoint    ] Entering safepoint region: RevokeBias
[2019-06-24T14:07:10.890+0000][1][safepoint    ] Leaving safepoint region
[2019-06-24T14:07:10.890+0000][1][safepoint    ] Total time for which application threads were stopped: 0.0137546 seconds, Stopping threads took: 0.0135957 seconds
[2019-06-24T14:07:10.890+0000][1][safepoint    ] Application time: 0.0001333 seconds
[2019-06-24T14:07:10.890+0000][1][safepoint    ] Entering safepoint region: RevokeBias
[2019-06-24T14:07:10.890+0000][1][safepoint    ] Leaving safepoint region
[2019-06-24T14:07:10.890+0000][1][safepoint    ] Total time for which application threads were stopped: 0.0003057 seconds, Stopping threads took: 0.0000498 seconds
[2019-06-24T14:07:10.891+0000][1][safepoint    ] Application time: 0.0002480 seconds
[2019-06-24T14:07:10.891+0000][1][safepoint    ] Entering safepoint region: RevokeBias
[2019-06-24T14:07:10.892+0000][1][safepoint    ] Leaving safepoint region
[2019-06-24T14:07:10.892+0000][1][safepoint    ] Total time for which application threads were stopped: 0.0011888 seconds, Stopping threads took: 0.0009675 seconds
[2019-06-24T14:07:11.014+0000][1][safepoint    ] Application time: 0.1221070 seconds
[2019-06-24T14:07:11.014+0000][1][safepoint    ] Entering safepoint region: GenCollectForAllocation
[2019-06-24T14:07:11.014+0000][1][gc,start     ] GC(20) Pause Young (Allocation Failure)
[2019-06-24T14:07:11.014+0000][1][gc,task      ] GC(20) Using 5 workers of 8 for evacuation
[2019-06-24T14:07:11.084+0000][1][gc,age       ] GC(20) Desired survivor size 4456448 bytes, new threshold 6 (max threshold 6)
[2019-06-24T14:07:11.084+0000][1][gc,age       ] GC(20) Age table with threshold 6 (max threshold 6)
[2019-06-24T14:07:11.084+0000][1][gc,age       ] GC(20) - age   1:    1343984 bytes,    1343984 total
[2019-06-24T14:07:11.084+0000][1][gc,age       ] GC(20) - age   2:    2980568 bytes,    4324552 total
[2019-06-24T14:07:11.084+0000][1][gc,heap      ] GC(20) ParNew: 78432K->8343K(78656K)
[2019-06-24T14:07:11.084+0000][1][gc,heap      ] GC(20) CMS: 55419K->59417K(174784K)
[2019-06-24T14:07:11.084+0000][1][gc,metaspace ] GC(20) Metaspace: 52641K->52641K(1097728K)
[2019-06-24T14:07:11.084+0000][1][gc           ] GC(20) Pause Young (Allocation Failure) 130M->66M(247M) 69.706ms
[2019-06-24T14:07:11.084+0000][1][gc,cpu       ] GC(20) User=0.10s Sys=0.00s Real=0.07s
[2019-06-24T14:07:11.084+0000][1][safepoint    ] Leaving safepoint region
[2019-06-24T14:07:11.084+0000][1][safepoint    ] Total time for which application threads were stopped: 0.0699741 seconds, Stopping threads took: 0.0000809 seconds
[2019-06-24T14:07:11.104+0000][1][safepoint    ] Application time: 0.0200817 seconds
[2019-06-24T14:07:11.104+0000][1][safepoint    ] Entering safepoint region: RevokeBias
[2019-06-24T14:07:11.104+0000][1][safepoint    ] Leaving safepoint region
[2019-06-24T14:07:11.104+0000][1][safepoint    ] Total time for which application threads were stopped: 0.0001824 seconds, Stopping threads took: 0.0000728 seconds
[2019-06-24T14:07:11.105+0000][1][safepoint    ] Application time: 0.0002352 seconds
[2019-06-24T14:07:11.105+0000][1][safepoint    ] Entering safepoint region: RevokeBias
[2019-06-24T14:07:11.105+0000][1][safepoint    ] Leaving safepoint region
[2019-06-24T14:07:11.105+0000][1][safepoint    ] Total time for which application threads were stopped: 0.0001249 seconds, Stopping threads took: 0.0000520 seconds
[2019-06-24T14:07:11.105+0000][1][safepoint    ] Application time: 0.0001095 seconds
[2019-06-24T14:07:11.105+0000][1][safepoint    ] Entering safepoint region: BulkRevokeBias
[2019-06-24T14:07:11.106+0000][1][safepoint    ] Leaving safepoint region
[2019-06-24T14:07:11.106+0000][1][safepoint    ] Total time for which application threads were stopped: 0.0007418 seconds, Stopping threads took: 0.0000438 seconds
[2019-06-24T14:07:11.465+0000][1][safepoint    ] Application time: 0.3589544 seconds
[2019-06-24T14:07:11.465+0000][1][safepoint    ] Entering safepoint region: RevokeBias
[2019-06-24T14:07:11.465+0000][1][safepoint    ] Leaving safepoint region
[2019-06-24T14:07:11.465+0000][1][safepoint    ] Total time for which application threads were stopped: 0.0002275 seconds, Stopping threads took: 0.0000716 seconds
[2019-06-24T14:07:11.907+0000][1][safepoint    ] Application time: 0.4424622 seconds
[2019-06-24T14:07:11.907+0000][1][safepoint    ] Entering safepoint region: RevokeBias
[2019-06-24T14:07:11.908+0000][1][safepoint    ] Leaving safepoint region
[2019-06-24T14:07:11.908+0000][1][safepoint    ] Total time for which application threads were stopped: 0.0009659 seconds, Stopping threads took: 0.0000696 seconds
[2019-06-24T14:07:12.080+0000][1][safepoint    ] Application time: 0.1711213 seconds
[2019-06-24T14:07:12.080+0000][1][safepoint    ] Entering safepoint region: Deoptimize
[2019-06-24T14:07:12.080+0000][1][safepoint    ] Leaving safepoint region
[2019-06-24T14:07:12.080+0000][1][safepoint    ] Total time for which application threads were stopped: 0.0007837 seconds, Stopping threads took: 0.0000611 seconds
[2019-06-24T14:07:12.156+0000][1][safepoint    ] Application time: 0.0757126 seconds
[2019-06-24T14:07:12.156+0000][1][safepoint    ] Entering safepoint region: RevokeBias
[2019-06-24T14:07:12.156+0000][1][safepoint    ] Leaving safepoint region
[2019-06-24T14:07:12.156+0000][1][safepoint    ] Total time for which application threads were stopped: 0.0002355 seconds, Stopping threads took: 0.0000830 seconds
[2019-06-24T14:07:12.161+0000][1][safepoint    ] Application time: 0.0047763 seconds
[2019-06-24T14:07:12.161+0000][1][safepoint    ] Entering safepoint region: RevokeBias
[2019-06-24T14:07:12.161+0000][1][safepoint    ] Leaving safepoint region
[2019-06-24T14:07:12.161+0000][1][safepoint    ] Total time for which application threads were stopped: 0.0001441 seconds, Stopping threads took: 0.0000600 seconds
[2019-06-24T14:07:12.167+0000][1][safepoint    ] Application time: 0.0051142 seconds
[2019-06-24T14:07:12.167+0000][1][safepoint    ] Entering safepoint region: RevokeBias
[2019-06-24T14:07:12.167+0000][1][safepoint    ] Leaving safepoint region
[2019-06-24T14:07:12.167+0000][1][safepoint    ] Total time for which application threads were stopped: 0.0001354 seconds, Stopping threads took: 0.0000284 seconds
[2019-06-24T14:07:12.171+0000][1][safepoint    ] Application time: 0.0040108 seconds
[2019-06-24T14:07:12.171+0000][1][safepoint    ] Entering safepoint region: RevokeBias
[2019-06-24T14:07:12.171+0000][1][safepoint    ] Leaving safepoint region
[2019-06-24T14:07:12.171+0000][1][safepoint    ] Total time for which application threads were stopped: 0.0001466 seconds, Stopping threads took: 0.0000268 seconds
[2019-06-24T14:07:12.675+0000][1][safepoint    ] Application time: 0.5038710 seconds
[2019-06-24T14:07:12.675+0000][1][safepoint    ] Entering safepoint region: Deoptimize
[2019-06-24T14:07:12.677+0000][1][safepoint    ] Leaving safepoint region
[2019-06-24T14:07:12.677+0000][1][safepoint    ] Total time for which application threads were stopped: 0.0019483 seconds, Stopping threads took: 0.0000960 seconds
[2019-06-24T14:07:12.936+0000][1][safepoint    ] Application time: 0.2590818 seconds
[2019-06-24T14:07:12.936+0000][1][safepoint    ] Entering safepoint region: RevokeBias
[2019-06-24T14:07:12.936+0000][1][safepoint    ] Leaving safepoint region
[2019-06-24T14:07:12.936+0000][1][safepoint    ] Total time for which application threads were stopped: 0.0001952 seconds, Stopping threads took: 0.0000902 seconds
[2019-06-24T14:07:13.710+0000][1][safepoint    ] Application time: 0.7736936 seconds
[2019-06-24T14:07:13.710+0000][1][safepoint    ] Entering safepoint region: GenCollectForAllocation
[2019-06-24T14:07:13.710+0000][1][gc,start     ] GC(21) Pause Young (Allocation Failure)
[2019-06-24T14:07:13.710+0000][1][gc,task      ] GC(21) Using 5 workers of 8 for evacuation
[2019-06-24T14:07:13.771+0000][1][gc,age       ] GC(21) Desired survivor size 4456448 bytes, new threshold 2 (max threshold 6)
[2019-06-24T14:07:13.771+0000][1][gc,age       ] GC(21) Age table with threshold 2 (max threshold 6)
[2019-06-24T14:07:13.771+0000][1][gc,age       ] GC(21) - age   1:    3487016 bytes,    3487016 total
[2019-06-24T14:07:13.771+0000][1][gc,age       ] GC(21) - age   2:    1230944 bytes,    4717960 total
[2019-06-24T14:07:13.771+0000][1][gc,age       ] GC(21) - age   3:    2817904 bytes,    7535864 total
[2019-06-24T14:07:13.771+0000][1][gc,heap      ] GC(21) ParNew: 78295K->8704K(78656K)
[2019-06-24T14:07:13.771+0000][1][gc,heap      ] GC(21) CMS: 59417K->59868K(174784K)
[2019-06-24T14:07:13.771+0000][1][gc,metaspace ] GC(21) Metaspace: 60644K->60644K(1103872K)
[2019-06-24T14:07:13.771+0000][1][gc           ] GC(21) Pause Young (Allocation Failure) 134M->66M(247M) 60.639ms
[2019-06-24T14:07:13.771+0000][1][gc,cpu       ] GC(21) User=0.14s Sys=0.00s Real=0.06s
[2019-06-24T14:07:13.771+0000][1][safepoint    ] Leaving safepoint region
[2019-06-24T14:07:13.771+0000][1][safepoint    ] Total time for which application threads were stopped: 0.0609188 seconds, Stopping threads took: 0.0000916 seconds
[2019-06-24T14:07:13.997+0000][1][safepoint    ] Application time: 0.2255405 seconds
[2019-06-24T14:07:13.997+0000][1][safepoint    ] Entering safepoint region: BulkRevokeBias
[2019-06-24T14:07:13.997+0000][1][safepoint    ] Leaving safepoint region
[2019-06-24T14:07:13.997+0000][1][safepoint    ] Total time for which application threads were stopped: 0.0008189 seconds, Stopping threads took: 0.0000411 seconds
[2019-06-24T14:07:14.169+0000][1][safepoint    ] Application time: 0.1719430 seconds
[2019-06-24T14:07:14.172+0000][1][safepoint    ] Entering safepoint region: Deoptimize
[2019-06-24T14:07:14.174+0000][1][safepoint    ] Leaving safepoint region
[2019-06-24T14:07:14.174+0000][1][safepoint    ] Total time for which application threads were stopped: 0.0012302 seconds, Stopping threads took: 0.0002274 seconds
[2019-06-24T14:07:14.197+0000][1][safepoint    ] Application time: 0.0232356 seconds
[2019-06-24T14:07:14.207+0000][1][safepoint    ] Entering safepoint region: RevokeBias
[2019-06-24T14:07:14.207+0000][1][safepoint    ] Leaving safepoint region
[2019-06-24T14:07:14.207+0000][1][safepoint    ] Total time for which application threads were stopped: 0.0101668 seconds, Stopping threads took: 0.0100689 seconds
[2019-06-24T14:07:14.208+0000][1][safepoint    ] Application time: 0.0007370 seconds
[2019-06-24T14:07:14.208+0000][1][safepoint    ] Entering safepoint region: RevokeBias
[2019-06-24T14:07:14.208+0000][1][safepoint    ] Leaving safepoint region
[2019-06-24T14:07:14.208+0000][1][safepoint    ] Total time for which application threads were stopped: 0.0002594 seconds, Stopping threads took: 0.0000581 seconds
[2019-06-24T14:07:14.215+0000][1][safepoint    ] Application time: 0.0070517 seconds
[2019-06-24T14:07:14.215+0000][1][safepoint    ] Entering safepoint region: RevokeBias
[2019-06-24T14:07:14.216+0000][1][safepoint    ] Leaving safepoint region
[2019-06-24T14:07:14.216+0000][1][safepoint    ] Total time for which application threads were stopped: 0.0002768 seconds, Stopping threads took: 0.0000611 seconds
[2019-06-24T14:07:14.218+0000][1][safepoint    ] Application time: 0.0023734 seconds
[2019-06-24T14:07:14.218+0000][1][safepoint    ] Entering safepoint region: RevokeBias
[2019-06-24T14:07:14.218+0000][1][safepoint    ] Leaving safepoint region
[2019-06-24T14:07:14.218+0000][1][safepoint    ] Total time for which application threads were stopped: 0.0001261 seconds, Stopping threads took: 0.0000294 seconds
[2019-06-24T14:07:14.219+0000][1][safepoint    ] Application time: 0.0008606 seconds
[2019-06-24T14:07:14.219+0000][1][safepoint    ] Entering safepoint region: RevokeBias
[2019-06-24T14:07:14.219+0000][1][safepoint    ] Leaving safepoint region
[2019-06-24T14:07:14.219+0000][1][safepoint    ] Total time for which application threads were stopped: 0.0001246 seconds, Stopping threads took: 0.0000278 seconds
[2019-06-24T14:07:14.220+0000][1][safepoint    ] Application time: 0.0007186 seconds
[2019-06-24T14:07:14.220+0000][1][safepoint    ] Entering safepoint region: RevokeBias
[2019-06-24T14:07:14.220+0000][1][safepoint    ] Leaving safepoint region
[2019-06-24T14:07:14.220+0000][1][safepoint    ] Total time for which application threads were stopped: 0.0001083 seconds, Stopping threads took: 0.0000220 seconds
[2019-06-24T14:07:14.221+0000][1][safepoint    ] Application time: 0.0009528 seconds
[2019-06-24T14:07:14.221+0000][1][safepoint    ] Entering safepoint region: RevokeBias
[2019-06-24T14:07:14.221+0000][1][safepoint    ] Leaving safepoint region
[2019-06-24T14:07:14.221+0000][1][safepoint    ] Total time for which application threads were stopped: 0.0001108 seconds, Stopping threads took: 0.0000271 seconds
[2019-06-24T14:07:14.222+0000][1][safepoint    ] Application time: 0.0002774 seconds
[2019-06-24T14:07:14.222+0000][1][safepoint    ] Entering safepoint region: RevokeBias
[2019-06-24T14:07:14.222+0000][1][safepoint    ] Leaving safepoint region
[2019-06-24T14:07:14.222+0000][1][safepoint    ] Total time for which application threads were stopped: 0.0000894 seconds, Stopping threads took: 0.0000168 seconds
[2019-06-24T14:07:14.222+0000][1][safepoint    ] Application time: 0.0003216 seconds
[2019-06-24T14:07:14.222+0000][1][safepoint    ] Entering safepoint region: RevokeBias
[2019-06-24T14:07:14.222+0000][1][safepoint    ] Leaving safepoint region
[2019-06-24T14:07:14.222+0000][1][safepoint    ] Total time for which application threads were stopped: 0.0000911 seconds, Stopping threads took: 0.0000183 seconds
[2019-06-24T14:07:14.225+0000][1][safepoint    ] Application time: 0.0024704 seconds
[2019-06-24T14:07:14.225+0000][1][safepoint    ] Entering safepoint region: RevokeBias
[2019-06-24T14:07:14.225+0000][1][safepoint    ] Leaving safepoint region
[2019-06-24T14:07:14.225+0000][1][safepoint    ] Total time for which application threads were stopped: 0.0001164 seconds, Stopping threads took: 0.0000272 seconds
[2019-06-24T14:07:14.226+0000][1][safepoint    ] Application time: 0.0013357 seconds
[2019-06-24T14:07:14.226+0000][1][safepoint    ] Entering safepoint region: RevokeBias
[2019-06-24T14:07:14.226+0000][1][safepoint    ] Leaving safepoint region
[2019-06-24T14:07:14.226+0000][1][safepoint    ] Total time for which application threads were stopped: 0.0001110 seconds, Stopping threads took: 0.0000229 seconds
[2019-06-24T14:07:14.227+0000][1][safepoint    ] Application time: 0.0002042 seconds
[2019-06-24T14:07:14.227+0000][1][safepoint    ] Entering safepoint region: RevokeBias
[2019-06-24T14:07:14.227+0000][1][safepoint    ] Leaving safepoint region
[2019-06-24T14:07:14.227+0000][1][safepoint    ] Total time for which application threads were stopped: 0.0001054 seconds, Stopping threads took: 0.0000195 seconds
[2019-06-24T14:07:14.236+0000][1][safepoint    ] Application time: 0.0095920 seconds
[2019-06-24T14:07:14.236+0000][1][safepoint    ] Entering safepoint region: RevokeBias
[2019-06-24T14:07:14.236+0000][1][safepoint    ] Leaving safepoint region
[2019-06-24T14:07:14.236+0000][1][safepoint    ] Total time for which application threads were stopped: 0.0001565 seconds, Stopping threads took: 0.0000441 seconds
[2019-06-24T14:07:14.269+0000][1][safepoint    ] Application time: 0.0328085 seconds
[2019-06-24T14:07:14.269+0000][1][safepoint    ] Entering safepoint region: RevokeBias
[2019-06-24T14:07:14.270+0000][1][safepoint    ] Leaving safepoint region
[2019-06-24T14:07:14.270+0000][1][safepoint    ] Total time for which application threads were stopped: 0.0004210 seconds, Stopping threads took: 0.0001341 seconds
[2019-06-24T14:07:14.276+0000][1][safepoint    ] Application time: 0.0065311 seconds
[2019-06-24T14:07:14.284+0000][1][safepoint    ] Entering safepoint region: RevokeBias
[2019-06-24T14:07:14.284+0000][1][safepoint    ] Leaving safepoint region
[2019-06-24T14:07:14.284+0000][1][safepoint    ] Total time for which application threads were stopped: 0.0077989 seconds, Stopping threads took: 0.0075536 seconds
[2019-06-24T14:07:14.284+0000][1][safepoint    ] Application time: 0.0003289 seconds
[2019-06-24T14:07:14.285+0000][1][safepoint    ] Entering safepoint region: RevokeBias
[2019-06-24T14:07:14.285+0000][1][safepoint    ] Leaving safepoint region
[2019-06-24T14:07:14.285+0000][1][safepoint    ] Total time for which application threads were stopped: 0.0001694 seconds, Stopping threads took: 0.0000567 seconds
[2019-06-24T14:07:14.298+0000][1][safepoint    ] Application time: 0.0132982 seconds
[2019-06-24T14:07:14.301+0000][1][safepoint    ] Entering safepoint region: RevokeBias
[2019-06-24T14:07:14.301+0000][1][safepoint    ] Leaving safepoint region
[2019-06-24T14:07:14.301+0000][1][safepoint    ] Total time for which application threads were stopped: 0.0033504 seconds, Stopping threads took: 0.0031882 seconds
[2019-06-24T14:07:14.302+0000][1][safepoint    ] Application time: 0.0002922 seconds
[2019-06-24T14:07:14.302+0000][1][safepoint    ] Entering safepoint region: RevokeBias
[2019-06-24T14:07:14.302+0000][1][safepoint    ] Leaving safepoint region
[2019-06-24T14:07:14.302+0000][1][safepoint    ] Total time for which application threads were stopped: 0.0001182 seconds, Stopping threads took: 0.0000569 seconds
[2019-06-24T14:07:14.310+0000][1][safepoint    ] Application time: 0.0076460 seconds
[2019-06-24T14:07:14.310+0000][1][safepoint    ] Entering safepoint region: RevokeBias
[2019-06-24T14:07:14.310+0000][1][safepoint    ] Leaving safepoint region
[2019-06-24T14:07:14.310+0000][1][safepoint    ] Total time for which application threads were stopped: 0.0002494 seconds, Stopping threads took: 0.0000341 seconds
[2019-06-24T14:07:14.310+0000][1][safepoint    ] Application time: 0.0005399 seconds
[2019-06-24T14:07:14.311+0000][1][safepoint    ] Entering safepoint region: RevokeBias
[2019-06-24T14:07:14.311+0000][1][safepoint    ] Leaving safepoint region
[2019-06-24T14:07:14.311+0000][1][safepoint    ] Total time for which application threads were stopped: 0.0004176 seconds, Stopping threads took: 0.0001872 seconds
[2019-06-24T14:07:14.319+0000][1][safepoint    ] Application time: 0.0078919 seconds
[2019-06-24T14:07:14.319+0000][1][safepoint    ] Entering safepoint region: RevokeBias
[2019-06-24T14:07:14.319+0000][1][safepoint    ] Leaving safepoint region
[2019-06-24T14:07:14.319+0000][1][safepoint    ] Total time for which application threads were stopped: 0.0002746 seconds, Stopping threads took: 0.0001367 seconds
[2019-06-24T14:07:14.321+0000][1][safepoint    ] Application time: 0.0020597 seconds
[2019-06-24T14:07:14.321+0000][1][safepoint    ] Entering safepoint region: RevokeBias
[2019-06-24T14:07:14.322+0000][1][safepoint    ] Leaving safepoint region
[2019-06-24T14:07:14.322+0000][1][safepoint    ] Total time for which application threads were stopped: 0.0004517 seconds, Stopping threads took: 0.0000457 seconds
[2019-06-24T14:07:14.337+0000][1][safepoint    ] Application time: 0.0149138 seconds
[2019-06-24T14:07:14.337+0000][1][safepoint    ] Entering safepoint region: RevokeBias
[2019-06-24T14:07:14.337+0000][1][safepoint    ] Leaving safepoint region
[2019-06-24T14:07:14.337+0000][1][safepoint    ] Total time for which application threads were stopped: 0.0001381 seconds, Stopping threads took: 0.0000797 seconds
[2019-06-24T14:07:14.349+0000][1][safepoint    ] Application time: 0.0117162 seconds
[2019-06-24T14:07:14.349+0000][1][safepoint    ] Entering safepoint region: RevokeBias
[2019-06-24T14:07:14.349+0000][1][safepoint    ] Leaving safepoint region
[2019-06-24T14:07:14.349+0000][1][safepoint    ] Total time for which application threads were stopped: 0.0000776 seconds, Stopping threads took: 0.0000247 seconds
[2019-06-24T14:07:14.349+0000][1][safepoint    ] Application time: 0.0000675 seconds
[2019-06-24T14:07:14.349+0000][1][safepoint    ] Entering safepoint region: BulkRevokeBias
[2019-06-24T14:07:14.349+0000][1][safepoint    ] Leaving safepoint region
[2019-06-24T14:07:14.349+0000][1][safepoint    ] Total time for which application threads were stopped: 0.0001909 seconds, Stopping threads took: 0.0000132 seconds
[2019-06-24T14:07:14.956+0000][1][safepoint    ] Application time: 0.6072385 seconds
[2019-06-24T14:07:14.956+0000][1][safepoint    ] Entering safepoint region: RevokeBias
[2019-06-24T14:07:14.956+0000][1][safepoint    ] Leaving safepoint region
[2019-06-24T14:07:14.957+0000][1][safepoint    ] Total time for which application threads were stopped: 0.0000916 seconds, Stopping threads took: 0.0000287 seconds
[2019-06-24T14:07:14.957+0000][1][safepoint    ] Application time: 0.0000823 seconds
[2019-06-24T14:07:14.957+0000][1][safepoint    ] Entering safepoint region: RevokeBias
[2019-06-24T14:07:14.957+0000][1][safepoint    ] Leaving safepoint region
[2019-06-24T14:07:14.957+0000][1][safepoint    ] Total time for which application threads were stopped: 0.0000491 seconds, Stopping threads took: 0.0000153 seconds
[2019-06-24T14:07:14.957+0000][1][safepoint    ] Application time: 0.0000630 seconds
[2019-06-24T14:07:14.957+0000][1][safepoint    ] Entering safepoint region: RevokeBias
[2019-06-24T14:07:14.957+0000][1][safepoint    ] Leaving safepoint region
[2019-06-24T14:07:14.957+0000][1][safepoint    ] Total time for which application threads were stopped: 0.0000407 seconds, Stopping threads took: 0.0000132 seconds
[2019-06-24T14:07:14.957+0000][1][safepoint    ] Application time: 0.0000773 seconds
[2019-06-24T14:07:14.957+0000][1][safepoint    ] Entering safepoint region: RevokeBias
[2019-06-24T14:07:14.957+0000][1][safepoint    ] Leaving safepoint region
[2019-06-24T14:07:14.957+0000][1][safepoint    ] Total time for which application threads were stopped: 0.0000435 seconds, Stopping threads took: 0.0000129 seconds
[2019-06-24T14:07:14.957+0000][1][safepoint    ] Application time: 0.0000597 seconds
[2019-06-24T14:07:14.957+0000][1][safepoint    ] Entering safepoint region: RevokeBias
[2019-06-24T14:07:14.957+0000][1][safepoint    ] Leaving safepoint region
[2019-06-24T14:07:14.957+0000][1][safepoint    ] Total time for which application threads were stopped: 0.0000490 seconds, Stopping threads took: 0.0000144 seconds
[2019-06-24T14:07:14.957+0000][1][safepoint    ] Application time: 0.0001372 seconds
[2019-06-24T14:07:14.957+0000][1][safepoint    ] Entering safepoint region: RevokeBias
[2019-06-24T14:07:14.957+0000][1][safepoint    ] Leaving safepoint region
[2019-06-24T14:07:14.957+0000][1][safepoint    ] Total time for which application threads were stopped: 0.0000539 seconds, Stopping threads took: 0.0000158 seconds
[2019-06-24T14:07:14.958+0000][1][safepoint    ] Application time: 0.0002118 seconds
[2019-06-24T14:07:14.958+0000][1][safepoint    ] Entering safepoint region: RevokeBias
[2019-06-24T14:07:14.958+0000][1][safepoint    ] Leaving safepoint region
[2019-06-24T14:07:14.958+0000][1][safepoint    ] Total time for which application threads were stopped: 0.0000588 seconds, Stopping threads took: 0.0000148 seconds
[2019-06-24T14:07:14.958+0000][1][safepoint    ] Application time: 0.0000833 seconds
[2019-06-24T14:07:14.958+0000][1][safepoint    ] Entering safepoint region: RevokeBias
[2019-06-24T14:07:14.958+0000][1][safepoint    ] Leaving safepoint region
[2019-06-24T14:07:14.958+0000][1][safepoint    ] Total time for which application threads were stopped: 0.0000485 seconds, Stopping threads took: 0.0000141 seconds
[2019-06-24T14:07:15.005+0000][1][safepoint    ] Application time: 0.0473082 seconds
[2019-06-24T14:07:15.005+0000][1][safepoint    ] Entering safepoint region: RevokeBias
[2019-06-24T14:07:15.005+0000][1][safepoint    ] Leaving safepoint region
[2019-06-24T14:07:15.005+0000][1][safepoint    ] Total time for which application threads were stopped: 0.0000926 seconds, Stopping threads took: 0.0000386 seconds
[2019-06-24T14:07:15.014+0000][1][safepoint    ] Application time: 0.0088773 seconds
[2019-06-24T14:07:15.016+0000][1][safepoint    ] Entering safepoint region: RevokeBias
[2019-06-24T14:07:15.018+0000][1][safepoint    ] Leaving safepoint region
[2019-06-24T14:07:15.018+0000][1][safepoint    ] Total time for which application threads were stopped: 0.0032422 seconds, Stopping threads took: 0.0030214 seconds
[2019-06-24T14:07:15.021+0000][1][safepoint    ] Application time: 0.0029897 seconds
[2019-06-24T14:07:15.021+0000][1][safepoint    ] Entering safepoint region: RevokeBias
[2019-06-24T14:07:15.021+0000][1][safepoint    ] Leaving safepoint region
[2019-06-24T14:07:15.021+0000][1][safepoint    ] Total time for which application threads were stopped: 0.0001319 seconds, Stopping threads took: 0.0000333 seconds
[2019-06-24T14:07:15.021+0000][1][safepoint    ] Application time: 0.0005724 seconds
[2019-06-24T14:07:15.021+0000][1][safepoint    ] Entering safepoint region: RevokeBias
[2019-06-24T14:07:15.022+0000][1][safepoint    ] Leaving safepoint region
[2019-06-24T14:07:15.022+0000][1][safepoint    ] Total time for which application threads were stopped: 0.0001104 seconds, Stopping threads took: 0.0000244 seconds
[2019-06-24T14:07:15.041+0000][1][safepoint    ] Application time: 0.0195689 seconds
[2019-06-24T14:07:15.041+0000][1][safepoint    ] Entering safepoint region: RevokeBias
[2019-06-24T14:07:15.041+0000][1][safepoint    ] Leaving safepoint region
[2019-06-24T14:07:15.041+0000][1][safepoint    ] Total time for which application threads were stopped: 0.0000856 seconds, Stopping threads took: 0.0000230 seconds
[2019-06-24T14:07:15.042+0000][1][safepoint    ] Application time: 0.0003474 seconds
[2019-06-24T14:07:15.042+0000][1][safepoint    ] Entering safepoint region: RevokeBias
[2019-06-24T14:07:15.042+0000][1][safepoint    ] Leaving safepoint region
[2019-06-24T14:07:15.042+0000][1][safepoint    ] Total time for which application threads were stopped: 0.0000771 seconds, Stopping threads took: 0.0000191 seconds
[2019-06-24T14:07:15.045+0000][1][safepoint    ] Application time: 0.0034218 seconds
[2019-06-24T14:07:15.045+0000][1][safepoint    ] Entering safepoint region: RevokeBias
[2019-06-24T14:07:15.045+0000][1][safepoint    ] Leaving safepoint region
[2019-06-24T14:07:15.045+0000][1][safepoint    ] Total time for which application threads were stopped: 0.0000835 seconds, Stopping threads took: 0.0000261 seconds
[2019-06-24T14:07:15.065+0000][1][safepoint    ] Application time: 0.0198768 seconds
[2019-06-24T14:07:15.065+0000][1][safepoint    ] Entering safepoint region: RevokeBias
[2019-06-24T14:07:15.065+0000][1][safepoint    ] Leaving safepoint region
[2019-06-24T14:07:15.065+0000][1][safepoint    ] Total time for which application threads were stopped: 0.0001351 seconds, Stopping threads took: 0.0000345 seconds
[2019-06-24T14:07:15.065+0000][1][safepoint    ] Application time: 0.0000960 seconds
[2019-06-24T14:07:15.066+0000][1][safepoint    ] Entering safepoint region: RevokeBias
[2019-06-24T14:07:15.066+0000][1][safepoint    ] Leaving safepoint region
[2019-06-24T14:07:15.066+0000][1][safepoint    ] Total time for which application threads were stopped: 0.0000891 seconds, Stopping threads took: 0.0000170 seconds
[2019-06-24T14:07:15.066+0000][1][safepoint    ] Application time: 0.0000845 seconds
[2019-06-24T14:07:15.066+0000][1][safepoint    ] Entering safepoint region: RevokeBias
[2019-06-24T14:07:15.066+0000][1][safepoint    ] Leaving safepoint region
[2019-06-24T14:07:15.066+0000][1][safepoint    ] Total time for which application threads were stopped: 0.0000796 seconds, Stopping threads took: 0.0000353 seconds
[2019-06-24T14:07:15.066+0000][1][safepoint    ] Application time: 0.0006088 seconds
[2019-06-24T14:07:15.066+0000][1][safepoint    ] Entering safepoint region: RevokeBias
[2019-06-24T14:07:15.067+0000][1][safepoint    ] Leaving safepoint region
[2019-06-24T14:07:15.067+0000][1][safepoint    ] Total time for which application threads were stopped: 0.0001102 seconds, Stopping threads took: 0.0000179 seconds
[2019-06-24T14:07:15.067+0000][1][safepoint    ] Application time: 0.0007528 seconds
[2019-06-24T14:07:15.067+0000][1][safepoint    ] Entering safepoint region: RevokeBias
[2019-06-24T14:07:15.068+0000][1][safepoint    ] Leaving safepoint region
[2019-06-24T14:07:15.068+0000][1][safepoint    ] Total time for which application threads were stopped: 0.0001646 seconds, Stopping threads took: 0.0000537 seconds
[2019-06-24T14:07:15.068+0000][1][safepoint    ] Application time: 0.0007605 seconds
[2019-06-24T14:07:15.068+0000][1][safepoint    ] Entering safepoint region: RevokeBias
[2019-06-24T14:07:15.068+0000][1][safepoint    ] Leaving safepoint region
[2019-06-24T14:07:15.068+0000][1][safepoint    ] Total time for which application threads were stopped: 0.0001366 seconds, Stopping threads took: 0.0000461 seconds
[2019-06-24T14:07:15.071+0000][1][safepoint    ] Application time: 0.0022871 seconds
[2019-06-24T14:07:15.071+0000][1][safepoint    ] Entering safepoint region: RevokeBias
[2019-06-24T14:07:15.071+0000][1][safepoint    ] Leaving safepoint region
[2019-06-24T14:07:15.071+0000][1][safepoint    ] Total time for which application threads were stopped: 0.0001783 seconds, Stopping threads took: 0.0000833 seconds
[2019-06-24T14:07:15.076+0000][1][safepoint    ] Application time: 0.0045690 seconds
[2019-06-24T14:07:15.076+0000][1][safepoint    ] Entering safepoint region: RevokeBias
[2019-06-24T14:07:15.076+0000][1][safepoint    ] Leaving safepoint region
[2019-06-24T14:07:15.076+0000][1][safepoint    ] Total time for which application threads were stopped: 0.0002011 seconds, Stopping threads took: 0.0000832 seconds
[2019-06-24T14:07:15.076+0000][1][safepoint    ] Application time: 0.0003845 seconds
[2019-06-24T14:07:15.076+0000][1][safepoint    ] Entering safepoint region: RevokeBias
[2019-06-24T14:07:15.076+0000][1][safepoint    ] Leaving safepoint region
[2019-06-24T14:07:15.076+0000][1][safepoint    ] Total time for which application threads were stopped: 0.0001339 seconds, Stopping threads took: 0.0000549 seconds
[2019-06-24T14:07:15.077+0000][1][safepoint    ] Application time: 0.0002302 seconds
[2019-06-24T14:07:15.077+0000][1][safepoint    ] Entering safepoint region: RevokeBias
[2019-06-24T14:07:15.077+0000][1][safepoint    ] Leaving safepoint region
[2019-06-24T14:07:15.077+0000][1][safepoint    ] Total time for which application threads were stopped: 0.0002053 seconds, Stopping threads took: 0.0000575 seconds
[2019-06-24T14:07:15.081+0000][1][safepoint    ] Application time: 0.0042828 seconds
[2019-06-24T14:07:15.081+0000][1][safepoint    ] Entering safepoint region: RevokeBias
[2019-06-24T14:07:15.082+0000][1][safepoint    ] Leaving safepoint region
[2019-06-24T14:07:15.082+0000][1][safepoint    ] Total time for which application threads were stopped: 0.0002054 seconds, Stopping threads took: 0.0000588 seconds
[2019-06-24T14:07:15.086+0000][1][safepoint    ] Application time: 0.0040593 seconds
[2019-06-24T14:07:15.086+0000][1][safepoint    ] Entering safepoint region: RevokeBias
[2019-06-24T14:07:15.086+0000][1][safepoint    ] Leaving safepoint region
[2019-06-24T14:07:15.086+0000][1][safepoint    ] Total time for which application threads were stopped: 0.0001945 seconds, Stopping threads took: 0.0000718 seconds
[2019-06-24T14:07:15.086+0000][1][safepoint    ] Application time: 0.0001568 seconds
[2019-06-24T14:07:15.086+0000][1][safepoint    ] Entering safepoint region: RevokeBias
[2019-06-24T14:07:15.086+0000][1][safepoint    ] Leaving safepoint region
[2019-06-24T14:07:15.086+0000][1][safepoint    ] Total time for which application threads were stopped: 0.0001142 seconds, Stopping threads took: 0.0000479 seconds
[2019-06-24T14:07:15.086+0000][1][safepoint    ] Application time: 0.0000765 seconds
[2019-06-24T14:07:15.086+0000][1][safepoint    ] Entering safepoint region: RevokeBias
[2019-06-24T14:07:15.086+0000][1][safepoint    ] Leaving safepoint region
[2019-06-24T14:07:15.086+0000][1][safepoint    ] Total time for which application threads were stopped: 0.0000960 seconds, Stopping threads took: 0.0000446 seconds
[2019-06-24T14:07:15.087+0000][1][safepoint    ] Application time: 0.0007726 seconds
[2019-06-24T14:07:15.087+0000][1][safepoint    ] Entering safepoint region: RevokeBias
[2019-06-24T14:07:15.087+0000][1][safepoint    ] Leaving safepoint region
[2019-06-24T14:07:15.087+0000][1][safepoint    ] Total time for which application threads were stopped: 0.0001110 seconds, Stopping threads took: 0.0000528 seconds
[2019-06-24T14:07:15.088+0000][1][safepoint    ] Application time: 0.0007801 seconds
[2019-06-24T14:07:15.088+0000][1][safepoint    ] Entering safepoint region: RevokeBias
[2019-06-24T14:07:15.088+0000][1][safepoint    ] Leaving safepoint region
[2019-06-24T14:07:15.088+0000][1][safepoint    ] Total time for which application threads were stopped: 0.0001412 seconds, Stopping threads took: 0.0000426 seconds
[2019-06-24T14:07:15.089+0000][1][safepoint    ] Application time: 0.0007863 seconds
[2019-06-24T14:07:15.089+0000][1][safepoint    ] Entering safepoint region: RevokeBias
[2019-06-24T14:07:15.089+0000][1][safepoint    ] Leaving safepoint region
[2019-06-24T14:07:15.089+0000][1][safepoint    ] Total time for which application threads were stopped: 0.0001270 seconds, Stopping threads took: 0.0000559 seconds
[2019-06-24T14:07:15.101+0000][1][gc,heap,exit ] Heap
[2019-06-24T14:07:15.101+0000][1][gc,heap,exit ]  par new generation   total 78656K, used 38614K [0x00000000f0000000, 0x00000000f5550000, 0x00000000f5550000)
[2019-06-24T14:07:15.101+0000][1][gc,heap,exit ]   eden space 69952K,  42% used [0x00000000f0000000, 0x00000000f1d35aa8, 0x00000000f4450000)
[2019-06-24T14:07:15.101+0000][1][gc,heap,exit ]   from space 8704K, 100% used [0x00000000f4450000, 0x00000000f4cd0000, 0x00000000f4cd0000)
[2019-06-24T14:07:15.101+0000][1][gc,heap,exit ]   to   space 8704K,   0% used [0x00000000f4cd0000, 0x00000000f4cd0000, 0x00000000f5550000)
[2019-06-24T14:07:15.101+0000][1][gc,heap,exit ]  concurrent mark-sweep generation total 174784K, used 59868K [0x00000000f5550000, 0x0000000100000000, 0x0000000100000000)
[2019-06-24T14:07:15.101+0000][1][gc,heap,exit ]  Metaspace       used 63356K, capacity 68149K, committed 68352K, reserved 1107968K
[2019-06-24T14:07:15.101+0000][1][gc,heap,exit ]   class space    used 8628K, capacity 10656K, committed 10668K, reserved 1048576K
[2019-06-24T14:07:15.101+0000][1][safepoint    ] Application time: 0.0121609 seconds
[2019-06-24T14:07:15.102+0000][1][safepoint    ] Entering safepoint region: Halt
